running egg_info
writing ../../build/utils/utils.egg-info/PKG-INFO
writing dependency_links to ../../build/utils/utils.egg-info/dependency_links.txt
writing entry points to ../../build/utils/utils.egg-info/entry_points.txt
writing requirements to ../../build/utils/utils.egg-info/requires.txt
writing top-level names to ../../build/utils/utils.egg-info/top_level.txt
reading manifest file '../../build/utils/utils.egg-info/SOURCES.txt'
adding license file 'LICENSE'
writing manifest file '../../build/utils/utils.egg-info/SOURCES.txt'
running build
running build_py
copying utils/path_plotter_node.py -> /home/vdcl/Desktop/larr_project/umv_control/build/utils/build/lib/utils
running install
running install_lib
copying /home/vdcl/Desktop/larr_project/umv_control/build/utils/build/lib/utils/path_plotter_node.py -> /home/vdcl/Desktop/larr_project/umv_control/install/utils/lib/python3.10/site-packages/utils
byte-compiling /home/vdcl/Desktop/larr_project/umv_control/install/utils/lib/python3.10/site-packages/utils/path_plotter_node.py to path_plotter_node.cpython-310.pyc
running install_data
running install_egg_info
removing '/home/vdcl/Desktop/larr_project/umv_control/install/utils/lib/python3.10/site-packages/utils-0.0.0-py3.10.egg-info' (and everything under it)
Copying ../../build/utils/utils.egg-info to /home/vdcl/Desktop/larr_project/umv_control/install/utils/lib/python3.10/site-packages/utils-0.0.0-py3.10.egg-info
running install_scripts
Installing path_plotter_node script to /home/vdcl/Desktop/larr_project/umv_control/install/utils/lib/utils
Installing virtual_target_node script to /home/vdcl/Desktop/larr_project/umv_control/install/utils/lib/utils
writing list of installed files to '/home/vdcl/Desktop/larr_project/umv_control/build/utils/install.log'
