[1.944s] Invoking command in '/home/vdcl/Desktop/larr_project/umv_control/src/utils': PYTHONPATH=/home/vdcl/Desktop/larr_project/umv_control/build/utils/prefix_override:/home/vdcl/Desktop/larr_project/umv_control/install/utils/lib/python3.10/site-packages:${PYTHONPATH} /usr/bin/python3 -W ignore:setup.py install is deprecated setup.py egg_info --egg-base ../../build/utils build --build-base /home/vdcl/Desktop/larr_project/umv_control/build/utils/build install --record /home/vdcl/Desktop/larr_project/umv_control/build/utils/install.log --single-version-externally-managed install_data
[2.487s] running egg_info
[2.488s] writing ../../build/utils/utils.egg-info/PKG-INFO
[2.488s] writing dependency_links to ../../build/utils/utils.egg-info/dependency_links.txt
[2.488s] writing entry points to ../../build/utils/utils.egg-info/entry_points.txt
[2.489s] writing requirements to ../../build/utils/utils.egg-info/requires.txt
[2.489s] writing top-level names to ../../build/utils/utils.egg-info/top_level.txt
[2.492s] reading manifest file '../../build/utils/utils.egg-info/SOURCES.txt'
[2.495s] adding license file 'LICENSE'
[2.495s] writing manifest file '../../build/utils/utils.egg-info/SOURCES.txt'
[2.495s] running build
[2.495s] running build_py
[2.500s] copying utils/path_plotter_node.py -> /home/vdcl/Desktop/larr_project/umv_control/build/utils/build/lib/utils
[2.500s] running install
[2.501s] running install_lib
[2.501s] copying /home/vdcl/Desktop/larr_project/umv_control/build/utils/build/lib/utils/path_plotter_node.py -> /home/vdcl/Desktop/larr_project/umv_control/install/utils/lib/python3.10/site-packages/utils
[2.503s] byte-compiling /home/vdcl/Desktop/larr_project/umv_control/install/utils/lib/python3.10/site-packages/utils/path_plotter_node.py to path_plotter_node.cpython-310.pyc
[2.505s] running install_data
[2.505s] running install_egg_info
[2.508s] removing '/home/vdcl/Desktop/larr_project/umv_control/install/utils/lib/python3.10/site-packages/utils-0.0.0-py3.10.egg-info' (and everything under it)
[2.512s] Copying ../../build/utils/utils.egg-info to /home/vdcl/Desktop/larr_project/umv_control/install/utils/lib/python3.10/site-packages/utils-0.0.0-py3.10.egg-info
[2.513s] running install_scripts
[2.552s] Installing path_plotter_node script to /home/vdcl/Desktop/larr_project/umv_control/install/utils/lib/utils
[2.553s] Installing virtual_target_node script to /home/vdcl/Desktop/larr_project/umv_control/install/utils/lib/utils
[2.553s] writing list of installed files to '/home/vdcl/Desktop/larr_project/umv_control/build/utils/install.log'
[2.603s] Invoked command in '/home/vdcl/Desktop/larr_project/umv_control/src/utils' returned '0': PYTHONPATH=/home/vdcl/Desktop/larr_project/umv_control/build/utils/prefix_override:/home/vdcl/Desktop/larr_project/umv_control/install/utils/lib/python3.10/site-packages:${PYTHONPATH} /usr/bin/python3 -W ignore:setup.py install is deprecated setup.py egg_info --egg-base ../../build/utils build --build-base /home/vdcl/Desktop/larr_project/umv_control/build/utils/build install --record /home/vdcl/Desktop/larr_project/umv_control/build/utils/install.log --single-version-externally-managed install_data
