[2.786s] Invoking command in '/home/vdcl/Desktop/larr_project/umv_control/src/utils': PYTHONPATH=/home/vdcl/Desktop/larr_project/umv_control/build/utils/prefix_override:/home/vdcl/Desktop/larr_project/umv_control/install/utils/lib/python3.10/site-packages:${PYTHONPATH} /usr/bin/python3 -W ignore:setup.py install is deprecated setup.py egg_info --egg-base ../../build/utils build --build-base /home/vdcl/Desktop/larr_project/umv_control/build/utils/build install --record /home/vdcl/Desktop/larr_project/umv_control/build/utils/install.log --single-version-externally-managed install_data
[3.582s] running egg_info
[3.583s] writing ../../build/utils/utils.egg-info/PKG-INFO
[3.584s] writing dependency_links to ../../build/utils/utils.egg-info/dependency_links.txt
[3.584s] writing entry points to ../../build/utils/utils.egg-info/entry_points.txt
[3.585s] writing requirements to ../../build/utils/utils.egg-info/requires.txt
[3.585s] writing top-level names to ../../build/utils/utils.egg-info/top_level.txt
[3.589s] reading manifest file '../../build/utils/utils.egg-info/SOURCES.txt'
[3.591s] adding license file 'LICENSE'
[3.592s] writing manifest file '../../build/utils/utils.egg-info/SOURCES.txt'
[3.594s] running build
[3.594s] running build_py
[3.594s] running install
[3.594s] running install_lib
[3.595s] running install_data
[3.597s] running install_egg_info
[3.599s] removing '/home/vdcl/Desktop/larr_project/umv_control/install/utils/lib/python3.10/site-packages/utils-0.0.0-py3.10.egg-info' (and everything under it)
[3.600s] Copying ../../build/utils/utils.egg-info to /home/vdcl/Desktop/larr_project/umv_control/install/utils/lib/python3.10/site-packages/utils-0.0.0-py3.10.egg-info
[3.600s] running install_scripts
[3.660s] Installing path_plotter_node script to /home/vdcl/Desktop/larr_project/umv_control/install/utils/lib/utils
[3.660s] Installing virtual_target_node script to /home/vdcl/Desktop/larr_project/umv_control/install/utils/lib/utils
[3.660s] writing list of installed files to '/home/vdcl/Desktop/larr_project/umv_control/build/utils/install.log'
[5.235s] Invoked command in '/home/vdcl/Desktop/larr_project/umv_control/src/utils' returned '0': PYTHONPATH=/home/vdcl/Desktop/larr_project/umv_control/build/utils/prefix_override:/home/vdcl/Desktop/larr_project/umv_control/install/utils/lib/python3.10/site-packages:${PYTHONPATH} /usr/bin/python3 -W ignore:setup.py install is deprecated setup.py egg_info --egg-base ../../build/utils build --build-base /home/vdcl/Desktop/larr_project/umv_control/build/utils/build install --record /home/vdcl/Desktop/larr_project/umv_control/build/utils/install.log --single-version-externally-managed install_data
