running egg_info
creating ../../build/global_path_old/global_path_old.egg-info
writing ../../build/global_path_old/global_path_old.egg-info/PKG-INFO
writing dependency_links to ../../build/global_path_old/global_path_old.egg-info/dependency_links.txt
writing entry points to ../../build/global_path_old/global_path_old.egg-info/entry_points.txt
writing requirements to ../../build/global_path_old/global_path_old.egg-info/requires.txt
writing top-level names to ../../build/global_path_old/global_path_old.egg-info/top_level.txt
writing manifest file '../../build/global_path_old/global_path_old.egg-info/SOURCES.txt'
reading manifest file '../../build/global_path_old/global_path_old.egg-info/SOURCES.txt'
adding license file 'LICENSE'
writing manifest file '../../build/global_path_old/global_path_old.egg-info/SOURCES.txt'
running build
running build_py
creating /home/vdcl/Desktop/larr_project/umv_control/build/global_path_old/build
creating /home/vdcl/Desktop/larr_project/umv_control/build/global_path_old/build/lib
creating /home/vdcl/Desktop/larr_project/umv_control/build/global_path_old/build/lib/global_path
copying global_path/__init__.py -> /home/vdcl/Desktop/larr_project/umv_control/build/global_path_old/build/lib/global_path
copying global_path/global_path.py -> /home/vdcl/Desktop/larr_project/umv_control/build/global_path_old/build/lib/global_path
running install
running install_lib
creating /home/vdcl/Desktop/larr_project/umv_control/install/global_path_old/lib/python3.10/site-packages/global_path
copying /home/vdcl/Desktop/larr_project/umv_control/build/global_path_old/build/lib/global_path/__init__.py -> /home/vdcl/Desktop/larr_project/umv_control/install/global_path_old/lib/python3.10/site-packages/global_path
copying /home/vdcl/Desktop/larr_project/umv_control/build/global_path_old/build/lib/global_path/global_path.py -> /home/vdcl/Desktop/larr_project/umv_control/install/global_path_old/lib/python3.10/site-packages/global_path
byte-compiling /home/vdcl/Desktop/larr_project/umv_control/install/global_path_old/lib/python3.10/site-packages/global_path/__init__.py to __init__.cpython-310.pyc
byte-compiling /home/vdcl/Desktop/larr_project/umv_control/install/global_path_old/lib/python3.10/site-packages/global_path/global_path.py to global_path.cpython-310.pyc
running install_data
creating /home/vdcl/Desktop/larr_project/umv_control/install/global_path_old/share/ament_index
creating /home/vdcl/Desktop/larr_project/umv_control/install/global_path_old/share/ament_index/resource_index
creating /home/vdcl/Desktop/larr_project/umv_control/install/global_path_old/share/ament_index/resource_index/packages
error: can't copy 'resource/global_path_old': doesn't exist or not a regular file
