[0.117s] DEBUG:colcon:Command line arguments: ['/usr/bin/colcon', 'build']
[0.117s] DEBUG:colcon:Parsed command line arguments: Namespace(log_base=None, log_level=None, verb_name='build', build_base='build', install_base='install', merge_install=False, symlink_install=False, test_result_base=None, continue_on_error=False, executor='parallel', parallel_workers=8, event_handlers=None, ignore_user_meta=False, metas=['./colcon.meta'], base_paths=['.'], packages_ignore=None, packages_ignore_regex=None, paths=None, packages_up_to=None, packages_up_to_regex=None, packages_above=None, packages_above_and_dependencies=None, packages_above_depth=None, packages_select_by_dep=None, packages_skip_by_dep=None, packages_skip_up_to=None, packages_select_build_failed=False, packages_skip_build_finished=False, packages_select_test_failures=False, packages_skip_test_passed=False, packages_select=None, packages_skip=None, packages_select_regex=None, packages_skip_regex=None, packages_start=None, packages_end=None, allow_overriding=[], cmake_args=None, cmake_target=None, cmake_target_skip_unavailable=False, cmake_clean_cache=False, cmake_clean_first=False, cmake_force_configure=False, ament_cmake_args=None, catkin_cmake_args=None, catkin_skip_building_tests=False, mixin_files=None, mixin=None, verb_parser=<colcon_mixin.mixin.mixin_argument.MixinArgumentDecorator object at 0x7bd0b0e27250>, verb_extension=<colcon_core.verb.build.BuildVerb object at 0x7bd0b0e26da0>, main=<bound method BuildVerb.main of <colcon_core.verb.build.BuildVerb object at 0x7bd0b0e26da0>>, mixin_verb=('build',))
[0.320s] Level 1:colcon.colcon_core.package_discovery:discover_packages(colcon_meta) check parameters
[0.320s] Level 1:colcon.colcon_core.package_discovery:discover_packages(recursive) check parameters
[0.320s] Level 1:colcon.colcon_core.package_discovery:discover_packages(ignore) check parameters
[0.320s] Level 1:colcon.colcon_core.package_discovery:discover_packages(path) check parameters
[0.320s] Level 1:colcon.colcon_core.package_discovery:discover_packages(colcon_meta) discover
[0.320s] Level 1:colcon.colcon_core.package_discovery:discover_packages(recursive) discover
[0.320s] INFO:colcon.colcon_core.package_discovery:Crawling recursively for packages in '/home/vdcl/Desktop/larr_project/umv_control'
[0.321s] Level 1:colcon.colcon_core.package_identification:_identify(.) by extensions ['ignore', 'ignore_ament_install']
[0.321s] Level 1:colcon.colcon_core.package_identification:_identify(.) by extension 'ignore'
[0.321s] Level 1:colcon.colcon_core.package_identification:_identify(.) by extension 'ignore_ament_install'
[0.321s] Level 1:colcon.colcon_core.package_identification:_identify(.) by extensions ['colcon_pkg']
[0.321s] Level 1:colcon.colcon_core.package_identification:_identify(.) by extension 'colcon_pkg'
[0.321s] Level 1:colcon.colcon_core.package_identification:_identify(.) by extensions ['colcon_meta']
[0.321s] Level 1:colcon.colcon_core.package_identification:_identify(.) by extension 'colcon_meta'
[0.321s] Level 1:colcon.colcon_core.package_identification:_identify(.) by extensions ['ros']
[0.321s] Level 1:colcon.colcon_core.package_identification:_identify(.) by extension 'ros'
[0.340s] Level 1:colcon.colcon_core.package_identification:_identify(.) by extensions ['cmake', 'python']
[0.340s] Level 1:colcon.colcon_core.package_identification:_identify(.) by extension 'cmake'
[0.340s] Level 1:colcon.colcon_core.package_identification:_identify(.) by extension 'python'
[0.340s] Level 1:colcon.colcon_core.package_identification:_identify(.) by extensions ['python_setup_py']
[0.340s] Level 1:colcon.colcon_core.package_identification:_identify(.) by extension 'python_setup_py'
[0.340s] Level 1:colcon.colcon_core.package_identification:_identify(build) by extensions ['ignore', 'ignore_ament_install']
[0.340s] Level 1:colcon.colcon_core.package_identification:_identify(build) by extension 'ignore'
[0.340s] Level 1:colcon.colcon_core.package_identification:_identify(build) ignored
[0.341s] Level 1:colcon.colcon_core.package_identification:_identify(install) by extensions ['ignore', 'ignore_ament_install']
[0.341s] Level 1:colcon.colcon_core.package_identification:_identify(install) by extension 'ignore'
[0.341s] Level 1:colcon.colcon_core.package_identification:_identify(install) ignored
[0.341s] Level 1:colcon.colcon_core.package_identification:_identify(log) by extensions ['ignore', 'ignore_ament_install']
[0.341s] Level 1:colcon.colcon_core.package_identification:_identify(log) by extension 'ignore'
[0.341s] Level 1:colcon.colcon_core.package_identification:_identify(log) ignored
[0.341s] Level 1:colcon.colcon_core.package_identification:_identify(src) by extensions ['ignore', 'ignore_ament_install']
[0.341s] Level 1:colcon.colcon_core.package_identification:_identify(src) by extension 'ignore'
[0.341s] Level 1:colcon.colcon_core.package_identification:_identify(src) by extension 'ignore_ament_install'
[0.341s] Level 1:colcon.colcon_core.package_identification:_identify(src) by extensions ['colcon_pkg']
[0.341s] Level 1:colcon.colcon_core.package_identification:_identify(src) by extension 'colcon_pkg'
[0.341s] Level 1:colcon.colcon_core.package_identification:_identify(src) by extensions ['colcon_meta']
[0.341s] Level 1:colcon.colcon_core.package_identification:_identify(src) by extension 'colcon_meta'
[0.341s] Level 1:colcon.colcon_core.package_identification:_identify(src) by extensions ['ros']
[0.341s] Level 1:colcon.colcon_core.package_identification:_identify(src) by extension 'ros'
[0.342s] Level 1:colcon.colcon_core.package_identification:_identify(src) by extensions ['cmake', 'python']
[0.342s] Level 1:colcon.colcon_core.package_identification:_identify(src) by extension 'cmake'
[0.342s] Level 1:colcon.colcon_core.package_identification:_identify(src) by extension 'python'
[0.342s] Level 1:colcon.colcon_core.package_identification:_identify(src) by extensions ['python_setup_py']
[0.342s] Level 1:colcon.colcon_core.package_identification:_identify(src) by extension 'python_setup_py'
[0.342s] Level 1:colcon.colcon_core.package_identification:_identify(src/global_path) by extensions ['ignore', 'ignore_ament_install']
[0.342s] Level 1:colcon.colcon_core.package_identification:_identify(src/global_path) by extension 'ignore'
[0.342s] Level 1:colcon.colcon_core.package_identification:_identify(src/global_path) by extension 'ignore_ament_install'
[0.342s] Level 1:colcon.colcon_core.package_identification:_identify(src/global_path) by extensions ['colcon_pkg']
[0.342s] Level 1:colcon.colcon_core.package_identification:_identify(src/global_path) by extension 'colcon_pkg'
[0.342s] Level 1:colcon.colcon_core.package_identification:_identify(src/global_path) by extensions ['colcon_meta']
[0.342s] Level 1:colcon.colcon_core.package_identification:_identify(src/global_path) by extension 'colcon_meta'
[0.342s] Level 1:colcon.colcon_core.package_identification:_identify(src/global_path) by extensions ['ros']
[0.342s] Level 1:colcon.colcon_core.package_identification:_identify(src/global_path) by extension 'ros'
[0.344s] DEBUG:colcon.colcon_core.package_identification:Package 'src/global_path' with type 'ros.ament_python' and name 'global_path'
[0.345s] Level 1:colcon.colcon_core.package_identification:_identify(src/host_vehicle_filter) by extensions ['ignore', 'ignore_ament_install']
[0.345s] Level 1:colcon.colcon_core.package_identification:_identify(src/host_vehicle_filter) by extension 'ignore'
[0.345s] Level 1:colcon.colcon_core.package_identification:_identify(src/host_vehicle_filter) by extension 'ignore_ament_install'
[0.345s] Level 1:colcon.colcon_core.package_identification:_identify(src/host_vehicle_filter) by extensions ['colcon_pkg']
[0.345s] Level 1:colcon.colcon_core.package_identification:_identify(src/host_vehicle_filter) by extension 'colcon_pkg'
[0.345s] Level 1:colcon.colcon_core.package_identification:_identify(src/host_vehicle_filter) by extensions ['colcon_meta']
[0.345s] Level 1:colcon.colcon_core.package_identification:_identify(src/host_vehicle_filter) by extension 'colcon_meta'
[0.345s] Level 1:colcon.colcon_core.package_identification:_identify(src/host_vehicle_filter) by extensions ['ros']
[0.345s] Level 1:colcon.colcon_core.package_identification:_identify(src/host_vehicle_filter) by extension 'ros'
[0.345s] DEBUG:colcon.colcon_core.package_identification:Package 'src/host_vehicle_filter' with type 'ros.ament_python' and name 'host_vehicle_filter'
[0.346s] Level 1:colcon.colcon_core.package_identification:_identify(src/lower_controller) by extensions ['ignore', 'ignore_ament_install']
[0.346s] Level 1:colcon.colcon_core.package_identification:_identify(src/lower_controller) by extension 'ignore'
[0.346s] Level 1:colcon.colcon_core.package_identification:_identify(src/lower_controller) by extension 'ignore_ament_install'
[0.346s] Level 1:colcon.colcon_core.package_identification:_identify(src/lower_controller) by extensions ['colcon_pkg']
[0.346s] Level 1:colcon.colcon_core.package_identification:_identify(src/lower_controller) by extension 'colcon_pkg'
[0.346s] Level 1:colcon.colcon_core.package_identification:_identify(src/lower_controller) by extensions ['colcon_meta']
[0.346s] Level 1:colcon.colcon_core.package_identification:_identify(src/lower_controller) by extension 'colcon_meta'
[0.346s] Level 1:colcon.colcon_core.package_identification:_identify(src/lower_controller) by extensions ['ros']
[0.346s] Level 1:colcon.colcon_core.package_identification:_identify(src/lower_controller) by extension 'ros'
[0.347s] DEBUG:colcon.colcon_core.package_identification:Package 'src/lower_controller' with type 'ros.ament_python' and name 'lower_controller'
[0.347s] Level 1:colcon.colcon_core.package_identification:_identify(src/motion_planner) by extensions ['ignore', 'ignore_ament_install']
[0.347s] Level 1:colcon.colcon_core.package_identification:_identify(src/motion_planner) by extension 'ignore'
[0.347s] Level 1:colcon.colcon_core.package_identification:_identify(src/motion_planner) by extension 'ignore_ament_install'
[0.347s] Level 1:colcon.colcon_core.package_identification:_identify(src/motion_planner) by extensions ['colcon_pkg']
[0.347s] Level 1:colcon.colcon_core.package_identification:_identify(src/motion_planner) by extension 'colcon_pkg'
[0.347s] Level 1:colcon.colcon_core.package_identification:_identify(src/motion_planner) by extensions ['colcon_meta']
[0.347s] Level 1:colcon.colcon_core.package_identification:_identify(src/motion_planner) by extension 'colcon_meta'
[0.347s] Level 1:colcon.colcon_core.package_identification:_identify(src/motion_planner) by extensions ['ros']
[0.347s] Level 1:colcon.colcon_core.package_identification:_identify(src/motion_planner) by extension 'ros'
[0.348s] DEBUG:colcon.colcon_core.package_identification:Package 'src/motion_planner' with type 'ros.ament_python' and name 'motion_planner'
[0.348s] Level 1:colcon.colcon_core.package_identification:_identify(src/mppi) by extensions ['ignore', 'ignore_ament_install']
[0.348s] Level 1:colcon.colcon_core.package_identification:_identify(src/mppi) by extension 'ignore'
[0.349s] Level 1:colcon.colcon_core.package_identification:_identify(src/mppi) by extension 'ignore_ament_install'
[0.349s] Level 1:colcon.colcon_core.package_identification:_identify(src/mppi) by extensions ['colcon_pkg']
[0.349s] Level 1:colcon.colcon_core.package_identification:_identify(src/mppi) by extension 'colcon_pkg'
[0.349s] Level 1:colcon.colcon_core.package_identification:_identify(src/mppi) by extensions ['colcon_meta']
[0.349s] Level 1:colcon.colcon_core.package_identification:_identify(src/mppi) by extension 'colcon_meta'
[0.349s] Level 1:colcon.colcon_core.package_identification:_identify(src/mppi) by extensions ['ros']
[0.349s] Level 1:colcon.colcon_core.package_identification:_identify(src/mppi) by extension 'ros'
[0.350s] DEBUG:colcon.colcon_core.package_identification:Package 'src/mppi' with type 'ros.ament_cmake' and name 'mppi'
[0.350s] Level 1:colcon.colcon_core.package_identification:_identify(src/umv_msgs) by extensions ['ignore', 'ignore_ament_install']
[0.350s] Level 1:colcon.colcon_core.package_identification:_identify(src/umv_msgs) by extension 'ignore'
[0.350s] Level 1:colcon.colcon_core.package_identification:_identify(src/umv_msgs) by extension 'ignore_ament_install'
[0.350s] Level 1:colcon.colcon_core.package_identification:_identify(src/umv_msgs) by extensions ['colcon_pkg']
[0.350s] Level 1:colcon.colcon_core.package_identification:_identify(src/umv_msgs) by extension 'colcon_pkg'
[0.350s] Level 1:colcon.colcon_core.package_identification:_identify(src/umv_msgs) by extensions ['colcon_meta']
[0.350s] Level 1:colcon.colcon_core.package_identification:_identify(src/umv_msgs) by extension 'colcon_meta'
[0.350s] Level 1:colcon.colcon_core.package_identification:_identify(src/umv_msgs) by extensions ['ros']
[0.350s] Level 1:colcon.colcon_core.package_identification:_identify(src/umv_msgs) by extension 'ros'
[0.351s] DEBUG:colcon.colcon_core.package_identification:Package 'src/umv_msgs' with type 'ros.ament_cmake' and name 'umv_msgs'
[0.351s] Level 1:colcon.colcon_core.package_identification:_identify(src/utils) by extensions ['ignore', 'ignore_ament_install']
[0.351s] Level 1:colcon.colcon_core.package_identification:_identify(src/utils) by extension 'ignore'
[0.351s] Level 1:colcon.colcon_core.package_identification:_identify(src/utils) by extension 'ignore_ament_install'
[0.351s] Level 1:colcon.colcon_core.package_identification:_identify(src/utils) by extensions ['colcon_pkg']
[0.351s] Level 1:colcon.colcon_core.package_identification:_identify(src/utils) by extension 'colcon_pkg'
[0.351s] Level 1:colcon.colcon_core.package_identification:_identify(src/utils) by extensions ['colcon_meta']
[0.351s] Level 1:colcon.colcon_core.package_identification:_identify(src/utils) by extension 'colcon_meta'
[0.351s] Level 1:colcon.colcon_core.package_identification:_identify(src/utils) by extensions ['ros']
[0.351s] Level 1:colcon.colcon_core.package_identification:_identify(src/utils) by extension 'ros'
[0.352s] DEBUG:colcon.colcon_core.package_identification:Package 'src/utils' with type 'ros.ament_python' and name 'utils'
[0.352s] Level 1:colcon.colcon_core.package_discovery:discover_packages(recursive) using defaults
[0.352s] Level 1:colcon.colcon_core.package_discovery:discover_packages(ignore) discover
[0.352s] Level 1:colcon.colcon_core.package_discovery:discover_packages(ignore) using defaults
[0.352s] Level 1:colcon.colcon_core.package_discovery:discover_packages(path) discover
[0.352s] Level 1:colcon.colcon_core.package_discovery:discover_packages(path) using defaults
[0.373s] Level 1:colcon.colcon_core.package_discovery:discover_packages(prefix_path) check parameters
[0.373s] Level 1:colcon.colcon_core.package_discovery:discover_packages(prefix_path) discover
[0.375s] DEBUG:colcon.colcon_installed_package_information.package_discovery:Found 2 installed packages in /home/vdcl/Desktop/larr_project/AirSim/ros2/install
[0.375s] DEBUG:colcon.colcon_installed_package_information.package_discovery:Found 7 installed packages in /home/vdcl/Desktop/larr_project/umv_control/install
[0.376s] DEBUG:colcon.colcon_installed_package_information.package_discovery:Found 204 installed packages in /opt/ros/humble
[0.378s] Level 1:colcon.colcon_core.package_discovery:discover_packages(prefix_path) using defaults
[0.408s] Level 5:colcon.colcon_core.verb:set package 'motion_planner' build argument 'cmake_args' from command line to 'None'
[0.408s] Level 5:colcon.colcon_core.verb:set package 'motion_planner' build argument 'cmake_target' from command line to 'None'
[0.408s] Level 5:colcon.colcon_core.verb:set package 'motion_planner' build argument 'cmake_target_skip_unavailable' from command line to 'False'
[0.408s] Level 5:colcon.colcon_core.verb:set package 'motion_planner' build argument 'cmake_clean_cache' from command line to 'False'
[0.409s] Level 5:colcon.colcon_core.verb:set package 'motion_planner' build argument 'cmake_clean_first' from command line to 'False'
[0.409s] Level 5:colcon.colcon_core.verb:set package 'motion_planner' build argument 'cmake_force_configure' from command line to 'False'
[0.409s] Level 5:colcon.colcon_core.verb:set package 'motion_planner' build argument 'ament_cmake_args' from command line to 'None'
[0.409s] Level 5:colcon.colcon_core.verb:set package 'motion_planner' build argument 'catkin_cmake_args' from command line to 'None'
[0.409s] Level 5:colcon.colcon_core.verb:set package 'motion_planner' build argument 'catkin_skip_building_tests' from command line to 'False'
[0.409s] DEBUG:colcon.colcon_core.verb:Building package 'motion_planner' with the following arguments: {'ament_cmake_args': None, 'build_base': '/home/vdcl/Desktop/larr_project/umv_control/build/motion_planner', 'catkin_cmake_args': None, 'catkin_skip_building_tests': False, 'cmake_args': None, 'cmake_clean_cache': False, 'cmake_clean_first': False, 'cmake_force_configure': False, 'cmake_target': None, 'cmake_target_skip_unavailable': False, 'install_base': '/home/vdcl/Desktop/larr_project/umv_control/install/motion_planner', 'merge_install': False, 'path': '/home/vdcl/Desktop/larr_project/umv_control/src/motion_planner', 'symlink_install': False, 'test_result_base': None}
[0.409s] Level 5:colcon.colcon_core.verb:set package 'umv_msgs' build argument 'cmake_args' from command line to 'None'
[0.409s] Level 5:colcon.colcon_core.verb:set package 'umv_msgs' build argument 'cmake_target' from command line to 'None'
[0.409s] Level 5:colcon.colcon_core.verb:set package 'umv_msgs' build argument 'cmake_target_skip_unavailable' from command line to 'False'
[0.409s] Level 5:colcon.colcon_core.verb:set package 'umv_msgs' build argument 'cmake_clean_cache' from command line to 'False'
[0.409s] Level 5:colcon.colcon_core.verb:set package 'umv_msgs' build argument 'cmake_clean_first' from command line to 'False'
[0.409s] Level 5:colcon.colcon_core.verb:set package 'umv_msgs' build argument 'cmake_force_configure' from command line to 'False'
[0.409s] Level 5:colcon.colcon_core.verb:set package 'umv_msgs' build argument 'ament_cmake_args' from command line to 'None'
[0.409s] Level 5:colcon.colcon_core.verb:set package 'umv_msgs' build argument 'catkin_cmake_args' from command line to 'None'
[0.409s] Level 5:colcon.colcon_core.verb:set package 'umv_msgs' build argument 'catkin_skip_building_tests' from command line to 'False'
[0.409s] DEBUG:colcon.colcon_core.verb:Building package 'umv_msgs' with the following arguments: {'ament_cmake_args': None, 'build_base': '/home/vdcl/Desktop/larr_project/umv_control/build/umv_msgs', 'catkin_cmake_args': None, 'catkin_skip_building_tests': False, 'cmake_args': None, 'cmake_clean_cache': False, 'cmake_clean_first': False, 'cmake_force_configure': False, 'cmake_target': None, 'cmake_target_skip_unavailable': False, 'install_base': '/home/vdcl/Desktop/larr_project/umv_control/install/umv_msgs', 'merge_install': False, 'path': '/home/vdcl/Desktop/larr_project/umv_control/src/umv_msgs', 'symlink_install': False, 'test_result_base': None}
[0.410s] Level 5:colcon.colcon_core.verb:set package 'utils' build argument 'cmake_args' from command line to 'None'
[0.410s] Level 5:colcon.colcon_core.verb:set package 'utils' build argument 'cmake_target' from command line to 'None'
[0.410s] Level 5:colcon.colcon_core.verb:set package 'utils' build argument 'cmake_target_skip_unavailable' from command line to 'False'
[0.410s] Level 5:colcon.colcon_core.verb:set package 'utils' build argument 'cmake_clean_cache' from command line to 'False'
[0.410s] Level 5:colcon.colcon_core.verb:set package 'utils' build argument 'cmake_clean_first' from command line to 'False'
[0.410s] Level 5:colcon.colcon_core.verb:set package 'utils' build argument 'cmake_force_configure' from command line to 'False'
[0.410s] Level 5:colcon.colcon_core.verb:set package 'utils' build argument 'ament_cmake_args' from command line to 'None'
[0.410s] Level 5:colcon.colcon_core.verb:set package 'utils' build argument 'catkin_cmake_args' from command line to 'None'
[0.410s] Level 5:colcon.colcon_core.verb:set package 'utils' build argument 'catkin_skip_building_tests' from command line to 'False'
[0.410s] DEBUG:colcon.colcon_core.verb:Building package 'utils' with the following arguments: {'ament_cmake_args': None, 'build_base': '/home/vdcl/Desktop/larr_project/umv_control/build/utils', 'catkin_cmake_args': None, 'catkin_skip_building_tests': False, 'cmake_args': None, 'cmake_clean_cache': False, 'cmake_clean_first': False, 'cmake_force_configure': False, 'cmake_target': None, 'cmake_target_skip_unavailable': False, 'install_base': '/home/vdcl/Desktop/larr_project/umv_control/install/utils', 'merge_install': False, 'path': '/home/vdcl/Desktop/larr_project/umv_control/src/utils', 'symlink_install': False, 'test_result_base': None}
[0.410s] Level 5:colcon.colcon_core.verb:set package 'global_path' build argument 'cmake_args' from command line to 'None'
[0.410s] Level 5:colcon.colcon_core.verb:set package 'global_path' build argument 'cmake_target' from command line to 'None'
[0.410s] Level 5:colcon.colcon_core.verb:set package 'global_path' build argument 'cmake_target_skip_unavailable' from command line to 'False'
[0.410s] Level 5:colcon.colcon_core.verb:set package 'global_path' build argument 'cmake_clean_cache' from command line to 'False'
[0.410s] Level 5:colcon.colcon_core.verb:set package 'global_path' build argument 'cmake_clean_first' from command line to 'False'
[0.410s] Level 5:colcon.colcon_core.verb:set package 'global_path' build argument 'cmake_force_configure' from command line to 'False'
[0.410s] Level 5:colcon.colcon_core.verb:set package 'global_path' build argument 'ament_cmake_args' from command line to 'None'
[0.410s] Level 5:colcon.colcon_core.verb:set package 'global_path' build argument 'catkin_cmake_args' from command line to 'None'
[0.410s] Level 5:colcon.colcon_core.verb:set package 'global_path' build argument 'catkin_skip_building_tests' from command line to 'False'
[0.410s] DEBUG:colcon.colcon_core.verb:Building package 'global_path' with the following arguments: {'ament_cmake_args': None, 'build_base': '/home/vdcl/Desktop/larr_project/umv_control/build/global_path', 'catkin_cmake_args': None, 'catkin_skip_building_tests': False, 'cmake_args': None, 'cmake_clean_cache': False, 'cmake_clean_first': False, 'cmake_force_configure': False, 'cmake_target': None, 'cmake_target_skip_unavailable': False, 'install_base': '/home/vdcl/Desktop/larr_project/umv_control/install/global_path', 'merge_install': False, 'path': '/home/vdcl/Desktop/larr_project/umv_control/src/global_path', 'symlink_install': False, 'test_result_base': None}
[0.411s] Level 5:colcon.colcon_core.verb:set package 'host_vehicle_filter' build argument 'cmake_args' from command line to 'None'
[0.411s] Level 5:colcon.colcon_core.verb:set package 'host_vehicle_filter' build argument 'cmake_target' from command line to 'None'
[0.411s] Level 5:colcon.colcon_core.verb:set package 'host_vehicle_filter' build argument 'cmake_target_skip_unavailable' from command line to 'False'
[0.411s] Level 5:colcon.colcon_core.verb:set package 'host_vehicle_filter' build argument 'cmake_clean_cache' from command line to 'False'
[0.411s] Level 5:colcon.colcon_core.verb:set package 'host_vehicle_filter' build argument 'cmake_clean_first' from command line to 'False'
[0.411s] Level 5:colcon.colcon_core.verb:set package 'host_vehicle_filter' build argument 'cmake_force_configure' from command line to 'False'
[0.411s] Level 5:colcon.colcon_core.verb:set package 'host_vehicle_filter' build argument 'ament_cmake_args' from command line to 'None'
[0.411s] Level 5:colcon.colcon_core.verb:set package 'host_vehicle_filter' build argument 'catkin_cmake_args' from command line to 'None'
[0.411s] Level 5:colcon.colcon_core.verb:set package 'host_vehicle_filter' build argument 'catkin_skip_building_tests' from command line to 'False'
[0.411s] DEBUG:colcon.colcon_core.verb:Building package 'host_vehicle_filter' with the following arguments: {'ament_cmake_args': None, 'build_base': '/home/vdcl/Desktop/larr_project/umv_control/build/host_vehicle_filter', 'catkin_cmake_args': None, 'catkin_skip_building_tests': False, 'cmake_args': None, 'cmake_clean_cache': False, 'cmake_clean_first': False, 'cmake_force_configure': False, 'cmake_target': None, 'cmake_target_skip_unavailable': False, 'install_base': '/home/vdcl/Desktop/larr_project/umv_control/install/host_vehicle_filter', 'merge_install': False, 'path': '/home/vdcl/Desktop/larr_project/umv_control/src/host_vehicle_filter', 'symlink_install': False, 'test_result_base': None}
[0.411s] Level 5:colcon.colcon_core.verb:set package 'lower_controller' build argument 'cmake_args' from command line to 'None'
[0.411s] Level 5:colcon.colcon_core.verb:set package 'lower_controller' build argument 'cmake_target' from command line to 'None'
[0.411s] Level 5:colcon.colcon_core.verb:set package 'lower_controller' build argument 'cmake_target_skip_unavailable' from command line to 'False'
[0.411s] Level 5:colcon.colcon_core.verb:set package 'lower_controller' build argument 'cmake_clean_cache' from command line to 'False'
[0.411s] Level 5:colcon.colcon_core.verb:set package 'lower_controller' build argument 'cmake_clean_first' from command line to 'False'
[0.411s] Level 5:colcon.colcon_core.verb:set package 'lower_controller' build argument 'cmake_force_configure' from command line to 'False'
[0.411s] Level 5:colcon.colcon_core.verb:set package 'lower_controller' build argument 'ament_cmake_args' from command line to 'None'
[0.411s] Level 5:colcon.colcon_core.verb:set package 'lower_controller' build argument 'catkin_cmake_args' from command line to 'None'
[0.411s] Level 5:colcon.colcon_core.verb:set package 'lower_controller' build argument 'catkin_skip_building_tests' from command line to 'False'
[0.412s] DEBUG:colcon.colcon_core.verb:Building package 'lower_controller' with the following arguments: {'ament_cmake_args': None, 'build_base': '/home/vdcl/Desktop/larr_project/umv_control/build/lower_controller', 'catkin_cmake_args': None, 'catkin_skip_building_tests': False, 'cmake_args': None, 'cmake_clean_cache': False, 'cmake_clean_first': False, 'cmake_force_configure': False, 'cmake_target': None, 'cmake_target_skip_unavailable': False, 'install_base': '/home/vdcl/Desktop/larr_project/umv_control/install/lower_controller', 'merge_install': False, 'path': '/home/vdcl/Desktop/larr_project/umv_control/src/lower_controller', 'symlink_install': False, 'test_result_base': None}
[0.412s] Level 5:colcon.colcon_core.verb:set package 'mppi' build argument 'cmake_args' from command line to 'None'
[0.412s] Level 5:colcon.colcon_core.verb:set package 'mppi' build argument 'cmake_target' from command line to 'None'
[0.412s] Level 5:colcon.colcon_core.verb:set package 'mppi' build argument 'cmake_target_skip_unavailable' from command line to 'False'
[0.412s] Level 5:colcon.colcon_core.verb:set package 'mppi' build argument 'cmake_clean_cache' from command line to 'False'
[0.412s] Level 5:colcon.colcon_core.verb:set package 'mppi' build argument 'cmake_clean_first' from command line to 'False'
[0.412s] Level 5:colcon.colcon_core.verb:set package 'mppi' build argument 'cmake_force_configure' from command line to 'False'
[0.412s] Level 5:colcon.colcon_core.verb:set package 'mppi' build argument 'ament_cmake_args' from command line to 'None'
[0.412s] Level 5:colcon.colcon_core.verb:set package 'mppi' build argument 'catkin_cmake_args' from command line to 'None'
[0.412s] Level 5:colcon.colcon_core.verb:set package 'mppi' build argument 'catkin_skip_building_tests' from command line to 'False'
[0.412s] DEBUG:colcon.colcon_core.verb:Building package 'mppi' with the following arguments: {'ament_cmake_args': None, 'build_base': '/home/vdcl/Desktop/larr_project/umv_control/build/mppi', 'catkin_cmake_args': None, 'catkin_skip_building_tests': False, 'cmake_args': None, 'cmake_clean_cache': False, 'cmake_clean_first': False, 'cmake_force_configure': False, 'cmake_target': None, 'cmake_target_skip_unavailable': False, 'install_base': '/home/vdcl/Desktop/larr_project/umv_control/install/mppi', 'merge_install': False, 'path': '/home/vdcl/Desktop/larr_project/umv_control/src/mppi', 'symlink_install': False, 'test_result_base': None}
[0.412s] INFO:colcon.colcon_core.executor:Executing jobs using 'parallel' executor
[0.413s] DEBUG:colcon.colcon_parallel_executor.executor.parallel:run_until_complete
[0.413s] INFO:colcon.colcon_ros.task.ament_cmake.build:Building ROS package in '/home/vdcl/Desktop/larr_project/umv_control/src/umv_msgs' with build type 'ament_cmake'
[0.413s] INFO:colcon.colcon_cmake.task.cmake.build:Building CMake package in '/home/vdcl/Desktop/larr_project/umv_control/src/umv_msgs'
[0.416s] INFO:colcon.colcon_core.plugin_system:Skipping extension 'colcon_core.shell.bat': Not used on non-Windows systems
[0.416s] INFO:colcon.colcon_core.shell:Skip shell extension 'powershell' for command environment: Not usable outside of PowerShell
[0.416s] DEBUG:colcon.colcon_core.shell:Skip shell extension 'dsv' for command environment
[0.423s] INFO:colcon.colcon_ros.task.ament_python.build:Building ROS package in '/home/vdcl/Desktop/larr_project/umv_control/src/motion_planner' with build type 'ament_python'
[0.424s] Level 1:colcon.colcon_core.shell:create_environment_hook('motion_planner', 'ament_prefix_path')
[0.424s] INFO:colcon.colcon_core.shell:Creating environment hook '/home/vdcl/Desktop/larr_project/umv_control/install/motion_planner/share/motion_planner/hook/ament_prefix_path.ps1'
[0.426s] INFO:colcon.colcon_core.shell:Creating environment descriptor '/home/vdcl/Desktop/larr_project/umv_control/install/motion_planner/share/motion_planner/hook/ament_prefix_path.dsv'
[0.433s] INFO:colcon.colcon_core.shell:Creating environment hook '/home/vdcl/Desktop/larr_project/umv_control/install/motion_planner/share/motion_planner/hook/ament_prefix_path.sh'
[0.438s] INFO:colcon.colcon_core.shell:Skip shell extension 'powershell' for command environment: Not usable outside of PowerShell
[0.438s] DEBUG:colcon.colcon_core.shell:Skip shell extension 'dsv' for command environment
[0.443s] INFO:colcon.colcon_ros.task.ament_python.build:Building ROS package in '/home/vdcl/Desktop/larr_project/umv_control/src/utils' with build type 'ament_python'
[0.443s] Level 1:colcon.colcon_core.shell:create_environment_hook('utils', 'ament_prefix_path')
[0.443s] INFO:colcon.colcon_core.shell:Creating environment hook '/home/vdcl/Desktop/larr_project/umv_control/install/utils/share/utils/hook/ament_prefix_path.ps1'
[0.444s] INFO:colcon.colcon_core.shell:Creating environment descriptor '/home/vdcl/Desktop/larr_project/umv_control/install/utils/share/utils/hook/ament_prefix_path.dsv'
[0.444s] INFO:colcon.colcon_core.shell:Creating environment hook '/home/vdcl/Desktop/larr_project/umv_control/install/utils/share/utils/hook/ament_prefix_path.sh'
[0.445s] INFO:colcon.colcon_core.shell:Skip shell extension 'powershell' for command environment: Not usable outside of PowerShell
[0.445s] DEBUG:colcon.colcon_core.shell:Skip shell extension 'dsv' for command environment
[0.466s] DEBUG:colcon.colcon_core.event_handler.log_command:Invoking command in '/home/vdcl/Desktop/larr_project/umv_control/build/umv_msgs': CMAKE_PREFIX_PATH=${CMAKE_PREFIX_PATH}:/home/vdcl/Desktop/larr_project/umv_control/install/utils:/home/vdcl/Desktop/larr_project/umv_control/install/lower_controller:/home/vdcl/Desktop/larr_project/umv_control/install/host_vehicle_filter:/home/vdcl/Desktop/larr_project/umv_control/install/global_path:/home/vdcl/Desktop/larr_project/umv_control/install/motion_planner:/opt/ros/humble /usr/bin/cmake --build /home/vdcl/Desktop/larr_project/umv_control/build/umv_msgs -- -j8 -l8
[0.925s] INFO:colcon.colcon_core.task.python.build:Building Python package in '/home/vdcl/Desktop/larr_project/umv_control/src/motion_planner'
[0.926s] INFO:colcon.colcon_core.shell:Skip shell extension 'powershell' for command environment: Not usable outside of PowerShell
[0.926s] DEBUG:colcon.colcon_core.shell:Skip shell extension 'dsv' for command environment
[1.237s] INFO:colcon.colcon_core.task.python.build:Building Python package in '/home/vdcl/Desktop/larr_project/umv_control/src/utils'
[1.238s] INFO:colcon.colcon_core.shell:Skip shell extension 'powershell' for command environment: Not usable outside of PowerShell
[1.238s] DEBUG:colcon.colcon_core.shell:Skip shell extension 'dsv' for command environment
[1.247s] DEBUG:colcon.colcon_core.event_handler.log_command:Invoked command in '/home/vdcl/Desktop/larr_project/umv_control/build/umv_msgs' returned '0': CMAKE_PREFIX_PATH=${CMAKE_PREFIX_PATH}:/home/vdcl/Desktop/larr_project/umv_control/install/utils:/home/vdcl/Desktop/larr_project/umv_control/install/lower_controller:/home/vdcl/Desktop/larr_project/umv_control/install/host_vehicle_filter:/home/vdcl/Desktop/larr_project/umv_control/install/global_path:/home/vdcl/Desktop/larr_project/umv_control/install/motion_planner:/opt/ros/humble /usr/bin/cmake --build /home/vdcl/Desktop/larr_project/umv_control/build/umv_msgs -- -j8 -l8
[1.477s] DEBUG:colcon.colcon_core.event_handler.log_command:Invoking command in '/home/vdcl/Desktop/larr_project/umv_control/build/umv_msgs': CMAKE_PREFIX_PATH=${CMAKE_PREFIX_PATH}:/home/vdcl/Desktop/larr_project/umv_control/install/utils:/home/vdcl/Desktop/larr_project/umv_control/install/lower_controller:/home/vdcl/Desktop/larr_project/umv_control/install/host_vehicle_filter:/home/vdcl/Desktop/larr_project/umv_control/install/global_path:/home/vdcl/Desktop/larr_project/umv_control/install/motion_planner:/opt/ros/humble /usr/bin/cmake --install /home/vdcl/Desktop/larr_project/umv_control/build/umv_msgs
[1.600s] Level 1:colcon.colcon_core.environment:create_environment_scripts_only(umv_msgs)
[1.603s] DEBUG:colcon.colcon_core.event_handler.log_command:Invoked command in '/home/vdcl/Desktop/larr_project/umv_control/build/umv_msgs' returned '0': CMAKE_PREFIX_PATH=${CMAKE_PREFIX_PATH}:/home/vdcl/Desktop/larr_project/umv_control/install/utils:/home/vdcl/Desktop/larr_project/umv_control/install/lower_controller:/home/vdcl/Desktop/larr_project/umv_control/install/host_vehicle_filter:/home/vdcl/Desktop/larr_project/umv_control/install/global_path:/home/vdcl/Desktop/larr_project/umv_control/install/motion_planner:/opt/ros/humble /usr/bin/cmake --install /home/vdcl/Desktop/larr_project/umv_control/build/umv_msgs
[1.604s] Level 1:colcon.colcon_core.environment:checking '/home/vdcl/Desktop/larr_project/umv_control/install/umv_msgs' for CMake module files
[1.605s] Level 1:colcon.colcon_core.environment:checking '/home/vdcl/Desktop/larr_project/umv_control/install/umv_msgs' for CMake config files
[1.606s] Level 1:colcon.colcon_core.shell:create_environment_hook('umv_msgs', 'cmake_prefix_path')
[1.607s] INFO:colcon.colcon_core.shell:Creating environment hook '/home/vdcl/Desktop/larr_project/umv_control/install/umv_msgs/share/umv_msgs/hook/cmake_prefix_path.ps1'
[1.607s] INFO:colcon.colcon_core.shell:Creating environment descriptor '/home/vdcl/Desktop/larr_project/umv_control/install/umv_msgs/share/umv_msgs/hook/cmake_prefix_path.dsv'
[1.608s] INFO:colcon.colcon_core.shell:Creating environment hook '/home/vdcl/Desktop/larr_project/umv_control/install/umv_msgs/share/umv_msgs/hook/cmake_prefix_path.sh'
[1.608s] Level 1:colcon.colcon_core.environment:checking '/home/vdcl/Desktop/larr_project/umv_control/install/umv_msgs/lib'
[1.609s] Level 1:colcon.colcon_core.shell:create_environment_hook('umv_msgs', 'ld_library_path_lib')
[1.609s] INFO:colcon.colcon_core.shell:Creating environment hook '/home/vdcl/Desktop/larr_project/umv_control/install/umv_msgs/share/umv_msgs/hook/ld_library_path_lib.ps1'
[1.610s] INFO:colcon.colcon_core.shell:Creating environment descriptor '/home/vdcl/Desktop/larr_project/umv_control/install/umv_msgs/share/umv_msgs/hook/ld_library_path_lib.dsv'
[1.610s] INFO:colcon.colcon_core.shell:Creating environment hook '/home/vdcl/Desktop/larr_project/umv_control/install/umv_msgs/share/umv_msgs/hook/ld_library_path_lib.sh'
[1.611s] Level 1:colcon.colcon_core.environment:checking '/home/vdcl/Desktop/larr_project/umv_control/install/umv_msgs/bin'
[1.611s] Level 1:colcon.colcon_core.environment:checking '/home/vdcl/Desktop/larr_project/umv_control/install/umv_msgs/lib/pkgconfig/umv_msgs.pc'
[1.611s] Level 1:colcon.colcon_core.environment:checking '/home/vdcl/Desktop/larr_project/umv_control/install/umv_msgs/lib/python3.10/site-packages'
[1.612s] Level 1:colcon.colcon_core.environment:checking '/home/vdcl/Desktop/larr_project/umv_control/install/umv_msgs/bin'
[1.612s] INFO:colcon.colcon_core.shell:Creating package script '/home/vdcl/Desktop/larr_project/umv_control/install/umv_msgs/share/umv_msgs/package.ps1'
[1.613s] INFO:colcon.colcon_core.shell:Creating package descriptor '/home/vdcl/Desktop/larr_project/umv_control/install/umv_msgs/share/umv_msgs/package.dsv'
[1.614s] INFO:colcon.colcon_core.shell:Creating package script '/home/vdcl/Desktop/larr_project/umv_control/install/umv_msgs/share/umv_msgs/package.sh'
[1.615s] INFO:colcon.colcon_core.shell:Creating package script '/home/vdcl/Desktop/larr_project/umv_control/install/umv_msgs/share/umv_msgs/package.bash'
[1.616s] INFO:colcon.colcon_core.shell:Creating package script '/home/vdcl/Desktop/larr_project/umv_control/install/umv_msgs/share/umv_msgs/package.zsh'
[1.617s] Level 1:colcon.colcon_core.environment:create_file_with_runtime_dependencies(/home/vdcl/Desktop/larr_project/umv_control/install/umv_msgs/share/colcon-core/packages/umv_msgs)
[1.840s] DEBUG:colcon.colcon_core.event_handler.log_command:Invoking command in '/home/vdcl/Desktop/larr_project/umv_control/src/utils': PYTHONPATH=/home/vdcl/Desktop/larr_project/umv_control/build/utils/prefix_override:/home/vdcl/Desktop/larr_project/umv_control/install/utils/lib/python3.10/site-packages:${PYTHONPATH} /usr/bin/python3 -W ignore:setup.py install is deprecated setup.py egg_info --egg-base ../../build/utils build --build-base /home/vdcl/Desktop/larr_project/umv_control/build/utils/build install --record /home/vdcl/Desktop/larr_project/umv_control/build/utils/install.log --single-version-externally-managed install_data
[1.854s] DEBUG:colcon.colcon_core.event_handler.log_command:Invoking command in '/home/vdcl/Desktop/larr_project/umv_control/src/motion_planner': PYTHONPATH=/home/vdcl/Desktop/larr_project/umv_control/build/motion_planner/prefix_override:/home/vdcl/Desktop/larr_project/umv_control/install/motion_planner/lib/python3.10/site-packages:${PYTHONPATH} /usr/bin/python3 -W ignore:setup.py install is deprecated setup.py egg_info --egg-base ../../build/motion_planner build --build-base /home/vdcl/Desktop/larr_project/umv_control/build/motion_planner/build install --record /home/vdcl/Desktop/larr_project/umv_control/build/motion_planner/install.log --single-version-externally-managed install_data
[1.966s] Level 1:colcon.colcon_core.environment:create_environment_scripts_only(umv_msgs)
[1.966s] Level 1:colcon.colcon_core.environment:checking '/home/vdcl/Desktop/larr_project/umv_control/install/umv_msgs' for CMake module files
[1.967s] Level 1:colcon.colcon_core.environment:checking '/home/vdcl/Desktop/larr_project/umv_control/install/umv_msgs' for CMake config files
[1.968s] Level 1:colcon.colcon_core.shell:create_environment_hook('umv_msgs', 'cmake_prefix_path')
[1.968s] INFO:colcon.colcon_core.shell:Creating environment hook '/home/vdcl/Desktop/larr_project/umv_control/install/umv_msgs/share/umv_msgs/hook/cmake_prefix_path.ps1'
[1.974s] INFO:colcon.colcon_core.shell:Creating environment descriptor '/home/vdcl/Desktop/larr_project/umv_control/install/umv_msgs/share/umv_msgs/hook/cmake_prefix_path.dsv'
[1.978s] INFO:colcon.colcon_core.shell:Creating environment hook '/home/vdcl/Desktop/larr_project/umv_control/install/umv_msgs/share/umv_msgs/hook/cmake_prefix_path.sh'
[1.988s] Level 1:colcon.colcon_core.environment:checking '/home/vdcl/Desktop/larr_project/umv_control/install/umv_msgs/lib'
[1.988s] Level 1:colcon.colcon_core.shell:create_environment_hook('umv_msgs', 'ld_library_path_lib')
[1.989s] INFO:colcon.colcon_core.shell:Creating environment hook '/home/vdcl/Desktop/larr_project/umv_control/install/umv_msgs/share/umv_msgs/hook/ld_library_path_lib.ps1'
[2.004s] INFO:colcon.colcon_core.shell:Creating environment descriptor '/home/vdcl/Desktop/larr_project/umv_control/install/umv_msgs/share/umv_msgs/hook/ld_library_path_lib.dsv'
[2.005s] INFO:colcon.colcon_core.shell:Creating environment hook '/home/vdcl/Desktop/larr_project/umv_control/install/umv_msgs/share/umv_msgs/hook/ld_library_path_lib.sh'
[2.018s] Level 1:colcon.colcon_core.environment:checking '/home/vdcl/Desktop/larr_project/umv_control/install/umv_msgs/bin'
[2.018s] Level 1:colcon.colcon_core.environment:checking '/home/vdcl/Desktop/larr_project/umv_control/install/umv_msgs/lib/pkgconfig/umv_msgs.pc'
[2.018s] Level 1:colcon.colcon_core.environment:checking '/home/vdcl/Desktop/larr_project/umv_control/install/umv_msgs/lib/python3.10/site-packages'
[2.019s] Level 1:colcon.colcon_core.environment:checking '/home/vdcl/Desktop/larr_project/umv_control/install/umv_msgs/bin'
[2.019s] INFO:colcon.colcon_core.shell:Creating package script '/home/vdcl/Desktop/larr_project/umv_control/install/umv_msgs/share/umv_msgs/package.ps1'
[2.020s] INFO:colcon.colcon_core.shell:Creating package descriptor '/home/vdcl/Desktop/larr_project/umv_control/install/umv_msgs/share/umv_msgs/package.dsv'
[2.021s] INFO:colcon.colcon_core.shell:Creating package script '/home/vdcl/Desktop/larr_project/umv_control/install/umv_msgs/share/umv_msgs/package.sh'
[2.021s] INFO:colcon.colcon_core.shell:Creating package script '/home/vdcl/Desktop/larr_project/umv_control/install/umv_msgs/share/umv_msgs/package.bash'
[2.022s] INFO:colcon.colcon_core.shell:Creating package script '/home/vdcl/Desktop/larr_project/umv_control/install/umv_msgs/share/umv_msgs/package.zsh'
[2.022s] Level 1:colcon.colcon_core.environment:create_file_with_runtime_dependencies(/home/vdcl/Desktop/larr_project/umv_control/install/umv_msgs/share/colcon-core/packages/umv_msgs)
[2.023s] INFO:colcon.colcon_ros.task.ament_python.build:Building ROS package in '/home/vdcl/Desktop/larr_project/umv_control/src/global_path' with build type 'ament_python'
[2.023s] Level 1:colcon.colcon_core.shell:create_environment_hook('global_path', 'ament_prefix_path')
[2.023s] INFO:colcon.colcon_core.shell:Creating environment hook '/home/vdcl/Desktop/larr_project/umv_control/install/global_path/share/global_path/hook/ament_prefix_path.ps1'
[2.024s] INFO:colcon.colcon_core.shell:Creating environment descriptor '/home/vdcl/Desktop/larr_project/umv_control/install/global_path/share/global_path/hook/ament_prefix_path.dsv'
[2.025s] INFO:colcon.colcon_core.shell:Creating environment hook '/home/vdcl/Desktop/larr_project/umv_control/install/global_path/share/global_path/hook/ament_prefix_path.sh'
[2.026s] INFO:colcon.colcon_core.shell:Skip shell extension 'powershell' for command environment: Not usable outside of PowerShell
[2.026s] DEBUG:colcon.colcon_core.shell:Skip shell extension 'dsv' for command environment
[2.034s] INFO:colcon.colcon_ros.task.ament_python.build:Building ROS package in '/home/vdcl/Desktop/larr_project/umv_control/src/host_vehicle_filter' with build type 'ament_python'
[2.034s] Level 1:colcon.colcon_core.shell:create_environment_hook('host_vehicle_filter', 'ament_prefix_path')
[2.034s] INFO:colcon.colcon_core.shell:Creating environment hook '/home/vdcl/Desktop/larr_project/umv_control/install/host_vehicle_filter/share/host_vehicle_filter/hook/ament_prefix_path.ps1'
[2.035s] INFO:colcon.colcon_core.shell:Creating environment descriptor '/home/vdcl/Desktop/larr_project/umv_control/install/host_vehicle_filter/share/host_vehicle_filter/hook/ament_prefix_path.dsv'
[2.036s] INFO:colcon.colcon_core.shell:Creating environment hook '/home/vdcl/Desktop/larr_project/umv_control/install/host_vehicle_filter/share/host_vehicle_filter/hook/ament_prefix_path.sh'
[2.040s] INFO:colcon.colcon_core.shell:Skip shell extension 'powershell' for command environment: Not usable outside of PowerShell
[2.040s] DEBUG:colcon.colcon_core.shell:Skip shell extension 'dsv' for command environment
[2.048s] INFO:colcon.colcon_ros.task.ament_python.build:Building ROS package in '/home/vdcl/Desktop/larr_project/umv_control/src/lower_controller' with build type 'ament_python'
[2.056s] Level 1:colcon.colcon_core.shell:create_environment_hook('lower_controller', 'ament_prefix_path')
[2.057s] INFO:colcon.colcon_core.shell:Creating environment hook '/home/vdcl/Desktop/larr_project/umv_control/install/lower_controller/share/lower_controller/hook/ament_prefix_path.ps1'
[2.058s] INFO:colcon.colcon_core.shell:Creating environment descriptor '/home/vdcl/Desktop/larr_project/umv_control/install/lower_controller/share/lower_controller/hook/ament_prefix_path.dsv'
[2.058s] INFO:colcon.colcon_core.shell:Creating environment hook '/home/vdcl/Desktop/larr_project/umv_control/install/lower_controller/share/lower_controller/hook/ament_prefix_path.sh'
[2.059s] INFO:colcon.colcon_core.shell:Skip shell extension 'powershell' for command environment: Not usable outside of PowerShell
[2.059s] DEBUG:colcon.colcon_core.shell:Skip shell extension 'dsv' for command environment
[2.069s] INFO:colcon.colcon_ros.task.ament_cmake.build:Building ROS package in '/home/vdcl/Desktop/larr_project/umv_control/src/mppi' with build type 'ament_cmake'
[2.070s] INFO:colcon.colcon_cmake.task.cmake.build:Building CMake package in '/home/vdcl/Desktop/larr_project/umv_control/src/mppi'
[2.071s] INFO:colcon.colcon_core.shell:Skip shell extension 'powershell' for command environment: Not usable outside of PowerShell
[2.072s] DEBUG:colcon.colcon_core.shell:Skip shell extension 'dsv' for command environment
[2.544s] INFO:colcon.colcon_core.task.python.build:Building Python package in '/home/vdcl/Desktop/larr_project/umv_control/src/global_path'
[2.544s] INFO:colcon.colcon_core.shell:Skip shell extension 'powershell' for command environment: Not usable outside of PowerShell
[2.544s] DEBUG:colcon.colcon_core.shell:Skip shell extension 'dsv' for command environment
[2.935s] INFO:colcon.colcon_core.task.python.build:Building Python package in '/home/vdcl/Desktop/larr_project/umv_control/src/host_vehicle_filter'
[2.935s] INFO:colcon.colcon_core.shell:Skip shell extension 'powershell' for command environment: Not usable outside of PowerShell
[2.935s] DEBUG:colcon.colcon_core.shell:Skip shell extension 'dsv' for command environment
[3.238s] INFO:colcon.colcon_core.task.python.build:Building Python package in '/home/vdcl/Desktop/larr_project/umv_control/src/lower_controller'
[3.238s] INFO:colcon.colcon_core.shell:Skip shell extension 'powershell' for command environment: Not usable outside of PowerShell
[3.238s] DEBUG:colcon.colcon_core.shell:Skip shell extension 'dsv' for command environment
[3.244s] Level 1:colcon.colcon_core.environment:checking '/home/vdcl/Desktop/larr_project/umv_control/install/motion_planner' for CMake module files
[3.245s] DEBUG:colcon.colcon_core.event_handler.log_command:Invoked command in '/home/vdcl/Desktop/larr_project/umv_control/src/motion_planner' returned '0': PYTHONPATH=/home/vdcl/Desktop/larr_project/umv_control/build/motion_planner/prefix_override:/home/vdcl/Desktop/larr_project/umv_control/install/motion_planner/lib/python3.10/site-packages:${PYTHONPATH} /usr/bin/python3 -W ignore:setup.py install is deprecated setup.py egg_info --egg-base ../../build/motion_planner build --build-base /home/vdcl/Desktop/larr_project/umv_control/build/motion_planner/build install --record /home/vdcl/Desktop/larr_project/umv_control/build/motion_planner/install.log --single-version-externally-managed install_data
[3.245s] Level 1:colcon.colcon_core.environment:checking '/home/vdcl/Desktop/larr_project/umv_control/install/motion_planner' for CMake config files
[3.247s] Level 1:colcon.colcon_core.environment:checking '/home/vdcl/Desktop/larr_project/umv_control/install/motion_planner/lib'
[3.247s] Level 1:colcon.colcon_core.environment:checking '/home/vdcl/Desktop/larr_project/umv_control/install/motion_planner/bin'
[3.247s] Level 1:colcon.colcon_core.environment:checking '/home/vdcl/Desktop/larr_project/umv_control/install/motion_planner/lib/pkgconfig/motion_planner.pc'
[3.247s] Level 1:colcon.colcon_core.environment:checking '/home/vdcl/Desktop/larr_project/umv_control/install/motion_planner/lib/python3.10/site-packages'
[3.248s] Level 1:colcon.colcon_core.shell:create_environment_hook('motion_planner', 'pythonpath')
[3.248s] INFO:colcon.colcon_core.shell:Creating environment hook '/home/vdcl/Desktop/larr_project/umv_control/install/motion_planner/share/motion_planner/hook/pythonpath.ps1'
[3.249s] INFO:colcon.colcon_core.shell:Creating environment descriptor '/home/vdcl/Desktop/larr_project/umv_control/install/motion_planner/share/motion_planner/hook/pythonpath.dsv'
[3.250s] INFO:colcon.colcon_core.shell:Creating environment hook '/home/vdcl/Desktop/larr_project/umv_control/install/motion_planner/share/motion_planner/hook/pythonpath.sh'
[3.252s] Level 1:colcon.colcon_core.environment:checking '/home/vdcl/Desktop/larr_project/umv_control/install/motion_planner/bin'
[3.252s] Level 1:colcon.colcon_core.environment:create_environment_scripts_only(motion_planner)
[3.253s] INFO:colcon.colcon_core.shell:Creating package script '/home/vdcl/Desktop/larr_project/umv_control/install/motion_planner/share/motion_planner/package.ps1'
[3.254s] INFO:colcon.colcon_core.shell:Creating package descriptor '/home/vdcl/Desktop/larr_project/umv_control/install/motion_planner/share/motion_planner/package.dsv'
[3.255s] INFO:colcon.colcon_core.shell:Creating package script '/home/vdcl/Desktop/larr_project/umv_control/install/motion_planner/share/motion_planner/package.sh'
[3.256s] INFO:colcon.colcon_core.shell:Creating package script '/home/vdcl/Desktop/larr_project/umv_control/install/motion_planner/share/motion_planner/package.bash'
[3.257s] INFO:colcon.colcon_core.shell:Creating package script '/home/vdcl/Desktop/larr_project/umv_control/install/motion_planner/share/motion_planner/package.zsh'
[3.258s] Level 1:colcon.colcon_core.environment:create_file_with_runtime_dependencies(/home/vdcl/Desktop/larr_project/umv_control/install/motion_planner/share/colcon-core/packages/motion_planner)
[3.270s] Level 1:colcon.colcon_core.environment:checking '/home/vdcl/Desktop/larr_project/umv_control/install/utils' for CMake module files
[3.271s] DEBUG:colcon.colcon_core.event_handler.log_command:Invoking command in '/home/vdcl/Desktop/larr_project/umv_control/build/mppi': CMAKE_PREFIX_PATH=/home/vdcl/Desktop/larr_project/umv_control/install/umv_msgs:/home/vdcl/Desktop/larr_project/umv_control/install/mppi:/home/vdcl/Desktop/larr_project/AirSim/ros2/install/airsim_ros_pkgs:/home/vdcl/Desktop/larr_project/AirSim/ros2/install/airsim_interfaces:/home/vdcl/Desktop/larr_project/umv_control/install/utils:/home/vdcl/Desktop/larr_project/umv_control/install/lower_controller:/home/vdcl/Desktop/larr_project/umv_control/install/host_vehicle_filter:/home/vdcl/Desktop/larr_project/umv_control/install/global_path:/home/vdcl/Desktop/larr_project/umv_control/install/motion_planner:/opt/ros/humble LD_LIBRARY_PATH=/home/vdcl/Desktop/larr_project/umv_control/install/umv_msgs/lib:/usr/local/cuda-12.2/lib64:/home/vdcl/Desktop/larr_project/AirSim/ros2/install/airsim_ros_pkgs/lib:/home/vdcl/Desktop/larr_project/AirSim/ros2/install/airsim_interfaces/lib:/opt/ros/humble/opt/rviz_ogre_vendor/lib:/opt/ros/humble/lib/x86_64-linux-gnu:/opt/ros/humble/lib /usr/bin/cmake --build /home/vdcl/Desktop/larr_project/umv_control/build/mppi -- -j8 -l8
[3.271s] DEBUG:colcon.colcon_core.event_handler.log_command:Invoked command in '/home/vdcl/Desktop/larr_project/umv_control/src/utils' returned '0': PYTHONPATH=/home/vdcl/Desktop/larr_project/umv_control/build/utils/prefix_override:/home/vdcl/Desktop/larr_project/umv_control/install/utils/lib/python3.10/site-packages:${PYTHONPATH} /usr/bin/python3 -W ignore:setup.py install is deprecated setup.py egg_info --egg-base ../../build/utils build --build-base /home/vdcl/Desktop/larr_project/umv_control/build/utils/build install --record /home/vdcl/Desktop/larr_project/umv_control/build/utils/install.log --single-version-externally-managed install_data
[3.271s] Level 1:colcon.colcon_core.environment:checking '/home/vdcl/Desktop/larr_project/umv_control/install/utils' for CMake config files
[3.272s] Level 1:colcon.colcon_core.environment:checking '/home/vdcl/Desktop/larr_project/umv_control/install/utils/lib'
[3.272s] Level 1:colcon.colcon_core.environment:checking '/home/vdcl/Desktop/larr_project/umv_control/install/utils/bin'
[3.272s] Level 1:colcon.colcon_core.environment:checking '/home/vdcl/Desktop/larr_project/umv_control/install/utils/lib/pkgconfig/utils.pc'
[3.273s] Level 1:colcon.colcon_core.environment:checking '/home/vdcl/Desktop/larr_project/umv_control/install/utils/lib/python3.10/site-packages'
[3.273s] Level 1:colcon.colcon_core.shell:create_environment_hook('utils', 'pythonpath')
[3.273s] INFO:colcon.colcon_core.shell:Creating environment hook '/home/vdcl/Desktop/larr_project/umv_control/install/utils/share/utils/hook/pythonpath.ps1'
[3.274s] INFO:colcon.colcon_core.shell:Creating environment descriptor '/home/vdcl/Desktop/larr_project/umv_control/install/utils/share/utils/hook/pythonpath.dsv'
[3.274s] INFO:colcon.colcon_core.shell:Creating environment hook '/home/vdcl/Desktop/larr_project/umv_control/install/utils/share/utils/hook/pythonpath.sh'
[3.275s] Level 1:colcon.colcon_core.environment:checking '/home/vdcl/Desktop/larr_project/umv_control/install/utils/bin'
[3.275s] Level 1:colcon.colcon_core.environment:create_environment_scripts_only(utils)
[3.275s] INFO:colcon.colcon_core.shell:Creating package script '/home/vdcl/Desktop/larr_project/umv_control/install/utils/share/utils/package.ps1'
[3.279s] INFO:colcon.colcon_core.shell:Creating package descriptor '/home/vdcl/Desktop/larr_project/umv_control/install/utils/share/utils/package.dsv'
[3.280s] INFO:colcon.colcon_core.shell:Creating package script '/home/vdcl/Desktop/larr_project/umv_control/install/utils/share/utils/package.sh'
[3.281s] INFO:colcon.colcon_core.shell:Creating package script '/home/vdcl/Desktop/larr_project/umv_control/install/utils/share/utils/package.bash'
[3.281s] INFO:colcon.colcon_core.shell:Creating package script '/home/vdcl/Desktop/larr_project/umv_control/install/utils/share/utils/package.zsh'
[3.282s] Level 1:colcon.colcon_core.environment:create_file_with_runtime_dependencies(/home/vdcl/Desktop/larr_project/umv_control/install/utils/share/colcon-core/packages/utils)
[3.886s] DEBUG:colcon.colcon_core.event_handler.log_command:Invoking command in '/home/vdcl/Desktop/larr_project/umv_control/src/global_path': CMAKE_PREFIX_PATH=/home/vdcl/Desktop/larr_project/umv_control/install/umv_msgs:/home/vdcl/Desktop/larr_project/umv_control/install/mppi:/home/vdcl/Desktop/larr_project/AirSim/ros2/install/airsim_ros_pkgs:/home/vdcl/Desktop/larr_project/AirSim/ros2/install/airsim_interfaces LD_LIBRARY_PATH=/home/vdcl/Desktop/larr_project/umv_control/install/umv_msgs/lib:/usr/local/cuda-12.2/lib64:/home/vdcl/Desktop/larr_project/AirSim/ros2/install/airsim_ros_pkgs/lib:/home/vdcl/Desktop/larr_project/AirSim/ros2/install/airsim_interfaces/lib:/opt/ros/humble/opt/rviz_ogre_vendor/lib:/opt/ros/humble/lib/x86_64-linux-gnu:/opt/ros/humble/lib PYTHONPATH=/home/vdcl/Desktop/larr_project/umv_control/build/global_path/prefix_override:/home/vdcl/Desktop/larr_project/umv_control/install/global_path/lib/python3.10/site-packages:${PYTHONPATH} /usr/bin/python3 -W ignore:setup.py install is deprecated setup.py egg_info --egg-base ../../build/global_path build --build-base /home/vdcl/Desktop/larr_project/umv_control/build/global_path/build install --record /home/vdcl/Desktop/larr_project/umv_control/build/global_path/install.log --single-version-externally-managed install_data
[3.963s] DEBUG:colcon.colcon_core.event_handler.log_command:Invoking command in '/home/vdcl/Desktop/larr_project/umv_control/src/lower_controller': CMAKE_PREFIX_PATH=/home/vdcl/Desktop/larr_project/umv_control/install/umv_msgs:/home/vdcl/Desktop/larr_project/umv_control/install/mppi:/home/vdcl/Desktop/larr_project/AirSim/ros2/install/airsim_ros_pkgs:/home/vdcl/Desktop/larr_project/AirSim/ros2/install/airsim_interfaces LD_LIBRARY_PATH=/home/vdcl/Desktop/larr_project/umv_control/install/umv_msgs/lib:/usr/local/cuda-12.2/lib64:/home/vdcl/Desktop/larr_project/AirSim/ros2/install/airsim_ros_pkgs/lib:/home/vdcl/Desktop/larr_project/AirSim/ros2/install/airsim_interfaces/lib:/opt/ros/humble/opt/rviz_ogre_vendor/lib:/opt/ros/humble/lib/x86_64-linux-gnu:/opt/ros/humble/lib PYTHONPATH=/home/vdcl/Desktop/larr_project/umv_control/build/lower_controller/prefix_override:/home/vdcl/Desktop/larr_project/umv_control/install/lower_controller/lib/python3.10/site-packages:${PYTHONPATH} /usr/bin/python3 -W ignore:setup.py install is deprecated setup.py egg_info --egg-base ../../build/lower_controller build --build-base /home/vdcl/Desktop/larr_project/umv_control/build/lower_controller/build install --record /home/vdcl/Desktop/larr_project/umv_control/build/lower_controller/install.log --single-version-externally-managed install_data
[3.988s] DEBUG:colcon.colcon_core.event_handler.log_command:Invoking command in '/home/vdcl/Desktop/larr_project/umv_control/src/host_vehicle_filter': CMAKE_PREFIX_PATH=/home/vdcl/Desktop/larr_project/umv_control/install/umv_msgs:/home/vdcl/Desktop/larr_project/umv_control/install/mppi:/home/vdcl/Desktop/larr_project/AirSim/ros2/install/airsim_ros_pkgs:/home/vdcl/Desktop/larr_project/AirSim/ros2/install/airsim_interfaces LD_LIBRARY_PATH=/home/vdcl/Desktop/larr_project/umv_control/install/umv_msgs/lib:/usr/local/cuda-12.2/lib64:/home/vdcl/Desktop/larr_project/AirSim/ros2/install/airsim_ros_pkgs/lib:/home/vdcl/Desktop/larr_project/AirSim/ros2/install/airsim_interfaces/lib:/opt/ros/humble/opt/rviz_ogre_vendor/lib:/opt/ros/humble/lib/x86_64-linux-gnu:/opt/ros/humble/lib PYTHONPATH=/home/vdcl/Desktop/larr_project/umv_control/build/host_vehicle_filter/prefix_override:/home/vdcl/Desktop/larr_project/umv_control/install/host_vehicle_filter/lib/python3.10/site-packages:${PYTHONPATH} /usr/bin/python3 -W ignore:setup.py install is deprecated setup.py egg_info --egg-base ../../build/host_vehicle_filter build --build-base /home/vdcl/Desktop/larr_project/umv_control/build/host_vehicle_filter/build install --record /home/vdcl/Desktop/larr_project/umv_control/build/host_vehicle_filter/install.log --single-version-externally-managed install_data
[4.435s] Level 1:colcon.colcon_core.environment:checking '/home/vdcl/Desktop/larr_project/umv_control/install/host_vehicle_filter' for CMake module files
[4.436s] Level 1:colcon.colcon_core.environment:checking '/home/vdcl/Desktop/larr_project/umv_control/install/host_vehicle_filter' for CMake config files
[4.437s] DEBUG:colcon.colcon_core.event_handler.log_command:Invoked command in '/home/vdcl/Desktop/larr_project/umv_control/src/host_vehicle_filter' returned '0': CMAKE_PREFIX_PATH=/home/vdcl/Desktop/larr_project/umv_control/install/umv_msgs:/home/vdcl/Desktop/larr_project/umv_control/install/mppi:/home/vdcl/Desktop/larr_project/AirSim/ros2/install/airsim_ros_pkgs:/home/vdcl/Desktop/larr_project/AirSim/ros2/install/airsim_interfaces LD_LIBRARY_PATH=/home/vdcl/Desktop/larr_project/umv_control/install/umv_msgs/lib:/usr/local/cuda-12.2/lib64:/home/vdcl/Desktop/larr_project/AirSim/ros2/install/airsim_ros_pkgs/lib:/home/vdcl/Desktop/larr_project/AirSim/ros2/install/airsim_interfaces/lib:/opt/ros/humble/opt/rviz_ogre_vendor/lib:/opt/ros/humble/lib/x86_64-linux-gnu:/opt/ros/humble/lib PYTHONPATH=/home/vdcl/Desktop/larr_project/umv_control/build/host_vehicle_filter/prefix_override:/home/vdcl/Desktop/larr_project/umv_control/install/host_vehicle_filter/lib/python3.10/site-packages:${PYTHONPATH} /usr/bin/python3 -W ignore:setup.py install is deprecated setup.py egg_info --egg-base ../../build/host_vehicle_filter build --build-base /home/vdcl/Desktop/larr_project/umv_control/build/host_vehicle_filter/build install --record /home/vdcl/Desktop/larr_project/umv_control/build/host_vehicle_filter/install.log --single-version-externally-managed install_data
[4.440s] Level 1:colcon.colcon_core.environment:checking '/home/vdcl/Desktop/larr_project/umv_control/install/host_vehicle_filter/lib'
[4.440s] Level 1:colcon.colcon_core.environment:checking '/home/vdcl/Desktop/larr_project/umv_control/install/host_vehicle_filter/bin'
[4.441s] Level 1:colcon.colcon_core.environment:checking '/home/vdcl/Desktop/larr_project/umv_control/install/host_vehicle_filter/lib/pkgconfig/host_vehicle_filter.pc'
[4.441s] Level 1:colcon.colcon_core.environment:checking '/home/vdcl/Desktop/larr_project/umv_control/install/host_vehicle_filter/lib/python3.10/site-packages'
[4.441s] Level 1:colcon.colcon_core.shell:create_environment_hook('host_vehicle_filter', 'pythonpath')
[4.442s] INFO:colcon.colcon_core.shell:Creating environment hook '/home/vdcl/Desktop/larr_project/umv_control/install/host_vehicle_filter/share/host_vehicle_filter/hook/pythonpath.ps1'
[4.444s] INFO:colcon.colcon_core.shell:Creating environment descriptor '/home/vdcl/Desktop/larr_project/umv_control/install/host_vehicle_filter/share/host_vehicle_filter/hook/pythonpath.dsv'
[4.444s] INFO:colcon.colcon_core.shell:Creating environment hook '/home/vdcl/Desktop/larr_project/umv_control/install/host_vehicle_filter/share/host_vehicle_filter/hook/pythonpath.sh'
[4.446s] Level 1:colcon.colcon_core.environment:checking '/home/vdcl/Desktop/larr_project/umv_control/install/host_vehicle_filter/bin'
[4.447s] Level 1:colcon.colcon_core.environment:create_environment_scripts_only(host_vehicle_filter)
[4.448s] INFO:colcon.colcon_core.shell:Creating package script '/home/vdcl/Desktop/larr_project/umv_control/install/host_vehicle_filter/share/host_vehicle_filter/package.ps1'
[4.449s] INFO:colcon.colcon_core.shell:Creating package descriptor '/home/vdcl/Desktop/larr_project/umv_control/install/host_vehicle_filter/share/host_vehicle_filter/package.dsv'
[4.451s] INFO:colcon.colcon_core.shell:Creating package script '/home/vdcl/Desktop/larr_project/umv_control/install/host_vehicle_filter/share/host_vehicle_filter/package.sh'
[4.455s] INFO:colcon.colcon_core.shell:Creating package script '/home/vdcl/Desktop/larr_project/umv_control/install/host_vehicle_filter/share/host_vehicle_filter/package.bash'
[4.455s] INFO:colcon.colcon_core.shell:Creating package script '/home/vdcl/Desktop/larr_project/umv_control/install/host_vehicle_filter/share/host_vehicle_filter/package.zsh'
[4.456s] Level 1:colcon.colcon_core.environment:create_file_with_runtime_dependencies(/home/vdcl/Desktop/larr_project/umv_control/install/host_vehicle_filter/share/colcon-core/packages/host_vehicle_filter)
[4.526s] Level 1:colcon.colcon_core.environment:checking '/home/vdcl/Desktop/larr_project/umv_control/install/lower_controller' for CMake module files
[4.528s] DEBUG:colcon.colcon_core.event_handler.log_command:Invoked command in '/home/vdcl/Desktop/larr_project/umv_control/src/lower_controller' returned '0': CMAKE_PREFIX_PATH=/home/vdcl/Desktop/larr_project/umv_control/install/umv_msgs:/home/vdcl/Desktop/larr_project/umv_control/install/mppi:/home/vdcl/Desktop/larr_project/AirSim/ros2/install/airsim_ros_pkgs:/home/vdcl/Desktop/larr_project/AirSim/ros2/install/airsim_interfaces LD_LIBRARY_PATH=/home/vdcl/Desktop/larr_project/umv_control/install/umv_msgs/lib:/usr/local/cuda-12.2/lib64:/home/vdcl/Desktop/larr_project/AirSim/ros2/install/airsim_ros_pkgs/lib:/home/vdcl/Desktop/larr_project/AirSim/ros2/install/airsim_interfaces/lib:/opt/ros/humble/opt/rviz_ogre_vendor/lib:/opt/ros/humble/lib/x86_64-linux-gnu:/opt/ros/humble/lib PYTHONPATH=/home/vdcl/Desktop/larr_project/umv_control/build/lower_controller/prefix_override:/home/vdcl/Desktop/larr_project/umv_control/install/lower_controller/lib/python3.10/site-packages:${PYTHONPATH} /usr/bin/python3 -W ignore:setup.py install is deprecated setup.py egg_info --egg-base ../../build/lower_controller build --build-base /home/vdcl/Desktop/larr_project/umv_control/build/lower_controller/build install --record /home/vdcl/Desktop/larr_project/umv_control/build/lower_controller/install.log --single-version-externally-managed install_data
[4.529s] Level 1:colcon.colcon_core.environment:checking '/home/vdcl/Desktop/larr_project/umv_control/install/lower_controller' for CMake config files
[4.529s] Level 1:colcon.colcon_core.environment:checking '/home/vdcl/Desktop/larr_project/umv_control/install/lower_controller/lib'
[4.529s] Level 1:colcon.colcon_core.environment:checking '/home/vdcl/Desktop/larr_project/umv_control/install/lower_controller/bin'
[4.530s] Level 1:colcon.colcon_core.environment:checking '/home/vdcl/Desktop/larr_project/umv_control/install/lower_controller/lib/pkgconfig/lower_controller.pc'
[4.530s] Level 1:colcon.colcon_core.environment:checking '/home/vdcl/Desktop/larr_project/umv_control/install/lower_controller/lib/python3.10/site-packages'
[4.530s] Level 1:colcon.colcon_core.shell:create_environment_hook('lower_controller', 'pythonpath')
[4.530s] INFO:colcon.colcon_core.shell:Creating environment hook '/home/vdcl/Desktop/larr_project/umv_control/install/lower_controller/share/lower_controller/hook/pythonpath.ps1'
[4.531s] INFO:colcon.colcon_core.shell:Creating environment descriptor '/home/vdcl/Desktop/larr_project/umv_control/install/lower_controller/share/lower_controller/hook/pythonpath.dsv'
[4.531s] INFO:colcon.colcon_core.shell:Creating environment hook '/home/vdcl/Desktop/larr_project/umv_control/install/lower_controller/share/lower_controller/hook/pythonpath.sh'
[4.532s] Level 1:colcon.colcon_core.environment:checking '/home/vdcl/Desktop/larr_project/umv_control/install/lower_controller/bin'
[4.532s] Level 1:colcon.colcon_core.environment:create_environment_scripts_only(lower_controller)
[4.532s] INFO:colcon.colcon_core.shell:Creating package script '/home/vdcl/Desktop/larr_project/umv_control/install/lower_controller/share/lower_controller/package.ps1'
[4.533s] INFO:colcon.colcon_core.shell:Creating package descriptor '/home/vdcl/Desktop/larr_project/umv_control/install/lower_controller/share/lower_controller/package.dsv'
[4.533s] INFO:colcon.colcon_core.shell:Creating package script '/home/vdcl/Desktop/larr_project/umv_control/install/lower_controller/share/lower_controller/package.sh'
[4.534s] INFO:colcon.colcon_core.shell:Creating package script '/home/vdcl/Desktop/larr_project/umv_control/install/lower_controller/share/lower_controller/package.bash'
[4.534s] INFO:colcon.colcon_core.shell:Creating package script '/home/vdcl/Desktop/larr_project/umv_control/install/lower_controller/share/lower_controller/package.zsh'
[4.535s] Level 1:colcon.colcon_core.environment:create_file_with_runtime_dependencies(/home/vdcl/Desktop/larr_project/umv_control/install/lower_controller/share/colcon-core/packages/lower_controller)
[4.613s] Level 1:colcon.colcon_core.environment:checking '/home/vdcl/Desktop/larr_project/umv_control/install/global_path' for CMake module files
[4.614s] DEBUG:colcon.colcon_core.event_handler.log_command:Invoked command in '/home/vdcl/Desktop/larr_project/umv_control/src/global_path' returned '0': CMAKE_PREFIX_PATH=/home/vdcl/Desktop/larr_project/umv_control/install/umv_msgs:/home/vdcl/Desktop/larr_project/umv_control/install/mppi:/home/vdcl/Desktop/larr_project/AirSim/ros2/install/airsim_ros_pkgs:/home/vdcl/Desktop/larr_project/AirSim/ros2/install/airsim_interfaces LD_LIBRARY_PATH=/home/vdcl/Desktop/larr_project/umv_control/install/umv_msgs/lib:/usr/local/cuda-12.2/lib64:/home/vdcl/Desktop/larr_project/AirSim/ros2/install/airsim_ros_pkgs/lib:/home/vdcl/Desktop/larr_project/AirSim/ros2/install/airsim_interfaces/lib:/opt/ros/humble/opt/rviz_ogre_vendor/lib:/opt/ros/humble/lib/x86_64-linux-gnu:/opt/ros/humble/lib PYTHONPATH=/home/vdcl/Desktop/larr_project/umv_control/build/global_path/prefix_override:/home/vdcl/Desktop/larr_project/umv_control/install/global_path/lib/python3.10/site-packages:${PYTHONPATH} /usr/bin/python3 -W ignore:setup.py install is deprecated setup.py egg_info --egg-base ../../build/global_path build --build-base /home/vdcl/Desktop/larr_project/umv_control/build/global_path/build install --record /home/vdcl/Desktop/larr_project/umv_control/build/global_path/install.log --single-version-externally-managed install_data
[4.614s] Level 1:colcon.colcon_core.environment:checking '/home/vdcl/Desktop/larr_project/umv_control/install/global_path' for CMake config files
[4.615s] Level 1:colcon.colcon_core.environment:checking '/home/vdcl/Desktop/larr_project/umv_control/install/global_path/lib'
[4.615s] Level 1:colcon.colcon_core.environment:checking '/home/vdcl/Desktop/larr_project/umv_control/install/global_path/bin'
[4.615s] Level 1:colcon.colcon_core.environment:checking '/home/vdcl/Desktop/larr_project/umv_control/install/global_path/lib/pkgconfig/global_path.pc'
[4.615s] Level 1:colcon.colcon_core.environment:checking '/home/vdcl/Desktop/larr_project/umv_control/install/global_path/lib/python3.10/site-packages'
[4.615s] Level 1:colcon.colcon_core.shell:create_environment_hook('global_path', 'pythonpath')
[4.615s] INFO:colcon.colcon_core.shell:Creating environment hook '/home/vdcl/Desktop/larr_project/umv_control/install/global_path/share/global_path/hook/pythonpath.ps1'
[4.616s] INFO:colcon.colcon_core.shell:Creating environment descriptor '/home/vdcl/Desktop/larr_project/umv_control/install/global_path/share/global_path/hook/pythonpath.dsv'
[4.684s] INFO:colcon.colcon_core.shell:Creating environment hook '/home/vdcl/Desktop/larr_project/umv_control/install/global_path/share/global_path/hook/pythonpath.sh'
[4.684s] Level 1:colcon.colcon_core.environment:checking '/home/vdcl/Desktop/larr_project/umv_control/install/global_path/bin'
[4.685s] Level 1:colcon.colcon_core.environment:create_environment_scripts_only(global_path)
[4.685s] INFO:colcon.colcon_core.shell:Creating package script '/home/vdcl/Desktop/larr_project/umv_control/install/global_path/share/global_path/package.ps1'
[4.685s] INFO:colcon.colcon_core.shell:Creating package descriptor '/home/vdcl/Desktop/larr_project/umv_control/install/global_path/share/global_path/package.dsv'
[4.686s] INFO:colcon.colcon_core.shell:Creating package script '/home/vdcl/Desktop/larr_project/umv_control/install/global_path/share/global_path/package.sh'
[4.686s] INFO:colcon.colcon_core.shell:Creating package script '/home/vdcl/Desktop/larr_project/umv_control/install/global_path/share/global_path/package.bash'
[4.686s] INFO:colcon.colcon_core.shell:Creating package script '/home/vdcl/Desktop/larr_project/umv_control/install/global_path/share/global_path/package.zsh'
[4.687s] Level 1:colcon.colcon_core.environment:create_file_with_runtime_dependencies(/home/vdcl/Desktop/larr_project/umv_control/install/global_path/share/colcon-core/packages/global_path)
[25.772s] DEBUG:colcon.colcon_core.event_handler.log_command:Invoked command in '/home/vdcl/Desktop/larr_project/umv_control/build/mppi' returned '0': CMAKE_PREFIX_PATH=/home/vdcl/Desktop/larr_project/umv_control/install/umv_msgs:/home/vdcl/Desktop/larr_project/umv_control/install/mppi:/home/vdcl/Desktop/larr_project/AirSim/ros2/install/airsim_ros_pkgs:/home/vdcl/Desktop/larr_project/AirSim/ros2/install/airsim_interfaces:/home/vdcl/Desktop/larr_project/umv_control/install/utils:/home/vdcl/Desktop/larr_project/umv_control/install/lower_controller:/home/vdcl/Desktop/larr_project/umv_control/install/host_vehicle_filter:/home/vdcl/Desktop/larr_project/umv_control/install/global_path:/home/vdcl/Desktop/larr_project/umv_control/install/motion_planner:/opt/ros/humble LD_LIBRARY_PATH=/home/vdcl/Desktop/larr_project/umv_control/install/umv_msgs/lib:/usr/local/cuda-12.2/lib64:/home/vdcl/Desktop/larr_project/AirSim/ros2/install/airsim_ros_pkgs/lib:/home/vdcl/Desktop/larr_project/AirSim/ros2/install/airsim_interfaces/lib:/opt/ros/humble/opt/rviz_ogre_vendor/lib:/opt/ros/humble/lib/x86_64-linux-gnu:/opt/ros/humble/lib /usr/bin/cmake --build /home/vdcl/Desktop/larr_project/umv_control/build/mppi -- -j8 -l8
[25.809s] DEBUG:colcon.colcon_core.event_handler.log_command:Invoking command in '/home/vdcl/Desktop/larr_project/umv_control/build/mppi': CMAKE_PREFIX_PATH=/home/vdcl/Desktop/larr_project/umv_control/install/umv_msgs:/home/vdcl/Desktop/larr_project/umv_control/install/mppi:/home/vdcl/Desktop/larr_project/AirSim/ros2/install/airsim_ros_pkgs:/home/vdcl/Desktop/larr_project/AirSim/ros2/install/airsim_interfaces:/home/vdcl/Desktop/larr_project/umv_control/install/utils:/home/vdcl/Desktop/larr_project/umv_control/install/lower_controller:/home/vdcl/Desktop/larr_project/umv_control/install/host_vehicle_filter:/home/vdcl/Desktop/larr_project/umv_control/install/global_path:/home/vdcl/Desktop/larr_project/umv_control/install/motion_planner:/opt/ros/humble LD_LIBRARY_PATH=/home/vdcl/Desktop/larr_project/umv_control/install/umv_msgs/lib:/usr/local/cuda-12.2/lib64:/home/vdcl/Desktop/larr_project/AirSim/ros2/install/airsim_ros_pkgs/lib:/home/vdcl/Desktop/larr_project/AirSim/ros2/install/airsim_interfaces/lib:/opt/ros/humble/opt/rviz_ogre_vendor/lib:/opt/ros/humble/lib/x86_64-linux-gnu:/opt/ros/humble/lib /usr/bin/cmake --install /home/vdcl/Desktop/larr_project/umv_control/build/mppi
[25.815s] Level 1:colcon.colcon_core.environment:create_environment_scripts_only(mppi)
[25.816s] Level 1:colcon.colcon_core.environment:checking '/home/vdcl/Desktop/larr_project/umv_control/install/mppi' for CMake module files
[25.817s] DEBUG:colcon.colcon_core.event_handler.log_command:Invoked command in '/home/vdcl/Desktop/larr_project/umv_control/build/mppi' returned '0': CMAKE_PREFIX_PATH=/home/vdcl/Desktop/larr_project/umv_control/install/umv_msgs:/home/vdcl/Desktop/larr_project/umv_control/install/mppi:/home/vdcl/Desktop/larr_project/AirSim/ros2/install/airsim_ros_pkgs:/home/vdcl/Desktop/larr_project/AirSim/ros2/install/airsim_interfaces:/home/vdcl/Desktop/larr_project/umv_control/install/utils:/home/vdcl/Desktop/larr_project/umv_control/install/lower_controller:/home/vdcl/Desktop/larr_project/umv_control/install/host_vehicle_filter:/home/vdcl/Desktop/larr_project/umv_control/install/global_path:/home/vdcl/Desktop/larr_project/umv_control/install/motion_planner:/opt/ros/humble LD_LIBRARY_PATH=/home/vdcl/Desktop/larr_project/umv_control/install/umv_msgs/lib:/usr/local/cuda-12.2/lib64:/home/vdcl/Desktop/larr_project/AirSim/ros2/install/airsim_ros_pkgs/lib:/home/vdcl/Desktop/larr_project/AirSim/ros2/install/airsim_interfaces/lib:/opt/ros/humble/opt/rviz_ogre_vendor/lib:/opt/ros/humble/lib/x86_64-linux-gnu:/opt/ros/humble/lib /usr/bin/cmake --install /home/vdcl/Desktop/larr_project/umv_control/build/mppi
[25.818s] Level 1:colcon.colcon_core.environment:checking '/home/vdcl/Desktop/larr_project/umv_control/install/mppi' for CMake config files
[25.818s] Level 1:colcon.colcon_core.shell:create_environment_hook('mppi', 'cmake_prefix_path')
[25.818s] INFO:colcon.colcon_core.shell:Creating environment hook '/home/vdcl/Desktop/larr_project/umv_control/install/mppi/share/mppi/hook/cmake_prefix_path.ps1'
[25.820s] INFO:colcon.colcon_core.shell:Creating environment descriptor '/home/vdcl/Desktop/larr_project/umv_control/install/mppi/share/mppi/hook/cmake_prefix_path.dsv'
[25.821s] INFO:colcon.colcon_core.shell:Creating environment hook '/home/vdcl/Desktop/larr_project/umv_control/install/mppi/share/mppi/hook/cmake_prefix_path.sh'
[25.821s] Level 1:colcon.colcon_core.environment:checking '/home/vdcl/Desktop/larr_project/umv_control/install/mppi/bin'
[25.821s] Level 1:colcon.colcon_core.environment:checking '/home/vdcl/Desktop/larr_project/umv_control/install/mppi/lib/pkgconfig/mppi.pc'
[25.822s] Level 1:colcon.colcon_core.environment:checking '/home/vdcl/Desktop/larr_project/umv_control/install/mppi/lib/python3.10/site-packages'
[25.822s] Level 1:colcon.colcon_core.environment:checking '/home/vdcl/Desktop/larr_project/umv_control/install/mppi/bin'
[25.822s] INFO:colcon.colcon_core.shell:Creating package script '/home/vdcl/Desktop/larr_project/umv_control/install/mppi/share/mppi/package.ps1'
[25.823s] INFO:colcon.colcon_core.shell:Creating package descriptor '/home/vdcl/Desktop/larr_project/umv_control/install/mppi/share/mppi/package.dsv'
[25.823s] INFO:colcon.colcon_core.shell:Creating package script '/home/vdcl/Desktop/larr_project/umv_control/install/mppi/share/mppi/package.sh'
[25.824s] INFO:colcon.colcon_core.shell:Creating package script '/home/vdcl/Desktop/larr_project/umv_control/install/mppi/share/mppi/package.bash'
[25.824s] INFO:colcon.colcon_core.shell:Creating package script '/home/vdcl/Desktop/larr_project/umv_control/install/mppi/share/mppi/package.zsh'
[25.824s] Level 1:colcon.colcon_core.environment:create_file_with_runtime_dependencies(/home/vdcl/Desktop/larr_project/umv_control/install/mppi/share/colcon-core/packages/mppi)
[25.855s] Level 1:colcon.colcon_core.environment:create_environment_scripts_only(mppi)
[25.855s] Level 1:colcon.colcon_core.environment:checking '/home/vdcl/Desktop/larr_project/umv_control/install/mppi' for CMake module files
[25.855s] Level 1:colcon.colcon_core.environment:checking '/home/vdcl/Desktop/larr_project/umv_control/install/mppi' for CMake config files
[25.856s] Level 1:colcon.colcon_core.shell:create_environment_hook('mppi', 'cmake_prefix_path')
[25.856s] INFO:colcon.colcon_core.shell:Creating environment hook '/home/vdcl/Desktop/larr_project/umv_control/install/mppi/share/mppi/hook/cmake_prefix_path.ps1'
[25.856s] INFO:colcon.colcon_core.shell:Creating environment descriptor '/home/vdcl/Desktop/larr_project/umv_control/install/mppi/share/mppi/hook/cmake_prefix_path.dsv'
[25.857s] INFO:colcon.colcon_core.shell:Creating environment hook '/home/vdcl/Desktop/larr_project/umv_control/install/mppi/share/mppi/hook/cmake_prefix_path.sh'
[25.857s] Level 1:colcon.colcon_core.environment:checking '/home/vdcl/Desktop/larr_project/umv_control/install/mppi/bin'
[25.857s] Level 1:colcon.colcon_core.environment:checking '/home/vdcl/Desktop/larr_project/umv_control/install/mppi/lib/pkgconfig/mppi.pc'
[25.857s] Level 1:colcon.colcon_core.environment:checking '/home/vdcl/Desktop/larr_project/umv_control/install/mppi/lib/python3.10/site-packages'
[25.858s] Level 1:colcon.colcon_core.environment:checking '/home/vdcl/Desktop/larr_project/umv_control/install/mppi/bin'
[25.858s] INFO:colcon.colcon_core.shell:Creating package script '/home/vdcl/Desktop/larr_project/umv_control/install/mppi/share/mppi/package.ps1'
[25.858s] INFO:colcon.colcon_core.shell:Creating package descriptor '/home/vdcl/Desktop/larr_project/umv_control/install/mppi/share/mppi/package.dsv'
[25.859s] INFO:colcon.colcon_core.shell:Creating package script '/home/vdcl/Desktop/larr_project/umv_control/install/mppi/share/mppi/package.sh'
[25.859s] INFO:colcon.colcon_core.shell:Creating package script '/home/vdcl/Desktop/larr_project/umv_control/install/mppi/share/mppi/package.bash'
[25.860s] INFO:colcon.colcon_core.shell:Creating package script '/home/vdcl/Desktop/larr_project/umv_control/install/mppi/share/mppi/package.zsh'
[25.860s] Level 1:colcon.colcon_core.environment:create_file_with_runtime_dependencies(/home/vdcl/Desktop/larr_project/umv_control/install/mppi/share/colcon-core/packages/mppi)
[25.860s] DEBUG:colcon.colcon_parallel_executor.executor.parallel:closing loop
[25.861s] DEBUG:colcon.colcon_parallel_executor.executor.parallel:loop closed
[25.862s] DEBUG:colcon.colcon_parallel_executor.executor.parallel:run_until_complete finished with '0'
[25.862s] DEBUG:colcon.colcon_core.event_reactor:joining thread
[25.868s] INFO:colcon.colcon_core.plugin_system:Skipping extension 'colcon_notification.desktop_notification.terminal_notifier': Not used on non-Darwin systems
[25.868s] INFO:colcon.colcon_core.plugin_system:Skipping extension 'colcon_notification.desktop_notification.win32': Not used on non-Windows systems
[25.869s] INFO:colcon.colcon_notification.desktop_notification:Sending desktop notification using 'notify2'
[25.883s] DEBUG:colcon.colcon_core.event_reactor:joined thread
[25.883s] INFO:colcon.colcon_core.shell:Creating prefix script '/home/vdcl/Desktop/larr_project/umv_control/install/local_setup.ps1'
[25.886s] INFO:colcon.colcon_core.shell:Creating prefix util module '/home/vdcl/Desktop/larr_project/umv_control/install/_local_setup_util_ps1.py'
[25.889s] INFO:colcon.colcon_core.shell:Creating prefix chain script '/home/vdcl/Desktop/larr_project/umv_control/install/setup.ps1'
[25.892s] INFO:colcon.colcon_core.shell:Creating prefix script '/home/vdcl/Desktop/larr_project/umv_control/install/local_setup.sh'
[25.893s] INFO:colcon.colcon_core.shell:Creating prefix util module '/home/vdcl/Desktop/larr_project/umv_control/install/_local_setup_util_sh.py'
[25.894s] INFO:colcon.colcon_core.shell:Creating prefix chain script '/home/vdcl/Desktop/larr_project/umv_control/install/setup.sh'
[25.897s] INFO:colcon.colcon_core.shell:Creating prefix script '/home/vdcl/Desktop/larr_project/umv_control/install/local_setup.bash'
[25.898s] INFO:colcon.colcon_core.shell:Creating prefix chain script '/home/vdcl/Desktop/larr_project/umv_control/install/setup.bash'
[25.900s] INFO:colcon.colcon_core.shell:Creating prefix script '/home/vdcl/Desktop/larr_project/umv_control/install/local_setup.zsh'
[25.901s] INFO:colcon.colcon_core.shell:Creating prefix chain script '/home/vdcl/Desktop/larr_project/umv_control/install/setup.zsh'
