[1.943s] Invoking command in '/home/vdcl/Desktop/larr_project/umv_control/src/motion_planner': PYTHONPATH=/home/vdcl/Desktop/larr_project/umv_control/build/motion_planner/prefix_override:/home/vdcl/Desktop/larr_project/umv_control/install/motion_planner/lib/python3.10/site-packages:${PYTHONPATH} /usr/bin/python3 -W ignore:setup.py install is deprecated setup.py egg_info --egg-base ../../build/motion_planner build --build-base /home/vdcl/Desktop/larr_project/umv_control/build/motion_planner/build install --record /home/vdcl/Desktop/larr_project/umv_control/build/motion_planner/install.log --single-version-externally-managed install_data
[2.591s] running egg_info
[2.592s] writing ../../build/motion_planner/motion_planner.egg-info/PKG-INFO
[2.592s] writing dependency_links to ../../build/motion_planner/motion_planner.egg-info/dependency_links.txt
[2.592s] writing entry points to ../../build/motion_planner/motion_planner.egg-info/entry_points.txt
[2.592s] writing requirements to ../../build/motion_planner/motion_planner.egg-info/requires.txt
[2.592s] writing top-level names to ../../build/motion_planner/motion_planner.egg-info/top_level.txt
[2.593s] reading manifest file '../../build/motion_planner/motion_planner.egg-info/SOURCES.txt'
[2.600s] adding license file 'LICENSE'
[2.601s] writing manifest file '../../build/motion_planner/motion_planner.egg-info/SOURCES.txt'
[2.601s] running build
[2.603s] running build_py
[2.603s] copying motion_planner/motion_planner_node.py -> /home/vdcl/Desktop/larr_project/umv_control/build/motion_planner/build/lib/motion_planner
[2.604s] running install
[2.605s] running install_lib
[2.607s] copying /home/vdcl/Desktop/larr_project/umv_control/build/motion_planner/build/lib/motion_planner/motion_planner_node.py -> /home/vdcl/Desktop/larr_project/umv_control/install/motion_planner/lib/python3.10/site-packages/motion_planner
[2.608s] byte-compiling /home/vdcl/Desktop/larr_project/umv_control/install/motion_planner/lib/python3.10/site-packages/motion_planner/motion_planner_node.py to motion_planner_node.cpython-310.pyc
[2.618s] running install_data
[2.618s] running install_egg_info
[2.620s] removing '/home/vdcl/Desktop/larr_project/umv_control/install/motion_planner/lib/python3.10/site-packages/motion_planner-0.0.0-py3.10.egg-info' (and everything under it)
[2.626s] Copying ../../build/motion_planner/motion_planner.egg-info to /home/vdcl/Desktop/larr_project/umv_control/install/motion_planner/lib/python3.10/site-packages/motion_planner-0.0.0-py3.10.egg-info
[2.626s] running install_scripts
[2.671s] Installing motion_planner_node script to /home/vdcl/Desktop/larr_project/umv_control/install/motion_planner/lib/motion_planner
[2.671s] writing list of installed files to '/home/vdcl/Desktop/larr_project/umv_control/build/motion_planner/install.log'
[3.963s] Invoked command in '/home/vdcl/Desktop/larr_project/umv_control/src/motion_planner' returned '0': PYTHONPATH=/home/vdcl/Desktop/larr_project/umv_control/build/motion_planner/prefix_override:/home/vdcl/Desktop/larr_project/umv_control/install/motion_planner/lib/python3.10/site-packages:${PYTHONPATH} /usr/bin/python3 -W ignore:setup.py install is deprecated setup.py egg_info --egg-base ../../build/motion_planner build --build-base /home/vdcl/Desktop/larr_project/umv_control/build/motion_planner/build install --record /home/vdcl/Desktop/larr_project/umv_control/build/motion_planner/install.log --single-version-externally-managed install_data
