[2.220s] Invoking command in '/home/vdcl/Desktop/larr_project/umv_control/src/utils': PYTHONPATH=/home/vdcl/Desktop/larr_project/umv_control/build/utils/prefix_override:/home/vdcl/Desktop/larr_project/umv_control/install/utils/lib/python3.10/site-packages:${PYTHONPATH} /usr/bin/python3 -W ignore:setup.py install is deprecated setup.py egg_info --egg-base ../../build/utils build --build-base /home/vdcl/Desktop/larr_project/umv_control/build/utils/build install --record /home/vdcl/Desktop/larr_project/umv_control/build/utils/install.log --single-version-externally-managed install_data
[2.834s] running egg_info
[2.835s] writing ../../build/utils/utils.egg-info/PKG-INFO
[2.835s] writing dependency_links to ../../build/utils/utils.egg-info/dependency_links.txt
[2.837s] writing entry points to ../../build/utils/utils.egg-info/entry_points.txt
[2.837s] writing requirements to ../../build/utils/utils.egg-info/requires.txt
[2.837s] writing top-level names to ../../build/utils/utils.egg-info/top_level.txt
[2.843s] reading manifest file '../../build/utils/utils.egg-info/SOURCES.txt'
[2.848s] adding license file 'LICENSE'
[2.851s] writing manifest file '../../build/utils/utils.egg-info/SOURCES.txt'
[2.852s] running build
[2.852s] running build_py
[2.852s] running install
[2.853s] running install_lib
[2.857s] running install_data
[2.857s] running install_egg_info
[2.862s] removing '/home/vdcl/Desktop/larr_project/umv_control/install/utils/lib/python3.10/site-packages/utils-0.0.0-py3.10.egg-info' (and everything under it)
[2.868s] Copying ../../build/utils/utils.egg-info to /home/vdcl/Desktop/larr_project/umv_control/install/utils/lib/python3.10/site-packages/utils-0.0.0-py3.10.egg-info
[2.873s] running install_scripts
[2.915s] Installing path_plotter_node script to /home/vdcl/Desktop/larr_project/umv_control/install/utils/lib/utils
[2.915s] Installing virtual_target_node script to /home/vdcl/Desktop/larr_project/umv_control/install/utils/lib/utils
[2.916s] writing list of installed files to '/home/vdcl/Desktop/larr_project/umv_control/build/utils/install.log'
[4.566s] Invoked command in '/home/vdcl/Desktop/larr_project/umv_control/src/utils' returned '0': PYTHONPATH=/home/vdcl/Desktop/larr_project/umv_control/build/utils/prefix_override:/home/vdcl/Desktop/larr_project/umv_control/install/utils/lib/python3.10/site-packages:${PYTHONPATH} /usr/bin/python3 -W ignore:setup.py install is deprecated setup.py egg_info --egg-base ../../build/utils build --build-base /home/vdcl/Desktop/larr_project/umv_control/build/utils/build install --record /home/vdcl/Desktop/larr_project/umv_control/build/utils/install.log --single-version-externally-managed install_data
