running egg_info
writing ../../build/lower_controller/lower_controller.egg-info/PKG-INFO
writing dependency_links to ../../build/lower_controller/lower_controller.egg-info/dependency_links.txt
writing entry points to ../../build/lower_controller/lower_controller.egg-info/entry_points.txt
writing requirements to ../../build/lower_controller/lower_controller.egg-info/requires.txt
writing top-level names to ../../build/lower_controller/lower_controller.egg-info/top_level.txt
reading manifest file '../../build/lower_controller/lower_controller.egg-info/SOURCES.txt'
adding license file 'LICENSE'
writing manifest file '../../build/lower_controller/lower_controller.egg-info/SOURCES.txt'
running build
running build_py
running install
running install_lib
running install_data
running install_egg_info
removing '/home/vdcl/Desktop/larr_project/umv_control/install/lower_controller/lib/python3.10/site-packages/lower_controller-0.0.0-py3.10.egg-info' (and everything under it)
Copying ../../build/lower_controller/lower_controller.egg-info to /home/vdcl/Desktop/larr_project/umv_control/install/lower_controller/lib/python3.10/site-packages/lower_controller-0.0.0-py3.10.egg-info
running install_scripts
Installing lower_controller_node script to /home/vdcl/Desktop/larr_project/umv_control/install/lower_controller/lib/lower_controller
writing list of installed files to '/home/vdcl/Desktop/larr_project/umv_control/build/lower_controller/install.log'
