[1.634s] Invoking command in '/home/vdcl/Desktop/larr_project/umv_control/src/host_vehicle_filter': AMENT_PREFIX_PATH=/home/vdcl/Desktop/larr_project/umv_control/src/install/umv_msgs:${AMENT_PREFIX_PATH} CMAKE_PREFIX_PATH=/home/vdcl/Desktop/larr_project/umv_control/src/install/umv_msgs:${CMAKE_PREFIX_PATH} LD_LIBRARY_PATH=/home/vdcl/Desktop/larr_project/umv_control/src/install/umv_msgs/lib:${LD_LIBRARY_PATH} PYTHONPATH=/home/vdcl/Desktop/larr_project/umv_control/src/build/host_vehicle_filter/prefix_override:/home/vdcl/Desktop/larr_project/umv_control/src/install/host_vehicle_filter/lib/python3.10/site-packages:/home/vdcl/Desktop/larr_project/umv_control/src/install/umv_msgs/local/lib/python3.10/dist-packages:${PYTHONPATH} /usr/bin/python3 -W ignore:setup.py install is deprecated setup.py egg_info --egg-base ../build/host_vehicle_filter build --build-base /home/vdcl/Desktop/larr_project/umv_control/src/build/host_vehicle_filter/build install --record /home/vdcl/Desktop/larr_project/umv_control/src/build/host_vehicle_filter/install.log --single-version-externally-managed install_data
[1.898s] running egg_info
[1.898s] creating ../build/host_vehicle_filter/host_vehicle_filter.egg-info
[1.899s] writing ../build/host_vehicle_filter/host_vehicle_filter.egg-info/PKG-INFO
[1.899s] writing dependency_links to ../build/host_vehicle_filter/host_vehicle_filter.egg-info/dependency_links.txt
[1.899s] writing entry points to ../build/host_vehicle_filter/host_vehicle_filter.egg-info/entry_points.txt
[1.899s] writing requirements to ../build/host_vehicle_filter/host_vehicle_filter.egg-info/requires.txt
[1.899s] writing top-level names to ../build/host_vehicle_filter/host_vehicle_filter.egg-info/top_level.txt
[1.900s] writing manifest file '../build/host_vehicle_filter/host_vehicle_filter.egg-info/SOURCES.txt'
[1.902s] reading manifest file '../build/host_vehicle_filter/host_vehicle_filter.egg-info/SOURCES.txt'
[1.902s] adding license file 'LICENSE'
[1.904s] writing manifest file '../build/host_vehicle_filter/host_vehicle_filter.egg-info/SOURCES.txt'
[1.904s] running build
[1.905s] running build_py
[1.905s] creating /home/vdcl/Desktop/larr_project/umv_control/src/build/host_vehicle_filter/build
[1.905s] creating /home/vdcl/Desktop/larr_project/umv_control/src/build/host_vehicle_filter/build/lib
[1.905s] creating /home/vdcl/Desktop/larr_project/umv_control/src/build/host_vehicle_filter/build/lib/host_vehicle_filter
[1.905s] copying host_vehicle_filter/host_vehicle_filter_node.py -> /home/vdcl/Desktop/larr_project/umv_control/src/build/host_vehicle_filter/build/lib/host_vehicle_filter
[1.905s] copying host_vehicle_filter/__init__.py -> /home/vdcl/Desktop/larr_project/umv_control/src/build/host_vehicle_filter/build/lib/host_vehicle_filter
[1.905s] running install
[1.905s] running install_lib
[1.906s] creating /home/vdcl/Desktop/larr_project/umv_control/src/install/host_vehicle_filter/lib/python3.10/site-packages/host_vehicle_filter
[1.906s] copying /home/vdcl/Desktop/larr_project/umv_control/src/build/host_vehicle_filter/build/lib/host_vehicle_filter/host_vehicle_filter_node.py -> /home/vdcl/Desktop/larr_project/umv_control/src/install/host_vehicle_filter/lib/python3.10/site-packages/host_vehicle_filter
[1.906s] copying /home/vdcl/Desktop/larr_project/umv_control/src/build/host_vehicle_filter/build/lib/host_vehicle_filter/__init__.py -> /home/vdcl/Desktop/larr_project/umv_control/src/install/host_vehicle_filter/lib/python3.10/site-packages/host_vehicle_filter
[1.907s] byte-compiling /home/vdcl/Desktop/larr_project/umv_control/src/install/host_vehicle_filter/lib/python3.10/site-packages/host_vehicle_filter/host_vehicle_filter_node.py to host_vehicle_filter_node.cpython-310.pyc
[1.910s] byte-compiling /home/vdcl/Desktop/larr_project/umv_control/src/install/host_vehicle_filter/lib/python3.10/site-packages/host_vehicle_filter/__init__.py to __init__.cpython-310.pyc
[1.910s] running install_data
[1.910s] creating /home/vdcl/Desktop/larr_project/umv_control/src/install/host_vehicle_filter/share/ament_index
[1.910s] creating /home/vdcl/Desktop/larr_project/umv_control/src/install/host_vehicle_filter/share/ament_index/resource_index
[1.910s] creating /home/vdcl/Desktop/larr_project/umv_control/src/install/host_vehicle_filter/share/ament_index/resource_index/packages
[1.910s] copying resource/host_vehicle_filter -> /home/vdcl/Desktop/larr_project/umv_control/src/install/host_vehicle_filter/share/ament_index/resource_index/packages
[1.911s] copying package.xml -> /home/vdcl/Desktop/larr_project/umv_control/src/install/host_vehicle_filter/share/host_vehicle_filter
[1.911s] running install_egg_info
[1.913s] Copying ../build/host_vehicle_filter/host_vehicle_filter.egg-info to /home/vdcl/Desktop/larr_project/umv_control/src/install/host_vehicle_filter/lib/python3.10/site-packages/host_vehicle_filter-0.0.0-py3.10.egg-info
[1.914s] running install_scripts
[1.942s] Installing host_vehicle_filter_node script to /home/vdcl/Desktop/larr_project/umv_control/src/install/host_vehicle_filter/lib/host_vehicle_filter
[1.943s] writing list of installed files to '/home/vdcl/Desktop/larr_project/umv_control/src/build/host_vehicle_filter/install.log'
[1.978s] Invoked command in '/home/vdcl/Desktop/larr_project/umv_control/src/host_vehicle_filter' returned '0': AMENT_PREFIX_PATH=/home/vdcl/Desktop/larr_project/umv_control/src/install/umv_msgs:${AMENT_PREFIX_PATH} CMAKE_PREFIX_PATH=/home/vdcl/Desktop/larr_project/umv_control/src/install/umv_msgs:${CMAKE_PREFIX_PATH} LD_LIBRARY_PATH=/home/vdcl/Desktop/larr_project/umv_control/src/install/umv_msgs/lib:${LD_LIBRARY_PATH} PYTHONPATH=/home/vdcl/Desktop/larr_project/umv_control/src/build/host_vehicle_filter/prefix_override:/home/vdcl/Desktop/larr_project/umv_control/src/install/host_vehicle_filter/lib/python3.10/site-packages:/home/vdcl/Desktop/larr_project/umv_control/src/install/umv_msgs/local/lib/python3.10/dist-packages:${PYTHONPATH} /usr/bin/python3 -W ignore:setup.py install is deprecated setup.py egg_info --egg-base ../build/host_vehicle_filter build --build-base /home/vdcl/Desktop/larr_project/umv_control/src/build/host_vehicle_filter/build install --record /home/vdcl/Desktop/larr_project/umv_control/src/build/host_vehicle_filter/install.log --single-version-externally-managed install_data
