-- The CUDA compiler identification is NVIDIA 12.2.91
-- The CXX compiler identification is GNU 11.4.0
-- Detecting CUDA compiler ABI info
-- Detecting CUDA compiler ABI info - done
-- Check for working CUDA compiler: /usr/local/cuda-12.2/bin/nvcc - skipped
-- Detecting CUDA compile features
-- Detecting CUDA compile features - done
-- Detecting CXX compiler ABI info
-- Detecting CXX compiler ABI info - done
-- Check for working CXX compiler: /usr/bin/c++ - skipped
-- Detecting CXX compile features
-- Detecting CXX compile features - done
-- Found ament_cmake: 1.3.9 (/opt/ros/humble/share/ament_cmake/cmake)
-- Found Python3: /usr/bin/python3 (found version "3.10.12") found components: Interpreter 
-- Found rclcpp: 16.0.9 (/opt/ros/humble/share/rclcpp/cmake)
-- Found rosidl_generator_c: 3.1.5 (/opt/ros/humble/share/rosidl_generator_c/cmake)
-- Found rosidl_adapter: 3.1.5 (/opt/ros/humble/share/rosidl_adapter/cmake)
-- Found rosidl_generator_cpp: 3.1.5 (/opt/ros/humble/share/rosidl_generator_cpp/cmake)
-- Using all available rosidl_typesupport_c: rosidl_typesupport_fastrtps_c;rosidl_typesupport_introspection_c
-- Using all available rosidl_typesupport_cpp: rosidl_typesupport_fastrtps_cpp;rosidl_typesupport_introspection_cpp
-- Found rmw_implementation_cmake: 6.1.2 (/opt/ros/humble/share/rmw_implementation_cmake/cmake)
-- Found rmw_fastrtps_cpp: 6.2.6 (/opt/ros/humble/share/rmw_fastrtps_cpp/cmake)
-- Found OpenSSL: /usr/lib/x86_64-linux-gnu/libcrypto.so (found version "3.0.2")  
-- Found FastRTPS: /opt/ros/humble/include  
-- Using RMW implementation 'rmw_fastrtps_cpp' as default
-- Looking for C++ include pthread.h
-- Looking for C++ include pthread.h - found
-- Performing Test CMAKE_HAVE_LIBC_PTHREAD
-- Performing Test CMAKE_HAVE_LIBC_PTHREAD - Success
-- Found Threads: TRUE  
-- Found umv_msgs: 0.0.0 (/home/vdcl/Desktop/larr_project/umv_control/src/install/umv_msgs/share/umv_msgs/cmake)
-- Found sensor_msgs: 4.2.4 (/opt/ros/humble/share/sensor_msgs/cmake)
-- Found CUDA: /usr/local/cuda-12.2 (found version "12.2") 
-- Found ament_lint_auto: 0.12.11 (/opt/ros/humble/share/ament_lint_auto/cmake)
-- Added test 'cppcheck' to perform static code analysis on C / C++ code
-- Configured cppcheck include dirs: /home/vdcl/Desktop/larr_project/umv_control/src/mppi/include
-- Configured cppcheck exclude dirs and/or files: 
-- Added test 'flake8' to check Python code syntax and style conventions
-- Added test 'lint_cmake' to check CMake code style
-- Added test 'pep257' to check Python code against some of the docstring style conventions in PEP 257
-- Added test 'uncrustify' to check C / C++ code style
-- Configured uncrustify additional arguments: 
-- Added test 'xmllint' to check XML markup files
-- Configuring done
-- Generating done
-- Build files have been written to: /home/vdcl/Desktop/larr_project/umv_control/src/build/mppi
[ 33%] [32mBuilding CUDA object CMakeFiles/mppi_manager.dir/src/yj_utils_project2.cu.o[0m
[ 66%] [32mBuilding CXX object CMakeFiles/mppi_manager.dir/src/mppi.cpp.o[0m
[100%] [32m[1mLinking CXX executable mppi_manager[0m
[100%] Built target mppi_manager
-- Install configuration: ""
-- Installing: /home/vdcl/Desktop/larr_project/umv_control/src/install/mppi/share/ament_index/resource_index/package_run_dependencies/mppi
-- Installing: /home/vdcl/Desktop/larr_project/umv_control/src/install/mppi/share/ament_index/resource_index/parent_prefix_path/mppi
-- Installing: /home/vdcl/Desktop/larr_project/umv_control/src/install/mppi/share/mppi/environment/ament_prefix_path.sh
-- Installing: /home/vdcl/Desktop/larr_project/umv_control/src/install/mppi/share/mppi/environment/ament_prefix_path.dsv
-- Installing: /home/vdcl/Desktop/larr_project/umv_control/src/install/mppi/share/mppi/environment/path.sh
-- Installing: /home/vdcl/Desktop/larr_project/umv_control/src/install/mppi/share/mppi/environment/path.dsv
-- Installing: /home/vdcl/Desktop/larr_project/umv_control/src/install/mppi/share/mppi/local_setup.bash
-- Installing: /home/vdcl/Desktop/larr_project/umv_control/src/install/mppi/share/mppi/local_setup.sh
-- Installing: /home/vdcl/Desktop/larr_project/umv_control/src/install/mppi/share/mppi/local_setup.zsh
-- Installing: /home/vdcl/Desktop/larr_project/umv_control/src/install/mppi/share/mppi/local_setup.dsv
-- Installing: /home/vdcl/Desktop/larr_project/umv_control/src/install/mppi/share/mppi/package.dsv
-- Installing: /home/vdcl/Desktop/larr_project/umv_control/src/install/mppi/share/ament_index/resource_index/packages/mppi
-- Installing: /home/vdcl/Desktop/larr_project/umv_control/src/install/mppi/share/mppi/cmake/mppiConfig.cmake
-- Installing: /home/vdcl/Desktop/larr_project/umv_control/src/install/mppi/share/mppi/cmake/mppiConfig-version.cmake
-- Installing: /home/vdcl/Desktop/larr_project/umv_control/src/install/mppi/share/mppi/package.xml
