[1.567s] Invoking command in '/home/vdcl/Desktop/larr_project/umv_control/src/utils': PYTHONPATH=/home/vdcl/Desktop/larr_project/umv_control/build/utils/prefix_override:/home/vdcl/Desktop/larr_project/umv_control/install/utils/lib/python3.10/site-packages:${PYTHONPATH} /usr/bin/python3 -W ignore:setup.py install is deprecated setup.py egg_info --egg-base ../../build/utils build --build-base /home/vdcl/Desktop/larr_project/umv_control/build/utils/build install --record /home/vdcl/Desktop/larr_project/umv_control/build/utils/install.log --single-version-externally-managed install_data
[1.877s] running egg_info
[1.877s] writing ../../build/utils/utils.egg-info/PKG-INFO
[1.979s] writing dependency_links to ../../build/utils/utils.egg-info/dependency_links.txt
[1.986s] writing entry points to ../../build/utils/utils.egg-info/entry_points.txt
[1.986s] writing requirements to ../../build/utils/utils.egg-info/requires.txt
[1.987s] writing top-level names to ../../build/utils/utils.egg-info/top_level.txt
[2.044s] reading manifest file '../../build/utils/utils.egg-info/SOURCES.txt'
[2.057s] adding license file 'LICENSE'
[2.062s] writing manifest file '../../build/utils/utils.egg-info/SOURCES.txt'
[2.062s] running build
[2.063s] running build_py
[2.064s] running install
[2.067s] running install_lib
[2.068s] running install_data
[2.068s] running install_egg_info
[2.071s] removing '/home/vdcl/Desktop/larr_project/umv_control/install/utils/lib/python3.10/site-packages/utils-0.0.0-py3.10.egg-info' (and everything under it)
[2.072s] Copying ../../build/utils/utils.egg-info to /home/vdcl/Desktop/larr_project/umv_control/install/utils/lib/python3.10/site-packages/utils-0.0.0-py3.10.egg-info
[2.075s] running install_scripts
[2.105s] Installing path_plotter_node script to /home/vdcl/Desktop/larr_project/umv_control/install/utils/lib/utils
[2.106s] Installing virtual_target_node script to /home/vdcl/Desktop/larr_project/umv_control/install/utils/lib/utils
[2.107s] writing list of installed files to '/home/vdcl/Desktop/larr_project/umv_control/build/utils/install.log'
[2.943s] Invoked command in '/home/vdcl/Desktop/larr_project/umv_control/src/utils' returned '0': PYTHONPATH=/home/vdcl/Desktop/larr_project/umv_control/build/utils/prefix_override:/home/vdcl/Desktop/larr_project/umv_control/install/utils/lib/python3.10/site-packages:${PYTHONPATH} /usr/bin/python3 -W ignore:setup.py install is deprecated setup.py egg_info --egg-base ../../build/utils build --build-base /home/vdcl/Desktop/larr_project/umv_control/build/utils/build install --record /home/vdcl/Desktop/larr_project/umv_control/build/utils/install.log --single-version-externally-managed install_data
