[1.923s] Invoking command in '/home/vdcl/Desktop/larr_project/umv_control/src/motion_planner': PYTHONPATH=/home/vdcl/Desktop/larr_project/umv_control/build/motion_planner/prefix_override:/home/vdcl/Desktop/larr_project/umv_control/install/motion_planner/lib/python3.10/site-packages:${PYTHONPATH} /usr/bin/python3 -W ignore:setup.py install is deprecated setup.py egg_info --egg-base ../../build/motion_planner build --build-base /home/vdcl/Desktop/larr_project/umv_control/build/motion_planner/build install --record /home/vdcl/Desktop/larr_project/umv_control/build/motion_planner/install.log --single-version-externally-managed install_data
[2.253s] running egg_info
[2.253s] writing ../../build/motion_planner/motion_planner.egg-info/PKG-INFO
[2.253s] writing dependency_links to ../../build/motion_planner/motion_planner.egg-info/dependency_links.txt
[2.254s] writing entry points to ../../build/motion_planner/motion_planner.egg-info/entry_points.txt
[2.254s] writing requirements to ../../build/motion_planner/motion_planner.egg-info/requires.txt
[2.318s] writing top-level names to ../../build/motion_planner/motion_planner.egg-info/top_level.txt
[2.320s] reading manifest file '../../build/motion_planner/motion_planner.egg-info/SOURCES.txt'
[2.326s] adding license file 'LICENSE'
[2.326s] writing manifest file '../../build/motion_planner/motion_planner.egg-info/SOURCES.txt'
[2.331s] running build
[2.331s] running build_py
[2.331s] running install
[2.332s] running install_lib
[2.333s] running install_data
[2.333s] running install_egg_info
[2.336s] removing '/home/vdcl/Desktop/larr_project/umv_control/install/motion_planner/lib/python3.10/site-packages/motion_planner-0.0.0-py3.10.egg-info' (and everything under it)
[2.337s] Copying ../../build/motion_planner/motion_planner.egg-info to /home/vdcl/Desktop/larr_project/umv_control/install/motion_planner/lib/python3.10/site-packages/motion_planner-0.0.0-py3.10.egg-info
[2.338s] running install_scripts
[2.367s] Installing motion_planner_node script to /home/vdcl/Desktop/larr_project/umv_control/install/motion_planner/lib/motion_planner
[2.378s] writing list of installed files to '/home/vdcl/Desktop/larr_project/umv_control/build/motion_planner/install.log'
[2.432s] Invoked command in '/home/vdcl/Desktop/larr_project/umv_control/src/motion_planner' returned '0': PYTHONPATH=/home/vdcl/Desktop/larr_project/umv_control/build/motion_planner/prefix_override:/home/vdcl/Desktop/larr_project/umv_control/install/motion_planner/lib/python3.10/site-packages:${PYTHONPATH} /usr/bin/python3 -W ignore:setup.py install is deprecated setup.py egg_info --egg-base ../../build/motion_planner build --build-base /home/vdcl/Desktop/larr_project/umv_control/build/motion_planner/build install --record /home/vdcl/Desktop/larr_project/umv_control/build/motion_planner/install.log --single-version-externally-managed install_data
