[2.517s] Invoking command in '/home/vdcl/Desktop/larr_project/umv_control/src/utils': PYTHONPATH=/home/vdcl/Desktop/larr_project/umv_control/build/utils/prefix_override:/home/vdcl/Desktop/larr_project/umv_control/install/utils/lib/python3.10/site-packages:${PYTHONPATH} /usr/bin/python3 -W ignore:setup.py install is deprecated setup.py egg_info --egg-base ../../build/utils build --build-base /home/vdcl/Desktop/larr_project/umv_control/build/utils/build install --record /home/vdcl/Desktop/larr_project/umv_control/build/utils/install.log --single-version-externally-managed install_data
[3.007s] running egg_info
[3.007s] writing ../../build/utils/utils.egg-info/PKG-INFO
[3.007s] writing dependency_links to ../../build/utils/utils.egg-info/dependency_links.txt
[3.007s] writing entry points to ../../build/utils/utils.egg-info/entry_points.txt
[3.007s] writing requirements to ../../build/utils/utils.egg-info/requires.txt
[3.008s] writing top-level names to ../../build/utils/utils.egg-info/top_level.txt
[3.012s] reading manifest file '../../build/utils/utils.egg-info/SOURCES.txt'
[3.016s] adding license file 'LICENSE'
[3.018s] writing manifest file '../../build/utils/utils.egg-info/SOURCES.txt'
[3.019s] running build
[3.019s] running build_py
[3.019s] running install
[3.020s] running install_lib
[3.028s] running install_data
[3.028s] running install_egg_info
[3.033s] removing '/home/vdcl/Desktop/larr_project/umv_control/install/utils/lib/python3.10/site-packages/utils-0.0.0-py3.10.egg-info' (and everything under it)
[3.033s] Copying ../../build/utils/utils.egg-info to /home/vdcl/Desktop/larr_project/umv_control/install/utils/lib/python3.10/site-packages/utils-0.0.0-py3.10.egg-info
[3.033s] running install_scripts
[3.093s] Installing path_plotter_node script to /home/vdcl/Desktop/larr_project/umv_control/install/utils/lib/utils
[3.094s] Installing virtual_target_node script to /home/vdcl/Desktop/larr_project/umv_control/install/utils/lib/utils
[3.094s] writing list of installed files to '/home/vdcl/Desktop/larr_project/umv_control/build/utils/install.log'
[3.162s] Invoked command in '/home/vdcl/Desktop/larr_project/umv_control/src/utils' returned '0': PYTHONPATH=/home/vdcl/Desktop/larr_project/umv_control/build/utils/prefix_override:/home/vdcl/Desktop/larr_project/umv_control/install/utils/lib/python3.10/site-packages:${PYTHONPATH} /usr/bin/python3 -W ignore:setup.py install is deprecated setup.py egg_info --egg-base ../../build/utils build --build-base /home/vdcl/Desktop/larr_project/umv_control/build/utils/build install --record /home/vdcl/Desktop/larr_project/umv_control/build/utils/install.log --single-version-externally-managed install_data
