[1.311s] Invoking command in '/home/vdcl/Desktop/larr_project/umv_control/src/utils': PYTHONPATH=/home/vdcl/Desktop/larr_project/umv_control/build/utils/prefix_override:/home/vdcl/Desktop/larr_project/umv_control/install/utils/lib/python3.10/site-packages:${PYTHONPATH} /usr/bin/python3 -W ignore:setup.py install is deprecated setup.py egg_info --egg-base ../../build/utils build --build-base /home/vdcl/Desktop/larr_project/umv_control/build/utils/build install --record /home/vdcl/Desktop/larr_project/umv_control/build/utils/install.log --single-version-externally-managed install_data
[1.642s] running egg_info
[1.645s] writing ../../build/utils/utils.egg-info/PKG-INFO
[1.645s] writing dependency_links to ../../build/utils/utils.egg-info/dependency_links.txt
[1.645s] writing entry points to ../../build/utils/utils.egg-info/entry_points.txt
[1.646s] writing requirements to ../../build/utils/utils.egg-info/requires.txt
[1.646s] writing top-level names to ../../build/utils/utils.egg-info/top_level.txt
[1.648s] reading manifest file '../../build/utils/utils.egg-info/SOURCES.txt'
[1.653s] adding license file 'LICENSE'
[1.654s] writing manifest file '../../build/utils/utils.egg-info/SOURCES.txt'
[1.654s] running build
[1.654s] running build_py
[1.654s] copying utils/virtual_target_node.py -> /home/vdcl/Desktop/larr_project/umv_control/build/utils/build/lib/utils
[1.655s] running install
[1.655s] running install_lib
[1.657s] copying /home/vdcl/Desktop/larr_project/umv_control/build/utils/build/lib/utils/virtual_target_node.py -> /home/vdcl/Desktop/larr_project/umv_control/install/utils/lib/python3.10/site-packages/utils
[1.657s] byte-compiling /home/vdcl/Desktop/larr_project/umv_control/install/utils/lib/python3.10/site-packages/utils/virtual_target_node.py to virtual_target_node.cpython-310.pyc
[1.660s] running install_data
[1.660s] running install_egg_info
[1.662s] removing '/home/vdcl/Desktop/larr_project/umv_control/install/utils/lib/python3.10/site-packages/utils-0.0.0-py3.10.egg-info' (and everything under it)
[1.664s] Copying ../../build/utils/utils.egg-info to /home/vdcl/Desktop/larr_project/umv_control/install/utils/lib/python3.10/site-packages/utils-0.0.0-py3.10.egg-info
[1.664s] running install_scripts
[1.690s] Installing path_plotter_node script to /home/vdcl/Desktop/larr_project/umv_control/install/utils/lib/utils
[1.690s] Installing virtual_target_node script to /home/vdcl/Desktop/larr_project/umv_control/install/utils/lib/utils
[1.690s] writing list of installed files to '/home/vdcl/Desktop/larr_project/umv_control/build/utils/install.log'
[1.737s] Invoked command in '/home/vdcl/Desktop/larr_project/umv_control/src/utils' returned '0': PYTHONPATH=/home/vdcl/Desktop/larr_project/umv_control/build/utils/prefix_override:/home/vdcl/Desktop/larr_project/umv_control/install/utils/lib/python3.10/site-packages:${PYTHONPATH} /usr/bin/python3 -W ignore:setup.py install is deprecated setup.py egg_info --egg-base ../../build/utils build --build-base /home/vdcl/Desktop/larr_project/umv_control/build/utils/build install --record /home/vdcl/Desktop/larr_project/umv_control/build/utils/install.log --single-version-externally-managed install_data
