[1.634s] Invoking command in '/home/vdcl/Desktop/larr_project/umv_control/src/lower_controller': AMENT_PREFIX_PATH=/home/vdcl/Desktop/larr_project/umv_control/src/install/umv_msgs:${AMENT_PREFIX_PATH} CMAKE_PREFIX_PATH=/home/vdcl/Desktop/larr_project/umv_control/src/install/umv_msgs:${CMAKE_PREFIX_PATH} LD_LIBRARY_PATH=/home/vdcl/Desktop/larr_project/umv_control/src/install/umv_msgs/lib:${LD_LIBRARY_PATH} PYTHONPATH=/home/vdcl/Desktop/larr_project/umv_control/src/build/lower_controller/prefix_override:/home/vdcl/Desktop/larr_project/umv_control/src/install/lower_controller/lib/python3.10/site-packages:/home/vdcl/Desktop/larr_project/umv_control/src/install/umv_msgs/local/lib/python3.10/dist-packages:${PYTHONPATH} /usr/bin/python3 -W ignore:setup.py install is deprecated setup.py egg_info --egg-base ../build/lower_controller build --build-base /home/vdcl/Desktop/larr_project/umv_control/src/build/lower_controller/build install --record /home/vdcl/Desktop/larr_project/umv_control/src/build/lower_controller/install.log --single-version-externally-managed install_data
[1.946s] running egg_info
[1.946s] creating ../build/lower_controller/lower_controller.egg-info
[1.947s] writing ../build/lower_controller/lower_controller.egg-info/PKG-INFO
[1.947s] writing dependency_links to ../build/lower_controller/lower_controller.egg-info/dependency_links.txt
[1.947s] writing entry points to ../build/lower_controller/lower_controller.egg-info/entry_points.txt
[1.947s] writing requirements to ../build/lower_controller/lower_controller.egg-info/requires.txt
[1.947s] writing top-level names to ../build/lower_controller/lower_controller.egg-info/top_level.txt
[1.948s] writing manifest file '../build/lower_controller/lower_controller.egg-info/SOURCES.txt'
[1.950s] reading manifest file '../build/lower_controller/lower_controller.egg-info/SOURCES.txt'
[1.950s] adding license file 'LICENSE'
[1.951s] writing manifest file '../build/lower_controller/lower_controller.egg-info/SOURCES.txt'
[1.952s] running build
[1.952s] running build_py
[1.952s] creating /home/vdcl/Desktop/larr_project/umv_control/src/build/lower_controller/build
[1.952s] creating /home/vdcl/Desktop/larr_project/umv_control/src/build/lower_controller/build/lib
[1.952s] creating /home/vdcl/Desktop/larr_project/umv_control/src/build/lower_controller/build/lib/lower_controller
[1.953s] copying lower_controller/longiController.py -> /home/vdcl/Desktop/larr_project/umv_control/src/build/lower_controller/build/lib/lower_controller
[1.953s] copying lower_controller/__init__.py -> /home/vdcl/Desktop/larr_project/umv_control/src/build/lower_controller/build/lib/lower_controller
[1.953s] copying lower_controller/lower_controller_node.py -> /home/vdcl/Desktop/larr_project/umv_control/src/build/lower_controller/build/lib/lower_controller
[1.953s] running install
[1.953s] running install_lib
[1.954s] creating /home/vdcl/Desktop/larr_project/umv_control/src/install/lower_controller/lib/python3.10/site-packages/lower_controller
[1.954s] copying /home/vdcl/Desktop/larr_project/umv_control/src/build/lower_controller/build/lib/lower_controller/longiController.py -> /home/vdcl/Desktop/larr_project/umv_control/src/install/lower_controller/lib/python3.10/site-packages/lower_controller
[1.954s] copying /home/vdcl/Desktop/larr_project/umv_control/src/build/lower_controller/build/lib/lower_controller/__init__.py -> /home/vdcl/Desktop/larr_project/umv_control/src/install/lower_controller/lib/python3.10/site-packages/lower_controller
[1.954s] copying /home/vdcl/Desktop/larr_project/umv_control/src/build/lower_controller/build/lib/lower_controller/lower_controller_node.py -> /home/vdcl/Desktop/larr_project/umv_control/src/install/lower_controller/lib/python3.10/site-packages/lower_controller
[1.956s] byte-compiling /home/vdcl/Desktop/larr_project/umv_control/src/install/lower_controller/lib/python3.10/site-packages/lower_controller/longiController.py to longiController.cpython-310.pyc
[1.956s] byte-compiling /home/vdcl/Desktop/larr_project/umv_control/src/install/lower_controller/lib/python3.10/site-packages/lower_controller/__init__.py to __init__.cpython-310.pyc
[1.956s] byte-compiling /home/vdcl/Desktop/larr_project/umv_control/src/install/lower_controller/lib/python3.10/site-packages/lower_controller/lower_controller_node.py to lower_controller_node.cpython-310.pyc
[1.959s] running install_data
[1.959s] creating /home/vdcl/Desktop/larr_project/umv_control/src/install/lower_controller/share/ament_index
[1.960s] creating /home/vdcl/Desktop/larr_project/umv_control/src/install/lower_controller/share/ament_index/resource_index
[1.960s] creating /home/vdcl/Desktop/larr_project/umv_control/src/install/lower_controller/share/ament_index/resource_index/packages
[1.960s] copying resource/lower_controller -> /home/vdcl/Desktop/larr_project/umv_control/src/install/lower_controller/share/ament_index/resource_index/packages
[1.960s] copying package.xml -> /home/vdcl/Desktop/larr_project/umv_control/src/install/lower_controller/share/lower_controller
[1.960s] running install_egg_info
[1.962s] Copying ../build/lower_controller/lower_controller.egg-info to /home/vdcl/Desktop/larr_project/umv_control/src/install/lower_controller/lib/python3.10/site-packages/lower_controller-0.0.0-py3.10.egg-info
[1.963s] running install_scripts
[1.991s] Installing lower_controller_node script to /home/vdcl/Desktop/larr_project/umv_control/src/install/lower_controller/lib/lower_controller
[1.991s] writing list of installed files to '/home/vdcl/Desktop/larr_project/umv_control/src/build/lower_controller/install.log'
[2.021s] Invoked command in '/home/vdcl/Desktop/larr_project/umv_control/src/lower_controller' returned '0': AMENT_PREFIX_PATH=/home/vdcl/Desktop/larr_project/umv_control/src/install/umv_msgs:${AMENT_PREFIX_PATH} CMAKE_PREFIX_PATH=/home/vdcl/Desktop/larr_project/umv_control/src/install/umv_msgs:${CMAKE_PREFIX_PATH} LD_LIBRARY_PATH=/home/vdcl/Desktop/larr_project/umv_control/src/install/umv_msgs/lib:${LD_LIBRARY_PATH} PYTHONPATH=/home/vdcl/Desktop/larr_project/umv_control/src/build/lower_controller/prefix_override:/home/vdcl/Desktop/larr_project/umv_control/src/install/lower_controller/lib/python3.10/site-packages:/home/vdcl/Desktop/larr_project/umv_control/src/install/umv_msgs/local/lib/python3.10/dist-packages:${PYTHONPATH} /usr/bin/python3 -W ignore:setup.py install is deprecated setup.py egg_info --egg-base ../build/lower_controller build --build-base /home/vdcl/Desktop/larr_project/umv_control/src/build/lower_controller/build install --record /home/vdcl/Desktop/larr_project/umv_control/src/build/lower_controller/install.log --single-version-externally-managed install_data
