[1.468s] Invoking command in '/home/vdcl/Desktop/larr_project/umv_control/src/motion_planner': PYTHONPATH=/home/vdcl/Desktop/larr_project/umv_control/build/motion_planner/prefix_override:/home/vdcl/Desktop/larr_project/umv_control/install/motion_planner/lib/python3.10/site-packages:${PYTHONPATH} /usr/bin/python3 -W ignore:setup.py install is deprecated setup.py egg_info --egg-base ../../build/motion_planner build --build-base /home/vdcl/Desktop/larr_project/umv_control/build/motion_planner/build install --record /home/vdcl/Desktop/larr_project/umv_control/build/motion_planner/install.log --single-version-externally-managed install_data
[1.822s] running egg_info
[1.823s] writing ../../build/motion_planner/motion_planner.egg-info/PKG-INFO
[1.857s] writing dependency_links to ../../build/motion_planner/motion_planner.egg-info/dependency_links.txt
[1.857s] writing entry points to ../../build/motion_planner/motion_planner.egg-info/entry_points.txt
[1.857s] writing requirements to ../../build/motion_planner/motion_planner.egg-info/requires.txt
[1.858s] writing top-level names to ../../build/motion_planner/motion_planner.egg-info/top_level.txt
[1.952s] reading manifest file '../../build/motion_planner/motion_planner.egg-info/SOURCES.txt'
[1.953s] adding license file 'LICENSE'
[1.954s] writing manifest file '../../build/motion_planner/motion_planner.egg-info/SOURCES.txt'
[1.954s] running build
[1.954s] running build_py
[1.954s] running install
[1.955s] running install_lib
[1.957s] running install_data
[1.957s] running install_egg_info
[1.959s] removing '/home/vdcl/Desktop/larr_project/umv_control/install/motion_planner/lib/python3.10/site-packages/motion_planner-0.0.0-py3.10.egg-info' (and everything under it)
[1.960s] Copying ../../build/motion_planner/motion_planner.egg-info to /home/vdcl/Desktop/larr_project/umv_control/install/motion_planner/lib/python3.10/site-packages/motion_planner-0.0.0-py3.10.egg-info
[1.960s] running install_scripts
[1.980s] Installing motion_planner_node script to /home/vdcl/Desktop/larr_project/umv_control/install/motion_planner/lib/motion_planner
[1.981s] writing list of installed files to '/home/vdcl/Desktop/larr_project/umv_control/build/motion_planner/install.log'
[2.633s] Invoked command in '/home/vdcl/Desktop/larr_project/umv_control/src/motion_planner' returned '0': PYTHONPATH=/home/vdcl/Desktop/larr_project/umv_control/build/motion_planner/prefix_override:/home/vdcl/Desktop/larr_project/umv_control/install/motion_planner/lib/python3.10/site-packages:${PYTHONPATH} /usr/bin/python3 -W ignore:setup.py install is deprecated setup.py egg_info --egg-base ../../build/motion_planner build --build-base /home/vdcl/Desktop/larr_project/umv_control/build/motion_planner/build install --record /home/vdcl/Desktop/larr_project/umv_control/build/motion_planner/install.log --single-version-externally-managed install_data
