[1.862s] Invoking command in '/home/vdcl/Desktop/larr_project/umv_control/src/utils': PYTHONPATH=/home/vdcl/Desktop/larr_project/umv_control/build/utils/prefix_override:/home/vdcl/Desktop/larr_project/umv_control/install/utils/lib/python3.10/site-packages:${PYTHONPATH} /usr/bin/python3 -W ignore:setup.py install is deprecated setup.py egg_info --egg-base ../../build/utils build --build-base /home/vdcl/Desktop/larr_project/umv_control/build/utils/build install --record /home/vdcl/Desktop/larr_project/umv_control/build/utils/install.log --single-version-externally-managed install_data
[2.366s] running egg_info
[2.367s] writing ../../build/utils/utils.egg-info/PKG-INFO
[2.367s] writing dependency_links to ../../build/utils/utils.egg-info/dependency_links.txt
[2.368s] writing entry points to ../../build/utils/utils.egg-info/entry_points.txt
[2.368s] writing requirements to ../../build/utils/utils.egg-info/requires.txt
[2.368s] writing top-level names to ../../build/utils/utils.egg-info/top_level.txt
[2.372s] reading manifest file '../../build/utils/utils.egg-info/SOURCES.txt'
[2.373s] adding license file 'LICENSE'
[2.375s] writing manifest file '../../build/utils/utils.egg-info/SOURCES.txt'
[2.375s] running build
[2.375s] running build_py
[2.376s] running install
[2.376s] running install_lib
[2.379s] running install_data
[2.379s] running install_egg_info
[2.382s] removing '/home/vdcl/Desktop/larr_project/umv_control/install/utils/lib/python3.10/site-packages/utils-0.0.0-py3.10.egg-info' (and everything under it)
[2.384s] Copying ../../build/utils/utils.egg-info to /home/vdcl/Desktop/larr_project/umv_control/install/utils/lib/python3.10/site-packages/utils-0.0.0-py3.10.egg-info
[2.384s] running install_scripts
[2.429s] Installing path_plotter_node script to /home/vdcl/Desktop/larr_project/umv_control/install/utils/lib/utils
[2.429s] Installing virtual_target_node script to /home/vdcl/Desktop/larr_project/umv_control/install/utils/lib/utils
[2.431s] writing list of installed files to '/home/vdcl/Desktop/larr_project/umv_control/build/utils/install.log'
[3.395s] Invoked command in '/home/vdcl/Desktop/larr_project/umv_control/src/utils' returned '0': PYTHONPATH=/home/vdcl/Desktop/larr_project/umv_control/build/utils/prefix_override:/home/vdcl/Desktop/larr_project/umv_control/install/utils/lib/python3.10/site-packages:${PYTHONPATH} /usr/bin/python3 -W ignore:setup.py install is deprecated setup.py egg_info --egg-base ../../build/utils build --build-base /home/vdcl/Desktop/larr_project/umv_control/build/utils/build install --record /home/vdcl/Desktop/larr_project/umv_control/build/utils/install.log --single-version-externally-managed install_data
