[1.575s] Invoking command in '/home/vdcl/Desktop/larr_project/umv_control/src/lower_controller': CMAKE_PREFIX_PATH=/home/vdcl/Desktop/larr_project/umv_control/install/umv_msgs:/home/vdcl/Desktop/larr_project/umv_control/install/mppi:/home/vdcl/Desktop/larr_project/AirSim/ros2/install/airsim_ros_pkgs:/home/vdcl/Desktop/larr_project/AirSim/ros2/install/airsim_interfaces LD_LIBRARY_PATH=/home/vdcl/Desktop/larr_project/umv_control/install/umv_msgs/lib:/usr/local/cuda-12.2/lib64:/home/vdcl/Desktop/larr_project/AirSim/ros2/install/airsim_ros_pkgs/lib:/home/vdcl/Desktop/larr_project/AirSim/ros2/install/airsim_interfaces/lib:/opt/ros/humble/opt/rviz_ogre_vendor/lib:/opt/ros/humble/lib/x86_64-linux-gnu:/opt/ros/humble/lib PYTHONPATH=/home/vdcl/Desktop/larr_project/umv_control/build/lower_controller/prefix_override:/home/vdcl/Desktop/larr_project/umv_control/install/lower_controller/lib/python3.10/site-packages:${PYTHONPATH} /usr/bin/python3 -W ignore:setup.py install is deprecated setup.py egg_info --egg-base ../../build/lower_controller build --build-base /home/vdcl/Desktop/larr_project/umv_control/build/lower_controller/build install --record /home/vdcl/Desktop/larr_project/umv_control/build/lower_controller/install.log --single-version-externally-managed install_data
[1.892s] running egg_info
[1.892s] creating ../../build/lower_controller/lower_controller.egg-info
[1.892s] writing ../../build/lower_controller/lower_controller.egg-info/PKG-INFO
[1.892s] writing dependency_links to ../../build/lower_controller/lower_controller.egg-info/dependency_links.txt
[1.893s] writing entry points to ../../build/lower_controller/lower_controller.egg-info/entry_points.txt
[1.893s] writing requirements to ../../build/lower_controller/lower_controller.egg-info/requires.txt
[1.893s] writing top-level names to ../../build/lower_controller/lower_controller.egg-info/top_level.txt
[1.893s] writing manifest file '../../build/lower_controller/lower_controller.egg-info/SOURCES.txt'
[1.895s] reading manifest file '../../build/lower_controller/lower_controller.egg-info/SOURCES.txt'
[1.895s] adding license file 'LICENSE'
[1.896s] writing manifest file '../../build/lower_controller/lower_controller.egg-info/SOURCES.txt'
[1.896s] running build
[1.896s] running build_py
[1.896s] creating /home/vdcl/Desktop/larr_project/umv_control/build/lower_controller/build
[1.896s] creating /home/vdcl/Desktop/larr_project/umv_control/build/lower_controller/build/lib
[1.896s] creating /home/vdcl/Desktop/larr_project/umv_control/build/lower_controller/build/lib/lower_controller
[1.897s] copying lower_controller/longiController.py -> /home/vdcl/Desktop/larr_project/umv_control/build/lower_controller/build/lib/lower_controller
[1.897s] copying lower_controller/__init__.py -> /home/vdcl/Desktop/larr_project/umv_control/build/lower_controller/build/lib/lower_controller
[1.897s] copying lower_controller/lower_controller_node.py -> /home/vdcl/Desktop/larr_project/umv_control/build/lower_controller/build/lib/lower_controller
[1.897s] running install
[1.897s] running install_lib
[1.898s] creating /home/vdcl/Desktop/larr_project/umv_control/install/lower_controller/lib/python3.10/site-packages/lower_controller
[1.899s] copying /home/vdcl/Desktop/larr_project/umv_control/build/lower_controller/build/lib/lower_controller/longiController.py -> /home/vdcl/Desktop/larr_project/umv_control/install/lower_controller/lib/python3.10/site-packages/lower_controller
[1.899s] copying /home/vdcl/Desktop/larr_project/umv_control/build/lower_controller/build/lib/lower_controller/__init__.py -> /home/vdcl/Desktop/larr_project/umv_control/install/lower_controller/lib/python3.10/site-packages/lower_controller
[1.899s] copying /home/vdcl/Desktop/larr_project/umv_control/build/lower_controller/build/lib/lower_controller/lower_controller_node.py -> /home/vdcl/Desktop/larr_project/umv_control/install/lower_controller/lib/python3.10/site-packages/lower_controller
[1.900s] byte-compiling /home/vdcl/Desktop/larr_project/umv_control/install/lower_controller/lib/python3.10/site-packages/lower_controller/longiController.py to longiController.cpython-310.pyc
[1.901s] byte-compiling /home/vdcl/Desktop/larr_project/umv_control/install/lower_controller/lib/python3.10/site-packages/lower_controller/__init__.py to __init__.cpython-310.pyc
[1.901s] byte-compiling /home/vdcl/Desktop/larr_project/umv_control/install/lower_controller/lib/python3.10/site-packages/lower_controller/lower_controller_node.py to lower_controller_node.cpython-310.pyc
[1.903s] running install_data
[1.904s] creating /home/vdcl/Desktop/larr_project/umv_control/install/lower_controller/share/ament_index
[1.904s] creating /home/vdcl/Desktop/larr_project/umv_control/install/lower_controller/share/ament_index/resource_index
[1.904s] creating /home/vdcl/Desktop/larr_project/umv_control/install/lower_controller/share/ament_index/resource_index/packages
[1.904s] copying resource/lower_controller -> /home/vdcl/Desktop/larr_project/umv_control/install/lower_controller/share/ament_index/resource_index/packages
[1.904s] copying package.xml -> /home/vdcl/Desktop/larr_project/umv_control/install/lower_controller/share/lower_controller
[1.904s] running install_egg_info
[1.906s] Copying ../../build/lower_controller/lower_controller.egg-info to /home/vdcl/Desktop/larr_project/umv_control/install/lower_controller/lib/python3.10/site-packages/lower_controller-0.0.0-py3.10.egg-info
[1.907s] running install_scripts
[1.931s] Installing lower_controller_node script to /home/vdcl/Desktop/larr_project/umv_control/install/lower_controller/lib/lower_controller
[1.931s] writing list of installed files to '/home/vdcl/Desktop/larr_project/umv_control/build/lower_controller/install.log'
[1.976s] Invoked command in '/home/vdcl/Desktop/larr_project/umv_control/src/lower_controller' returned '0': CMAKE_PREFIX_PATH=/home/vdcl/Desktop/larr_project/umv_control/install/umv_msgs:/home/vdcl/Desktop/larr_project/umv_control/install/mppi:/home/vdcl/Desktop/larr_project/AirSim/ros2/install/airsim_ros_pkgs:/home/vdcl/Desktop/larr_project/AirSim/ros2/install/airsim_interfaces LD_LIBRARY_PATH=/home/vdcl/Desktop/larr_project/umv_control/install/umv_msgs/lib:/usr/local/cuda-12.2/lib64:/home/vdcl/Desktop/larr_project/AirSim/ros2/install/airsim_ros_pkgs/lib:/home/vdcl/Desktop/larr_project/AirSim/ros2/install/airsim_interfaces/lib:/opt/ros/humble/opt/rviz_ogre_vendor/lib:/opt/ros/humble/lib/x86_64-linux-gnu:/opt/ros/humble/lib PYTHONPATH=/home/vdcl/Desktop/larr_project/umv_control/build/lower_controller/prefix_override:/home/vdcl/Desktop/larr_project/umv_control/install/lower_controller/lib/python3.10/site-packages:${PYTHONPATH} /usr/bin/python3 -W ignore:setup.py install is deprecated setup.py egg_info --egg-base ../../build/lower_controller build --build-base /home/vdcl/Desktop/larr_project/umv_control/build/lower_controller/build install --record /home/vdcl/Desktop/larr_project/umv_control/build/lower_controller/install.log --single-version-externally-managed install_data
