[1.904s] Invoking command in '/home/vdcl/Desktop/larr_project/umv_control/src/motion_planner': PYTHONPATH=/home/vdcl/Desktop/larr_project/umv_control/build/motion_planner/prefix_override:/home/vdcl/Desktop/larr_project/umv_control/install/motion_planner/lib/python3.10/site-packages:${PYTHONPATH} /usr/bin/python3 -W ignore:setup.py install is deprecated setup.py egg_info --egg-base ../../build/motion_planner build --build-base /home/vdcl/Desktop/larr_project/umv_control/build/motion_planner/build install --record /home/vdcl/Desktop/larr_project/umv_control/build/motion_planner/install.log --single-version-externally-managed install_data
[2.235s] running egg_info
[2.235s] writing ../../build/motion_planner/motion_planner.egg-info/PKG-INFO
[2.235s] writing dependency_links to ../../build/motion_planner/motion_planner.egg-info/dependency_links.txt
[2.236s] writing entry points to ../../build/motion_planner/motion_planner.egg-info/entry_points.txt
[2.237s] writing requirements to ../../build/motion_planner/motion_planner.egg-info/requires.txt
[2.237s] writing top-level names to ../../build/motion_planner/motion_planner.egg-info/top_level.txt
[2.239s] reading manifest file '../../build/motion_planner/motion_planner.egg-info/SOURCES.txt'
[2.239s] adding license file 'LICENSE'
[2.239s] writing manifest file '../../build/motion_planner/motion_planner.egg-info/SOURCES.txt'
[2.240s] running build
[2.240s] running build_py
[2.240s] running install
[2.241s] running install_lib
[2.242s] running install_data
[2.242s] running install_egg_info
[2.244s] removing '/home/vdcl/Desktop/larr_project/umv_control/install/motion_planner/lib/python3.10/site-packages/motion_planner-0.0.0-py3.10.egg-info' (and everything under it)
[2.246s] Copying ../../build/motion_planner/motion_planner.egg-info to /home/vdcl/Desktop/larr_project/umv_control/install/motion_planner/lib/python3.10/site-packages/motion_planner-0.0.0-py3.10.egg-info
[2.247s] running install_scripts
[2.272s] Installing motion_planner_node script to /home/vdcl/Desktop/larr_project/umv_control/install/motion_planner/lib/motion_planner
[2.272s] writing list of installed files to '/home/vdcl/Desktop/larr_project/umv_control/build/motion_planner/install.log'
[2.301s] Invoked command in '/home/vdcl/Desktop/larr_project/umv_control/src/motion_planner' returned '0': PYTHONPATH=/home/vdcl/Desktop/larr_project/umv_control/build/motion_planner/prefix_override:/home/vdcl/Desktop/larr_project/umv_control/install/motion_planner/lib/python3.10/site-packages:${PYTHONPATH} /usr/bin/python3 -W ignore:setup.py install is deprecated setup.py egg_info --egg-base ../../build/motion_planner build --build-base /home/vdcl/Desktop/larr_project/umv_control/build/motion_planner/build install --record /home/vdcl/Desktop/larr_project/umv_control/build/motion_planner/install.log --single-version-externally-managed install_data
