[1.830s] Invoking command in '/home/vdcl/Desktop/larr_project/umv_control/src/utils': PYTHONPATH=/home/vdcl/Desktop/larr_project/umv_control/build/utils/prefix_override:/home/vdcl/Desktop/larr_project/umv_control/install/utils/lib/python3.10/site-packages:${PYTHONPATH} /usr/bin/python3 -W ignore:setup.py install is deprecated setup.py egg_info --egg-base ../../build/utils build --build-base /home/vdcl/Desktop/larr_project/umv_control/build/utils/build install --record /home/vdcl/Desktop/larr_project/umv_control/build/utils/install.log --single-version-externally-managed install_data
[2.292s] running egg_info
[2.293s] writing ../../build/utils/utils.egg-info/PKG-INFO
[2.293s] writing dependency_links to ../../build/utils/utils.egg-info/dependency_links.txt
[2.294s] writing entry points to ../../build/utils/utils.egg-info/entry_points.txt
[2.294s] writing requirements to ../../build/utils/utils.egg-info/requires.txt
[2.294s] writing top-level names to ../../build/utils/utils.egg-info/top_level.txt
[2.296s] reading manifest file '../../build/utils/utils.egg-info/SOURCES.txt'
[2.298s] adding license file 'LICENSE'
[2.300s] writing manifest file '../../build/utils/utils.egg-info/SOURCES.txt'
[2.301s] running build
[2.301s] running build_py
[2.302s] running install
[2.304s] running install_lib
[2.306s] running install_data
[2.306s] running install_egg_info
[2.310s] removing '/home/vdcl/Desktop/larr_project/umv_control/install/utils/lib/python3.10/site-packages/utils-0.0.0-py3.10.egg-info' (and everything under it)
[2.313s] Copying ../../build/utils/utils.egg-info to /home/vdcl/Desktop/larr_project/umv_control/install/utils/lib/python3.10/site-packages/utils-0.0.0-py3.10.egg-info
[2.316s] running install_scripts
[2.355s] Installing path_plotter_node script to /home/vdcl/Desktop/larr_project/umv_control/install/utils/lib/utils
[2.355s] Installing virtual_target_node script to /home/vdcl/Desktop/larr_project/umv_control/install/utils/lib/utils
[2.355s] writing list of installed files to '/home/vdcl/Desktop/larr_project/umv_control/build/utils/install.log'
[3.766s] Invoked command in '/home/vdcl/Desktop/larr_project/umv_control/src/utils' returned '0': PYTHONPATH=/home/vdcl/Desktop/larr_project/umv_control/build/utils/prefix_override:/home/vdcl/Desktop/larr_project/umv_control/install/utils/lib/python3.10/site-packages:${PYTHONPATH} /usr/bin/python3 -W ignore:setup.py install is deprecated setup.py egg_info --egg-base ../../build/utils build --build-base /home/vdcl/Desktop/larr_project/umv_control/build/utils/build install --record /home/vdcl/Desktop/larr_project/umv_control/build/utils/install.log --single-version-externally-managed install_data
