[1.854s] Invoking command in '/home/vdcl/Desktop/larr_project/umv_control/src/utils': PYTHONPATH=/home/vdcl/Desktop/larr_project/umv_control/build/utils/prefix_override:/home/vdcl/Desktop/larr_project/umv_control/install/utils/lib/python3.10/site-packages:${PYTHONPATH} /usr/bin/python3 -W ignore:setup.py install is deprecated setup.py egg_info --egg-base ../../build/utils build --build-base /home/vdcl/Desktop/larr_project/umv_control/build/utils/build install --record /home/vdcl/Desktop/larr_project/umv_control/build/utils/install.log --single-version-externally-managed install_data
[2.363s] running egg_info
[2.363s] writing ../../build/utils/utils.egg-info/PKG-INFO
[2.364s] writing dependency_links to ../../build/utils/utils.egg-info/dependency_links.txt
[2.365s] writing entry points to ../../build/utils/utils.egg-info/entry_points.txt
[2.365s] writing requirements to ../../build/utils/utils.egg-info/requires.txt
[2.365s] writing top-level names to ../../build/utils/utils.egg-info/top_level.txt
[2.368s] reading manifest file '../../build/utils/utils.egg-info/SOURCES.txt'
[2.377s] adding license file 'LICENSE'
[2.378s] writing manifest file '../../build/utils/utils.egg-info/SOURCES.txt'
[2.378s] running build
[2.378s] running build_py
[2.378s] running install
[2.379s] running install_lib
[2.381s] running install_data
[2.382s] running install_egg_info
[2.385s] removing '/home/vdcl/Desktop/larr_project/umv_control/install/utils/lib/python3.10/site-packages/utils-0.0.0-py3.10.egg-info' (and everything under it)
[2.387s] Copying ../../build/utils/utils.egg-info to /home/vdcl/Desktop/larr_project/umv_control/install/utils/lib/python3.10/site-packages/utils-0.0.0-py3.10.egg-info
[2.389s] running install_scripts
[2.419s] Installing path_plotter_node script to /home/vdcl/Desktop/larr_project/umv_control/install/utils/lib/utils
[2.419s] Installing virtual_target_node script to /home/vdcl/Desktop/larr_project/umv_control/install/utils/lib/utils
[2.422s] writing list of installed files to '/home/vdcl/Desktop/larr_project/umv_control/build/utils/install.log'
[3.477s] Invoked command in '/home/vdcl/Desktop/larr_project/umv_control/src/utils' returned '0': PYTHONPATH=/home/vdcl/Desktop/larr_project/umv_control/build/utils/prefix_override:/home/vdcl/Desktop/larr_project/umv_control/install/utils/lib/python3.10/site-packages:${PYTHONPATH} /usr/bin/python3 -W ignore:setup.py install is deprecated setup.py egg_info --egg-base ../../build/utils build --build-base /home/vdcl/Desktop/larr_project/umv_control/build/utils/build install --record /home/vdcl/Desktop/larr_project/umv_control/build/utils/install.log --single-version-externally-managed install_data
