[0.130s] DEBUG:colcon:Command line arguments: ['/usr/bin/colcon', 'build']
[0.130s] DEBUG:colcon:Parsed command line arguments: Namespace(log_base=None, log_level=None, verb_name='build', build_base='build', install_base='install', merge_install=False, symlink_install=False, test_result_base=None, continue_on_error=False, executor='parallel', parallel_workers=8, event_handlers=None, ignore_user_meta=False, metas=['./colcon.meta'], base_paths=['.'], packages_ignore=None, packages_ignore_regex=None, paths=None, packages_up_to=None, packages_up_to_regex=None, packages_above=None, packages_above_and_dependencies=None, packages_above_depth=None, packages_select_by_dep=None, packages_skip_by_dep=None, packages_skip_up_to=None, packages_select_build_failed=False, packages_skip_build_finished=False, packages_select_test_failures=False, packages_skip_test_passed=False, packages_select=None, packages_skip=None, packages_select_regex=None, packages_skip_regex=None, packages_start=None, packages_end=None, allow_overriding=[], cmake_args=None, cmake_target=None, cmake_target_skip_unavailable=False, cmake_clean_cache=False, cmake_clean_first=False, cmake_force_configure=False, ament_cmake_args=None, catkin_cmake_args=None, catkin_skip_building_tests=False, mixin_files=None, mixin=None, verb_parser=<colcon_mixin.mixin.mixin_argument.MixinArgumentDecorator object at 0x79896a7f3250>, verb_extension=<colcon_core.verb.build.BuildVerb object at 0x79896a7f2da0>, main=<bound method BuildVerb.main of <colcon_core.verb.build.BuildVerb object at 0x79896a7f2da0>>, mixin_verb=('build',))
[0.353s] Level 1:colcon.colcon_core.package_discovery:discover_packages(colcon_meta) check parameters
[0.353s] Level 1:colcon.colcon_core.package_discovery:discover_packages(recursive) check parameters
[0.353s] Level 1:colcon.colcon_core.package_discovery:discover_packages(ignore) check parameters
[0.353s] Level 1:colcon.colcon_core.package_discovery:discover_packages(path) check parameters
[0.353s] Level 1:colcon.colcon_core.package_discovery:discover_packages(colcon_meta) discover
[0.353s] Level 1:colcon.colcon_core.package_discovery:discover_packages(recursive) discover
[0.353s] INFO:colcon.colcon_core.package_discovery:Crawling recursively for packages in '/home/vdcl/Desktop/larr_project/umv_control'
[0.353s] Level 1:colcon.colcon_core.package_identification:_identify(.) by extensions ['ignore', 'ignore_ament_install']
[0.354s] Level 1:colcon.colcon_core.package_identification:_identify(.) by extension 'ignore'
[0.354s] Level 1:colcon.colcon_core.package_identification:_identify(.) by extension 'ignore_ament_install'
[0.354s] Level 1:colcon.colcon_core.package_identification:_identify(.) by extensions ['colcon_pkg']
[0.354s] Level 1:colcon.colcon_core.package_identification:_identify(.) by extension 'colcon_pkg'
[0.354s] Level 1:colcon.colcon_core.package_identification:_identify(.) by extensions ['colcon_meta']
[0.354s] Level 1:colcon.colcon_core.package_identification:_identify(.) by extension 'colcon_meta'
[0.354s] Level 1:colcon.colcon_core.package_identification:_identify(.) by extensions ['ros']
[0.354s] Level 1:colcon.colcon_core.package_identification:_identify(.) by extension 'ros'
[0.381s] Level 1:colcon.colcon_core.package_identification:_identify(.) by extensions ['cmake', 'python']
[0.381s] Level 1:colcon.colcon_core.package_identification:_identify(.) by extension 'cmake'
[0.382s] Level 1:colcon.colcon_core.package_identification:_identify(.) by extension 'python'
[0.382s] Level 1:colcon.colcon_core.package_identification:_identify(.) by extensions ['python_setup_py']
[0.382s] Level 1:colcon.colcon_core.package_identification:_identify(.) by extension 'python_setup_py'
[0.382s] Level 1:colcon.colcon_core.package_identification:_identify(build) by extensions ['ignore', 'ignore_ament_install']
[0.382s] Level 1:colcon.colcon_core.package_identification:_identify(build) by extension 'ignore'
[0.382s] Level 1:colcon.colcon_core.package_identification:_identify(build) ignored
[0.382s] Level 1:colcon.colcon_core.package_identification:_identify(install) by extensions ['ignore', 'ignore_ament_install']
[0.383s] Level 1:colcon.colcon_core.package_identification:_identify(install) by extension 'ignore'
[0.383s] Level 1:colcon.colcon_core.package_identification:_identify(install) ignored
[0.383s] Level 1:colcon.colcon_core.package_identification:_identify(log) by extensions ['ignore', 'ignore_ament_install']
[0.383s] Level 1:colcon.colcon_core.package_identification:_identify(log) by extension 'ignore'
[0.383s] Level 1:colcon.colcon_core.package_identification:_identify(log) ignored
[0.383s] Level 1:colcon.colcon_core.package_identification:_identify(src) by extensions ['ignore', 'ignore_ament_install']
[0.383s] Level 1:colcon.colcon_core.package_identification:_identify(src) by extension 'ignore'
[0.383s] Level 1:colcon.colcon_core.package_identification:_identify(src) by extension 'ignore_ament_install'
[0.383s] Level 1:colcon.colcon_core.package_identification:_identify(src) by extensions ['colcon_pkg']
[0.383s] Level 1:colcon.colcon_core.package_identification:_identify(src) by extension 'colcon_pkg'
[0.383s] Level 1:colcon.colcon_core.package_identification:_identify(src) by extensions ['colcon_meta']
[0.383s] Level 1:colcon.colcon_core.package_identification:_identify(src) by extension 'colcon_meta'
[0.384s] Level 1:colcon.colcon_core.package_identification:_identify(src) by extensions ['ros']
[0.384s] Level 1:colcon.colcon_core.package_identification:_identify(src) by extension 'ros'
[0.384s] Level 1:colcon.colcon_core.package_identification:_identify(src) by extensions ['cmake', 'python']
[0.384s] Level 1:colcon.colcon_core.package_identification:_identify(src) by extension 'cmake'
[0.384s] Level 1:colcon.colcon_core.package_identification:_identify(src) by extension 'python'
[0.384s] Level 1:colcon.colcon_core.package_identification:_identify(src) by extensions ['python_setup_py']
[0.384s] Level 1:colcon.colcon_core.package_identification:_identify(src) by extension 'python_setup_py'
[0.384s] Level 1:colcon.colcon_core.package_identification:_identify(src/global_path) by extensions ['ignore', 'ignore_ament_install']
[0.384s] Level 1:colcon.colcon_core.package_identification:_identify(src/global_path) by extension 'ignore'
[0.384s] Level 1:colcon.colcon_core.package_identification:_identify(src/global_path) by extension 'ignore_ament_install'
[0.384s] Level 1:colcon.colcon_core.package_identification:_identify(src/global_path) by extensions ['colcon_pkg']
[0.384s] Level 1:colcon.colcon_core.package_identification:_identify(src/global_path) by extension 'colcon_pkg'
[0.384s] Level 1:colcon.colcon_core.package_identification:_identify(src/global_path) by extensions ['colcon_meta']
[0.384s] Level 1:colcon.colcon_core.package_identification:_identify(src/global_path) by extension 'colcon_meta'
[0.384s] Level 1:colcon.colcon_core.package_identification:_identify(src/global_path) by extensions ['ros']
[0.384s] Level 1:colcon.colcon_core.package_identification:_identify(src/global_path) by extension 'ros'
[0.387s] DEBUG:colcon.colcon_core.package_identification:Package 'src/global_path' with type 'ros.ament_python' and name 'global_path'
[0.387s] Level 1:colcon.colcon_core.package_identification:_identify(src/host_vehicle_filter) by extensions ['ignore', 'ignore_ament_install']
[0.387s] Level 1:colcon.colcon_core.package_identification:_identify(src/host_vehicle_filter) by extension 'ignore'
[0.387s] Level 1:colcon.colcon_core.package_identification:_identify(src/host_vehicle_filter) by extension 'ignore_ament_install'
[0.387s] Level 1:colcon.colcon_core.package_identification:_identify(src/host_vehicle_filter) by extensions ['colcon_pkg']
[0.387s] Level 1:colcon.colcon_core.package_identification:_identify(src/host_vehicle_filter) by extension 'colcon_pkg'
[0.387s] Level 1:colcon.colcon_core.package_identification:_identify(src/host_vehicle_filter) by extensions ['colcon_meta']
[0.387s] Level 1:colcon.colcon_core.package_identification:_identify(src/host_vehicle_filter) by extension 'colcon_meta'
[0.387s] Level 1:colcon.colcon_core.package_identification:_identify(src/host_vehicle_filter) by extensions ['ros']
[0.387s] Level 1:colcon.colcon_core.package_identification:_identify(src/host_vehicle_filter) by extension 'ros'
[0.388s] DEBUG:colcon.colcon_core.package_identification:Package 'src/host_vehicle_filter' with type 'ros.ament_python' and name 'host_vehicle_filter'
[0.388s] Level 1:colcon.colcon_core.package_identification:_identify(src/lower_controller) by extensions ['ignore', 'ignore_ament_install']
[0.388s] Level 1:colcon.colcon_core.package_identification:_identify(src/lower_controller) by extension 'ignore'
[0.388s] Level 1:colcon.colcon_core.package_identification:_identify(src/lower_controller) by extension 'ignore_ament_install'
[0.389s] Level 1:colcon.colcon_core.package_identification:_identify(src/lower_controller) by extensions ['colcon_pkg']
[0.389s] Level 1:colcon.colcon_core.package_identification:_identify(src/lower_controller) by extension 'colcon_pkg'
[0.389s] Level 1:colcon.colcon_core.package_identification:_identify(src/lower_controller) by extensions ['colcon_meta']
[0.389s] Level 1:colcon.colcon_core.package_identification:_identify(src/lower_controller) by extension 'colcon_meta'
[0.389s] Level 1:colcon.colcon_core.package_identification:_identify(src/lower_controller) by extensions ['ros']
[0.389s] Level 1:colcon.colcon_core.package_identification:_identify(src/lower_controller) by extension 'ros'
[0.390s] DEBUG:colcon.colcon_core.package_identification:Package 'src/lower_controller' with type 'ros.ament_python' and name 'lower_controller'
[0.390s] Level 1:colcon.colcon_core.package_identification:_identify(src/motion_planner) by extensions ['ignore', 'ignore_ament_install']
[0.390s] Level 1:colcon.colcon_core.package_identification:_identify(src/motion_planner) by extension 'ignore'
[0.390s] Level 1:colcon.colcon_core.package_identification:_identify(src/motion_planner) by extension 'ignore_ament_install'
[0.391s] Level 1:colcon.colcon_core.package_identification:_identify(src/motion_planner) by extensions ['colcon_pkg']
[0.391s] Level 1:colcon.colcon_core.package_identification:_identify(src/motion_planner) by extension 'colcon_pkg'
[0.391s] Level 1:colcon.colcon_core.package_identification:_identify(src/motion_planner) by extensions ['colcon_meta']
[0.391s] Level 1:colcon.colcon_core.package_identification:_identify(src/motion_planner) by extension 'colcon_meta'
[0.391s] Level 1:colcon.colcon_core.package_identification:_identify(src/motion_planner) by extensions ['ros']
[0.391s] Level 1:colcon.colcon_core.package_identification:_identify(src/motion_planner) by extension 'ros'
[0.391s] DEBUG:colcon.colcon_core.package_identification:Package 'src/motion_planner' with type 'ros.ament_python' and name 'motion_planner'
[0.391s] Level 1:colcon.colcon_core.package_identification:_identify(src/mppi) by extensions ['ignore', 'ignore_ament_install']
[0.392s] Level 1:colcon.colcon_core.package_identification:_identify(src/mppi) by extension 'ignore'
[0.392s] Level 1:colcon.colcon_core.package_identification:_identify(src/mppi) by extension 'ignore_ament_install'
[0.392s] Level 1:colcon.colcon_core.package_identification:_identify(src/mppi) by extensions ['colcon_pkg']
[0.392s] Level 1:colcon.colcon_core.package_identification:_identify(src/mppi) by extension 'colcon_pkg'
[0.392s] Level 1:colcon.colcon_core.package_identification:_identify(src/mppi) by extensions ['colcon_meta']
[0.392s] Level 1:colcon.colcon_core.package_identification:_identify(src/mppi) by extension 'colcon_meta'
[0.392s] Level 1:colcon.colcon_core.package_identification:_identify(src/mppi) by extensions ['ros']
[0.392s] Level 1:colcon.colcon_core.package_identification:_identify(src/mppi) by extension 'ros'
[0.392s] DEBUG:colcon.colcon_core.package_identification:Package 'src/mppi' with type 'ros.ament_cmake' and name 'mppi'
[0.392s] Level 1:colcon.colcon_core.package_identification:_identify(src/umv_msgs) by extensions ['ignore', 'ignore_ament_install']
[0.393s] Level 1:colcon.colcon_core.package_identification:_identify(src/umv_msgs) by extension 'ignore'
[0.393s] Level 1:colcon.colcon_core.package_identification:_identify(src/umv_msgs) by extension 'ignore_ament_install'
[0.393s] Level 1:colcon.colcon_core.package_identification:_identify(src/umv_msgs) by extensions ['colcon_pkg']
[0.393s] Level 1:colcon.colcon_core.package_identification:_identify(src/umv_msgs) by extension 'colcon_pkg'
[0.393s] Level 1:colcon.colcon_core.package_identification:_identify(src/umv_msgs) by extensions ['colcon_meta']
[0.393s] Level 1:colcon.colcon_core.package_identification:_identify(src/umv_msgs) by extension 'colcon_meta'
[0.393s] Level 1:colcon.colcon_core.package_identification:_identify(src/umv_msgs) by extensions ['ros']
[0.393s] Level 1:colcon.colcon_core.package_identification:_identify(src/umv_msgs) by extension 'ros'
[0.393s] DEBUG:colcon.colcon_core.package_identification:Package 'src/umv_msgs' with type 'ros.ament_cmake' and name 'umv_msgs'
[0.394s] Level 1:colcon.colcon_core.package_identification:_identify(src/utils) by extensions ['ignore', 'ignore_ament_install']
[0.394s] Level 1:colcon.colcon_core.package_identification:_identify(src/utils) by extension 'ignore'
[0.394s] Level 1:colcon.colcon_core.package_identification:_identify(src/utils) by extension 'ignore_ament_install'
[0.394s] Level 1:colcon.colcon_core.package_identification:_identify(src/utils) by extensions ['colcon_pkg']
[0.394s] Level 1:colcon.colcon_core.package_identification:_identify(src/utils) by extension 'colcon_pkg'
[0.394s] Level 1:colcon.colcon_core.package_identification:_identify(src/utils) by extensions ['colcon_meta']
[0.394s] Level 1:colcon.colcon_core.package_identification:_identify(src/utils) by extension 'colcon_meta'
[0.394s] Level 1:colcon.colcon_core.package_identification:_identify(src/utils) by extensions ['ros']
[0.394s] Level 1:colcon.colcon_core.package_identification:_identify(src/utils) by extension 'ros'
[0.395s] DEBUG:colcon.colcon_core.package_identification:Package 'src/utils' with type 'ros.ament_python' and name 'utils'
[0.395s] Level 1:colcon.colcon_core.package_discovery:discover_packages(recursive) using defaults
[0.395s] Level 1:colcon.colcon_core.package_discovery:discover_packages(ignore) discover
[0.395s] Level 1:colcon.colcon_core.package_discovery:discover_packages(ignore) using defaults
[0.395s] Level 1:colcon.colcon_core.package_discovery:discover_packages(path) discover
[0.395s] Level 1:colcon.colcon_core.package_discovery:discover_packages(path) using defaults
[0.425s] Level 1:colcon.colcon_core.package_discovery:discover_packages(prefix_path) check parameters
[0.426s] Level 1:colcon.colcon_core.package_discovery:discover_packages(prefix_path) discover
[0.427s] DEBUG:colcon.colcon_installed_package_information.package_discovery:Found 2 installed packages in /home/vdcl/Desktop/larr_project/AirSim/ros2/install
[0.428s] DEBUG:colcon.colcon_installed_package_information.package_discovery:Found 7 installed packages in /home/vdcl/Desktop/larr_project/umv_control/install
[0.429s] DEBUG:colcon.colcon_installed_package_information.package_discovery:Found 204 installed packages in /opt/ros/humble
[0.431s] Level 1:colcon.colcon_core.package_discovery:discover_packages(prefix_path) using defaults
[0.463s] Level 5:colcon.colcon_core.verb:set package 'motion_planner' build argument 'cmake_args' from command line to 'None'
[0.463s] Level 5:colcon.colcon_core.verb:set package 'motion_planner' build argument 'cmake_target' from command line to 'None'
[0.463s] Level 5:colcon.colcon_core.verb:set package 'motion_planner' build argument 'cmake_target_skip_unavailable' from command line to 'False'
[0.463s] Level 5:colcon.colcon_core.verb:set package 'motion_planner' build argument 'cmake_clean_cache' from command line to 'False'
[0.463s] Level 5:colcon.colcon_core.verb:set package 'motion_planner' build argument 'cmake_clean_first' from command line to 'False'
[0.463s] Level 5:colcon.colcon_core.verb:set package 'motion_planner' build argument 'cmake_force_configure' from command line to 'False'
[0.463s] Level 5:colcon.colcon_core.verb:set package 'motion_planner' build argument 'ament_cmake_args' from command line to 'None'
[0.463s] Level 5:colcon.colcon_core.verb:set package 'motion_planner' build argument 'catkin_cmake_args' from command line to 'None'
[0.463s] Level 5:colcon.colcon_core.verb:set package 'motion_planner' build argument 'catkin_skip_building_tests' from command line to 'False'
[0.463s] DEBUG:colcon.colcon_core.verb:Building package 'motion_planner' with the following arguments: {'ament_cmake_args': None, 'build_base': '/home/vdcl/Desktop/larr_project/umv_control/build/motion_planner', 'catkin_cmake_args': None, 'catkin_skip_building_tests': False, 'cmake_args': None, 'cmake_clean_cache': False, 'cmake_clean_first': False, 'cmake_force_configure': False, 'cmake_target': None, 'cmake_target_skip_unavailable': False, 'install_base': '/home/vdcl/Desktop/larr_project/umv_control/install/motion_planner', 'merge_install': False, 'path': '/home/vdcl/Desktop/larr_project/umv_control/src/motion_planner', 'symlink_install': False, 'test_result_base': None}
[0.463s] Level 5:colcon.colcon_core.verb:set package 'umv_msgs' build argument 'cmake_args' from command line to 'None'
[0.464s] Level 5:colcon.colcon_core.verb:set package 'umv_msgs' build argument 'cmake_target' from command line to 'None'
[0.464s] Level 5:colcon.colcon_core.verb:set package 'umv_msgs' build argument 'cmake_target_skip_unavailable' from command line to 'False'
[0.464s] Level 5:colcon.colcon_core.verb:set package 'umv_msgs' build argument 'cmake_clean_cache' from command line to 'False'
[0.464s] Level 5:colcon.colcon_core.verb:set package 'umv_msgs' build argument 'cmake_clean_first' from command line to 'False'
[0.464s] Level 5:colcon.colcon_core.verb:set package 'umv_msgs' build argument 'cmake_force_configure' from command line to 'False'
[0.464s] Level 5:colcon.colcon_core.verb:set package 'umv_msgs' build argument 'ament_cmake_args' from command line to 'None'
[0.464s] Level 5:colcon.colcon_core.verb:set package 'umv_msgs' build argument 'catkin_cmake_args' from command line to 'None'
[0.464s] Level 5:colcon.colcon_core.verb:set package 'umv_msgs' build argument 'catkin_skip_building_tests' from command line to 'False'
[0.464s] DEBUG:colcon.colcon_core.verb:Building package 'umv_msgs' with the following arguments: {'ament_cmake_args': None, 'build_base': '/home/vdcl/Desktop/larr_project/umv_control/build/umv_msgs', 'catkin_cmake_args': None, 'catkin_skip_building_tests': False, 'cmake_args': None, 'cmake_clean_cache': False, 'cmake_clean_first': False, 'cmake_force_configure': False, 'cmake_target': None, 'cmake_target_skip_unavailable': False, 'install_base': '/home/vdcl/Desktop/larr_project/umv_control/install/umv_msgs', 'merge_install': False, 'path': '/home/vdcl/Desktop/larr_project/umv_control/src/umv_msgs', 'symlink_install': False, 'test_result_base': None}
[0.464s] Level 5:colcon.colcon_core.verb:set package 'utils' build argument 'cmake_args' from command line to 'None'
[0.464s] Level 5:colcon.colcon_core.verb:set package 'utils' build argument 'cmake_target' from command line to 'None'
[0.464s] Level 5:colcon.colcon_core.verb:set package 'utils' build argument 'cmake_target_skip_unavailable' from command line to 'False'
[0.464s] Level 5:colcon.colcon_core.verb:set package 'utils' build argument 'cmake_clean_cache' from command line to 'False'
[0.464s] Level 5:colcon.colcon_core.verb:set package 'utils' build argument 'cmake_clean_first' from command line to 'False'
[0.464s] Level 5:colcon.colcon_core.verb:set package 'utils' build argument 'cmake_force_configure' from command line to 'False'
[0.464s] Level 5:colcon.colcon_core.verb:set package 'utils' build argument 'ament_cmake_args' from command line to 'None'
[0.464s] Level 5:colcon.colcon_core.verb:set package 'utils' build argument 'catkin_cmake_args' from command line to 'None'
[0.464s] Level 5:colcon.colcon_core.verb:set package 'utils' build argument 'catkin_skip_building_tests' from command line to 'False'
[0.464s] DEBUG:colcon.colcon_core.verb:Building package 'utils' with the following arguments: {'ament_cmake_args': None, 'build_base': '/home/vdcl/Desktop/larr_project/umv_control/build/utils', 'catkin_cmake_args': None, 'catkin_skip_building_tests': False, 'cmake_args': None, 'cmake_clean_cache': False, 'cmake_clean_first': False, 'cmake_force_configure': False, 'cmake_target': None, 'cmake_target_skip_unavailable': False, 'install_base': '/home/vdcl/Desktop/larr_project/umv_control/install/utils', 'merge_install': False, 'path': '/home/vdcl/Desktop/larr_project/umv_control/src/utils', 'symlink_install': False, 'test_result_base': None}
[0.465s] Level 5:colcon.colcon_core.verb:set package 'global_path' build argument 'cmake_args' from command line to 'None'
[0.465s] Level 5:colcon.colcon_core.verb:set package 'global_path' build argument 'cmake_target' from command line to 'None'
[0.465s] Level 5:colcon.colcon_core.verb:set package 'global_path' build argument 'cmake_target_skip_unavailable' from command line to 'False'
[0.465s] Level 5:colcon.colcon_core.verb:set package 'global_path' build argument 'cmake_clean_cache' from command line to 'False'
[0.465s] Level 5:colcon.colcon_core.verb:set package 'global_path' build argument 'cmake_clean_first' from command line to 'False'
[0.465s] Level 5:colcon.colcon_core.verb:set package 'global_path' build argument 'cmake_force_configure' from command line to 'False'
[0.465s] Level 5:colcon.colcon_core.verb:set package 'global_path' build argument 'ament_cmake_args' from command line to 'None'
[0.465s] Level 5:colcon.colcon_core.verb:set package 'global_path' build argument 'catkin_cmake_args' from command line to 'None'
[0.465s] Level 5:colcon.colcon_core.verb:set package 'global_path' build argument 'catkin_skip_building_tests' from command line to 'False'
[0.465s] DEBUG:colcon.colcon_core.verb:Building package 'global_path' with the following arguments: {'ament_cmake_args': None, 'build_base': '/home/vdcl/Desktop/larr_project/umv_control/build/global_path', 'catkin_cmake_args': None, 'catkin_skip_building_tests': False, 'cmake_args': None, 'cmake_clean_cache': False, 'cmake_clean_first': False, 'cmake_force_configure': False, 'cmake_target': None, 'cmake_target_skip_unavailable': False, 'install_base': '/home/vdcl/Desktop/larr_project/umv_control/install/global_path', 'merge_install': False, 'path': '/home/vdcl/Desktop/larr_project/umv_control/src/global_path', 'symlink_install': False, 'test_result_base': None}
[0.466s] Level 5:colcon.colcon_core.verb:set package 'host_vehicle_filter' build argument 'cmake_args' from command line to 'None'
[0.466s] Level 5:colcon.colcon_core.verb:set package 'host_vehicle_filter' build argument 'cmake_target' from command line to 'None'
[0.466s] Level 5:colcon.colcon_core.verb:set package 'host_vehicle_filter' build argument 'cmake_target_skip_unavailable' from command line to 'False'
[0.466s] Level 5:colcon.colcon_core.verb:set package 'host_vehicle_filter' build argument 'cmake_clean_cache' from command line to 'False'
[0.466s] Level 5:colcon.colcon_core.verb:set package 'host_vehicle_filter' build argument 'cmake_clean_first' from command line to 'False'
[0.466s] Level 5:colcon.colcon_core.verb:set package 'host_vehicle_filter' build argument 'cmake_force_configure' from command line to 'False'
[0.466s] Level 5:colcon.colcon_core.verb:set package 'host_vehicle_filter' build argument 'ament_cmake_args' from command line to 'None'
[0.466s] Level 5:colcon.colcon_core.verb:set package 'host_vehicle_filter' build argument 'catkin_cmake_args' from command line to 'None'
[0.466s] Level 5:colcon.colcon_core.verb:set package 'host_vehicle_filter' build argument 'catkin_skip_building_tests' from command line to 'False'
[0.466s] DEBUG:colcon.colcon_core.verb:Building package 'host_vehicle_filter' with the following arguments: {'ament_cmake_args': None, 'build_base': '/home/vdcl/Desktop/larr_project/umv_control/build/host_vehicle_filter', 'catkin_cmake_args': None, 'catkin_skip_building_tests': False, 'cmake_args': None, 'cmake_clean_cache': False, 'cmake_clean_first': False, 'cmake_force_configure': False, 'cmake_target': None, 'cmake_target_skip_unavailable': False, 'install_base': '/home/vdcl/Desktop/larr_project/umv_control/install/host_vehicle_filter', 'merge_install': False, 'path': '/home/vdcl/Desktop/larr_project/umv_control/src/host_vehicle_filter', 'symlink_install': False, 'test_result_base': None}
[0.466s] Level 5:colcon.colcon_core.verb:set package 'lower_controller' build argument 'cmake_args' from command line to 'None'
[0.466s] Level 5:colcon.colcon_core.verb:set package 'lower_controller' build argument 'cmake_target' from command line to 'None'
[0.466s] Level 5:colcon.colcon_core.verb:set package 'lower_controller' build argument 'cmake_target_skip_unavailable' from command line to 'False'
[0.466s] Level 5:colcon.colcon_core.verb:set package 'lower_controller' build argument 'cmake_clean_cache' from command line to 'False'
[0.466s] Level 5:colcon.colcon_core.verb:set package 'lower_controller' build argument 'cmake_clean_first' from command line to 'False'
[0.466s] Level 5:colcon.colcon_core.verb:set package 'lower_controller' build argument 'cmake_force_configure' from command line to 'False'
[0.466s] Level 5:colcon.colcon_core.verb:set package 'lower_controller' build argument 'ament_cmake_args' from command line to 'None'
[0.466s] Level 5:colcon.colcon_core.verb:set package 'lower_controller' build argument 'catkin_cmake_args' from command line to 'None'
[0.466s] Level 5:colcon.colcon_core.verb:set package 'lower_controller' build argument 'catkin_skip_building_tests' from command line to 'False'
[0.466s] DEBUG:colcon.colcon_core.verb:Building package 'lower_controller' with the following arguments: {'ament_cmake_args': None, 'build_base': '/home/vdcl/Desktop/larr_project/umv_control/build/lower_controller', 'catkin_cmake_args': None, 'catkin_skip_building_tests': False, 'cmake_args': None, 'cmake_clean_cache': False, 'cmake_clean_first': False, 'cmake_force_configure': False, 'cmake_target': None, 'cmake_target_skip_unavailable': False, 'install_base': '/home/vdcl/Desktop/larr_project/umv_control/install/lower_controller', 'merge_install': False, 'path': '/home/vdcl/Desktop/larr_project/umv_control/src/lower_controller', 'symlink_install': False, 'test_result_base': None}
[0.467s] Level 5:colcon.colcon_core.verb:set package 'mppi' build argument 'cmake_args' from command line to 'None'
[0.467s] Level 5:colcon.colcon_core.verb:set package 'mppi' build argument 'cmake_target' from command line to 'None'
[0.467s] Level 5:colcon.colcon_core.verb:set package 'mppi' build argument 'cmake_target_skip_unavailable' from command line to 'False'
[0.467s] Level 5:colcon.colcon_core.verb:set package 'mppi' build argument 'cmake_clean_cache' from command line to 'False'
[0.467s] Level 5:colcon.colcon_core.verb:set package 'mppi' build argument 'cmake_clean_first' from command line to 'False'
[0.467s] Level 5:colcon.colcon_core.verb:set package 'mppi' build argument 'cmake_force_configure' from command line to 'False'
[0.467s] Level 5:colcon.colcon_core.verb:set package 'mppi' build argument 'ament_cmake_args' from command line to 'None'
[0.467s] Level 5:colcon.colcon_core.verb:set package 'mppi' build argument 'catkin_cmake_args' from command line to 'None'
[0.467s] Level 5:colcon.colcon_core.verb:set package 'mppi' build argument 'catkin_skip_building_tests' from command line to 'False'
[0.467s] DEBUG:colcon.colcon_core.verb:Building package 'mppi' with the following arguments: {'ament_cmake_args': None, 'build_base': '/home/vdcl/Desktop/larr_project/umv_control/build/mppi', 'catkin_cmake_args': None, 'catkin_skip_building_tests': False, 'cmake_args': None, 'cmake_clean_cache': False, 'cmake_clean_first': False, 'cmake_force_configure': False, 'cmake_target': None, 'cmake_target_skip_unavailable': False, 'install_base': '/home/vdcl/Desktop/larr_project/umv_control/install/mppi', 'merge_install': False, 'path': '/home/vdcl/Desktop/larr_project/umv_control/src/mppi', 'symlink_install': False, 'test_result_base': None}
[0.467s] INFO:colcon.colcon_core.executor:Executing jobs using 'parallel' executor
[0.468s] DEBUG:colcon.colcon_parallel_executor.executor.parallel:run_until_complete
[0.468s] INFO:colcon.colcon_ros.task.ament_cmake.build:Building ROS package in '/home/vdcl/Desktop/larr_project/umv_control/src/umv_msgs' with build type 'ament_cmake'
[0.469s] INFO:colcon.colcon_cmake.task.cmake.build:Building CMake package in '/home/vdcl/Desktop/larr_project/umv_control/src/umv_msgs'
[0.471s] INFO:colcon.colcon_core.plugin_system:Skipping extension 'colcon_core.shell.bat': Not used on non-Windows systems
[0.471s] INFO:colcon.colcon_core.shell:Skip shell extension 'powershell' for command environment: Not usable outside of PowerShell
[0.471s] DEBUG:colcon.colcon_core.shell:Skip shell extension 'dsv' for command environment
[0.475s] INFO:colcon.colcon_ros.task.ament_python.build:Building ROS package in '/home/vdcl/Desktop/larr_project/umv_control/src/motion_planner' with build type 'ament_python'
[0.475s] Level 1:colcon.colcon_core.shell:create_environment_hook('motion_planner', 'ament_prefix_path')
[0.475s] INFO:colcon.colcon_core.shell:Creating environment hook '/home/vdcl/Desktop/larr_project/umv_control/install/motion_planner/share/motion_planner/hook/ament_prefix_path.ps1'
[0.476s] INFO:colcon.colcon_core.shell:Creating environment descriptor '/home/vdcl/Desktop/larr_project/umv_control/install/motion_planner/share/motion_planner/hook/ament_prefix_path.dsv'
[0.476s] INFO:colcon.colcon_core.shell:Creating environment hook '/home/vdcl/Desktop/larr_project/umv_control/install/motion_planner/share/motion_planner/hook/ament_prefix_path.sh'
[0.477s] INFO:colcon.colcon_core.shell:Skip shell extension 'powershell' for command environment: Not usable outside of PowerShell
[0.477s] DEBUG:colcon.colcon_core.shell:Skip shell extension 'dsv' for command environment
[0.480s] INFO:colcon.colcon_ros.task.ament_python.build:Building ROS package in '/home/vdcl/Desktop/larr_project/umv_control/src/utils' with build type 'ament_python'
[0.481s] Level 1:colcon.colcon_core.shell:create_environment_hook('utils', 'ament_prefix_path')
[0.481s] INFO:colcon.colcon_core.shell:Creating environment hook '/home/vdcl/Desktop/larr_project/umv_control/install/utils/share/utils/hook/ament_prefix_path.ps1'
[0.482s] INFO:colcon.colcon_core.shell:Creating environment descriptor '/home/vdcl/Desktop/larr_project/umv_control/install/utils/share/utils/hook/ament_prefix_path.dsv'
[0.482s] INFO:colcon.colcon_core.shell:Creating environment hook '/home/vdcl/Desktop/larr_project/umv_control/install/utils/share/utils/hook/ament_prefix_path.sh'
[0.483s] INFO:colcon.colcon_core.shell:Skip shell extension 'powershell' for command environment: Not usable outside of PowerShell
[0.483s] DEBUG:colcon.colcon_core.shell:Skip shell extension 'dsv' for command environment
[0.494s] DEBUG:colcon.colcon_core.event_handler.log_command:Invoking command in '/home/vdcl/Desktop/larr_project/umv_control/build/umv_msgs': CMAKE_PREFIX_PATH=${CMAKE_PREFIX_PATH}:/home/vdcl/Desktop/larr_project/umv_control/install/utils:/home/vdcl/Desktop/larr_project/umv_control/install/lower_controller:/home/vdcl/Desktop/larr_project/umv_control/install/host_vehicle_filter:/home/vdcl/Desktop/larr_project/umv_control/install/global_path:/home/vdcl/Desktop/larr_project/umv_control/install/motion_planner:/opt/ros/humble /usr/bin/cmake --build /home/vdcl/Desktop/larr_project/umv_control/build/umv_msgs -- -j8 -l8
[0.904s] INFO:colcon.colcon_core.task.python.build:Building Python package in '/home/vdcl/Desktop/larr_project/umv_control/src/motion_planner'
[0.904s] INFO:colcon.colcon_core.shell:Skip shell extension 'powershell' for command environment: Not usable outside of PowerShell
[0.904s] DEBUG:colcon.colcon_core.shell:Skip shell extension 'dsv' for command environment
[1.254s] INFO:colcon.colcon_core.task.python.build:Building Python package in '/home/vdcl/Desktop/larr_project/umv_control/src/utils'
[1.254s] INFO:colcon.colcon_core.shell:Skip shell extension 'powershell' for command environment: Not usable outside of PowerShell
[1.254s] DEBUG:colcon.colcon_core.shell:Skip shell extension 'dsv' for command environment
[1.262s] DEBUG:colcon.colcon_core.event_handler.log_command:Invoked command in '/home/vdcl/Desktop/larr_project/umv_control/build/umv_msgs' returned '0': CMAKE_PREFIX_PATH=${CMAKE_PREFIX_PATH}:/home/vdcl/Desktop/larr_project/umv_control/install/utils:/home/vdcl/Desktop/larr_project/umv_control/install/lower_controller:/home/vdcl/Desktop/larr_project/umv_control/install/host_vehicle_filter:/home/vdcl/Desktop/larr_project/umv_control/install/global_path:/home/vdcl/Desktop/larr_project/umv_control/install/motion_planner:/opt/ros/humble /usr/bin/cmake --build /home/vdcl/Desktop/larr_project/umv_control/build/umv_msgs -- -j8 -l8
[1.446s] DEBUG:colcon.colcon_core.event_handler.log_command:Invoking command in '/home/vdcl/Desktop/larr_project/umv_control/build/umv_msgs': CMAKE_PREFIX_PATH=${CMAKE_PREFIX_PATH}:/home/vdcl/Desktop/larr_project/umv_control/install/utils:/home/vdcl/Desktop/larr_project/umv_control/install/lower_controller:/home/vdcl/Desktop/larr_project/umv_control/install/host_vehicle_filter:/home/vdcl/Desktop/larr_project/umv_control/install/global_path:/home/vdcl/Desktop/larr_project/umv_control/install/motion_planner:/opt/ros/humble /usr/bin/cmake --install /home/vdcl/Desktop/larr_project/umv_control/build/umv_msgs
[1.533s] Level 1:colcon.colcon_core.environment:create_environment_scripts_only(umv_msgs)
[1.534s] DEBUG:colcon.colcon_core.event_handler.log_command:Invoked command in '/home/vdcl/Desktop/larr_project/umv_control/build/umv_msgs' returned '0': CMAKE_PREFIX_PATH=${CMAKE_PREFIX_PATH}:/home/vdcl/Desktop/larr_project/umv_control/install/utils:/home/vdcl/Desktop/larr_project/umv_control/install/lower_controller:/home/vdcl/Desktop/larr_project/umv_control/install/host_vehicle_filter:/home/vdcl/Desktop/larr_project/umv_control/install/global_path:/home/vdcl/Desktop/larr_project/umv_control/install/motion_planner:/opt/ros/humble /usr/bin/cmake --install /home/vdcl/Desktop/larr_project/umv_control/build/umv_msgs
[1.536s] Level 1:colcon.colcon_core.environment:checking '/home/vdcl/Desktop/larr_project/umv_control/install/umv_msgs' for CMake module files
[1.543s] Level 1:colcon.colcon_core.environment:checking '/home/vdcl/Desktop/larr_project/umv_control/install/umv_msgs' for CMake config files
[1.544s] Level 1:colcon.colcon_core.shell:create_environment_hook('umv_msgs', 'cmake_prefix_path')
[1.545s] INFO:colcon.colcon_core.shell:Creating environment hook '/home/vdcl/Desktop/larr_project/umv_control/install/umv_msgs/share/umv_msgs/hook/cmake_prefix_path.ps1'
[1.545s] INFO:colcon.colcon_core.shell:Creating environment descriptor '/home/vdcl/Desktop/larr_project/umv_control/install/umv_msgs/share/umv_msgs/hook/cmake_prefix_path.dsv'
[1.546s] INFO:colcon.colcon_core.shell:Creating environment hook '/home/vdcl/Desktop/larr_project/umv_control/install/umv_msgs/share/umv_msgs/hook/cmake_prefix_path.sh'
[1.547s] Level 1:colcon.colcon_core.environment:checking '/home/vdcl/Desktop/larr_project/umv_control/install/umv_msgs/lib'
[1.547s] Level 1:colcon.colcon_core.shell:create_environment_hook('umv_msgs', 'ld_library_path_lib')
[1.548s] INFO:colcon.colcon_core.shell:Creating environment hook '/home/vdcl/Desktop/larr_project/umv_control/install/umv_msgs/share/umv_msgs/hook/ld_library_path_lib.ps1'
[1.548s] INFO:colcon.colcon_core.shell:Creating environment descriptor '/home/vdcl/Desktop/larr_project/umv_control/install/umv_msgs/share/umv_msgs/hook/ld_library_path_lib.dsv'
[1.549s] INFO:colcon.colcon_core.shell:Creating environment hook '/home/vdcl/Desktop/larr_project/umv_control/install/umv_msgs/share/umv_msgs/hook/ld_library_path_lib.sh'
[1.549s] Level 1:colcon.colcon_core.environment:checking '/home/vdcl/Desktop/larr_project/umv_control/install/umv_msgs/bin'
[1.550s] Level 1:colcon.colcon_core.environment:checking '/home/vdcl/Desktop/larr_project/umv_control/install/umv_msgs/lib/pkgconfig/umv_msgs.pc'
[1.550s] Level 1:colcon.colcon_core.environment:checking '/home/vdcl/Desktop/larr_project/umv_control/install/umv_msgs/lib/python3.10/site-packages'
[1.551s] Level 1:colcon.colcon_core.environment:checking '/home/vdcl/Desktop/larr_project/umv_control/install/umv_msgs/bin'
[1.552s] INFO:colcon.colcon_core.shell:Creating package script '/home/vdcl/Desktop/larr_project/umv_control/install/umv_msgs/share/umv_msgs/package.ps1'
[1.555s] INFO:colcon.colcon_core.shell:Creating package descriptor '/home/vdcl/Desktop/larr_project/umv_control/install/umv_msgs/share/umv_msgs/package.dsv'
[1.556s] INFO:colcon.colcon_core.shell:Creating package script '/home/vdcl/Desktop/larr_project/umv_control/install/umv_msgs/share/umv_msgs/package.sh'
[1.558s] INFO:colcon.colcon_core.shell:Creating package script '/home/vdcl/Desktop/larr_project/umv_control/install/umv_msgs/share/umv_msgs/package.bash'
[1.559s] INFO:colcon.colcon_core.shell:Creating package script '/home/vdcl/Desktop/larr_project/umv_control/install/umv_msgs/share/umv_msgs/package.zsh'
[1.560s] Level 1:colcon.colcon_core.environment:create_file_with_runtime_dependencies(/home/vdcl/Desktop/larr_project/umv_control/install/umv_msgs/share/colcon-core/packages/umv_msgs)
[1.790s] Level 1:colcon.colcon_core.environment:create_environment_scripts_only(umv_msgs)
[1.791s] Level 1:colcon.colcon_core.environment:checking '/home/vdcl/Desktop/larr_project/umv_control/install/umv_msgs' for CMake module files
[1.791s] Level 1:colcon.colcon_core.environment:checking '/home/vdcl/Desktop/larr_project/umv_control/install/umv_msgs' for CMake config files
[1.793s] Level 1:colcon.colcon_core.shell:create_environment_hook('umv_msgs', 'cmake_prefix_path')
[1.794s] INFO:colcon.colcon_core.shell:Creating environment hook '/home/vdcl/Desktop/larr_project/umv_control/install/umv_msgs/share/umv_msgs/hook/cmake_prefix_path.ps1'
[1.794s] INFO:colcon.colcon_core.shell:Creating environment descriptor '/home/vdcl/Desktop/larr_project/umv_control/install/umv_msgs/share/umv_msgs/hook/cmake_prefix_path.dsv'
[1.794s] INFO:colcon.colcon_core.shell:Creating environment hook '/home/vdcl/Desktop/larr_project/umv_control/install/umv_msgs/share/umv_msgs/hook/cmake_prefix_path.sh'
[1.795s] Level 1:colcon.colcon_core.environment:checking '/home/vdcl/Desktop/larr_project/umv_control/install/umv_msgs/lib'
[1.795s] Level 1:colcon.colcon_core.shell:create_environment_hook('umv_msgs', 'ld_library_path_lib')
[1.795s] INFO:colcon.colcon_core.shell:Creating environment hook '/home/vdcl/Desktop/larr_project/umv_control/install/umv_msgs/share/umv_msgs/hook/ld_library_path_lib.ps1'
[1.796s] INFO:colcon.colcon_core.shell:Creating environment descriptor '/home/vdcl/Desktop/larr_project/umv_control/install/umv_msgs/share/umv_msgs/hook/ld_library_path_lib.dsv'
[1.796s] INFO:colcon.colcon_core.shell:Creating environment hook '/home/vdcl/Desktop/larr_project/umv_control/install/umv_msgs/share/umv_msgs/hook/ld_library_path_lib.sh'
[1.797s] Level 1:colcon.colcon_core.environment:checking '/home/vdcl/Desktop/larr_project/umv_control/install/umv_msgs/bin'
[1.797s] Level 1:colcon.colcon_core.environment:checking '/home/vdcl/Desktop/larr_project/umv_control/install/umv_msgs/lib/pkgconfig/umv_msgs.pc'
[1.798s] Level 1:colcon.colcon_core.environment:checking '/home/vdcl/Desktop/larr_project/umv_control/install/umv_msgs/lib/python3.10/site-packages'
[1.799s] Level 1:colcon.colcon_core.environment:checking '/home/vdcl/Desktop/larr_project/umv_control/install/umv_msgs/bin'
[1.800s] INFO:colcon.colcon_core.shell:Creating package script '/home/vdcl/Desktop/larr_project/umv_control/install/umv_msgs/share/umv_msgs/package.ps1'
[1.801s] INFO:colcon.colcon_core.shell:Creating package descriptor '/home/vdcl/Desktop/larr_project/umv_control/install/umv_msgs/share/umv_msgs/package.dsv'
[1.802s] INFO:colcon.colcon_core.shell:Creating package script '/home/vdcl/Desktop/larr_project/umv_control/install/umv_msgs/share/umv_msgs/package.sh'
[1.802s] INFO:colcon.colcon_core.shell:Creating package script '/home/vdcl/Desktop/larr_project/umv_control/install/umv_msgs/share/umv_msgs/package.bash'
[1.803s] INFO:colcon.colcon_core.shell:Creating package script '/home/vdcl/Desktop/larr_project/umv_control/install/umv_msgs/share/umv_msgs/package.zsh'
[1.803s] Level 1:colcon.colcon_core.environment:create_file_with_runtime_dependencies(/home/vdcl/Desktop/larr_project/umv_control/install/umv_msgs/share/colcon-core/packages/umv_msgs)
[1.804s] INFO:colcon.colcon_ros.task.ament_python.build:Building ROS package in '/home/vdcl/Desktop/larr_project/umv_control/src/global_path' with build type 'ament_python'
[1.804s] Level 1:colcon.colcon_core.shell:create_environment_hook('global_path', 'ament_prefix_path')
[1.805s] INFO:colcon.colcon_core.shell:Creating environment hook '/home/vdcl/Desktop/larr_project/umv_control/install/global_path/share/global_path/hook/ament_prefix_path.ps1'
[1.806s] INFO:colcon.colcon_core.shell:Creating environment descriptor '/home/vdcl/Desktop/larr_project/umv_control/install/global_path/share/global_path/hook/ament_prefix_path.dsv'
[1.806s] INFO:colcon.colcon_core.shell:Creating environment hook '/home/vdcl/Desktop/larr_project/umv_control/install/global_path/share/global_path/hook/ament_prefix_path.sh'
[1.808s] INFO:colcon.colcon_core.shell:Skip shell extension 'powershell' for command environment: Not usable outside of PowerShell
[1.808s] DEBUG:colcon.colcon_core.shell:Skip shell extension 'dsv' for command environment
[1.816s] INFO:colcon.colcon_ros.task.ament_python.build:Building ROS package in '/home/vdcl/Desktop/larr_project/umv_control/src/host_vehicle_filter' with build type 'ament_python'
[1.821s] Level 1:colcon.colcon_core.shell:create_environment_hook('host_vehicle_filter', 'ament_prefix_path')
[1.821s] INFO:colcon.colcon_core.shell:Creating environment hook '/home/vdcl/Desktop/larr_project/umv_control/install/host_vehicle_filter/share/host_vehicle_filter/hook/ament_prefix_path.ps1'
[1.822s] INFO:colcon.colcon_core.shell:Creating environment descriptor '/home/vdcl/Desktop/larr_project/umv_control/install/host_vehicle_filter/share/host_vehicle_filter/hook/ament_prefix_path.dsv'
[1.823s] INFO:colcon.colcon_core.shell:Creating environment hook '/home/vdcl/Desktop/larr_project/umv_control/install/host_vehicle_filter/share/host_vehicle_filter/hook/ament_prefix_path.sh'
[1.824s] INFO:colcon.colcon_core.shell:Skip shell extension 'powershell' for command environment: Not usable outside of PowerShell
[1.824s] DEBUG:colcon.colcon_core.shell:Skip shell extension 'dsv' for command environment
[1.830s] INFO:colcon.colcon_ros.task.ament_python.build:Building ROS package in '/home/vdcl/Desktop/larr_project/umv_control/src/lower_controller' with build type 'ament_python'
[1.830s] Level 1:colcon.colcon_core.shell:create_environment_hook('lower_controller', 'ament_prefix_path')
[1.830s] INFO:colcon.colcon_core.shell:Creating environment hook '/home/vdcl/Desktop/larr_project/umv_control/install/lower_controller/share/lower_controller/hook/ament_prefix_path.ps1'
[1.831s] INFO:colcon.colcon_core.shell:Creating environment descriptor '/home/vdcl/Desktop/larr_project/umv_control/install/lower_controller/share/lower_controller/hook/ament_prefix_path.dsv'
[1.832s] INFO:colcon.colcon_core.shell:Creating environment hook '/home/vdcl/Desktop/larr_project/umv_control/install/lower_controller/share/lower_controller/hook/ament_prefix_path.sh'
[1.833s] INFO:colcon.colcon_core.shell:Skip shell extension 'powershell' for command environment: Not usable outside of PowerShell
[1.833s] DEBUG:colcon.colcon_core.shell:Skip shell extension 'dsv' for command environment
[1.841s] INFO:colcon.colcon_ros.task.ament_cmake.build:Building ROS package in '/home/vdcl/Desktop/larr_project/umv_control/src/mppi' with build type 'ament_cmake'
[1.841s] INFO:colcon.colcon_cmake.task.cmake.build:Building CMake package in '/home/vdcl/Desktop/larr_project/umv_control/src/mppi'
[1.841s] INFO:colcon.colcon_core.shell:Skip shell extension 'powershell' for command environment: Not usable outside of PowerShell
[1.842s] DEBUG:colcon.colcon_core.shell:Skip shell extension 'dsv' for command environment
[2.196s] INFO:colcon.colcon_core.task.python.build:Building Python package in '/home/vdcl/Desktop/larr_project/umv_control/src/global_path'
[2.196s] INFO:colcon.colcon_core.shell:Skip shell extension 'powershell' for command environment: Not usable outside of PowerShell
[2.196s] DEBUG:colcon.colcon_core.shell:Skip shell extension 'dsv' for command environment
[2.647s] INFO:colcon.colcon_core.task.python.build:Building Python package in '/home/vdcl/Desktop/larr_project/umv_control/src/host_vehicle_filter'
[2.647s] INFO:colcon.colcon_core.shell:Skip shell extension 'powershell' for command environment: Not usable outside of PowerShell
[2.648s] DEBUG:colcon.colcon_core.shell:Skip shell extension 'dsv' for command environment
[2.946s] INFO:colcon.colcon_core.task.python.build:Building Python package in '/home/vdcl/Desktop/larr_project/umv_control/src/lower_controller'
[2.946s] INFO:colcon.colcon_core.shell:Skip shell extension 'powershell' for command environment: Not usable outside of PowerShell
[2.946s] DEBUG:colcon.colcon_core.shell:Skip shell extension 'dsv' for command environment
[2.956s] DEBUG:colcon.colcon_core.event_handler.log_command:Invoking command in '/home/vdcl/Desktop/larr_project/umv_control/src/motion_planner': PYTHONPATH=/home/vdcl/Desktop/larr_project/umv_control/build/motion_planner/prefix_override:/home/vdcl/Desktop/larr_project/umv_control/install/motion_planner/lib/python3.10/site-packages:${PYTHONPATH} /usr/bin/python3 -W ignore:setup.py install is deprecated setup.py egg_info --egg-base ../../build/motion_planner build --build-base /home/vdcl/Desktop/larr_project/umv_control/build/motion_planner/build install --record /home/vdcl/Desktop/larr_project/umv_control/build/motion_planner/install.log --single-version-externally-managed install_data
[2.958s] DEBUG:colcon.colcon_core.event_handler.log_command:Invoking command in '/home/vdcl/Desktop/larr_project/umv_control/src/utils': PYTHONPATH=/home/vdcl/Desktop/larr_project/umv_control/build/utils/prefix_override:/home/vdcl/Desktop/larr_project/umv_control/install/utils/lib/python3.10/site-packages:${PYTHONPATH} /usr/bin/python3 -W ignore:setup.py install is deprecated setup.py egg_info --egg-base ../../build/utils build --build-base /home/vdcl/Desktop/larr_project/umv_control/build/utils/build install --record /home/vdcl/Desktop/larr_project/umv_control/build/utils/install.log --single-version-externally-managed install_data
[2.965s] DEBUG:colcon.colcon_core.event_handler.log_command:Invoking command in '/home/vdcl/Desktop/larr_project/umv_control/build/mppi': CMAKE_PREFIX_PATH=/home/vdcl/Desktop/larr_project/umv_control/install/umv_msgs:/home/vdcl/Desktop/larr_project/umv_control/install/mppi:/home/vdcl/Desktop/larr_project/AirSim/ros2/install/airsim_ros_pkgs:/home/vdcl/Desktop/larr_project/AirSim/ros2/install/airsim_interfaces:/home/vdcl/Desktop/larr_project/umv_control/install/utils:/home/vdcl/Desktop/larr_project/umv_control/install/lower_controller:/home/vdcl/Desktop/larr_project/umv_control/install/host_vehicle_filter:/home/vdcl/Desktop/larr_project/umv_control/install/global_path:/home/vdcl/Desktop/larr_project/umv_control/install/motion_planner:/opt/ros/humble LD_LIBRARY_PATH=/home/vdcl/Desktop/larr_project/umv_control/install/umv_msgs/lib:/usr/local/cuda-12.2/lib64:/home/vdcl/Desktop/larr_project/AirSim/ros2/install/airsim_ros_pkgs/lib:/home/vdcl/Desktop/larr_project/AirSim/ros2/install/airsim_interfaces/lib:/opt/ros/humble/opt/rviz_ogre_vendor/lib:/opt/ros/humble/lib/x86_64-linux-gnu:/opt/ros/humble/lib /usr/bin/cmake --build /home/vdcl/Desktop/larr_project/umv_control/build/mppi -- -j8 -l8
[3.594s] Level 1:colcon.colcon_core.environment:checking '/home/vdcl/Desktop/larr_project/umv_control/install/motion_planner' for CMake module files
[3.595s] Level 1:colcon.colcon_core.environment:checking '/home/vdcl/Desktop/larr_project/umv_control/install/motion_planner' for CMake config files
[3.596s] Level 1:colcon.colcon_core.environment:checking '/home/vdcl/Desktop/larr_project/umv_control/install/motion_planner/lib'
[3.596s] Level 1:colcon.colcon_core.environment:checking '/home/vdcl/Desktop/larr_project/umv_control/install/motion_planner/bin'
[3.596s] Level 1:colcon.colcon_core.environment:checking '/home/vdcl/Desktop/larr_project/umv_control/install/motion_planner/lib/pkgconfig/motion_planner.pc'
[3.596s] Level 1:colcon.colcon_core.environment:checking '/home/vdcl/Desktop/larr_project/umv_control/install/motion_planner/lib/python3.10/site-packages'
[3.596s] Level 1:colcon.colcon_core.shell:create_environment_hook('motion_planner', 'pythonpath')
[3.597s] INFO:colcon.colcon_core.shell:Creating environment hook '/home/vdcl/Desktop/larr_project/umv_control/install/motion_planner/share/motion_planner/hook/pythonpath.ps1'
[3.598s] DEBUG:colcon.colcon_core.event_handler.log_command:Invoked command in '/home/vdcl/Desktop/larr_project/umv_control/src/motion_planner' returned '0': PYTHONPATH=/home/vdcl/Desktop/larr_project/umv_control/build/motion_planner/prefix_override:/home/vdcl/Desktop/larr_project/umv_control/install/motion_planner/lib/python3.10/site-packages:${PYTHONPATH} /usr/bin/python3 -W ignore:setup.py install is deprecated setup.py egg_info --egg-base ../../build/motion_planner build --build-base /home/vdcl/Desktop/larr_project/umv_control/build/motion_planner/build install --record /home/vdcl/Desktop/larr_project/umv_control/build/motion_planner/install.log --single-version-externally-managed install_data
[3.599s] INFO:colcon.colcon_core.shell:Creating environment descriptor '/home/vdcl/Desktop/larr_project/umv_control/install/motion_planner/share/motion_planner/hook/pythonpath.dsv'
[3.600s] INFO:colcon.colcon_core.shell:Creating environment hook '/home/vdcl/Desktop/larr_project/umv_control/install/motion_planner/share/motion_planner/hook/pythonpath.sh'
[3.602s] Level 1:colcon.colcon_core.environment:checking '/home/vdcl/Desktop/larr_project/umv_control/install/motion_planner/bin'
[3.602s] Level 1:colcon.colcon_core.environment:create_environment_scripts_only(motion_planner)
[3.603s] INFO:colcon.colcon_core.shell:Creating package script '/home/vdcl/Desktop/larr_project/umv_control/install/motion_planner/share/motion_planner/package.ps1'
[3.604s] INFO:colcon.colcon_core.shell:Creating package descriptor '/home/vdcl/Desktop/larr_project/umv_control/install/motion_planner/share/motion_planner/package.dsv'
[3.605s] INFO:colcon.colcon_core.shell:Creating package script '/home/vdcl/Desktop/larr_project/umv_control/install/motion_planner/share/motion_planner/package.sh'
[3.605s] INFO:colcon.colcon_core.shell:Creating package script '/home/vdcl/Desktop/larr_project/umv_control/install/motion_planner/share/motion_planner/package.bash'
[3.606s] INFO:colcon.colcon_core.shell:Creating package script '/home/vdcl/Desktop/larr_project/umv_control/install/motion_planner/share/motion_planner/package.zsh'
[3.606s] Level 1:colcon.colcon_core.environment:create_file_with_runtime_dependencies(/home/vdcl/Desktop/larr_project/umv_control/install/motion_planner/share/colcon-core/packages/motion_planner)
[3.608s] Level 1:colcon.colcon_core.environment:checking '/home/vdcl/Desktop/larr_project/umv_control/install/utils' for CMake module files
[3.609s] DEBUG:colcon.colcon_core.event_handler.log_command:Invoked command in '/home/vdcl/Desktop/larr_project/umv_control/src/utils' returned '0': PYTHONPATH=/home/vdcl/Desktop/larr_project/umv_control/build/utils/prefix_override:/home/vdcl/Desktop/larr_project/umv_control/install/utils/lib/python3.10/site-packages:${PYTHONPATH} /usr/bin/python3 -W ignore:setup.py install is deprecated setup.py egg_info --egg-base ../../build/utils build --build-base /home/vdcl/Desktop/larr_project/umv_control/build/utils/build install --record /home/vdcl/Desktop/larr_project/umv_control/build/utils/install.log --single-version-externally-managed install_data
[3.609s] Level 1:colcon.colcon_core.environment:checking '/home/vdcl/Desktop/larr_project/umv_control/install/utils' for CMake config files
[3.610s] Level 1:colcon.colcon_core.environment:checking '/home/vdcl/Desktop/larr_project/umv_control/install/utils/lib'
[3.610s] Level 1:colcon.colcon_core.environment:checking '/home/vdcl/Desktop/larr_project/umv_control/install/utils/bin'
[3.611s] Level 1:colcon.colcon_core.environment:checking '/home/vdcl/Desktop/larr_project/umv_control/install/utils/lib/pkgconfig/utils.pc'
[3.611s] Level 1:colcon.colcon_core.environment:checking '/home/vdcl/Desktop/larr_project/umv_control/install/utils/lib/python3.10/site-packages'
[3.611s] Level 1:colcon.colcon_core.shell:create_environment_hook('utils', 'pythonpath')
[3.611s] INFO:colcon.colcon_core.shell:Creating environment hook '/home/vdcl/Desktop/larr_project/umv_control/install/utils/share/utils/hook/pythonpath.ps1'
[3.612s] INFO:colcon.colcon_core.shell:Creating environment descriptor '/home/vdcl/Desktop/larr_project/umv_control/install/utils/share/utils/hook/pythonpath.dsv'
[3.613s] INFO:colcon.colcon_core.shell:Creating environment hook '/home/vdcl/Desktop/larr_project/umv_control/install/utils/share/utils/hook/pythonpath.sh'
[3.613s] Level 1:colcon.colcon_core.environment:checking '/home/vdcl/Desktop/larr_project/umv_control/install/utils/bin'
[3.614s] Level 1:colcon.colcon_core.environment:create_environment_scripts_only(utils)
[3.614s] INFO:colcon.colcon_core.shell:Creating package script '/home/vdcl/Desktop/larr_project/umv_control/install/utils/share/utils/package.ps1'
[3.616s] INFO:colcon.colcon_core.shell:Creating package descriptor '/home/vdcl/Desktop/larr_project/umv_control/install/utils/share/utils/package.dsv'
[3.616s] INFO:colcon.colcon_core.shell:Creating package script '/home/vdcl/Desktop/larr_project/umv_control/install/utils/share/utils/package.sh'
[3.617s] INFO:colcon.colcon_core.shell:Creating package script '/home/vdcl/Desktop/larr_project/umv_control/install/utils/share/utils/package.bash'
[3.618s] INFO:colcon.colcon_core.shell:Creating package script '/home/vdcl/Desktop/larr_project/umv_control/install/utils/share/utils/package.zsh'
[3.618s] Level 1:colcon.colcon_core.environment:create_file_with_runtime_dependencies(/home/vdcl/Desktop/larr_project/umv_control/install/utils/share/colcon-core/packages/utils)
[3.629s] DEBUG:colcon.colcon_core.event_handler.log_command:Invoking command in '/home/vdcl/Desktop/larr_project/umv_control/src/global_path': CMAKE_PREFIX_PATH=/home/vdcl/Desktop/larr_project/umv_control/install/umv_msgs:/home/vdcl/Desktop/larr_project/umv_control/install/mppi:/home/vdcl/Desktop/larr_project/AirSim/ros2/install/airsim_ros_pkgs:/home/vdcl/Desktop/larr_project/AirSim/ros2/install/airsim_interfaces LD_LIBRARY_PATH=/home/vdcl/Desktop/larr_project/umv_control/install/umv_msgs/lib:/usr/local/cuda-12.2/lib64:/home/vdcl/Desktop/larr_project/AirSim/ros2/install/airsim_ros_pkgs/lib:/home/vdcl/Desktop/larr_project/AirSim/ros2/install/airsim_interfaces/lib:/opt/ros/humble/opt/rviz_ogre_vendor/lib:/opt/ros/humble/lib/x86_64-linux-gnu:/opt/ros/humble/lib PYTHONPATH=/home/vdcl/Desktop/larr_project/umv_control/build/global_path/prefix_override:/home/vdcl/Desktop/larr_project/umv_control/install/global_path/lib/python3.10/site-packages:${PYTHONPATH} /usr/bin/python3 -W ignore:setup.py install is deprecated setup.py egg_info --egg-base ../../build/global_path build --build-base /home/vdcl/Desktop/larr_project/umv_control/build/global_path/build install --record /home/vdcl/Desktop/larr_project/umv_control/build/global_path/install.log --single-version-externally-managed install_data
[3.661s] DEBUG:colcon.colcon_core.event_handler.log_command:Invoking command in '/home/vdcl/Desktop/larr_project/umv_control/src/lower_controller': CMAKE_PREFIX_PATH=/home/vdcl/Desktop/larr_project/umv_control/install/umv_msgs:/home/vdcl/Desktop/larr_project/umv_control/install/mppi:/home/vdcl/Desktop/larr_project/AirSim/ros2/install/airsim_ros_pkgs:/home/vdcl/Desktop/larr_project/AirSim/ros2/install/airsim_interfaces LD_LIBRARY_PATH=/home/vdcl/Desktop/larr_project/umv_control/install/umv_msgs/lib:/usr/local/cuda-12.2/lib64:/home/vdcl/Desktop/larr_project/AirSim/ros2/install/airsim_ros_pkgs/lib:/home/vdcl/Desktop/larr_project/AirSim/ros2/install/airsim_interfaces/lib:/opt/ros/humble/opt/rviz_ogre_vendor/lib:/opt/ros/humble/lib/x86_64-linux-gnu:/opt/ros/humble/lib PYTHONPATH=/home/vdcl/Desktop/larr_project/umv_control/build/lower_controller/prefix_override:/home/vdcl/Desktop/larr_project/umv_control/install/lower_controller/lib/python3.10/site-packages:${PYTHONPATH} /usr/bin/python3 -W ignore:setup.py install is deprecated setup.py egg_info --egg-base ../../build/lower_controller build --build-base /home/vdcl/Desktop/larr_project/umv_control/build/lower_controller/build install --record /home/vdcl/Desktop/larr_project/umv_control/build/lower_controller/install.log --single-version-externally-managed install_data
[3.671s] DEBUG:colcon.colcon_core.event_handler.log_command:Invoking command in '/home/vdcl/Desktop/larr_project/umv_control/src/host_vehicle_filter': CMAKE_PREFIX_PATH=/home/vdcl/Desktop/larr_project/umv_control/install/umv_msgs:/home/vdcl/Desktop/larr_project/umv_control/install/mppi:/home/vdcl/Desktop/larr_project/AirSim/ros2/install/airsim_ros_pkgs:/home/vdcl/Desktop/larr_project/AirSim/ros2/install/airsim_interfaces LD_LIBRARY_PATH=/home/vdcl/Desktop/larr_project/umv_control/install/umv_msgs/lib:/usr/local/cuda-12.2/lib64:/home/vdcl/Desktop/larr_project/AirSim/ros2/install/airsim_ros_pkgs/lib:/home/vdcl/Desktop/larr_project/AirSim/ros2/install/airsim_interfaces/lib:/opt/ros/humble/opt/rviz_ogre_vendor/lib:/opt/ros/humble/lib/x86_64-linux-gnu:/opt/ros/humble/lib PYTHONPATH=/home/vdcl/Desktop/larr_project/umv_control/build/host_vehicle_filter/prefix_override:/home/vdcl/Desktop/larr_project/umv_control/install/host_vehicle_filter/lib/python3.10/site-packages:${PYTHONPATH} /usr/bin/python3 -W ignore:setup.py install is deprecated setup.py egg_info --egg-base ../../build/host_vehicle_filter build --build-base /home/vdcl/Desktop/larr_project/umv_control/build/host_vehicle_filter/build install --record /home/vdcl/Desktop/larr_project/umv_control/build/host_vehicle_filter/install.log --single-version-externally-managed install_data
[4.315s] Level 1:colcon.colcon_core.environment:checking '/home/vdcl/Desktop/larr_project/umv_control/install/host_vehicle_filter' for CMake module files
[4.316s] DEBUG:colcon.colcon_core.event_handler.log_command:Invoked command in '/home/vdcl/Desktop/larr_project/umv_control/src/host_vehicle_filter' returned '0': CMAKE_PREFIX_PATH=/home/vdcl/Desktop/larr_project/umv_control/install/umv_msgs:/home/vdcl/Desktop/larr_project/umv_control/install/mppi:/home/vdcl/Desktop/larr_project/AirSim/ros2/install/airsim_ros_pkgs:/home/vdcl/Desktop/larr_project/AirSim/ros2/install/airsim_interfaces LD_LIBRARY_PATH=/home/vdcl/Desktop/larr_project/umv_control/install/umv_msgs/lib:/usr/local/cuda-12.2/lib64:/home/vdcl/Desktop/larr_project/AirSim/ros2/install/airsim_ros_pkgs/lib:/home/vdcl/Desktop/larr_project/AirSim/ros2/install/airsim_interfaces/lib:/opt/ros/humble/opt/rviz_ogre_vendor/lib:/opt/ros/humble/lib/x86_64-linux-gnu:/opt/ros/humble/lib PYTHONPATH=/home/vdcl/Desktop/larr_project/umv_control/build/host_vehicle_filter/prefix_override:/home/vdcl/Desktop/larr_project/umv_control/install/host_vehicle_filter/lib/python3.10/site-packages:${PYTHONPATH} /usr/bin/python3 -W ignore:setup.py install is deprecated setup.py egg_info --egg-base ../../build/host_vehicle_filter build --build-base /home/vdcl/Desktop/larr_project/umv_control/build/host_vehicle_filter/build install --record /home/vdcl/Desktop/larr_project/umv_control/build/host_vehicle_filter/install.log --single-version-externally-managed install_data
[4.316s] Level 1:colcon.colcon_core.environment:checking '/home/vdcl/Desktop/larr_project/umv_control/install/host_vehicle_filter' for CMake config files
[4.317s] Level 1:colcon.colcon_core.environment:checking '/home/vdcl/Desktop/larr_project/umv_control/install/host_vehicle_filter/lib'
[4.317s] Level 1:colcon.colcon_core.environment:checking '/home/vdcl/Desktop/larr_project/umv_control/install/host_vehicle_filter/bin'
[4.317s] Level 1:colcon.colcon_core.environment:checking '/home/vdcl/Desktop/larr_project/umv_control/install/host_vehicle_filter/lib/pkgconfig/host_vehicle_filter.pc'
[4.318s] Level 1:colcon.colcon_core.environment:checking '/home/vdcl/Desktop/larr_project/umv_control/install/host_vehicle_filter/lib/python3.10/site-packages'
[4.318s] Level 1:colcon.colcon_core.shell:create_environment_hook('host_vehicle_filter', 'pythonpath')
[4.318s] INFO:colcon.colcon_core.shell:Creating environment hook '/home/vdcl/Desktop/larr_project/umv_control/install/host_vehicle_filter/share/host_vehicle_filter/hook/pythonpath.ps1'
[4.319s] INFO:colcon.colcon_core.shell:Creating environment descriptor '/home/vdcl/Desktop/larr_project/umv_control/install/host_vehicle_filter/share/host_vehicle_filter/hook/pythonpath.dsv'
[4.319s] INFO:colcon.colcon_core.shell:Creating environment hook '/home/vdcl/Desktop/larr_project/umv_control/install/host_vehicle_filter/share/host_vehicle_filter/hook/pythonpath.sh'
[4.320s] Level 1:colcon.colcon_core.environment:checking '/home/vdcl/Desktop/larr_project/umv_control/install/host_vehicle_filter/bin'
[4.320s] Level 1:colcon.colcon_core.environment:create_environment_scripts_only(host_vehicle_filter)
[4.321s] INFO:colcon.colcon_core.shell:Creating package script '/home/vdcl/Desktop/larr_project/umv_control/install/host_vehicle_filter/share/host_vehicle_filter/package.ps1'
[4.322s] INFO:colcon.colcon_core.shell:Creating package descriptor '/home/vdcl/Desktop/larr_project/umv_control/install/host_vehicle_filter/share/host_vehicle_filter/package.dsv'
[4.322s] INFO:colcon.colcon_core.shell:Creating package script '/home/vdcl/Desktop/larr_project/umv_control/install/host_vehicle_filter/share/host_vehicle_filter/package.sh'
[4.323s] INFO:colcon.colcon_core.shell:Creating package script '/home/vdcl/Desktop/larr_project/umv_control/install/host_vehicle_filter/share/host_vehicle_filter/package.bash'
[4.324s] INFO:colcon.colcon_core.shell:Creating package script '/home/vdcl/Desktop/larr_project/umv_control/install/host_vehicle_filter/share/host_vehicle_filter/package.zsh'
[4.325s] Level 1:colcon.colcon_core.environment:create_file_with_runtime_dependencies(/home/vdcl/Desktop/larr_project/umv_control/install/host_vehicle_filter/share/colcon-core/packages/host_vehicle_filter)
[4.328s] Level 1:colcon.colcon_core.environment:checking '/home/vdcl/Desktop/larr_project/umv_control/install/lower_controller' for CMake module files
[4.329s] DEBUG:colcon.colcon_core.event_handler.log_command:Invoked command in '/home/vdcl/Desktop/larr_project/umv_control/src/lower_controller' returned '0': CMAKE_PREFIX_PATH=/home/vdcl/Desktop/larr_project/umv_control/install/umv_msgs:/home/vdcl/Desktop/larr_project/umv_control/install/mppi:/home/vdcl/Desktop/larr_project/AirSim/ros2/install/airsim_ros_pkgs:/home/vdcl/Desktop/larr_project/AirSim/ros2/install/airsim_interfaces LD_LIBRARY_PATH=/home/vdcl/Desktop/larr_project/umv_control/install/umv_msgs/lib:/usr/local/cuda-12.2/lib64:/home/vdcl/Desktop/larr_project/AirSim/ros2/install/airsim_ros_pkgs/lib:/home/vdcl/Desktop/larr_project/AirSim/ros2/install/airsim_interfaces/lib:/opt/ros/humble/opt/rviz_ogre_vendor/lib:/opt/ros/humble/lib/x86_64-linux-gnu:/opt/ros/humble/lib PYTHONPATH=/home/vdcl/Desktop/larr_project/umv_control/build/lower_controller/prefix_override:/home/vdcl/Desktop/larr_project/umv_control/install/lower_controller/lib/python3.10/site-packages:${PYTHONPATH} /usr/bin/python3 -W ignore:setup.py install is deprecated setup.py egg_info --egg-base ../../build/lower_controller build --build-base /home/vdcl/Desktop/larr_project/umv_control/build/lower_controller/build install --record /home/vdcl/Desktop/larr_project/umv_control/build/lower_controller/install.log --single-version-externally-managed install_data
[4.330s] Level 1:colcon.colcon_core.environment:checking '/home/vdcl/Desktop/larr_project/umv_control/install/lower_controller' for CMake config files
[4.331s] Level 1:colcon.colcon_core.environment:checking '/home/vdcl/Desktop/larr_project/umv_control/install/lower_controller/lib'
[4.331s] Level 1:colcon.colcon_core.environment:checking '/home/vdcl/Desktop/larr_project/umv_control/install/lower_controller/bin'
[4.331s] Level 1:colcon.colcon_core.environment:checking '/home/vdcl/Desktop/larr_project/umv_control/install/lower_controller/lib/pkgconfig/lower_controller.pc'
[4.331s] Level 1:colcon.colcon_core.environment:checking '/home/vdcl/Desktop/larr_project/umv_control/install/lower_controller/lib/python3.10/site-packages'
[4.331s] Level 1:colcon.colcon_core.shell:create_environment_hook('lower_controller', 'pythonpath')
[4.332s] INFO:colcon.colcon_core.shell:Creating environment hook '/home/vdcl/Desktop/larr_project/umv_control/install/lower_controller/share/lower_controller/hook/pythonpath.ps1'
[4.332s] INFO:colcon.colcon_core.shell:Creating environment descriptor '/home/vdcl/Desktop/larr_project/umv_control/install/lower_controller/share/lower_controller/hook/pythonpath.dsv'
[4.333s] INFO:colcon.colcon_core.shell:Creating environment hook '/home/vdcl/Desktop/larr_project/umv_control/install/lower_controller/share/lower_controller/hook/pythonpath.sh'
[4.334s] Level 1:colcon.colcon_core.environment:checking '/home/vdcl/Desktop/larr_project/umv_control/install/lower_controller/bin'
[4.334s] Level 1:colcon.colcon_core.environment:create_environment_scripts_only(lower_controller)
[4.334s] INFO:colcon.colcon_core.shell:Creating package script '/home/vdcl/Desktop/larr_project/umv_control/install/lower_controller/share/lower_controller/package.ps1'
[4.335s] INFO:colcon.colcon_core.shell:Creating package descriptor '/home/vdcl/Desktop/larr_project/umv_control/install/lower_controller/share/lower_controller/package.dsv'
[4.336s] INFO:colcon.colcon_core.shell:Creating package script '/home/vdcl/Desktop/larr_project/umv_control/install/lower_controller/share/lower_controller/package.sh'
[4.336s] INFO:colcon.colcon_core.shell:Creating package script '/home/vdcl/Desktop/larr_project/umv_control/install/lower_controller/share/lower_controller/package.bash'
[4.337s] INFO:colcon.colcon_core.shell:Creating package script '/home/vdcl/Desktop/larr_project/umv_control/install/lower_controller/share/lower_controller/package.zsh'
[4.337s] Level 1:colcon.colcon_core.environment:create_file_with_runtime_dependencies(/home/vdcl/Desktop/larr_project/umv_control/install/lower_controller/share/colcon-core/packages/lower_controller)
[4.339s] Level 1:colcon.colcon_core.environment:checking '/home/vdcl/Desktop/larr_project/umv_control/install/global_path' for CMake module files
[4.340s] DEBUG:colcon.colcon_core.event_handler.log_command:Invoked command in '/home/vdcl/Desktop/larr_project/umv_control/src/global_path' returned '0': CMAKE_PREFIX_PATH=/home/vdcl/Desktop/larr_project/umv_control/install/umv_msgs:/home/vdcl/Desktop/larr_project/umv_control/install/mppi:/home/vdcl/Desktop/larr_project/AirSim/ros2/install/airsim_ros_pkgs:/home/vdcl/Desktop/larr_project/AirSim/ros2/install/airsim_interfaces LD_LIBRARY_PATH=/home/vdcl/Desktop/larr_project/umv_control/install/umv_msgs/lib:/usr/local/cuda-12.2/lib64:/home/vdcl/Desktop/larr_project/AirSim/ros2/install/airsim_ros_pkgs/lib:/home/vdcl/Desktop/larr_project/AirSim/ros2/install/airsim_interfaces/lib:/opt/ros/humble/opt/rviz_ogre_vendor/lib:/opt/ros/humble/lib/x86_64-linux-gnu:/opt/ros/humble/lib PYTHONPATH=/home/vdcl/Desktop/larr_project/umv_control/build/global_path/prefix_override:/home/vdcl/Desktop/larr_project/umv_control/install/global_path/lib/python3.10/site-packages:${PYTHONPATH} /usr/bin/python3 -W ignore:setup.py install is deprecated setup.py egg_info --egg-base ../../build/global_path build --build-base /home/vdcl/Desktop/larr_project/umv_control/build/global_path/build install --record /home/vdcl/Desktop/larr_project/umv_control/build/global_path/install.log --single-version-externally-managed install_data
[4.340s] Level 1:colcon.colcon_core.environment:checking '/home/vdcl/Desktop/larr_project/umv_control/install/global_path' for CMake config files
[4.341s] Level 1:colcon.colcon_core.environment:checking '/home/vdcl/Desktop/larr_project/umv_control/install/global_path/lib'
[4.341s] Level 1:colcon.colcon_core.environment:checking '/home/vdcl/Desktop/larr_project/umv_control/install/global_path/bin'
[4.341s] Level 1:colcon.colcon_core.environment:checking '/home/vdcl/Desktop/larr_project/umv_control/install/global_path/lib/pkgconfig/global_path.pc'
[4.341s] Level 1:colcon.colcon_core.environment:checking '/home/vdcl/Desktop/larr_project/umv_control/install/global_path/lib/python3.10/site-packages'
[4.341s] Level 1:colcon.colcon_core.shell:create_environment_hook('global_path', 'pythonpath')
[4.341s] INFO:colcon.colcon_core.shell:Creating environment hook '/home/vdcl/Desktop/larr_project/umv_control/install/global_path/share/global_path/hook/pythonpath.ps1'
[4.342s] INFO:colcon.colcon_core.shell:Creating environment descriptor '/home/vdcl/Desktop/larr_project/umv_control/install/global_path/share/global_path/hook/pythonpath.dsv'
[4.342s] INFO:colcon.colcon_core.shell:Creating environment hook '/home/vdcl/Desktop/larr_project/umv_control/install/global_path/share/global_path/hook/pythonpath.sh'
[4.343s] Level 1:colcon.colcon_core.environment:checking '/home/vdcl/Desktop/larr_project/umv_control/install/global_path/bin'
[4.344s] Level 1:colcon.colcon_core.environment:create_environment_scripts_only(global_path)
[4.344s] INFO:colcon.colcon_core.shell:Creating package script '/home/vdcl/Desktop/larr_project/umv_control/install/global_path/share/global_path/package.ps1'
[4.345s] INFO:colcon.colcon_core.shell:Creating package descriptor '/home/vdcl/Desktop/larr_project/umv_control/install/global_path/share/global_path/package.dsv'
[4.345s] INFO:colcon.colcon_core.shell:Creating package script '/home/vdcl/Desktop/larr_project/umv_control/install/global_path/share/global_path/package.sh'
[4.346s] INFO:colcon.colcon_core.shell:Creating package script '/home/vdcl/Desktop/larr_project/umv_control/install/global_path/share/global_path/package.bash'
[4.347s] INFO:colcon.colcon_core.shell:Creating package script '/home/vdcl/Desktop/larr_project/umv_control/install/global_path/share/global_path/package.zsh'
[4.348s] Level 1:colcon.colcon_core.environment:create_file_with_runtime_dependencies(/home/vdcl/Desktop/larr_project/umv_control/install/global_path/share/colcon-core/packages/global_path)
[11.092s] DEBUG:colcon.colcon_core.event_handler.log_command:Invoked command in '/home/vdcl/Desktop/larr_project/umv_control/build/mppi' returned '2': CMAKE_PREFIX_PATH=/home/vdcl/Desktop/larr_project/umv_control/install/umv_msgs:/home/vdcl/Desktop/larr_project/umv_control/install/mppi:/home/vdcl/Desktop/larr_project/AirSim/ros2/install/airsim_ros_pkgs:/home/vdcl/Desktop/larr_project/AirSim/ros2/install/airsim_interfaces:/home/vdcl/Desktop/larr_project/umv_control/install/utils:/home/vdcl/Desktop/larr_project/umv_control/install/lower_controller:/home/vdcl/Desktop/larr_project/umv_control/install/host_vehicle_filter:/home/vdcl/Desktop/larr_project/umv_control/install/global_path:/home/vdcl/Desktop/larr_project/umv_control/install/motion_planner:/opt/ros/humble LD_LIBRARY_PATH=/home/vdcl/Desktop/larr_project/umv_control/install/umv_msgs/lib:/usr/local/cuda-12.2/lib64:/home/vdcl/Desktop/larr_project/AirSim/ros2/install/airsim_ros_pkgs/lib:/home/vdcl/Desktop/larr_project/AirSim/ros2/install/airsim_interfaces/lib:/opt/ros/humble/opt/rviz_ogre_vendor/lib:/opt/ros/humble/lib/x86_64-linux-gnu:/opt/ros/humble/lib /usr/bin/cmake --build /home/vdcl/Desktop/larr_project/umv_control/build/mppi -- -j8 -l8
[11.122s] Level 1:colcon.colcon_core.environment:create_environment_scripts_only(mppi)
[11.122s] Level 1:colcon.colcon_core.environment:checking '/home/vdcl/Desktop/larr_project/umv_control/install/mppi' for CMake module files
[11.123s] Level 1:colcon.colcon_core.environment:checking '/home/vdcl/Desktop/larr_project/umv_control/install/mppi' for CMake config files
[11.123s] Level 1:colcon.colcon_core.environment:checking '/home/vdcl/Desktop/larr_project/umv_control/install/mppi/bin'
[11.123s] Level 1:colcon.colcon_core.environment:checking '/home/vdcl/Desktop/larr_project/umv_control/install/mppi/lib/pkgconfig/mppi.pc'
[11.123s] Level 1:colcon.colcon_core.environment:checking '/home/vdcl/Desktop/larr_project/umv_control/install/mppi/lib/python3.10/site-packages'
[11.123s] Level 1:colcon.colcon_core.environment:checking '/home/vdcl/Desktop/larr_project/umv_control/install/mppi/bin'
[11.123s] INFO:colcon.colcon_core.shell:Creating package script '/home/vdcl/Desktop/larr_project/umv_control/install/mppi/share/mppi/package.ps1'
[11.124s] INFO:colcon.colcon_core.shell:Creating package descriptor '/home/vdcl/Desktop/larr_project/umv_control/install/mppi/share/mppi/package.dsv'
[11.124s] INFO:colcon.colcon_core.shell:Creating package script '/home/vdcl/Desktop/larr_project/umv_control/install/mppi/share/mppi/package.sh'
[11.125s] INFO:colcon.colcon_core.shell:Creating package script '/home/vdcl/Desktop/larr_project/umv_control/install/mppi/share/mppi/package.bash'
[11.125s] INFO:colcon.colcon_core.shell:Creating package script '/home/vdcl/Desktop/larr_project/umv_control/install/mppi/share/mppi/package.zsh'
[11.125s] Level 1:colcon.colcon_core.environment:create_file_with_runtime_dependencies(/home/vdcl/Desktop/larr_project/umv_control/install/mppi/share/colcon-core/packages/mppi)
[11.136s] DEBUG:colcon.colcon_parallel_executor.executor.parallel:closing loop
[11.136s] DEBUG:colcon.colcon_parallel_executor.executor.parallel:loop closed
[11.136s] DEBUG:colcon.colcon_parallel_executor.executor.parallel:run_until_complete finished with '2'
[11.136s] DEBUG:colcon.colcon_core.event_reactor:joining thread
[11.142s] INFO:colcon.colcon_core.plugin_system:Skipping extension 'colcon_notification.desktop_notification.terminal_notifier': Not used on non-Darwin systems
[11.142s] INFO:colcon.colcon_core.plugin_system:Skipping extension 'colcon_notification.desktop_notification.win32': Not used on non-Windows systems
[11.142s] INFO:colcon.colcon_notification.desktop_notification:Sending desktop notification using 'notify2'
[11.154s] DEBUG:colcon.colcon_core.event_reactor:joined thread
[11.154s] INFO:colcon.colcon_core.shell:Creating prefix script '/home/vdcl/Desktop/larr_project/umv_control/install/local_setup.ps1'
[11.156s] INFO:colcon.colcon_core.shell:Creating prefix util module '/home/vdcl/Desktop/larr_project/umv_control/install/_local_setup_util_ps1.py'
[11.157s] INFO:colcon.colcon_core.shell:Creating prefix chain script '/home/vdcl/Desktop/larr_project/umv_control/install/setup.ps1'
[11.159s] INFO:colcon.colcon_core.shell:Creating prefix script '/home/vdcl/Desktop/larr_project/umv_control/install/local_setup.sh'
[11.160s] INFO:colcon.colcon_core.shell:Creating prefix util module '/home/vdcl/Desktop/larr_project/umv_control/install/_local_setup_util_sh.py'
[11.161s] INFO:colcon.colcon_core.shell:Creating prefix chain script '/home/vdcl/Desktop/larr_project/umv_control/install/setup.sh'
[11.163s] INFO:colcon.colcon_core.shell:Creating prefix script '/home/vdcl/Desktop/larr_project/umv_control/install/local_setup.bash'
[11.163s] INFO:colcon.colcon_core.shell:Creating prefix chain script '/home/vdcl/Desktop/larr_project/umv_control/install/setup.bash'
[11.165s] INFO:colcon.colcon_core.shell:Creating prefix script '/home/vdcl/Desktop/larr_project/umv_control/install/local_setup.zsh'
[11.166s] INFO:colcon.colcon_core.shell:Creating prefix chain script '/home/vdcl/Desktop/larr_project/umv_control/install/setup.zsh'
