[3.421s] Invoking command in '/home/vdcl/Desktop/larr_project/umv_control/src/utils': PYTHONPATH=/home/vdcl/Desktop/larr_project/umv_control/build/utils/prefix_override:/home/vdcl/Desktop/larr_project/umv_control/install/utils/lib/python3.10/site-packages:${PYTHONPATH} /usr/bin/python3 -W ignore:setup.py install is deprecated setup.py egg_info --egg-base ../../build/utils build --build-base /home/vdcl/Desktop/larr_project/umv_control/build/utils/build install --record /home/vdcl/Desktop/larr_project/umv_control/build/utils/install.log --single-version-externally-managed install_data
[4.199s] running egg_info
[4.203s] writing ../../build/utils/utils.egg-info/PKG-INFO
[4.204s] writing dependency_links to ../../build/utils/utils.egg-info/dependency_links.txt
[4.204s] writing entry points to ../../build/utils/utils.egg-info/entry_points.txt
[4.204s] writing requirements to ../../build/utils/utils.egg-info/requires.txt
[4.204s] writing top-level names to ../../build/utils/utils.egg-info/top_level.txt
[4.213s] reading manifest file '../../build/utils/utils.egg-info/SOURCES.txt'
[4.213s] adding license file 'LICENSE'
[4.218s] writing manifest file '../../build/utils/utils.egg-info/SOURCES.txt'
[4.218s] running build
[4.218s] running build_py
[4.218s] running install
[4.221s] running install_lib
[4.227s] running install_data
[4.227s] running install_egg_info
[4.233s] removing '/home/vdcl/Desktop/larr_project/umv_control/install/utils/lib/python3.10/site-packages/utils-0.0.0-py3.10.egg-info' (and everything under it)
[4.235s] Copying ../../build/utils/utils.egg-info to /home/vdcl/Desktop/larr_project/umv_control/install/utils/lib/python3.10/site-packages/utils-0.0.0-py3.10.egg-info
[4.242s] running install_scripts
[4.292s] Installing path_plotter_node script to /home/vdcl/Desktop/larr_project/umv_control/install/utils/lib/utils
[4.292s] Installing virtual_target_node script to /home/vdcl/Desktop/larr_project/umv_control/install/utils/lib/utils
[4.293s] writing list of installed files to '/home/vdcl/Desktop/larr_project/umv_control/build/utils/install.log'
[4.376s] Invoked command in '/home/vdcl/Desktop/larr_project/umv_control/src/utils' returned '0': PYTHONPATH=/home/vdcl/Desktop/larr_project/umv_control/build/utils/prefix_override:/home/vdcl/Desktop/larr_project/umv_control/install/utils/lib/python3.10/site-packages:${PYTHONPATH} /usr/bin/python3 -W ignore:setup.py install is deprecated setup.py egg_info --egg-base ../../build/utils build --build-base /home/vdcl/Desktop/larr_project/umv_control/build/utils/build install --record /home/vdcl/Desktop/larr_project/umv_control/build/utils/install.log --single-version-externally-managed install_data
