[0.171s] DEBUG:colcon:Command line arguments: ['/usr/bin/colcon', 'build']
[0.171s] DEBUG:colcon:Parsed command line arguments: Namespace(log_base=None, log_level=None, verb_name='build', build_base='build', install_base='install', merge_install=False, symlink_install=False, test_result_base=None, continue_on_error=False, executor='parallel', parallel_workers=8, event_handlers=None, ignore_user_meta=False, metas=['./colcon.meta'], base_paths=['.'], packages_ignore=None, packages_ignore_regex=None, paths=None, packages_up_to=None, packages_up_to_regex=None, packages_above=None, packages_above_and_dependencies=None, packages_above_depth=None, packages_select_by_dep=None, packages_skip_by_dep=None, packages_skip_up_to=None, packages_select_build_failed=False, packages_skip_build_finished=False, packages_select_test_failures=False, packages_skip_test_passed=False, packages_select=None, packages_skip=None, packages_select_regex=None, packages_skip_regex=None, packages_start=None, packages_end=None, allow_overriding=[], cmake_args=None, cmake_target=None, cmake_target_skip_unavailable=False, cmake_clean_cache=False, cmake_clean_first=False, cmake_force_configure=False, ament_cmake_args=None, catkin_cmake_args=None, catkin_skip_building_tests=False, mixin_files=None, mixin=None, verb_parser=<colcon_mixin.mixin.mixin_argument.MixinArgumentDecorator object at 0x72c60fb27250>, verb_extension=<colcon_core.verb.build.BuildVerb object at 0x72c60fb26da0>, main=<bound method BuildVerb.main of <colcon_core.verb.build.BuildVerb object at 0x72c60fb26da0>>, mixin_verb=('build',))
[0.547s] Level 1:colcon.colcon_core.package_discovery:discover_packages(colcon_meta) check parameters
[0.547s] Level 1:colcon.colcon_core.package_discovery:discover_packages(recursive) check parameters
[0.547s] Level 1:colcon.colcon_core.package_discovery:discover_packages(ignore) check parameters
[0.547s] Level 1:colcon.colcon_core.package_discovery:discover_packages(path) check parameters
[0.547s] Level 1:colcon.colcon_core.package_discovery:discover_packages(colcon_meta) discover
[0.547s] Level 1:colcon.colcon_core.package_discovery:discover_packages(recursive) discover
[0.547s] INFO:colcon.colcon_core.package_discovery:Crawling recursively for packages in '/home/vdcl/Desktop/larr_project/umv_control'
[0.547s] Level 1:colcon.colcon_core.package_identification:_identify(.) by extensions ['ignore', 'ignore_ament_install']
[0.547s] Level 1:colcon.colcon_core.package_identification:_identify(.) by extension 'ignore'
[0.548s] Level 1:colcon.colcon_core.package_identification:_identify(.) by extension 'ignore_ament_install'
[0.548s] Level 1:colcon.colcon_core.package_identification:_identify(.) by extensions ['colcon_pkg']
[0.548s] Level 1:colcon.colcon_core.package_identification:_identify(.) by extension 'colcon_pkg'
[0.548s] Level 1:colcon.colcon_core.package_identification:_identify(.) by extensions ['colcon_meta']
[0.548s] Level 1:colcon.colcon_core.package_identification:_identify(.) by extension 'colcon_meta'
[0.548s] Level 1:colcon.colcon_core.package_identification:_identify(.) by extensions ['ros']
[0.548s] Level 1:colcon.colcon_core.package_identification:_identify(.) by extension 'ros'
[0.576s] Level 1:colcon.colcon_core.package_identification:_identify(.) by extensions ['cmake', 'python']
[0.576s] Level 1:colcon.colcon_core.package_identification:_identify(.) by extension 'cmake'
[0.576s] Level 1:colcon.colcon_core.package_identification:_identify(.) by extension 'python'
[0.576s] Level 1:colcon.colcon_core.package_identification:_identify(.) by extensions ['python_setup_py']
[0.576s] Level 1:colcon.colcon_core.package_identification:_identify(.) by extension 'python_setup_py'
[0.576s] Level 1:colcon.colcon_core.package_identification:_identify(build) by extensions ['ignore', 'ignore_ament_install']
[0.576s] Level 1:colcon.colcon_core.package_identification:_identify(build) by extension 'ignore'
[0.576s] Level 1:colcon.colcon_core.package_identification:_identify(build) ignored
[0.577s] Level 1:colcon.colcon_core.package_identification:_identify(install) by extensions ['ignore', 'ignore_ament_install']
[0.577s] Level 1:colcon.colcon_core.package_identification:_identify(install) by extension 'ignore'
[0.577s] Level 1:colcon.colcon_core.package_identification:_identify(install) ignored
[0.577s] Level 1:colcon.colcon_core.package_identification:_identify(log) by extensions ['ignore', 'ignore_ament_install']
[0.577s] Level 1:colcon.colcon_core.package_identification:_identify(log) by extension 'ignore'
[0.577s] Level 1:colcon.colcon_core.package_identification:_identify(log) ignored
[0.577s] Level 1:colcon.colcon_core.package_identification:_identify(src) by extensions ['ignore', 'ignore_ament_install']
[0.578s] Level 1:colcon.colcon_core.package_identification:_identify(src) by extension 'ignore'
[0.578s] Level 1:colcon.colcon_core.package_identification:_identify(src) by extension 'ignore_ament_install'
[0.578s] Level 1:colcon.colcon_core.package_identification:_identify(src) by extensions ['colcon_pkg']
[0.578s] Level 1:colcon.colcon_core.package_identification:_identify(src) by extension 'colcon_pkg'
[0.578s] Level 1:colcon.colcon_core.package_identification:_identify(src) by extensions ['colcon_meta']
[0.578s] Level 1:colcon.colcon_core.package_identification:_identify(src) by extension 'colcon_meta'
[0.578s] Level 1:colcon.colcon_core.package_identification:_identify(src) by extensions ['ros']
[0.578s] Level 1:colcon.colcon_core.package_identification:_identify(src) by extension 'ros'
[0.578s] Level 1:colcon.colcon_core.package_identification:_identify(src) by extensions ['cmake', 'python']
[0.578s] Level 1:colcon.colcon_core.package_identification:_identify(src) by extension 'cmake'
[0.578s] Level 1:colcon.colcon_core.package_identification:_identify(src) by extension 'python'
[0.578s] Level 1:colcon.colcon_core.package_identification:_identify(src) by extensions ['python_setup_py']
[0.578s] Level 1:colcon.colcon_core.package_identification:_identify(src) by extension 'python_setup_py'
[0.579s] Level 1:colcon.colcon_core.package_identification:_identify(src/global_path) by extensions ['ignore', 'ignore_ament_install']
[0.579s] Level 1:colcon.colcon_core.package_identification:_identify(src/global_path) by extension 'ignore'
[0.579s] Level 1:colcon.colcon_core.package_identification:_identify(src/global_path) by extension 'ignore_ament_install'
[0.579s] Level 1:colcon.colcon_core.package_identification:_identify(src/global_path) by extensions ['colcon_pkg']
[0.579s] Level 1:colcon.colcon_core.package_identification:_identify(src/global_path) by extension 'colcon_pkg'
[0.579s] Level 1:colcon.colcon_core.package_identification:_identify(src/global_path) by extensions ['colcon_meta']
[0.579s] Level 1:colcon.colcon_core.package_identification:_identify(src/global_path) by extension 'colcon_meta'
[0.579s] Level 1:colcon.colcon_core.package_identification:_identify(src/global_path) by extensions ['ros']
[0.579s] Level 1:colcon.colcon_core.package_identification:_identify(src/global_path) by extension 'ros'
[0.584s] DEBUG:colcon.colcon_core.package_identification:Package 'src/global_path' with type 'ros.ament_python' and name 'global_path'
[0.584s] Level 1:colcon.colcon_core.package_identification:_identify(src/host_vehicle_filter) by extensions ['ignore', 'ignore_ament_install']
[0.584s] Level 1:colcon.colcon_core.package_identification:_identify(src/host_vehicle_filter) by extension 'ignore'
[0.584s] Level 1:colcon.colcon_core.package_identification:_identify(src/host_vehicle_filter) by extension 'ignore_ament_install'
[0.584s] Level 1:colcon.colcon_core.package_identification:_identify(src/host_vehicle_filter) by extensions ['colcon_pkg']
[0.584s] Level 1:colcon.colcon_core.package_identification:_identify(src/host_vehicle_filter) by extension 'colcon_pkg'
[0.584s] Level 1:colcon.colcon_core.package_identification:_identify(src/host_vehicle_filter) by extensions ['colcon_meta']
[0.585s] Level 1:colcon.colcon_core.package_identification:_identify(src/host_vehicle_filter) by extension 'colcon_meta'
[0.585s] Level 1:colcon.colcon_core.package_identification:_identify(src/host_vehicle_filter) by extensions ['ros']
[0.585s] Level 1:colcon.colcon_core.package_identification:_identify(src/host_vehicle_filter) by extension 'ros'
[0.586s] DEBUG:colcon.colcon_core.package_identification:Package 'src/host_vehicle_filter' with type 'ros.ament_python' and name 'host_vehicle_filter'
[0.586s] Level 1:colcon.colcon_core.package_identification:_identify(src/lower_controller) by extensions ['ignore', 'ignore_ament_install']
[0.586s] Level 1:colcon.colcon_core.package_identification:_identify(src/lower_controller) by extension 'ignore'
[0.586s] Level 1:colcon.colcon_core.package_identification:_identify(src/lower_controller) by extension 'ignore_ament_install'
[0.586s] Level 1:colcon.colcon_core.package_identification:_identify(src/lower_controller) by extensions ['colcon_pkg']
[0.587s] Level 1:colcon.colcon_core.package_identification:_identify(src/lower_controller) by extension 'colcon_pkg'
[0.587s] Level 1:colcon.colcon_core.package_identification:_identify(src/lower_controller) by extensions ['colcon_meta']
[0.587s] Level 1:colcon.colcon_core.package_identification:_identify(src/lower_controller) by extension 'colcon_meta'
[0.587s] Level 1:colcon.colcon_core.package_identification:_identify(src/lower_controller) by extensions ['ros']
[0.587s] Level 1:colcon.colcon_core.package_identification:_identify(src/lower_controller) by extension 'ros'
[0.588s] DEBUG:colcon.colcon_core.package_identification:Package 'src/lower_controller' with type 'ros.ament_python' and name 'lower_controller'
[0.588s] Level 1:colcon.colcon_core.package_identification:_identify(src/motion_planner) by extensions ['ignore', 'ignore_ament_install']
[0.589s] Level 1:colcon.colcon_core.package_identification:_identify(src/motion_planner) by extension 'ignore'
[0.589s] Level 1:colcon.colcon_core.package_identification:_identify(src/motion_planner) by extension 'ignore_ament_install'
[0.589s] Level 1:colcon.colcon_core.package_identification:_identify(src/motion_planner) by extensions ['colcon_pkg']
[0.589s] Level 1:colcon.colcon_core.package_identification:_identify(src/motion_planner) by extension 'colcon_pkg'
[0.589s] Level 1:colcon.colcon_core.package_identification:_identify(src/motion_planner) by extensions ['colcon_meta']
[0.589s] Level 1:colcon.colcon_core.package_identification:_identify(src/motion_planner) by extension 'colcon_meta'
[0.589s] Level 1:colcon.colcon_core.package_identification:_identify(src/motion_planner) by extensions ['ros']
[0.589s] Level 1:colcon.colcon_core.package_identification:_identify(src/motion_planner) by extension 'ros'
[0.590s] DEBUG:colcon.colcon_core.package_identification:Package 'src/motion_planner' with type 'ros.ament_python' and name 'motion_planner'
[0.590s] Level 1:colcon.colcon_core.package_identification:_identify(src/mppi) by extensions ['ignore', 'ignore_ament_install']
[0.591s] Level 1:colcon.colcon_core.package_identification:_identify(src/mppi) by extension 'ignore'
[0.591s] Level 1:colcon.colcon_core.package_identification:_identify(src/mppi) by extension 'ignore_ament_install'
[0.591s] Level 1:colcon.colcon_core.package_identification:_identify(src/mppi) by extensions ['colcon_pkg']
[0.591s] Level 1:colcon.colcon_core.package_identification:_identify(src/mppi) by extension 'colcon_pkg'
[0.591s] Level 1:colcon.colcon_core.package_identification:_identify(src/mppi) by extensions ['colcon_meta']
[0.591s] Level 1:colcon.colcon_core.package_identification:_identify(src/mppi) by extension 'colcon_meta'
[0.591s] Level 1:colcon.colcon_core.package_identification:_identify(src/mppi) by extensions ['ros']
[0.591s] Level 1:colcon.colcon_core.package_identification:_identify(src/mppi) by extension 'ros'
[0.592s] DEBUG:colcon.colcon_core.package_identification:Package 'src/mppi' with type 'ros.ament_cmake' and name 'mppi'
[0.593s] Level 1:colcon.colcon_core.package_identification:_identify(src/umv_msgs) by extensions ['ignore', 'ignore_ament_install']
[0.593s] Level 1:colcon.colcon_core.package_identification:_identify(src/umv_msgs) by extension 'ignore'
[0.593s] Level 1:colcon.colcon_core.package_identification:_identify(src/umv_msgs) by extension 'ignore_ament_install'
[0.593s] Level 1:colcon.colcon_core.package_identification:_identify(src/umv_msgs) by extensions ['colcon_pkg']
[0.593s] Level 1:colcon.colcon_core.package_identification:_identify(src/umv_msgs) by extension 'colcon_pkg'
[0.593s] Level 1:colcon.colcon_core.package_identification:_identify(src/umv_msgs) by extensions ['colcon_meta']
[0.593s] Level 1:colcon.colcon_core.package_identification:_identify(src/umv_msgs) by extension 'colcon_meta'
[0.593s] Level 1:colcon.colcon_core.package_identification:_identify(src/umv_msgs) by extensions ['ros']
[0.593s] Level 1:colcon.colcon_core.package_identification:_identify(src/umv_msgs) by extension 'ros'
[0.595s] DEBUG:colcon.colcon_core.package_identification:Package 'src/umv_msgs' with type 'ros.ament_cmake' and name 'umv_msgs'
[0.595s] Level 1:colcon.colcon_core.package_identification:_identify(src/utils) by extensions ['ignore', 'ignore_ament_install']
[0.595s] Level 1:colcon.colcon_core.package_identification:_identify(src/utils) by extension 'ignore'
[0.595s] Level 1:colcon.colcon_core.package_identification:_identify(src/utils) by extension 'ignore_ament_install'
[0.595s] Level 1:colcon.colcon_core.package_identification:_identify(src/utils) by extensions ['colcon_pkg']
[0.595s] Level 1:colcon.colcon_core.package_identification:_identify(src/utils) by extension 'colcon_pkg'
[0.595s] Level 1:colcon.colcon_core.package_identification:_identify(src/utils) by extensions ['colcon_meta']
[0.595s] Level 1:colcon.colcon_core.package_identification:_identify(src/utils) by extension 'colcon_meta'
[0.595s] Level 1:colcon.colcon_core.package_identification:_identify(src/utils) by extensions ['ros']
[0.595s] Level 1:colcon.colcon_core.package_identification:_identify(src/utils) by extension 'ros'
[0.596s] DEBUG:colcon.colcon_core.package_identification:Package 'src/utils' with type 'ros.ament_python' and name 'utils'
[0.596s] Level 1:colcon.colcon_core.package_discovery:discover_packages(recursive) using defaults
[0.596s] Level 1:colcon.colcon_core.package_discovery:discover_packages(ignore) discover
[0.596s] Level 1:colcon.colcon_core.package_discovery:discover_packages(ignore) using defaults
[0.596s] Level 1:colcon.colcon_core.package_discovery:discover_packages(path) discover
[0.596s] Level 1:colcon.colcon_core.package_discovery:discover_packages(path) using defaults
[0.626s] Level 1:colcon.colcon_core.package_discovery:discover_packages(prefix_path) check parameters
[0.626s] Level 1:colcon.colcon_core.package_discovery:discover_packages(prefix_path) discover
[0.628s] DEBUG:colcon.colcon_installed_package_information.package_discovery:Found 2 installed packages in /home/vdcl/Desktop/larr_project/AirSim/ros2/install
[0.629s] DEBUG:colcon.colcon_installed_package_information.package_discovery:Found 7 installed packages in /home/vdcl/Desktop/larr_project/umv_control/install
[0.631s] DEBUG:colcon.colcon_installed_package_information.package_discovery:Found 204 installed packages in /opt/ros/humble
[0.633s] Level 1:colcon.colcon_core.package_discovery:discover_packages(prefix_path) using defaults
[0.765s] Level 5:colcon.colcon_core.verb:set package 'motion_planner' build argument 'cmake_args' from command line to 'None'
[0.765s] Level 5:colcon.colcon_core.verb:set package 'motion_planner' build argument 'cmake_target' from command line to 'None'
[0.765s] Level 5:colcon.colcon_core.verb:set package 'motion_planner' build argument 'cmake_target_skip_unavailable' from command line to 'False'
[0.765s] Level 5:colcon.colcon_core.verb:set package 'motion_planner' build argument 'cmake_clean_cache' from command line to 'False'
[0.765s] Level 5:colcon.colcon_core.verb:set package 'motion_planner' build argument 'cmake_clean_first' from command line to 'False'
[0.765s] Level 5:colcon.colcon_core.verb:set package 'motion_planner' build argument 'cmake_force_configure' from command line to 'False'
[0.765s] Level 5:colcon.colcon_core.verb:set package 'motion_planner' build argument 'ament_cmake_args' from command line to 'None'
[0.765s] Level 5:colcon.colcon_core.verb:set package 'motion_planner' build argument 'catkin_cmake_args' from command line to 'None'
[0.765s] Level 5:colcon.colcon_core.verb:set package 'motion_planner' build argument 'catkin_skip_building_tests' from command line to 'False'
[0.766s] DEBUG:colcon.colcon_core.verb:Building package 'motion_planner' with the following arguments: {'ament_cmake_args': None, 'build_base': '/home/vdcl/Desktop/larr_project/umv_control/build/motion_planner', 'catkin_cmake_args': None, 'catkin_skip_building_tests': False, 'cmake_args': None, 'cmake_clean_cache': False, 'cmake_clean_first': False, 'cmake_force_configure': False, 'cmake_target': None, 'cmake_target_skip_unavailable': False, 'install_base': '/home/vdcl/Desktop/larr_project/umv_control/install/motion_planner', 'merge_install': False, 'path': '/home/vdcl/Desktop/larr_project/umv_control/src/motion_planner', 'symlink_install': False, 'test_result_base': None}
[0.766s] Level 5:colcon.colcon_core.verb:set package 'umv_msgs' build argument 'cmake_args' from command line to 'None'
[0.766s] Level 5:colcon.colcon_core.verb:set package 'umv_msgs' build argument 'cmake_target' from command line to 'None'
[0.766s] Level 5:colcon.colcon_core.verb:set package 'umv_msgs' build argument 'cmake_target_skip_unavailable' from command line to 'False'
[0.766s] Level 5:colcon.colcon_core.verb:set package 'umv_msgs' build argument 'cmake_clean_cache' from command line to 'False'
[0.766s] Level 5:colcon.colcon_core.verb:set package 'umv_msgs' build argument 'cmake_clean_first' from command line to 'False'
[0.766s] Level 5:colcon.colcon_core.verb:set package 'umv_msgs' build argument 'cmake_force_configure' from command line to 'False'
[0.766s] Level 5:colcon.colcon_core.verb:set package 'umv_msgs' build argument 'ament_cmake_args' from command line to 'None'
[0.767s] Level 5:colcon.colcon_core.verb:set package 'umv_msgs' build argument 'catkin_cmake_args' from command line to 'None'
[0.767s] Level 5:colcon.colcon_core.verb:set package 'umv_msgs' build argument 'catkin_skip_building_tests' from command line to 'False'
[0.767s] DEBUG:colcon.colcon_core.verb:Building package 'umv_msgs' with the following arguments: {'ament_cmake_args': None, 'build_base': '/home/vdcl/Desktop/larr_project/umv_control/build/umv_msgs', 'catkin_cmake_args': None, 'catkin_skip_building_tests': False, 'cmake_args': None, 'cmake_clean_cache': False, 'cmake_clean_first': False, 'cmake_force_configure': False, 'cmake_target': None, 'cmake_target_skip_unavailable': False, 'install_base': '/home/vdcl/Desktop/larr_project/umv_control/install/umv_msgs', 'merge_install': False, 'path': '/home/vdcl/Desktop/larr_project/umv_control/src/umv_msgs', 'symlink_install': False, 'test_result_base': None}
[0.767s] Level 5:colcon.colcon_core.verb:set package 'utils' build argument 'cmake_args' from command line to 'None'
[0.767s] Level 5:colcon.colcon_core.verb:set package 'utils' build argument 'cmake_target' from command line to 'None'
[0.767s] Level 5:colcon.colcon_core.verb:set package 'utils' build argument 'cmake_target_skip_unavailable' from command line to 'False'
[0.767s] Level 5:colcon.colcon_core.verb:set package 'utils' build argument 'cmake_clean_cache' from command line to 'False'
[0.767s] Level 5:colcon.colcon_core.verb:set package 'utils' build argument 'cmake_clean_first' from command line to 'False'
[0.767s] Level 5:colcon.colcon_core.verb:set package 'utils' build argument 'cmake_force_configure' from command line to 'False'
[0.767s] Level 5:colcon.colcon_core.verb:set package 'utils' build argument 'ament_cmake_args' from command line to 'None'
[0.767s] Level 5:colcon.colcon_core.verb:set package 'utils' build argument 'catkin_cmake_args' from command line to 'None'
[0.767s] Level 5:colcon.colcon_core.verb:set package 'utils' build argument 'catkin_skip_building_tests' from command line to 'False'
[0.768s] DEBUG:colcon.colcon_core.verb:Building package 'utils' with the following arguments: {'ament_cmake_args': None, 'build_base': '/home/vdcl/Desktop/larr_project/umv_control/build/utils', 'catkin_cmake_args': None, 'catkin_skip_building_tests': False, 'cmake_args': None, 'cmake_clean_cache': False, 'cmake_clean_first': False, 'cmake_force_configure': False, 'cmake_target': None, 'cmake_target_skip_unavailable': False, 'install_base': '/home/vdcl/Desktop/larr_project/umv_control/install/utils', 'merge_install': False, 'path': '/home/vdcl/Desktop/larr_project/umv_control/src/utils', 'symlink_install': False, 'test_result_base': None}
[0.768s] Level 5:colcon.colcon_core.verb:set package 'global_path' build argument 'cmake_args' from command line to 'None'
[0.768s] Level 5:colcon.colcon_core.verb:set package 'global_path' build argument 'cmake_target' from command line to 'None'
[0.768s] Level 5:colcon.colcon_core.verb:set package 'global_path' build argument 'cmake_target_skip_unavailable' from command line to 'False'
[0.768s] Level 5:colcon.colcon_core.verb:set package 'global_path' build argument 'cmake_clean_cache' from command line to 'False'
[0.768s] Level 5:colcon.colcon_core.verb:set package 'global_path' build argument 'cmake_clean_first' from command line to 'False'
[0.768s] Level 5:colcon.colcon_core.verb:set package 'global_path' build argument 'cmake_force_configure' from command line to 'False'
[0.768s] Level 5:colcon.colcon_core.verb:set package 'global_path' build argument 'ament_cmake_args' from command line to 'None'
[0.768s] Level 5:colcon.colcon_core.verb:set package 'global_path' build argument 'catkin_cmake_args' from command line to 'None'
[0.768s] Level 5:colcon.colcon_core.verb:set package 'global_path' build argument 'catkin_skip_building_tests' from command line to 'False'
[0.768s] DEBUG:colcon.colcon_core.verb:Building package 'global_path' with the following arguments: {'ament_cmake_args': None, 'build_base': '/home/vdcl/Desktop/larr_project/umv_control/build/global_path', 'catkin_cmake_args': None, 'catkin_skip_building_tests': False, 'cmake_args': None, 'cmake_clean_cache': False, 'cmake_clean_first': False, 'cmake_force_configure': False, 'cmake_target': None, 'cmake_target_skip_unavailable': False, 'install_base': '/home/vdcl/Desktop/larr_project/umv_control/install/global_path', 'merge_install': False, 'path': '/home/vdcl/Desktop/larr_project/umv_control/src/global_path', 'symlink_install': False, 'test_result_base': None}
[0.769s] Level 5:colcon.colcon_core.verb:set package 'host_vehicle_filter' build argument 'cmake_args' from command line to 'None'
[0.769s] Level 5:colcon.colcon_core.verb:set package 'host_vehicle_filter' build argument 'cmake_target' from command line to 'None'
[0.769s] Level 5:colcon.colcon_core.verb:set package 'host_vehicle_filter' build argument 'cmake_target_skip_unavailable' from command line to 'False'
[0.769s] Level 5:colcon.colcon_core.verb:set package 'host_vehicle_filter' build argument 'cmake_clean_cache' from command line to 'False'
[0.769s] Level 5:colcon.colcon_core.verb:set package 'host_vehicle_filter' build argument 'cmake_clean_first' from command line to 'False'
[0.769s] Level 5:colcon.colcon_core.verb:set package 'host_vehicle_filter' build argument 'cmake_force_configure' from command line to 'False'
[0.769s] Level 5:colcon.colcon_core.verb:set package 'host_vehicle_filter' build argument 'ament_cmake_args' from command line to 'None'
[0.769s] Level 5:colcon.colcon_core.verb:set package 'host_vehicle_filter' build argument 'catkin_cmake_args' from command line to 'None'
[0.769s] Level 5:colcon.colcon_core.verb:set package 'host_vehicle_filter' build argument 'catkin_skip_building_tests' from command line to 'False'
[0.769s] DEBUG:colcon.colcon_core.verb:Building package 'host_vehicle_filter' with the following arguments: {'ament_cmake_args': None, 'build_base': '/home/vdcl/Desktop/larr_project/umv_control/build/host_vehicle_filter', 'catkin_cmake_args': None, 'catkin_skip_building_tests': False, 'cmake_args': None, 'cmake_clean_cache': False, 'cmake_clean_first': False, 'cmake_force_configure': False, 'cmake_target': None, 'cmake_target_skip_unavailable': False, 'install_base': '/home/vdcl/Desktop/larr_project/umv_control/install/host_vehicle_filter', 'merge_install': False, 'path': '/home/vdcl/Desktop/larr_project/umv_control/src/host_vehicle_filter', 'symlink_install': False, 'test_result_base': None}
[0.770s] Level 5:colcon.colcon_core.verb:set package 'lower_controller' build argument 'cmake_args' from command line to 'None'
[0.770s] Level 5:colcon.colcon_core.verb:set package 'lower_controller' build argument 'cmake_target' from command line to 'None'
[0.770s] Level 5:colcon.colcon_core.verb:set package 'lower_controller' build argument 'cmake_target_skip_unavailable' from command line to 'False'
[0.770s] Level 5:colcon.colcon_core.verb:set package 'lower_controller' build argument 'cmake_clean_cache' from command line to 'False'
[0.770s] Level 5:colcon.colcon_core.verb:set package 'lower_controller' build argument 'cmake_clean_first' from command line to 'False'
[0.770s] Level 5:colcon.colcon_core.verb:set package 'lower_controller' build argument 'cmake_force_configure' from command line to 'False'
[0.770s] Level 5:colcon.colcon_core.verb:set package 'lower_controller' build argument 'ament_cmake_args' from command line to 'None'
[0.770s] Level 5:colcon.colcon_core.verb:set package 'lower_controller' build argument 'catkin_cmake_args' from command line to 'None'
[0.770s] Level 5:colcon.colcon_core.verb:set package 'lower_controller' build argument 'catkin_skip_building_tests' from command line to 'False'
[0.770s] DEBUG:colcon.colcon_core.verb:Building package 'lower_controller' with the following arguments: {'ament_cmake_args': None, 'build_base': '/home/vdcl/Desktop/larr_project/umv_control/build/lower_controller', 'catkin_cmake_args': None, 'catkin_skip_building_tests': False, 'cmake_args': None, 'cmake_clean_cache': False, 'cmake_clean_first': False, 'cmake_force_configure': False, 'cmake_target': None, 'cmake_target_skip_unavailable': False, 'install_base': '/home/vdcl/Desktop/larr_project/umv_control/install/lower_controller', 'merge_install': False, 'path': '/home/vdcl/Desktop/larr_project/umv_control/src/lower_controller', 'symlink_install': False, 'test_result_base': None}
[0.770s] Level 5:colcon.colcon_core.verb:set package 'mppi' build argument 'cmake_args' from command line to 'None'
[0.770s] Level 5:colcon.colcon_core.verb:set package 'mppi' build argument 'cmake_target' from command line to 'None'
[0.770s] Level 5:colcon.colcon_core.verb:set package 'mppi' build argument 'cmake_target_skip_unavailable' from command line to 'False'
[0.770s] Level 5:colcon.colcon_core.verb:set package 'mppi' build argument 'cmake_clean_cache' from command line to 'False'
[0.771s] Level 5:colcon.colcon_core.verb:set package 'mppi' build argument 'cmake_clean_first' from command line to 'False'
[0.771s] Level 5:colcon.colcon_core.verb:set package 'mppi' build argument 'cmake_force_configure' from command line to 'False'
[0.771s] Level 5:colcon.colcon_core.verb:set package 'mppi' build argument 'ament_cmake_args' from command line to 'None'
[0.771s] Level 5:colcon.colcon_core.verb:set package 'mppi' build argument 'catkin_cmake_args' from command line to 'None'
[0.771s] Level 5:colcon.colcon_core.verb:set package 'mppi' build argument 'catkin_skip_building_tests' from command line to 'False'
[0.771s] DEBUG:colcon.colcon_core.verb:Building package 'mppi' with the following arguments: {'ament_cmake_args': None, 'build_base': '/home/vdcl/Desktop/larr_project/umv_control/build/mppi', 'catkin_cmake_args': None, 'catkin_skip_building_tests': False, 'cmake_args': None, 'cmake_clean_cache': False, 'cmake_clean_first': False, 'cmake_force_configure': False, 'cmake_target': None, 'cmake_target_skip_unavailable': False, 'install_base': '/home/vdcl/Desktop/larr_project/umv_control/install/mppi', 'merge_install': False, 'path': '/home/vdcl/Desktop/larr_project/umv_control/src/mppi', 'symlink_install': False, 'test_result_base': None}
[0.771s] INFO:colcon.colcon_core.executor:Executing jobs using 'parallel' executor
[0.772s] DEBUG:colcon.colcon_parallel_executor.executor.parallel:run_until_complete
[0.773s] INFO:colcon.colcon_ros.task.ament_cmake.build:Building ROS package in '/home/vdcl/Desktop/larr_project/umv_control/src/umv_msgs' with build type 'ament_cmake'
[0.773s] INFO:colcon.colcon_cmake.task.cmake.build:Building CMake package in '/home/vdcl/Desktop/larr_project/umv_control/src/umv_msgs'
[0.776s] INFO:colcon.colcon_core.plugin_system:Skipping extension 'colcon_core.shell.bat': Not used on non-Windows systems
[0.776s] INFO:colcon.colcon_core.shell:Skip shell extension 'powershell' for command environment: Not usable outside of PowerShell
[0.777s] DEBUG:colcon.colcon_core.shell:Skip shell extension 'dsv' for command environment
[0.781s] INFO:colcon.colcon_ros.task.ament_python.build:Building ROS package in '/home/vdcl/Desktop/larr_project/umv_control/src/motion_planner' with build type 'ament_python'
[0.781s] Level 1:colcon.colcon_core.shell:create_environment_hook('motion_planner', 'ament_prefix_path')
[0.782s] INFO:colcon.colcon_core.shell:Creating environment hook '/home/vdcl/Desktop/larr_project/umv_control/install/motion_planner/share/motion_planner/hook/ament_prefix_path.ps1'
[0.783s] INFO:colcon.colcon_core.shell:Creating environment descriptor '/home/vdcl/Desktop/larr_project/umv_control/install/motion_planner/share/motion_planner/hook/ament_prefix_path.dsv'
[0.784s] INFO:colcon.colcon_core.shell:Creating environment hook '/home/vdcl/Desktop/larr_project/umv_control/install/motion_planner/share/motion_planner/hook/ament_prefix_path.sh'
[0.787s] INFO:colcon.colcon_core.shell:Skip shell extension 'powershell' for command environment: Not usable outside of PowerShell
[0.794s] DEBUG:colcon.colcon_core.shell:Skip shell extension 'dsv' for command environment
[0.800s] INFO:colcon.colcon_ros.task.ament_python.build:Building ROS package in '/home/vdcl/Desktop/larr_project/umv_control/src/utils' with build type 'ament_python'
[0.801s] Level 1:colcon.colcon_core.shell:create_environment_hook('utils', 'ament_prefix_path')
[0.801s] INFO:colcon.colcon_core.shell:Creating environment hook '/home/vdcl/Desktop/larr_project/umv_control/install/utils/share/utils/hook/ament_prefix_path.ps1'
[0.802s] INFO:colcon.colcon_core.shell:Creating environment descriptor '/home/vdcl/Desktop/larr_project/umv_control/install/utils/share/utils/hook/ament_prefix_path.dsv'
[0.802s] INFO:colcon.colcon_core.shell:Creating environment hook '/home/vdcl/Desktop/larr_project/umv_control/install/utils/share/utils/hook/ament_prefix_path.sh'
[0.803s] INFO:colcon.colcon_core.shell:Skip shell extension 'powershell' for command environment: Not usable outside of PowerShell
[0.803s] DEBUG:colcon.colcon_core.shell:Skip shell extension 'dsv' for command environment
[0.832s] DEBUG:colcon.colcon_core.event_handler.log_command:Invoking command in '/home/vdcl/Desktop/larr_project/umv_control/build/umv_msgs': CMAKE_PREFIX_PATH=${CMAKE_PREFIX_PATH}:/home/vdcl/Desktop/larr_project/umv_control/install/utils:/home/vdcl/Desktop/larr_project/umv_control/install/lower_controller:/home/vdcl/Desktop/larr_project/umv_control/install/host_vehicle_filter:/home/vdcl/Desktop/larr_project/umv_control/install/global_path:/home/vdcl/Desktop/larr_project/umv_control/install/motion_planner:/opt/ros/humble /usr/bin/cmake --build /home/vdcl/Desktop/larr_project/umv_control/build/umv_msgs -- -j8 -l8
[1.723s] INFO:colcon.colcon_core.task.python.build:Building Python package in '/home/vdcl/Desktop/larr_project/umv_control/src/motion_planner'
[1.724s] INFO:colcon.colcon_core.shell:Skip shell extension 'powershell' for command environment: Not usable outside of PowerShell
[1.724s] DEBUG:colcon.colcon_core.shell:Skip shell extension 'dsv' for command environment
[2.392s] INFO:colcon.colcon_core.task.python.build:Building Python package in '/home/vdcl/Desktop/larr_project/umv_control/src/utils'
[2.393s] INFO:colcon.colcon_core.shell:Skip shell extension 'powershell' for command environment: Not usable outside of PowerShell
[2.393s] DEBUG:colcon.colcon_core.shell:Skip shell extension 'dsv' for command environment
[2.524s] DEBUG:colcon.colcon_core.event_handler.log_command:Invoked command in '/home/vdcl/Desktop/larr_project/umv_control/build/umv_msgs' returned '0': CMAKE_PREFIX_PATH=${CMAKE_PREFIX_PATH}:/home/vdcl/Desktop/larr_project/umv_control/install/utils:/home/vdcl/Desktop/larr_project/umv_control/install/lower_controller:/home/vdcl/Desktop/larr_project/umv_control/install/host_vehicle_filter:/home/vdcl/Desktop/larr_project/umv_control/install/global_path:/home/vdcl/Desktop/larr_project/umv_control/install/motion_planner:/opt/ros/humble /usr/bin/cmake --build /home/vdcl/Desktop/larr_project/umv_control/build/umv_msgs -- -j8 -l8
[3.179s] DEBUG:colcon.colcon_core.event_handler.log_command:Invoking command in '/home/vdcl/Desktop/larr_project/umv_control/build/umv_msgs': CMAKE_PREFIX_PATH=${CMAKE_PREFIX_PATH}:/home/vdcl/Desktop/larr_project/umv_control/install/utils:/home/vdcl/Desktop/larr_project/umv_control/install/lower_controller:/home/vdcl/Desktop/larr_project/umv_control/install/host_vehicle_filter:/home/vdcl/Desktop/larr_project/umv_control/install/global_path:/home/vdcl/Desktop/larr_project/umv_control/install/motion_planner:/opt/ros/humble /usr/bin/cmake --install /home/vdcl/Desktop/larr_project/umv_control/build/umv_msgs
[3.453s] Level 1:colcon.colcon_core.environment:create_environment_scripts_only(umv_msgs)
[3.458s] DEBUG:colcon.colcon_core.event_handler.log_command:Invoked command in '/home/vdcl/Desktop/larr_project/umv_control/build/umv_msgs' returned '0': CMAKE_PREFIX_PATH=${CMAKE_PREFIX_PATH}:/home/vdcl/Desktop/larr_project/umv_control/install/utils:/home/vdcl/Desktop/larr_project/umv_control/install/lower_controller:/home/vdcl/Desktop/larr_project/umv_control/install/host_vehicle_filter:/home/vdcl/Desktop/larr_project/umv_control/install/global_path:/home/vdcl/Desktop/larr_project/umv_control/install/motion_planner:/opt/ros/humble /usr/bin/cmake --install /home/vdcl/Desktop/larr_project/umv_control/build/umv_msgs
[3.473s] Level 1:colcon.colcon_core.environment:checking '/home/vdcl/Desktop/larr_project/umv_control/install/umv_msgs' for CMake module files
[3.478s] Level 1:colcon.colcon_core.environment:checking '/home/vdcl/Desktop/larr_project/umv_control/install/umv_msgs' for CMake config files
[3.480s] Level 1:colcon.colcon_core.shell:create_environment_hook('umv_msgs', 'cmake_prefix_path')
[3.481s] INFO:colcon.colcon_core.shell:Creating environment hook '/home/vdcl/Desktop/larr_project/umv_control/install/umv_msgs/share/umv_msgs/hook/cmake_prefix_path.ps1'
[3.482s] INFO:colcon.colcon_core.shell:Creating environment descriptor '/home/vdcl/Desktop/larr_project/umv_control/install/umv_msgs/share/umv_msgs/hook/cmake_prefix_path.dsv'
[3.482s] INFO:colcon.colcon_core.shell:Creating environment hook '/home/vdcl/Desktop/larr_project/umv_control/install/umv_msgs/share/umv_msgs/hook/cmake_prefix_path.sh'
[3.483s] Level 1:colcon.colcon_core.environment:checking '/home/vdcl/Desktop/larr_project/umv_control/install/umv_msgs/lib'
[3.484s] Level 1:colcon.colcon_core.shell:create_environment_hook('umv_msgs', 'ld_library_path_lib')
[3.484s] INFO:colcon.colcon_core.shell:Creating environment hook '/home/vdcl/Desktop/larr_project/umv_control/install/umv_msgs/share/umv_msgs/hook/ld_library_path_lib.ps1'
[3.484s] INFO:colcon.colcon_core.shell:Creating environment descriptor '/home/vdcl/Desktop/larr_project/umv_control/install/umv_msgs/share/umv_msgs/hook/ld_library_path_lib.dsv'
[3.611s] INFO:colcon.colcon_core.shell:Creating environment hook '/home/vdcl/Desktop/larr_project/umv_control/install/umv_msgs/share/umv_msgs/hook/ld_library_path_lib.sh'
[3.613s] Level 1:colcon.colcon_core.environment:checking '/home/vdcl/Desktop/larr_project/umv_control/install/umv_msgs/bin'
[3.613s] Level 1:colcon.colcon_core.environment:checking '/home/vdcl/Desktop/larr_project/umv_control/install/umv_msgs/lib/pkgconfig/umv_msgs.pc'
[3.613s] Level 1:colcon.colcon_core.environment:checking '/home/vdcl/Desktop/larr_project/umv_control/install/umv_msgs/lib/python3.10/site-packages'
[3.614s] Level 1:colcon.colcon_core.environment:checking '/home/vdcl/Desktop/larr_project/umv_control/install/umv_msgs/bin'
[3.614s] INFO:colcon.colcon_core.shell:Creating package script '/home/vdcl/Desktop/larr_project/umv_control/install/umv_msgs/share/umv_msgs/package.ps1'
[3.616s] INFO:colcon.colcon_core.shell:Creating package descriptor '/home/vdcl/Desktop/larr_project/umv_control/install/umv_msgs/share/umv_msgs/package.dsv'
[3.617s] INFO:colcon.colcon_core.shell:Creating package script '/home/vdcl/Desktop/larr_project/umv_control/install/umv_msgs/share/umv_msgs/package.sh'
[3.705s] INFO:colcon.colcon_core.shell:Creating package script '/home/vdcl/Desktop/larr_project/umv_control/install/umv_msgs/share/umv_msgs/package.bash'
[3.728s] INFO:colcon.colcon_core.shell:Creating package script '/home/vdcl/Desktop/larr_project/umv_control/install/umv_msgs/share/umv_msgs/package.zsh'
[3.731s] Level 1:colcon.colcon_core.environment:create_file_with_runtime_dependencies(/home/vdcl/Desktop/larr_project/umv_control/install/umv_msgs/share/colcon-core/packages/umv_msgs)
[3.744s] DEBUG:colcon.colcon_core.event_handler.log_command:Invoking command in '/home/vdcl/Desktop/larr_project/umv_control/src/utils': PYTHONPATH=/home/vdcl/Desktop/larr_project/umv_control/build/utils/prefix_override:/home/vdcl/Desktop/larr_project/umv_control/install/utils/lib/python3.10/site-packages:${PYTHONPATH} /usr/bin/python3 -W ignore:setup.py install is deprecated setup.py egg_info --egg-base ../../build/utils build --build-base /home/vdcl/Desktop/larr_project/umv_control/build/utils/build install --record /home/vdcl/Desktop/larr_project/umv_control/build/utils/install.log --single-version-externally-managed install_data
[3.758s] DEBUG:colcon.colcon_core.event_handler.log_command:Invoking command in '/home/vdcl/Desktop/larr_project/umv_control/src/motion_planner': PYTHONPATH=/home/vdcl/Desktop/larr_project/umv_control/build/motion_planner/prefix_override:/home/vdcl/Desktop/larr_project/umv_control/install/motion_planner/lib/python3.10/site-packages:${PYTHONPATH} /usr/bin/python3 -W ignore:setup.py install is deprecated setup.py egg_info --egg-base ../../build/motion_planner build --build-base /home/vdcl/Desktop/larr_project/umv_control/build/motion_planner/build install --record /home/vdcl/Desktop/larr_project/umv_control/build/motion_planner/install.log --single-version-externally-managed install_data
[4.388s] Level 1:colcon.colcon_core.environment:create_environment_scripts_only(umv_msgs)
[4.389s] Level 1:colcon.colcon_core.environment:checking '/home/vdcl/Desktop/larr_project/umv_control/install/umv_msgs' for CMake module files
[4.391s] Level 1:colcon.colcon_core.environment:checking '/home/vdcl/Desktop/larr_project/umv_control/install/umv_msgs' for CMake config files
[4.393s] Level 1:colcon.colcon_core.shell:create_environment_hook('umv_msgs', 'cmake_prefix_path')
[4.393s] INFO:colcon.colcon_core.shell:Creating environment hook '/home/vdcl/Desktop/larr_project/umv_control/install/umv_msgs/share/umv_msgs/hook/cmake_prefix_path.ps1'
[4.466s] INFO:colcon.colcon_core.shell:Creating environment descriptor '/home/vdcl/Desktop/larr_project/umv_control/install/umv_msgs/share/umv_msgs/hook/cmake_prefix_path.dsv'
[4.550s] INFO:colcon.colcon_core.shell:Creating environment hook '/home/vdcl/Desktop/larr_project/umv_control/install/umv_msgs/share/umv_msgs/hook/cmake_prefix_path.sh'
[4.551s] Level 1:colcon.colcon_core.environment:checking '/home/vdcl/Desktop/larr_project/umv_control/install/umv_msgs/lib'
[4.551s] Level 1:colcon.colcon_core.shell:create_environment_hook('umv_msgs', 'ld_library_path_lib')
[4.552s] INFO:colcon.colcon_core.shell:Creating environment hook '/home/vdcl/Desktop/larr_project/umv_control/install/umv_msgs/share/umv_msgs/hook/ld_library_path_lib.ps1'
[4.553s] INFO:colcon.colcon_core.shell:Creating environment descriptor '/home/vdcl/Desktop/larr_project/umv_control/install/umv_msgs/share/umv_msgs/hook/ld_library_path_lib.dsv'
[4.562s] INFO:colcon.colcon_core.shell:Creating environment hook '/home/vdcl/Desktop/larr_project/umv_control/install/umv_msgs/share/umv_msgs/hook/ld_library_path_lib.sh'
[4.566s] Level 1:colcon.colcon_core.environment:checking '/home/vdcl/Desktop/larr_project/umv_control/install/umv_msgs/bin'
[4.567s] Level 1:colcon.colcon_core.environment:checking '/home/vdcl/Desktop/larr_project/umv_control/install/umv_msgs/lib/pkgconfig/umv_msgs.pc'
[4.567s] Level 1:colcon.colcon_core.environment:checking '/home/vdcl/Desktop/larr_project/umv_control/install/umv_msgs/lib/python3.10/site-packages'
[4.568s] Level 1:colcon.colcon_core.environment:checking '/home/vdcl/Desktop/larr_project/umv_control/install/umv_msgs/bin'
[4.569s] INFO:colcon.colcon_core.shell:Creating package script '/home/vdcl/Desktop/larr_project/umv_control/install/umv_msgs/share/umv_msgs/package.ps1'
[4.581s] INFO:colcon.colcon_core.shell:Creating package descriptor '/home/vdcl/Desktop/larr_project/umv_control/install/umv_msgs/share/umv_msgs/package.dsv'
[4.582s] INFO:colcon.colcon_core.shell:Creating package script '/home/vdcl/Desktop/larr_project/umv_control/install/umv_msgs/share/umv_msgs/package.sh'
[4.582s] INFO:colcon.colcon_core.shell:Creating package script '/home/vdcl/Desktop/larr_project/umv_control/install/umv_msgs/share/umv_msgs/package.bash'
[4.583s] INFO:colcon.colcon_core.shell:Creating package script '/home/vdcl/Desktop/larr_project/umv_control/install/umv_msgs/share/umv_msgs/package.zsh'
[4.586s] Level 1:colcon.colcon_core.environment:create_file_with_runtime_dependencies(/home/vdcl/Desktop/larr_project/umv_control/install/umv_msgs/share/colcon-core/packages/umv_msgs)
[4.595s] INFO:colcon.colcon_ros.task.ament_python.build:Building ROS package in '/home/vdcl/Desktop/larr_project/umv_control/src/global_path' with build type 'ament_python'
[4.595s] Level 1:colcon.colcon_core.shell:create_environment_hook('global_path', 'ament_prefix_path')
[4.596s] INFO:colcon.colcon_core.shell:Creating environment hook '/home/vdcl/Desktop/larr_project/umv_control/install/global_path/share/global_path/hook/ament_prefix_path.ps1'
[4.597s] INFO:colcon.colcon_core.shell:Creating environment descriptor '/home/vdcl/Desktop/larr_project/umv_control/install/global_path/share/global_path/hook/ament_prefix_path.dsv'
[4.597s] INFO:colcon.colcon_core.shell:Creating environment hook '/home/vdcl/Desktop/larr_project/umv_control/install/global_path/share/global_path/hook/ament_prefix_path.sh'
[4.615s] INFO:colcon.colcon_core.shell:Skip shell extension 'powershell' for command environment: Not usable outside of PowerShell
[4.615s] DEBUG:colcon.colcon_core.shell:Skip shell extension 'dsv' for command environment
[4.634s] INFO:colcon.colcon_ros.task.ament_python.build:Building ROS package in '/home/vdcl/Desktop/larr_project/umv_control/src/host_vehicle_filter' with build type 'ament_python'
[4.636s] Level 1:colcon.colcon_core.shell:create_environment_hook('host_vehicle_filter', 'ament_prefix_path')
[4.637s] INFO:colcon.colcon_core.shell:Creating environment hook '/home/vdcl/Desktop/larr_project/umv_control/install/host_vehicle_filter/share/host_vehicle_filter/hook/ament_prefix_path.ps1'
[4.640s] INFO:colcon.colcon_core.shell:Creating environment descriptor '/home/vdcl/Desktop/larr_project/umv_control/install/host_vehicle_filter/share/host_vehicle_filter/hook/ament_prefix_path.dsv'
[4.641s] INFO:colcon.colcon_core.shell:Creating environment hook '/home/vdcl/Desktop/larr_project/umv_control/install/host_vehicle_filter/share/host_vehicle_filter/hook/ament_prefix_path.sh'
[4.642s] INFO:colcon.colcon_core.shell:Skip shell extension 'powershell' for command environment: Not usable outside of PowerShell
[4.642s] DEBUG:colcon.colcon_core.shell:Skip shell extension 'dsv' for command environment
[4.667s] INFO:colcon.colcon_ros.task.ament_python.build:Building ROS package in '/home/vdcl/Desktop/larr_project/umv_control/src/lower_controller' with build type 'ament_python'
[4.668s] Level 1:colcon.colcon_core.shell:create_environment_hook('lower_controller', 'ament_prefix_path')
[4.668s] INFO:colcon.colcon_core.shell:Creating environment hook '/home/vdcl/Desktop/larr_project/umv_control/install/lower_controller/share/lower_controller/hook/ament_prefix_path.ps1'
[4.669s] INFO:colcon.colcon_core.shell:Creating environment descriptor '/home/vdcl/Desktop/larr_project/umv_control/install/lower_controller/share/lower_controller/hook/ament_prefix_path.dsv'
[4.669s] INFO:colcon.colcon_core.shell:Creating environment hook '/home/vdcl/Desktop/larr_project/umv_control/install/lower_controller/share/lower_controller/hook/ament_prefix_path.sh'
[4.670s] INFO:colcon.colcon_core.shell:Skip shell extension 'powershell' for command environment: Not usable outside of PowerShell
[4.670s] DEBUG:colcon.colcon_core.shell:Skip shell extension 'dsv' for command environment
[4.687s] INFO:colcon.colcon_ros.task.ament_cmake.build:Building ROS package in '/home/vdcl/Desktop/larr_project/umv_control/src/mppi' with build type 'ament_cmake'
[4.687s] INFO:colcon.colcon_cmake.task.cmake.build:Building CMake package in '/home/vdcl/Desktop/larr_project/umv_control/src/mppi'
[4.688s] INFO:colcon.colcon_core.shell:Skip shell extension 'powershell' for command environment: Not usable outside of PowerShell
[4.688s] DEBUG:colcon.colcon_core.shell:Skip shell extension 'dsv' for command environment
[5.219s] INFO:colcon.colcon_core.task.python.build:Building Python package in '/home/vdcl/Desktop/larr_project/umv_control/src/global_path'
[5.219s] INFO:colcon.colcon_core.shell:Skip shell extension 'powershell' for command environment: Not usable outside of PowerShell
[5.219s] DEBUG:colcon.colcon_core.shell:Skip shell extension 'dsv' for command environment
[5.767s] INFO:colcon.colcon_core.task.python.build:Building Python package in '/home/vdcl/Desktop/larr_project/umv_control/src/host_vehicle_filter'
[5.767s] INFO:colcon.colcon_core.shell:Skip shell extension 'powershell' for command environment: Not usable outside of PowerShell
[5.767s] DEBUG:colcon.colcon_core.shell:Skip shell extension 'dsv' for command environment
[5.774s] Level 1:colcon.colcon_core.environment:checking '/home/vdcl/Desktop/larr_project/umv_control/install/motion_planner' for CMake module files
[5.775s] DEBUG:colcon.colcon_core.event_handler.log_command:Invoked command in '/home/vdcl/Desktop/larr_project/umv_control/src/motion_planner' returned '0': PYTHONPATH=/home/vdcl/Desktop/larr_project/umv_control/build/motion_planner/prefix_override:/home/vdcl/Desktop/larr_project/umv_control/install/motion_planner/lib/python3.10/site-packages:${PYTHONPATH} /usr/bin/python3 -W ignore:setup.py install is deprecated setup.py egg_info --egg-base ../../build/motion_planner build --build-base /home/vdcl/Desktop/larr_project/umv_control/build/motion_planner/build install --record /home/vdcl/Desktop/larr_project/umv_control/build/motion_planner/install.log --single-version-externally-managed install_data
[5.776s] Level 1:colcon.colcon_core.environment:checking '/home/vdcl/Desktop/larr_project/umv_control/install/motion_planner' for CMake config files
[5.776s] Level 1:colcon.colcon_core.environment:checking '/home/vdcl/Desktop/larr_project/umv_control/install/motion_planner/lib'
[5.776s] Level 1:colcon.colcon_core.environment:checking '/home/vdcl/Desktop/larr_project/umv_control/install/motion_planner/bin'
[5.776s] Level 1:colcon.colcon_core.environment:checking '/home/vdcl/Desktop/larr_project/umv_control/install/motion_planner/lib/pkgconfig/motion_planner.pc'
[5.777s] Level 1:colcon.colcon_core.environment:checking '/home/vdcl/Desktop/larr_project/umv_control/install/motion_planner/lib/python3.10/site-packages'
[5.777s] Level 1:colcon.colcon_core.shell:create_environment_hook('motion_planner', 'pythonpath')
[5.777s] INFO:colcon.colcon_core.shell:Creating environment hook '/home/vdcl/Desktop/larr_project/umv_control/install/motion_planner/share/motion_planner/hook/pythonpath.ps1'
[5.778s] INFO:colcon.colcon_core.shell:Creating environment descriptor '/home/vdcl/Desktop/larr_project/umv_control/install/motion_planner/share/motion_planner/hook/pythonpath.dsv'
[5.778s] INFO:colcon.colcon_core.shell:Creating environment hook '/home/vdcl/Desktop/larr_project/umv_control/install/motion_planner/share/motion_planner/hook/pythonpath.sh'
[5.780s] Level 1:colcon.colcon_core.environment:checking '/home/vdcl/Desktop/larr_project/umv_control/install/motion_planner/bin'
[5.781s] Level 1:colcon.colcon_core.environment:create_environment_scripts_only(motion_planner)
[5.781s] INFO:colcon.colcon_core.shell:Creating package script '/home/vdcl/Desktop/larr_project/umv_control/install/motion_planner/share/motion_planner/package.ps1'
[5.782s] INFO:colcon.colcon_core.shell:Creating package descriptor '/home/vdcl/Desktop/larr_project/umv_control/install/motion_planner/share/motion_planner/package.dsv'
[5.782s] INFO:colcon.colcon_core.shell:Creating package script '/home/vdcl/Desktop/larr_project/umv_control/install/motion_planner/share/motion_planner/package.sh'
[5.782s] INFO:colcon.colcon_core.shell:Creating package script '/home/vdcl/Desktop/larr_project/umv_control/install/motion_planner/share/motion_planner/package.bash'
[5.783s] INFO:colcon.colcon_core.shell:Creating package script '/home/vdcl/Desktop/larr_project/umv_control/install/motion_planner/share/motion_planner/package.zsh'
[5.783s] Level 1:colcon.colcon_core.environment:create_file_with_runtime_dependencies(/home/vdcl/Desktop/larr_project/umv_control/install/motion_planner/share/colcon-core/packages/motion_planner)
[5.787s] Level 1:colcon.colcon_core.environment:checking '/home/vdcl/Desktop/larr_project/umv_control/install/utils' for CMake module files
[5.788s] Level 1:colcon.colcon_core.environment:checking '/home/vdcl/Desktop/larr_project/umv_control/install/utils' for CMake config files
[5.788s] DEBUG:colcon.colcon_core.event_handler.log_command:Invoked command in '/home/vdcl/Desktop/larr_project/umv_control/src/utils' returned '0': PYTHONPATH=/home/vdcl/Desktop/larr_project/umv_control/build/utils/prefix_override:/home/vdcl/Desktop/larr_project/umv_control/install/utils/lib/python3.10/site-packages:${PYTHONPATH} /usr/bin/python3 -W ignore:setup.py install is deprecated setup.py egg_info --egg-base ../../build/utils build --build-base /home/vdcl/Desktop/larr_project/umv_control/build/utils/build install --record /home/vdcl/Desktop/larr_project/umv_control/build/utils/install.log --single-version-externally-managed install_data
[5.789s] Level 1:colcon.colcon_core.environment:checking '/home/vdcl/Desktop/larr_project/umv_control/install/utils/lib'
[5.789s] Level 1:colcon.colcon_core.environment:checking '/home/vdcl/Desktop/larr_project/umv_control/install/utils/bin'
[5.790s] Level 1:colcon.colcon_core.environment:checking '/home/vdcl/Desktop/larr_project/umv_control/install/utils/lib/pkgconfig/utils.pc'
[5.790s] Level 1:colcon.colcon_core.environment:checking '/home/vdcl/Desktop/larr_project/umv_control/install/utils/lib/python3.10/site-packages'
[5.790s] Level 1:colcon.colcon_core.shell:create_environment_hook('utils', 'pythonpath')
[5.790s] INFO:colcon.colcon_core.shell:Creating environment hook '/home/vdcl/Desktop/larr_project/umv_control/install/utils/share/utils/hook/pythonpath.ps1'
[5.791s] INFO:colcon.colcon_core.shell:Creating environment descriptor '/home/vdcl/Desktop/larr_project/umv_control/install/utils/share/utils/hook/pythonpath.dsv'
[5.791s] INFO:colcon.colcon_core.shell:Creating environment hook '/home/vdcl/Desktop/larr_project/umv_control/install/utils/share/utils/hook/pythonpath.sh'
[5.792s] Level 1:colcon.colcon_core.environment:checking '/home/vdcl/Desktop/larr_project/umv_control/install/utils/bin'
[5.792s] Level 1:colcon.colcon_core.environment:create_environment_scripts_only(utils)
[5.793s] INFO:colcon.colcon_core.shell:Creating package script '/home/vdcl/Desktop/larr_project/umv_control/install/utils/share/utils/package.ps1'
[5.793s] INFO:colcon.colcon_core.shell:Creating package descriptor '/home/vdcl/Desktop/larr_project/umv_control/install/utils/share/utils/package.dsv'
[5.794s] INFO:colcon.colcon_core.shell:Creating package script '/home/vdcl/Desktop/larr_project/umv_control/install/utils/share/utils/package.sh'
[5.794s] INFO:colcon.colcon_core.shell:Creating package script '/home/vdcl/Desktop/larr_project/umv_control/install/utils/share/utils/package.bash'
[5.794s] INFO:colcon.colcon_core.shell:Creating package script '/home/vdcl/Desktop/larr_project/umv_control/install/utils/share/utils/package.zsh'
[5.795s] Level 1:colcon.colcon_core.environment:create_file_with_runtime_dependencies(/home/vdcl/Desktop/larr_project/umv_control/install/utils/share/colcon-core/packages/utils)
[6.232s] INFO:colcon.colcon_core.task.python.build:Building Python package in '/home/vdcl/Desktop/larr_project/umv_control/src/lower_controller'
[6.232s] INFO:colcon.colcon_core.shell:Skip shell extension 'powershell' for command environment: Not usable outside of PowerShell
[6.232s] DEBUG:colcon.colcon_core.shell:Skip shell extension 'dsv' for command environment
[6.280s] DEBUG:colcon.colcon_core.event_handler.log_command:Invoking command in '/home/vdcl/Desktop/larr_project/umv_control/build/mppi': CMAKE_PREFIX_PATH=/home/vdcl/Desktop/larr_project/umv_control/install/umv_msgs:/home/vdcl/Desktop/larr_project/umv_control/install/mppi:/home/vdcl/Desktop/larr_project/AirSim/ros2/install/airsim_ros_pkgs:/home/vdcl/Desktop/larr_project/AirSim/ros2/install/airsim_interfaces:/home/vdcl/Desktop/larr_project/umv_control/install/utils:/home/vdcl/Desktop/larr_project/umv_control/install/lower_controller:/home/vdcl/Desktop/larr_project/umv_control/install/host_vehicle_filter:/home/vdcl/Desktop/larr_project/umv_control/install/global_path:/home/vdcl/Desktop/larr_project/umv_control/install/motion_planner:/opt/ros/humble LD_LIBRARY_PATH=/home/vdcl/Desktop/larr_project/umv_control/install/umv_msgs/lib:/usr/local/cuda-12.2/lib64:/home/vdcl/Desktop/larr_project/AirSim/ros2/install/airsim_ros_pkgs/lib:/home/vdcl/Desktop/larr_project/AirSim/ros2/install/airsim_interfaces/lib:/opt/ros/humble/opt/rviz_ogre_vendor/lib:/opt/ros/humble/lib/x86_64-linux-gnu:/opt/ros/humble/lib /usr/bin/cmake --build /home/vdcl/Desktop/larr_project/umv_control/build/mppi -- -j8 -l8
[7.250s] DEBUG:colcon.colcon_core.event_handler.log_command:Invoking command in '/home/vdcl/Desktop/larr_project/umv_control/src/host_vehicle_filter': CMAKE_PREFIX_PATH=/home/vdcl/Desktop/larr_project/umv_control/install/umv_msgs:/home/vdcl/Desktop/larr_project/umv_control/install/mppi:/home/vdcl/Desktop/larr_project/AirSim/ros2/install/airsim_ros_pkgs:/home/vdcl/Desktop/larr_project/AirSim/ros2/install/airsim_interfaces LD_LIBRARY_PATH=/home/vdcl/Desktop/larr_project/umv_control/install/umv_msgs/lib:/usr/local/cuda-12.2/lib64:/home/vdcl/Desktop/larr_project/AirSim/ros2/install/airsim_ros_pkgs/lib:/home/vdcl/Desktop/larr_project/AirSim/ros2/install/airsim_interfaces/lib:/opt/ros/humble/opt/rviz_ogre_vendor/lib:/opt/ros/humble/lib/x86_64-linux-gnu:/opt/ros/humble/lib PYTHONPATH=/home/vdcl/Desktop/larr_project/umv_control/build/host_vehicle_filter/prefix_override:/home/vdcl/Desktop/larr_project/umv_control/install/host_vehicle_filter/lib/python3.10/site-packages:${PYTHONPATH} /usr/bin/python3 -W ignore:setup.py install is deprecated setup.py egg_info --egg-base ../../build/host_vehicle_filter build --build-base /home/vdcl/Desktop/larr_project/umv_control/build/host_vehicle_filter/build install --record /home/vdcl/Desktop/larr_project/umv_control/build/host_vehicle_filter/install.log --single-version-externally-managed install_data
[7.511s] DEBUG:colcon.colcon_core.event_handler.log_command:Invoking command in '/home/vdcl/Desktop/larr_project/umv_control/src/lower_controller': CMAKE_PREFIX_PATH=/home/vdcl/Desktop/larr_project/umv_control/install/umv_msgs:/home/vdcl/Desktop/larr_project/umv_control/install/mppi:/home/vdcl/Desktop/larr_project/AirSim/ros2/install/airsim_ros_pkgs:/home/vdcl/Desktop/larr_project/AirSim/ros2/install/airsim_interfaces LD_LIBRARY_PATH=/home/vdcl/Desktop/larr_project/umv_control/install/umv_msgs/lib:/usr/local/cuda-12.2/lib64:/home/vdcl/Desktop/larr_project/AirSim/ros2/install/airsim_ros_pkgs/lib:/home/vdcl/Desktop/larr_project/AirSim/ros2/install/airsim_interfaces/lib:/opt/ros/humble/opt/rviz_ogre_vendor/lib:/opt/ros/humble/lib/x86_64-linux-gnu:/opt/ros/humble/lib PYTHONPATH=/home/vdcl/Desktop/larr_project/umv_control/build/lower_controller/prefix_override:/home/vdcl/Desktop/larr_project/umv_control/install/lower_controller/lib/python3.10/site-packages:${PYTHONPATH} /usr/bin/python3 -W ignore:setup.py install is deprecated setup.py egg_info --egg-base ../../build/lower_controller build --build-base /home/vdcl/Desktop/larr_project/umv_control/build/lower_controller/build install --record /home/vdcl/Desktop/larr_project/umv_control/build/lower_controller/install.log --single-version-externally-managed install_data
[7.630s] DEBUG:colcon.colcon_core.event_handler.log_command:Invoking command in '/home/vdcl/Desktop/larr_project/umv_control/src/global_path': CMAKE_PREFIX_PATH=/home/vdcl/Desktop/larr_project/umv_control/install/umv_msgs:/home/vdcl/Desktop/larr_project/umv_control/install/mppi:/home/vdcl/Desktop/larr_project/AirSim/ros2/install/airsim_ros_pkgs:/home/vdcl/Desktop/larr_project/AirSim/ros2/install/airsim_interfaces LD_LIBRARY_PATH=/home/vdcl/Desktop/larr_project/umv_control/install/umv_msgs/lib:/usr/local/cuda-12.2/lib64:/home/vdcl/Desktop/larr_project/AirSim/ros2/install/airsim_ros_pkgs/lib:/home/vdcl/Desktop/larr_project/AirSim/ros2/install/airsim_interfaces/lib:/opt/ros/humble/opt/rviz_ogre_vendor/lib:/opt/ros/humble/lib/x86_64-linux-gnu:/opt/ros/humble/lib PYTHONPATH=/home/vdcl/Desktop/larr_project/umv_control/build/global_path/prefix_override:/home/vdcl/Desktop/larr_project/umv_control/install/global_path/lib/python3.10/site-packages:${PYTHONPATH} /usr/bin/python3 -W ignore:setup.py install is deprecated setup.py egg_info --egg-base ../../build/global_path build --build-base /home/vdcl/Desktop/larr_project/umv_control/build/global_path/build install --record /home/vdcl/Desktop/larr_project/umv_control/build/global_path/install.log --single-version-externally-managed install_data
[8.090s] Level 1:colcon.colcon_core.environment:checking '/home/vdcl/Desktop/larr_project/umv_control/install/host_vehicle_filter' for CMake module files
[8.090s] DEBUG:colcon.colcon_core.event_handler.log_command:Invoked command in '/home/vdcl/Desktop/larr_project/umv_control/src/host_vehicle_filter' returned '0': CMAKE_PREFIX_PATH=/home/vdcl/Desktop/larr_project/umv_control/install/umv_msgs:/home/vdcl/Desktop/larr_project/umv_control/install/mppi:/home/vdcl/Desktop/larr_project/AirSim/ros2/install/airsim_ros_pkgs:/home/vdcl/Desktop/larr_project/AirSim/ros2/install/airsim_interfaces LD_LIBRARY_PATH=/home/vdcl/Desktop/larr_project/umv_control/install/umv_msgs/lib:/usr/local/cuda-12.2/lib64:/home/vdcl/Desktop/larr_project/AirSim/ros2/install/airsim_ros_pkgs/lib:/home/vdcl/Desktop/larr_project/AirSim/ros2/install/airsim_interfaces/lib:/opt/ros/humble/opt/rviz_ogre_vendor/lib:/opt/ros/humble/lib/x86_64-linux-gnu:/opt/ros/humble/lib PYTHONPATH=/home/vdcl/Desktop/larr_project/umv_control/build/host_vehicle_filter/prefix_override:/home/vdcl/Desktop/larr_project/umv_control/install/host_vehicle_filter/lib/python3.10/site-packages:${PYTHONPATH} /usr/bin/python3 -W ignore:setup.py install is deprecated setup.py egg_info --egg-base ../../build/host_vehicle_filter build --build-base /home/vdcl/Desktop/larr_project/umv_control/build/host_vehicle_filter/build install --record /home/vdcl/Desktop/larr_project/umv_control/build/host_vehicle_filter/install.log --single-version-externally-managed install_data
[8.095s] Level 1:colcon.colcon_core.environment:checking '/home/vdcl/Desktop/larr_project/umv_control/install/host_vehicle_filter' for CMake config files
[8.095s] Level 1:colcon.colcon_core.environment:checking '/home/vdcl/Desktop/larr_project/umv_control/install/host_vehicle_filter/lib'
[8.096s] Level 1:colcon.colcon_core.environment:checking '/home/vdcl/Desktop/larr_project/umv_control/install/host_vehicle_filter/bin'
[8.096s] Level 1:colcon.colcon_core.environment:checking '/home/vdcl/Desktop/larr_project/umv_control/install/host_vehicle_filter/lib/pkgconfig/host_vehicle_filter.pc'
[8.096s] Level 1:colcon.colcon_core.environment:checking '/home/vdcl/Desktop/larr_project/umv_control/install/host_vehicle_filter/lib/python3.10/site-packages'
[8.096s] Level 1:colcon.colcon_core.shell:create_environment_hook('host_vehicle_filter', 'pythonpath')
[8.096s] INFO:colcon.colcon_core.shell:Creating environment hook '/home/vdcl/Desktop/larr_project/umv_control/install/host_vehicle_filter/share/host_vehicle_filter/hook/pythonpath.ps1'
[8.097s] INFO:colcon.colcon_core.shell:Creating environment descriptor '/home/vdcl/Desktop/larr_project/umv_control/install/host_vehicle_filter/share/host_vehicle_filter/hook/pythonpath.dsv'
[8.098s] INFO:colcon.colcon_core.shell:Creating environment hook '/home/vdcl/Desktop/larr_project/umv_control/install/host_vehicle_filter/share/host_vehicle_filter/hook/pythonpath.sh'
[8.103s] Level 1:colcon.colcon_core.environment:checking '/home/vdcl/Desktop/larr_project/umv_control/install/host_vehicle_filter/bin'
[8.103s] Level 1:colcon.colcon_core.environment:create_environment_scripts_only(host_vehicle_filter)
[8.105s] INFO:colcon.colcon_core.shell:Creating package script '/home/vdcl/Desktop/larr_project/umv_control/install/host_vehicle_filter/share/host_vehicle_filter/package.ps1'
[8.109s] INFO:colcon.colcon_core.shell:Creating package descriptor '/home/vdcl/Desktop/larr_project/umv_control/install/host_vehicle_filter/share/host_vehicle_filter/package.dsv'
[8.113s] INFO:colcon.colcon_core.shell:Creating package script '/home/vdcl/Desktop/larr_project/umv_control/install/host_vehicle_filter/share/host_vehicle_filter/package.sh'
[8.114s] INFO:colcon.colcon_core.shell:Creating package script '/home/vdcl/Desktop/larr_project/umv_control/install/host_vehicle_filter/share/host_vehicle_filter/package.bash'
[8.115s] INFO:colcon.colcon_core.shell:Creating package script '/home/vdcl/Desktop/larr_project/umv_control/install/host_vehicle_filter/share/host_vehicle_filter/package.zsh'
[8.116s] Level 1:colcon.colcon_core.environment:create_file_with_runtime_dependencies(/home/vdcl/Desktop/larr_project/umv_control/install/host_vehicle_filter/share/colcon-core/packages/host_vehicle_filter)
[8.414s] Level 1:colcon.colcon_core.environment:checking '/home/vdcl/Desktop/larr_project/umv_control/install/global_path' for CMake module files
[8.415s] DEBUG:colcon.colcon_core.event_handler.log_command:Invoked command in '/home/vdcl/Desktop/larr_project/umv_control/src/global_path' returned '0': CMAKE_PREFIX_PATH=/home/vdcl/Desktop/larr_project/umv_control/install/umv_msgs:/home/vdcl/Desktop/larr_project/umv_control/install/mppi:/home/vdcl/Desktop/larr_project/AirSim/ros2/install/airsim_ros_pkgs:/home/vdcl/Desktop/larr_project/AirSim/ros2/install/airsim_interfaces LD_LIBRARY_PATH=/home/vdcl/Desktop/larr_project/umv_control/install/umv_msgs/lib:/usr/local/cuda-12.2/lib64:/home/vdcl/Desktop/larr_project/AirSim/ros2/install/airsim_ros_pkgs/lib:/home/vdcl/Desktop/larr_project/AirSim/ros2/install/airsim_interfaces/lib:/opt/ros/humble/opt/rviz_ogre_vendor/lib:/opt/ros/humble/lib/x86_64-linux-gnu:/opt/ros/humble/lib PYTHONPATH=/home/vdcl/Desktop/larr_project/umv_control/build/global_path/prefix_override:/home/vdcl/Desktop/larr_project/umv_control/install/global_path/lib/python3.10/site-packages:${PYTHONPATH} /usr/bin/python3 -W ignore:setup.py install is deprecated setup.py egg_info --egg-base ../../build/global_path build --build-base /home/vdcl/Desktop/larr_project/umv_control/build/global_path/build install --record /home/vdcl/Desktop/larr_project/umv_control/build/global_path/install.log --single-version-externally-managed install_data
[8.417s] Level 1:colcon.colcon_core.environment:checking '/home/vdcl/Desktop/larr_project/umv_control/install/global_path' for CMake config files
[8.418s] Level 1:colcon.colcon_core.environment:checking '/home/vdcl/Desktop/larr_project/umv_control/install/global_path/lib'
[8.419s] Level 1:colcon.colcon_core.environment:checking '/home/vdcl/Desktop/larr_project/umv_control/install/global_path/bin'
[8.419s] Level 1:colcon.colcon_core.environment:checking '/home/vdcl/Desktop/larr_project/umv_control/install/global_path/lib/pkgconfig/global_path.pc'
[8.420s] Level 1:colcon.colcon_core.environment:checking '/home/vdcl/Desktop/larr_project/umv_control/install/global_path/lib/python3.10/site-packages'
[8.420s] Level 1:colcon.colcon_core.shell:create_environment_hook('global_path', 'pythonpath')
[8.421s] INFO:colcon.colcon_core.shell:Creating environment hook '/home/vdcl/Desktop/larr_project/umv_control/install/global_path/share/global_path/hook/pythonpath.ps1'
[8.422s] INFO:colcon.colcon_core.shell:Creating environment descriptor '/home/vdcl/Desktop/larr_project/umv_control/install/global_path/share/global_path/hook/pythonpath.dsv'
[8.424s] INFO:colcon.colcon_core.shell:Creating environment hook '/home/vdcl/Desktop/larr_project/umv_control/install/global_path/share/global_path/hook/pythonpath.sh'
[8.425s] Level 1:colcon.colcon_core.environment:checking '/home/vdcl/Desktop/larr_project/umv_control/install/global_path/bin'
[8.426s] Level 1:colcon.colcon_core.environment:create_environment_scripts_only(global_path)
[8.426s] INFO:colcon.colcon_core.shell:Creating package script '/home/vdcl/Desktop/larr_project/umv_control/install/global_path/share/global_path/package.ps1'
[8.427s] INFO:colcon.colcon_core.shell:Creating package descriptor '/home/vdcl/Desktop/larr_project/umv_control/install/global_path/share/global_path/package.dsv'
[8.428s] INFO:colcon.colcon_core.shell:Creating package script '/home/vdcl/Desktop/larr_project/umv_control/install/global_path/share/global_path/package.sh'
[8.428s] INFO:colcon.colcon_core.shell:Creating package script '/home/vdcl/Desktop/larr_project/umv_control/install/global_path/share/global_path/package.bash'
[8.474s] INFO:colcon.colcon_core.shell:Creating package script '/home/vdcl/Desktop/larr_project/umv_control/install/global_path/share/global_path/package.zsh'
[8.475s] Level 1:colcon.colcon_core.environment:create_file_with_runtime_dependencies(/home/vdcl/Desktop/larr_project/umv_control/install/global_path/share/colcon-core/packages/global_path)
[8.478s] Level 1:colcon.colcon_core.environment:checking '/home/vdcl/Desktop/larr_project/umv_control/install/lower_controller' for CMake module files
[8.480s] DEBUG:colcon.colcon_core.event_handler.log_command:Invoked command in '/home/vdcl/Desktop/larr_project/umv_control/src/lower_controller' returned '0': CMAKE_PREFIX_PATH=/home/vdcl/Desktop/larr_project/umv_control/install/umv_msgs:/home/vdcl/Desktop/larr_project/umv_control/install/mppi:/home/vdcl/Desktop/larr_project/AirSim/ros2/install/airsim_ros_pkgs:/home/vdcl/Desktop/larr_project/AirSim/ros2/install/airsim_interfaces LD_LIBRARY_PATH=/home/vdcl/Desktop/larr_project/umv_control/install/umv_msgs/lib:/usr/local/cuda-12.2/lib64:/home/vdcl/Desktop/larr_project/AirSim/ros2/install/airsim_ros_pkgs/lib:/home/vdcl/Desktop/larr_project/AirSim/ros2/install/airsim_interfaces/lib:/opt/ros/humble/opt/rviz_ogre_vendor/lib:/opt/ros/humble/lib/x86_64-linux-gnu:/opt/ros/humble/lib PYTHONPATH=/home/vdcl/Desktop/larr_project/umv_control/build/lower_controller/prefix_override:/home/vdcl/Desktop/larr_project/umv_control/install/lower_controller/lib/python3.10/site-packages:${PYTHONPATH} /usr/bin/python3 -W ignore:setup.py install is deprecated setup.py egg_info --egg-base ../../build/lower_controller build --build-base /home/vdcl/Desktop/larr_project/umv_control/build/lower_controller/build install --record /home/vdcl/Desktop/larr_project/umv_control/build/lower_controller/install.log --single-version-externally-managed install_data
[8.480s] Level 1:colcon.colcon_core.environment:checking '/home/vdcl/Desktop/larr_project/umv_control/install/lower_controller' for CMake config files
[8.481s] Level 1:colcon.colcon_core.environment:checking '/home/vdcl/Desktop/larr_project/umv_control/install/lower_controller/lib'
[8.481s] Level 1:colcon.colcon_core.environment:checking '/home/vdcl/Desktop/larr_project/umv_control/install/lower_controller/bin'
[8.481s] Level 1:colcon.colcon_core.environment:checking '/home/vdcl/Desktop/larr_project/umv_control/install/lower_controller/lib/pkgconfig/lower_controller.pc'
[8.482s] Level 1:colcon.colcon_core.environment:checking '/home/vdcl/Desktop/larr_project/umv_control/install/lower_controller/lib/python3.10/site-packages'
[8.482s] Level 1:colcon.colcon_core.shell:create_environment_hook('lower_controller', 'pythonpath')
[8.482s] INFO:colcon.colcon_core.shell:Creating environment hook '/home/vdcl/Desktop/larr_project/umv_control/install/lower_controller/share/lower_controller/hook/pythonpath.ps1'
[8.483s] INFO:colcon.colcon_core.shell:Creating environment descriptor '/home/vdcl/Desktop/larr_project/umv_control/install/lower_controller/share/lower_controller/hook/pythonpath.dsv'
[8.484s] INFO:colcon.colcon_core.shell:Creating environment hook '/home/vdcl/Desktop/larr_project/umv_control/install/lower_controller/share/lower_controller/hook/pythonpath.sh'
[8.485s] Level 1:colcon.colcon_core.environment:checking '/home/vdcl/Desktop/larr_project/umv_control/install/lower_controller/bin'
[8.486s] Level 1:colcon.colcon_core.environment:create_environment_scripts_only(lower_controller)
[8.487s] INFO:colcon.colcon_core.shell:Creating package script '/home/vdcl/Desktop/larr_project/umv_control/install/lower_controller/share/lower_controller/package.ps1'
[8.488s] INFO:colcon.colcon_core.shell:Creating package descriptor '/home/vdcl/Desktop/larr_project/umv_control/install/lower_controller/share/lower_controller/package.dsv'
[8.489s] INFO:colcon.colcon_core.shell:Creating package script '/home/vdcl/Desktop/larr_project/umv_control/install/lower_controller/share/lower_controller/package.sh'
[8.490s] INFO:colcon.colcon_core.shell:Creating package script '/home/vdcl/Desktop/larr_project/umv_control/install/lower_controller/share/lower_controller/package.bash'
[8.490s] INFO:colcon.colcon_core.shell:Creating package script '/home/vdcl/Desktop/larr_project/umv_control/install/lower_controller/share/lower_controller/package.zsh'
[8.491s] Level 1:colcon.colcon_core.environment:create_file_with_runtime_dependencies(/home/vdcl/Desktop/larr_project/umv_control/install/lower_controller/share/colcon-core/packages/lower_controller)
[9.150s] DEBUG:colcon.colcon_core.event_handler.log_command:Invoked command in '/home/vdcl/Desktop/larr_project/umv_control/build/mppi' returned '2': CMAKE_PREFIX_PATH=/home/vdcl/Desktop/larr_project/umv_control/install/umv_msgs:/home/vdcl/Desktop/larr_project/umv_control/install/mppi:/home/vdcl/Desktop/larr_project/AirSim/ros2/install/airsim_ros_pkgs:/home/vdcl/Desktop/larr_project/AirSim/ros2/install/airsim_interfaces:/home/vdcl/Desktop/larr_project/umv_control/install/utils:/home/vdcl/Desktop/larr_project/umv_control/install/lower_controller:/home/vdcl/Desktop/larr_project/umv_control/install/host_vehicle_filter:/home/vdcl/Desktop/larr_project/umv_control/install/global_path:/home/vdcl/Desktop/larr_project/umv_control/install/motion_planner:/opt/ros/humble LD_LIBRARY_PATH=/home/vdcl/Desktop/larr_project/umv_control/install/umv_msgs/lib:/usr/local/cuda-12.2/lib64:/home/vdcl/Desktop/larr_project/AirSim/ros2/install/airsim_ros_pkgs/lib:/home/vdcl/Desktop/larr_project/AirSim/ros2/install/airsim_interfaces/lib:/opt/ros/humble/opt/rviz_ogre_vendor/lib:/opt/ros/humble/lib/x86_64-linux-gnu:/opt/ros/humble/lib /usr/bin/cmake --build /home/vdcl/Desktop/larr_project/umv_control/build/mppi -- -j8 -l8
[9.195s] Level 1:colcon.colcon_core.environment:create_environment_scripts_only(mppi)
[9.195s] Level 1:colcon.colcon_core.environment:checking '/home/vdcl/Desktop/larr_project/umv_control/install/mppi' for CMake module files
[9.197s] Level 1:colcon.colcon_core.environment:checking '/home/vdcl/Desktop/larr_project/umv_control/install/mppi' for CMake config files
[9.197s] Level 1:colcon.colcon_core.shell:create_environment_hook('mppi', 'cmake_prefix_path')
[9.198s] INFO:colcon.colcon_core.shell:Creating environment hook '/home/vdcl/Desktop/larr_project/umv_control/install/mppi/share/mppi/hook/cmake_prefix_path.ps1'
[9.198s] INFO:colcon.colcon_core.shell:Creating environment descriptor '/home/vdcl/Desktop/larr_project/umv_control/install/mppi/share/mppi/hook/cmake_prefix_path.dsv'
[9.199s] INFO:colcon.colcon_core.shell:Creating environment hook '/home/vdcl/Desktop/larr_project/umv_control/install/mppi/share/mppi/hook/cmake_prefix_path.sh'
[9.200s] Level 1:colcon.colcon_core.environment:checking '/home/vdcl/Desktop/larr_project/umv_control/install/mppi/bin'
[9.200s] Level 1:colcon.colcon_core.environment:checking '/home/vdcl/Desktop/larr_project/umv_control/install/mppi/lib/pkgconfig/mppi.pc'
[9.201s] Level 1:colcon.colcon_core.environment:checking '/home/vdcl/Desktop/larr_project/umv_control/install/mppi/lib/python3.10/site-packages'
[9.201s] Level 1:colcon.colcon_core.environment:checking '/home/vdcl/Desktop/larr_project/umv_control/install/mppi/bin'
[9.202s] INFO:colcon.colcon_core.shell:Creating package script '/home/vdcl/Desktop/larr_project/umv_control/install/mppi/share/mppi/package.ps1'
[9.203s] INFO:colcon.colcon_core.shell:Creating package descriptor '/home/vdcl/Desktop/larr_project/umv_control/install/mppi/share/mppi/package.dsv'
[9.204s] INFO:colcon.colcon_core.shell:Creating package script '/home/vdcl/Desktop/larr_project/umv_control/install/mppi/share/mppi/package.sh'
[9.205s] INFO:colcon.colcon_core.shell:Creating package script '/home/vdcl/Desktop/larr_project/umv_control/install/mppi/share/mppi/package.bash'
[9.205s] INFO:colcon.colcon_core.shell:Creating package script '/home/vdcl/Desktop/larr_project/umv_control/install/mppi/share/mppi/package.zsh'
[9.206s] Level 1:colcon.colcon_core.environment:create_file_with_runtime_dependencies(/home/vdcl/Desktop/larr_project/umv_control/install/mppi/share/colcon-core/packages/mppi)
[9.217s] DEBUG:colcon.colcon_parallel_executor.executor.parallel:closing loop
[9.217s] DEBUG:colcon.colcon_parallel_executor.executor.parallel:loop closed
[9.217s] DEBUG:colcon.colcon_parallel_executor.executor.parallel:run_until_complete finished with '2'
[9.217s] DEBUG:colcon.colcon_core.event_reactor:joining thread
[9.229s] INFO:colcon.colcon_core.plugin_system:Skipping extension 'colcon_notification.desktop_notification.terminal_notifier': Not used on non-Darwin systems
[9.230s] INFO:colcon.colcon_core.plugin_system:Skipping extension 'colcon_notification.desktop_notification.win32': Not used on non-Windows systems
[9.230s] INFO:colcon.colcon_notification.desktop_notification:Sending desktop notification using 'notify2'
[9.259s] DEBUG:colcon.colcon_core.event_reactor:joined thread
[9.261s] INFO:colcon.colcon_core.shell:Creating prefix script '/home/vdcl/Desktop/larr_project/umv_control/install/local_setup.ps1'
[9.264s] INFO:colcon.colcon_core.shell:Creating prefix util module '/home/vdcl/Desktop/larr_project/umv_control/install/_local_setup_util_ps1.py'
[9.273s] INFO:colcon.colcon_core.shell:Creating prefix chain script '/home/vdcl/Desktop/larr_project/umv_control/install/setup.ps1'
[9.278s] INFO:colcon.colcon_core.shell:Creating prefix script '/home/vdcl/Desktop/larr_project/umv_control/install/local_setup.sh'
[9.280s] INFO:colcon.colcon_core.shell:Creating prefix util module '/home/vdcl/Desktop/larr_project/umv_control/install/_local_setup_util_sh.py'
[9.281s] INFO:colcon.colcon_core.shell:Creating prefix chain script '/home/vdcl/Desktop/larr_project/umv_control/install/setup.sh'
[9.290s] INFO:colcon.colcon_core.shell:Creating prefix script '/home/vdcl/Desktop/larr_project/umv_control/install/local_setup.bash'
[9.291s] INFO:colcon.colcon_core.shell:Creating prefix chain script '/home/vdcl/Desktop/larr_project/umv_control/install/setup.bash'
[9.295s] INFO:colcon.colcon_core.shell:Creating prefix script '/home/vdcl/Desktop/larr_project/umv_control/install/local_setup.zsh'
[9.296s] INFO:colcon.colcon_core.shell:Creating prefix chain script '/home/vdcl/Desktop/larr_project/umv_control/install/setup.zsh'
