[0.257s] DEBUG:colcon:Command line arguments: ['/usr/bin/colcon', 'build']
[0.257s] DEBUG:colcon:Parsed command line arguments: Namespace(log_base=None, log_level=None, verb_name='build', build_base='build', install_base='install', merge_install=False, symlink_install=False, test_result_base=None, continue_on_error=False, executor='parallel', parallel_workers=8, event_handlers=None, ignore_user_meta=False, metas=['./colcon.meta'], base_paths=['.'], packages_ignore=None, packages_ignore_regex=None, paths=None, packages_up_to=None, packages_up_to_regex=None, packages_above=None, packages_above_and_dependencies=None, packages_above_depth=None, packages_select_by_dep=None, packages_skip_by_dep=None, packages_skip_up_to=None, packages_select_build_failed=False, packages_skip_build_finished=False, packages_select_test_failures=False, packages_skip_test_passed=False, packages_select=None, packages_skip=None, packages_select_regex=None, packages_skip_regex=None, packages_start=None, packages_end=None, allow_overriding=[], cmake_args=None, cmake_target=None, cmake_target_skip_unavailable=False, cmake_clean_cache=False, cmake_clean_first=False, cmake_force_configure=False, ament_cmake_args=None, catkin_cmake_args=None, catkin_skip_building_tests=False, mixin_files=None, mixin=None, verb_parser=<colcon_mixin.mixin.mixin_argument.MixinArgumentDecorator object at 0x79eca2727250>, verb_extension=<colcon_core.verb.build.BuildVerb object at 0x79eca2726da0>, main=<bound method BuildVerb.main of <colcon_core.verb.build.BuildVerb object at 0x79eca2726da0>>, mixin_verb=('build',))
[0.682s] Level 1:colcon.colcon_core.package_discovery:discover_packages(colcon_meta) check parameters
[0.682s] Level 1:colcon.colcon_core.package_discovery:discover_packages(recursive) check parameters
[0.682s] Level 1:colcon.colcon_core.package_discovery:discover_packages(ignore) check parameters
[0.682s] Level 1:colcon.colcon_core.package_discovery:discover_packages(path) check parameters
[0.682s] Level 1:colcon.colcon_core.package_discovery:discover_packages(colcon_meta) discover
[0.682s] Level 1:colcon.colcon_core.package_discovery:discover_packages(recursive) discover
[0.682s] INFO:colcon.colcon_core.package_discovery:Crawling recursively for packages in '/home/vdcl/Desktop/larr_project/umv_control'
[0.683s] Level 1:colcon.colcon_core.package_identification:_identify(.) by extensions ['ignore', 'ignore_ament_install']
[0.683s] Level 1:colcon.colcon_core.package_identification:_identify(.) by extension 'ignore'
[0.683s] Level 1:colcon.colcon_core.package_identification:_identify(.) by extension 'ignore_ament_install'
[0.683s] Level 1:colcon.colcon_core.package_identification:_identify(.) by extensions ['colcon_pkg']
[0.683s] Level 1:colcon.colcon_core.package_identification:_identify(.) by extension 'colcon_pkg'
[0.683s] Level 1:colcon.colcon_core.package_identification:_identify(.) by extensions ['colcon_meta']
[0.683s] Level 1:colcon.colcon_core.package_identification:_identify(.) by extension 'colcon_meta'
[0.683s] Level 1:colcon.colcon_core.package_identification:_identify(.) by extensions ['ros']
[0.683s] Level 1:colcon.colcon_core.package_identification:_identify(.) by extension 'ros'
[0.724s] Level 1:colcon.colcon_core.package_identification:_identify(.) by extensions ['cmake', 'python']
[0.725s] Level 1:colcon.colcon_core.package_identification:_identify(.) by extension 'cmake'
[0.725s] Level 1:colcon.colcon_core.package_identification:_identify(.) by extension 'python'
[0.725s] Level 1:colcon.colcon_core.package_identification:_identify(.) by extensions ['python_setup_py']
[0.725s] Level 1:colcon.colcon_core.package_identification:_identify(.) by extension 'python_setup_py'
[0.725s] Level 1:colcon.colcon_core.package_identification:_identify(build) by extensions ['ignore', 'ignore_ament_install']
[0.725s] Level 1:colcon.colcon_core.package_identification:_identify(build) by extension 'ignore'
[0.725s] Level 1:colcon.colcon_core.package_identification:_identify(build) ignored
[0.726s] Level 1:colcon.colcon_core.package_identification:_identify(install) by extensions ['ignore', 'ignore_ament_install']
[0.726s] Level 1:colcon.colcon_core.package_identification:_identify(install) by extension 'ignore'
[0.726s] Level 1:colcon.colcon_core.package_identification:_identify(install) ignored
[0.726s] Level 1:colcon.colcon_core.package_identification:_identify(log) by extensions ['ignore', 'ignore_ament_install']
[0.726s] Level 1:colcon.colcon_core.package_identification:_identify(log) by extension 'ignore'
[0.726s] Level 1:colcon.colcon_core.package_identification:_identify(log) ignored
[0.727s] Level 1:colcon.colcon_core.package_identification:_identify(src) by extensions ['ignore', 'ignore_ament_install']
[0.727s] Level 1:colcon.colcon_core.package_identification:_identify(src) by extension 'ignore'
[0.727s] Level 1:colcon.colcon_core.package_identification:_identify(src) by extension 'ignore_ament_install'
[0.727s] Level 1:colcon.colcon_core.package_identification:_identify(src) by extensions ['colcon_pkg']
[0.727s] Level 1:colcon.colcon_core.package_identification:_identify(src) by extension 'colcon_pkg'
[0.727s] Level 1:colcon.colcon_core.package_identification:_identify(src) by extensions ['colcon_meta']
[0.727s] Level 1:colcon.colcon_core.package_identification:_identify(src) by extension 'colcon_meta'
[0.727s] Level 1:colcon.colcon_core.package_identification:_identify(src) by extensions ['ros']
[0.727s] Level 1:colcon.colcon_core.package_identification:_identify(src) by extension 'ros'
[0.728s] Level 1:colcon.colcon_core.package_identification:_identify(src) by extensions ['cmake', 'python']
[0.728s] Level 1:colcon.colcon_core.package_identification:_identify(src) by extension 'cmake'
[0.728s] Level 1:colcon.colcon_core.package_identification:_identify(src) by extension 'python'
[0.728s] Level 1:colcon.colcon_core.package_identification:_identify(src) by extensions ['python_setup_py']
[0.728s] Level 1:colcon.colcon_core.package_identification:_identify(src) by extension 'python_setup_py'
[0.728s] Level 1:colcon.colcon_core.package_identification:_identify(src/global_path) by extensions ['ignore', 'ignore_ament_install']
[0.728s] Level 1:colcon.colcon_core.package_identification:_identify(src/global_path) by extension 'ignore'
[0.728s] Level 1:colcon.colcon_core.package_identification:_identify(src/global_path) by extension 'ignore_ament_install'
[0.729s] Level 1:colcon.colcon_core.package_identification:_identify(src/global_path) by extensions ['colcon_pkg']
[0.729s] Level 1:colcon.colcon_core.package_identification:_identify(src/global_path) by extension 'colcon_pkg'
[0.729s] Level 1:colcon.colcon_core.package_identification:_identify(src/global_path) by extensions ['colcon_meta']
[0.729s] Level 1:colcon.colcon_core.package_identification:_identify(src/global_path) by extension 'colcon_meta'
[0.729s] Level 1:colcon.colcon_core.package_identification:_identify(src/global_path) by extensions ['ros']
[0.729s] Level 1:colcon.colcon_core.package_identification:_identify(src/global_path) by extension 'ros'
[0.734s] DEBUG:colcon.colcon_core.package_identification:Package 'src/global_path' with type 'ros.ament_python' and name 'global_path'
[0.735s] Level 1:colcon.colcon_core.package_identification:_identify(src/host_vehicle_filter) by extensions ['ignore', 'ignore_ament_install']
[0.735s] Level 1:colcon.colcon_core.package_identification:_identify(src/host_vehicle_filter) by extension 'ignore'
[0.735s] Level 1:colcon.colcon_core.package_identification:_identify(src/host_vehicle_filter) by extension 'ignore_ament_install'
[0.735s] Level 1:colcon.colcon_core.package_identification:_identify(src/host_vehicle_filter) by extensions ['colcon_pkg']
[0.735s] Level 1:colcon.colcon_core.package_identification:_identify(src/host_vehicle_filter) by extension 'colcon_pkg'
[0.735s] Level 1:colcon.colcon_core.package_identification:_identify(src/host_vehicle_filter) by extensions ['colcon_meta']
[0.735s] Level 1:colcon.colcon_core.package_identification:_identify(src/host_vehicle_filter) by extension 'colcon_meta'
[0.735s] Level 1:colcon.colcon_core.package_identification:_identify(src/host_vehicle_filter) by extensions ['ros']
[0.735s] Level 1:colcon.colcon_core.package_identification:_identify(src/host_vehicle_filter) by extension 'ros'
[0.737s] DEBUG:colcon.colcon_core.package_identification:Package 'src/host_vehicle_filter' with type 'ros.ament_python' and name 'host_vehicle_filter'
[0.737s] Level 1:colcon.colcon_core.package_identification:_identify(src/lower_controller) by extensions ['ignore', 'ignore_ament_install']
[0.737s] Level 1:colcon.colcon_core.package_identification:_identify(src/lower_controller) by extension 'ignore'
[0.737s] Level 1:colcon.colcon_core.package_identification:_identify(src/lower_controller) by extension 'ignore_ament_install'
[0.737s] Level 1:colcon.colcon_core.package_identification:_identify(src/lower_controller) by extensions ['colcon_pkg']
[0.737s] Level 1:colcon.colcon_core.package_identification:_identify(src/lower_controller) by extension 'colcon_pkg'
[0.737s] Level 1:colcon.colcon_core.package_identification:_identify(src/lower_controller) by extensions ['colcon_meta']
[0.737s] Level 1:colcon.colcon_core.package_identification:_identify(src/lower_controller) by extension 'colcon_meta'
[0.737s] Level 1:colcon.colcon_core.package_identification:_identify(src/lower_controller) by extensions ['ros']
[0.737s] Level 1:colcon.colcon_core.package_identification:_identify(src/lower_controller) by extension 'ros'
[0.739s] DEBUG:colcon.colcon_core.package_identification:Package 'src/lower_controller' with type 'ros.ament_python' and name 'lower_controller'
[0.739s] Level 1:colcon.colcon_core.package_identification:_identify(src/motion_planner) by extensions ['ignore', 'ignore_ament_install']
[0.739s] Level 1:colcon.colcon_core.package_identification:_identify(src/motion_planner) by extension 'ignore'
[0.739s] Level 1:colcon.colcon_core.package_identification:_identify(src/motion_planner) by extension 'ignore_ament_install'
[0.739s] Level 1:colcon.colcon_core.package_identification:_identify(src/motion_planner) by extensions ['colcon_pkg']
[0.739s] Level 1:colcon.colcon_core.package_identification:_identify(src/motion_planner) by extension 'colcon_pkg'
[0.740s] Level 1:colcon.colcon_core.package_identification:_identify(src/motion_planner) by extensions ['colcon_meta']
[0.740s] Level 1:colcon.colcon_core.package_identification:_identify(src/motion_planner) by extension 'colcon_meta'
[0.740s] Level 1:colcon.colcon_core.package_identification:_identify(src/motion_planner) by extensions ['ros']
[0.740s] Level 1:colcon.colcon_core.package_identification:_identify(src/motion_planner) by extension 'ros'
[0.741s] DEBUG:colcon.colcon_core.package_identification:Package 'src/motion_planner' with type 'ros.ament_python' and name 'motion_planner'
[0.741s] Level 1:colcon.colcon_core.package_identification:_identify(src/mppi) by extensions ['ignore', 'ignore_ament_install']
[0.741s] Level 1:colcon.colcon_core.package_identification:_identify(src/mppi) by extension 'ignore'
[0.741s] Level 1:colcon.colcon_core.package_identification:_identify(src/mppi) by extension 'ignore_ament_install'
[0.741s] Level 1:colcon.colcon_core.package_identification:_identify(src/mppi) by extensions ['colcon_pkg']
[0.741s] Level 1:colcon.colcon_core.package_identification:_identify(src/mppi) by extension 'colcon_pkg'
[0.741s] Level 1:colcon.colcon_core.package_identification:_identify(src/mppi) by extensions ['colcon_meta']
[0.742s] Level 1:colcon.colcon_core.package_identification:_identify(src/mppi) by extension 'colcon_meta'
[0.742s] Level 1:colcon.colcon_core.package_identification:_identify(src/mppi) by extensions ['ros']
[0.742s] Level 1:colcon.colcon_core.package_identification:_identify(src/mppi) by extension 'ros'
[0.743s] DEBUG:colcon.colcon_core.package_identification:Package 'src/mppi' with type 'ros.ament_cmake' and name 'mppi'
[0.743s] Level 1:colcon.colcon_core.package_identification:_identify(src/umv_msgs) by extensions ['ignore', 'ignore_ament_install']
[0.743s] Level 1:colcon.colcon_core.package_identification:_identify(src/umv_msgs) by extension 'ignore'
[0.743s] Level 1:colcon.colcon_core.package_identification:_identify(src/umv_msgs) by extension 'ignore_ament_install'
[0.743s] Level 1:colcon.colcon_core.package_identification:_identify(src/umv_msgs) by extensions ['colcon_pkg']
[0.743s] Level 1:colcon.colcon_core.package_identification:_identify(src/umv_msgs) by extension 'colcon_pkg'
[0.743s] Level 1:colcon.colcon_core.package_identification:_identify(src/umv_msgs) by extensions ['colcon_meta']
[0.743s] Level 1:colcon.colcon_core.package_identification:_identify(src/umv_msgs) by extension 'colcon_meta'
[0.744s] Level 1:colcon.colcon_core.package_identification:_identify(src/umv_msgs) by extensions ['ros']
[0.744s] Level 1:colcon.colcon_core.package_identification:_identify(src/umv_msgs) by extension 'ros'
[0.745s] DEBUG:colcon.colcon_core.package_identification:Package 'src/umv_msgs' with type 'ros.ament_cmake' and name 'umv_msgs'
[0.745s] Level 1:colcon.colcon_core.package_identification:_identify(src/utils) by extensions ['ignore', 'ignore_ament_install']
[0.745s] Level 1:colcon.colcon_core.package_identification:_identify(src/utils) by extension 'ignore'
[0.745s] Level 1:colcon.colcon_core.package_identification:_identify(src/utils) by extension 'ignore_ament_install'
[0.745s] Level 1:colcon.colcon_core.package_identification:_identify(src/utils) by extensions ['colcon_pkg']
[0.746s] Level 1:colcon.colcon_core.package_identification:_identify(src/utils) by extension 'colcon_pkg'
[0.746s] Level 1:colcon.colcon_core.package_identification:_identify(src/utils) by extensions ['colcon_meta']
[0.746s] Level 1:colcon.colcon_core.package_identification:_identify(src/utils) by extension 'colcon_meta'
[0.746s] Level 1:colcon.colcon_core.package_identification:_identify(src/utils) by extensions ['ros']
[0.746s] Level 1:colcon.colcon_core.package_identification:_identify(src/utils) by extension 'ros'
[0.747s] DEBUG:colcon.colcon_core.package_identification:Package 'src/utils' with type 'ros.ament_python' and name 'utils'
[0.747s] Level 1:colcon.colcon_core.package_discovery:discover_packages(recursive) using defaults
[0.747s] Level 1:colcon.colcon_core.package_discovery:discover_packages(ignore) discover
[0.747s] Level 1:colcon.colcon_core.package_discovery:discover_packages(ignore) using defaults
[0.747s] Level 1:colcon.colcon_core.package_discovery:discover_packages(path) discover
[0.747s] Level 1:colcon.colcon_core.package_discovery:discover_packages(path) using defaults
[0.779s] Level 1:colcon.colcon_core.package_discovery:discover_packages(prefix_path) check parameters
[0.779s] Level 1:colcon.colcon_core.package_discovery:discover_packages(prefix_path) discover
[0.782s] DEBUG:colcon.colcon_installed_package_information.package_discovery:Found 2 installed packages in /home/vdcl/Desktop/larr_project/AirSim/ros2/install
[0.782s] DEBUG:colcon.colcon_installed_package_information.package_discovery:Found 7 installed packages in /home/vdcl/Desktop/larr_project/umv_control/install
[0.783s] DEBUG:colcon.colcon_installed_package_information.package_discovery:Found 204 installed packages in /opt/ros/humble
[0.784s] Level 1:colcon.colcon_core.package_discovery:discover_packages(prefix_path) using defaults
[0.831s] Level 5:colcon.colcon_core.verb:set package 'motion_planner' build argument 'cmake_args' from command line to 'None'
[0.831s] Level 5:colcon.colcon_core.verb:set package 'motion_planner' build argument 'cmake_target' from command line to 'None'
[0.832s] Level 5:colcon.colcon_core.verb:set package 'motion_planner' build argument 'cmake_target_skip_unavailable' from command line to 'False'
[0.832s] Level 5:colcon.colcon_core.verb:set package 'motion_planner' build argument 'cmake_clean_cache' from command line to 'False'
[0.832s] Level 5:colcon.colcon_core.verb:set package 'motion_planner' build argument 'cmake_clean_first' from command line to 'False'
[0.832s] Level 5:colcon.colcon_core.verb:set package 'motion_planner' build argument 'cmake_force_configure' from command line to 'False'
[0.832s] Level 5:colcon.colcon_core.verb:set package 'motion_planner' build argument 'ament_cmake_args' from command line to 'None'
[0.832s] Level 5:colcon.colcon_core.verb:set package 'motion_planner' build argument 'catkin_cmake_args' from command line to 'None'
[0.832s] Level 5:colcon.colcon_core.verb:set package 'motion_planner' build argument 'catkin_skip_building_tests' from command line to 'False'
[0.832s] DEBUG:colcon.colcon_core.verb:Building package 'motion_planner' with the following arguments: {'ament_cmake_args': None, 'build_base': '/home/vdcl/Desktop/larr_project/umv_control/build/motion_planner', 'catkin_cmake_args': None, 'catkin_skip_building_tests': False, 'cmake_args': None, 'cmake_clean_cache': False, 'cmake_clean_first': False, 'cmake_force_configure': False, 'cmake_target': None, 'cmake_target_skip_unavailable': False, 'install_base': '/home/vdcl/Desktop/larr_project/umv_control/install/motion_planner', 'merge_install': False, 'path': '/home/vdcl/Desktop/larr_project/umv_control/src/motion_planner', 'symlink_install': False, 'test_result_base': None}
[0.832s] Level 5:colcon.colcon_core.verb:set package 'umv_msgs' build argument 'cmake_args' from command line to 'None'
[0.832s] Level 5:colcon.colcon_core.verb:set package 'umv_msgs' build argument 'cmake_target' from command line to 'None'
[0.833s] Level 5:colcon.colcon_core.verb:set package 'umv_msgs' build argument 'cmake_target_skip_unavailable' from command line to 'False'
[0.833s] Level 5:colcon.colcon_core.verb:set package 'umv_msgs' build argument 'cmake_clean_cache' from command line to 'False'
[0.833s] Level 5:colcon.colcon_core.verb:set package 'umv_msgs' build argument 'cmake_clean_first' from command line to 'False'
[0.833s] Level 5:colcon.colcon_core.verb:set package 'umv_msgs' build argument 'cmake_force_configure' from command line to 'False'
[0.833s] Level 5:colcon.colcon_core.verb:set package 'umv_msgs' build argument 'ament_cmake_args' from command line to 'None'
[0.833s] Level 5:colcon.colcon_core.verb:set package 'umv_msgs' build argument 'catkin_cmake_args' from command line to 'None'
[0.833s] Level 5:colcon.colcon_core.verb:set package 'umv_msgs' build argument 'catkin_skip_building_tests' from command line to 'False'
[0.833s] DEBUG:colcon.colcon_core.verb:Building package 'umv_msgs' with the following arguments: {'ament_cmake_args': None, 'build_base': '/home/vdcl/Desktop/larr_project/umv_control/build/umv_msgs', 'catkin_cmake_args': None, 'catkin_skip_building_tests': False, 'cmake_args': None, 'cmake_clean_cache': False, 'cmake_clean_first': False, 'cmake_force_configure': False, 'cmake_target': None, 'cmake_target_skip_unavailable': False, 'install_base': '/home/vdcl/Desktop/larr_project/umv_control/install/umv_msgs', 'merge_install': False, 'path': '/home/vdcl/Desktop/larr_project/umv_control/src/umv_msgs', 'symlink_install': False, 'test_result_base': None}
[0.833s] Level 5:colcon.colcon_core.verb:set package 'utils' build argument 'cmake_args' from command line to 'None'
[0.833s] Level 5:colcon.colcon_core.verb:set package 'utils' build argument 'cmake_target' from command line to 'None'
[0.833s] Level 5:colcon.colcon_core.verb:set package 'utils' build argument 'cmake_target_skip_unavailable' from command line to 'False'
[0.833s] Level 5:colcon.colcon_core.verb:set package 'utils' build argument 'cmake_clean_cache' from command line to 'False'
[0.834s] Level 5:colcon.colcon_core.verb:set package 'utils' build argument 'cmake_clean_first' from command line to 'False'
[0.834s] Level 5:colcon.colcon_core.verb:set package 'utils' build argument 'cmake_force_configure' from command line to 'False'
[0.834s] Level 5:colcon.colcon_core.verb:set package 'utils' build argument 'ament_cmake_args' from command line to 'None'
[0.834s] Level 5:colcon.colcon_core.verb:set package 'utils' build argument 'catkin_cmake_args' from command line to 'None'
[0.834s] Level 5:colcon.colcon_core.verb:set package 'utils' build argument 'catkin_skip_building_tests' from command line to 'False'
[0.834s] DEBUG:colcon.colcon_core.verb:Building package 'utils' with the following arguments: {'ament_cmake_args': None, 'build_base': '/home/vdcl/Desktop/larr_project/umv_control/build/utils', 'catkin_cmake_args': None, 'catkin_skip_building_tests': False, 'cmake_args': None, 'cmake_clean_cache': False, 'cmake_clean_first': False, 'cmake_force_configure': False, 'cmake_target': None, 'cmake_target_skip_unavailable': False, 'install_base': '/home/vdcl/Desktop/larr_project/umv_control/install/utils', 'merge_install': False, 'path': '/home/vdcl/Desktop/larr_project/umv_control/src/utils', 'symlink_install': False, 'test_result_base': None}
[0.834s] Level 5:colcon.colcon_core.verb:set package 'global_path' build argument 'cmake_args' from command line to 'None'
[0.834s] Level 5:colcon.colcon_core.verb:set package 'global_path' build argument 'cmake_target' from command line to 'None'
[0.834s] Level 5:colcon.colcon_core.verb:set package 'global_path' build argument 'cmake_target_skip_unavailable' from command line to 'False'
[0.835s] Level 5:colcon.colcon_core.verb:set package 'global_path' build argument 'cmake_clean_cache' from command line to 'False'
[0.835s] Level 5:colcon.colcon_core.verb:set package 'global_path' build argument 'cmake_clean_first' from command line to 'False'
[0.835s] Level 5:colcon.colcon_core.verb:set package 'global_path' build argument 'cmake_force_configure' from command line to 'False'
[0.835s] Level 5:colcon.colcon_core.verb:set package 'global_path' build argument 'ament_cmake_args' from command line to 'None'
[0.835s] Level 5:colcon.colcon_core.verb:set package 'global_path' build argument 'catkin_cmake_args' from command line to 'None'
[0.835s] Level 5:colcon.colcon_core.verb:set package 'global_path' build argument 'catkin_skip_building_tests' from command line to 'False'
[0.835s] DEBUG:colcon.colcon_core.verb:Building package 'global_path' with the following arguments: {'ament_cmake_args': None, 'build_base': '/home/vdcl/Desktop/larr_project/umv_control/build/global_path', 'catkin_cmake_args': None, 'catkin_skip_building_tests': False, 'cmake_args': None, 'cmake_clean_cache': False, 'cmake_clean_first': False, 'cmake_force_configure': False, 'cmake_target': None, 'cmake_target_skip_unavailable': False, 'install_base': '/home/vdcl/Desktop/larr_project/umv_control/install/global_path', 'merge_install': False, 'path': '/home/vdcl/Desktop/larr_project/umv_control/src/global_path', 'symlink_install': False, 'test_result_base': None}
[0.835s] Level 5:colcon.colcon_core.verb:set package 'host_vehicle_filter' build argument 'cmake_args' from command line to 'None'
[0.835s] Level 5:colcon.colcon_core.verb:set package 'host_vehicle_filter' build argument 'cmake_target' from command line to 'None'
[0.835s] Level 5:colcon.colcon_core.verb:set package 'host_vehicle_filter' build argument 'cmake_target_skip_unavailable' from command line to 'False'
[0.835s] Level 5:colcon.colcon_core.verb:set package 'host_vehicle_filter' build argument 'cmake_clean_cache' from command line to 'False'
[0.835s] Level 5:colcon.colcon_core.verb:set package 'host_vehicle_filter' build argument 'cmake_clean_first' from command line to 'False'
[0.835s] Level 5:colcon.colcon_core.verb:set package 'host_vehicle_filter' build argument 'cmake_force_configure' from command line to 'False'
[0.835s] Level 5:colcon.colcon_core.verb:set package 'host_vehicle_filter' build argument 'ament_cmake_args' from command line to 'None'
[0.835s] Level 5:colcon.colcon_core.verb:set package 'host_vehicle_filter' build argument 'catkin_cmake_args' from command line to 'None'
[0.835s] Level 5:colcon.colcon_core.verb:set package 'host_vehicle_filter' build argument 'catkin_skip_building_tests' from command line to 'False'
[0.835s] DEBUG:colcon.colcon_core.verb:Building package 'host_vehicle_filter' with the following arguments: {'ament_cmake_args': None, 'build_base': '/home/vdcl/Desktop/larr_project/umv_control/build/host_vehicle_filter', 'catkin_cmake_args': None, 'catkin_skip_building_tests': False, 'cmake_args': None, 'cmake_clean_cache': False, 'cmake_clean_first': False, 'cmake_force_configure': False, 'cmake_target': None, 'cmake_target_skip_unavailable': False, 'install_base': '/home/vdcl/Desktop/larr_project/umv_control/install/host_vehicle_filter', 'merge_install': False, 'path': '/home/vdcl/Desktop/larr_project/umv_control/src/host_vehicle_filter', 'symlink_install': False, 'test_result_base': None}
[0.836s] Level 5:colcon.colcon_core.verb:set package 'lower_controller' build argument 'cmake_args' from command line to 'None'
[0.836s] Level 5:colcon.colcon_core.verb:set package 'lower_controller' build argument 'cmake_target' from command line to 'None'
[0.836s] Level 5:colcon.colcon_core.verb:set package 'lower_controller' build argument 'cmake_target_skip_unavailable' from command line to 'False'
[0.836s] Level 5:colcon.colcon_core.verb:set package 'lower_controller' build argument 'cmake_clean_cache' from command line to 'False'
[0.836s] Level 5:colcon.colcon_core.verb:set package 'lower_controller' build argument 'cmake_clean_first' from command line to 'False'
[0.836s] Level 5:colcon.colcon_core.verb:set package 'lower_controller' build argument 'cmake_force_configure' from command line to 'False'
[0.836s] Level 5:colcon.colcon_core.verb:set package 'lower_controller' build argument 'ament_cmake_args' from command line to 'None'
[0.836s] Level 5:colcon.colcon_core.verb:set package 'lower_controller' build argument 'catkin_cmake_args' from command line to 'None'
[0.836s] Level 5:colcon.colcon_core.verb:set package 'lower_controller' build argument 'catkin_skip_building_tests' from command line to 'False'
[0.836s] DEBUG:colcon.colcon_core.verb:Building package 'lower_controller' with the following arguments: {'ament_cmake_args': None, 'build_base': '/home/vdcl/Desktop/larr_project/umv_control/build/lower_controller', 'catkin_cmake_args': None, 'catkin_skip_building_tests': False, 'cmake_args': None, 'cmake_clean_cache': False, 'cmake_clean_first': False, 'cmake_force_configure': False, 'cmake_target': None, 'cmake_target_skip_unavailable': False, 'install_base': '/home/vdcl/Desktop/larr_project/umv_control/install/lower_controller', 'merge_install': False, 'path': '/home/vdcl/Desktop/larr_project/umv_control/src/lower_controller', 'symlink_install': False, 'test_result_base': None}
[0.837s] Level 5:colcon.colcon_core.verb:set package 'mppi' build argument 'cmake_args' from command line to 'None'
[0.837s] Level 5:colcon.colcon_core.verb:set package 'mppi' build argument 'cmake_target' from command line to 'None'
[0.837s] Level 5:colcon.colcon_core.verb:set package 'mppi' build argument 'cmake_target_skip_unavailable' from command line to 'False'
[0.837s] Level 5:colcon.colcon_core.verb:set package 'mppi' build argument 'cmake_clean_cache' from command line to 'False'
[0.837s] Level 5:colcon.colcon_core.verb:set package 'mppi' build argument 'cmake_clean_first' from command line to 'False'
[0.838s] Level 5:colcon.colcon_core.verb:set package 'mppi' build argument 'cmake_force_configure' from command line to 'False'
[0.838s] Level 5:colcon.colcon_core.verb:set package 'mppi' build argument 'ament_cmake_args' from command line to 'None'
[0.838s] Level 5:colcon.colcon_core.verb:set package 'mppi' build argument 'catkin_cmake_args' from command line to 'None'
[0.838s] Level 5:colcon.colcon_core.verb:set package 'mppi' build argument 'catkin_skip_building_tests' from command line to 'False'
[0.838s] DEBUG:colcon.colcon_core.verb:Building package 'mppi' with the following arguments: {'ament_cmake_args': None, 'build_base': '/home/vdcl/Desktop/larr_project/umv_control/build/mppi', 'catkin_cmake_args': None, 'catkin_skip_building_tests': False, 'cmake_args': None, 'cmake_clean_cache': False, 'cmake_clean_first': False, 'cmake_force_configure': False, 'cmake_target': None, 'cmake_target_skip_unavailable': False, 'install_base': '/home/vdcl/Desktop/larr_project/umv_control/install/mppi', 'merge_install': False, 'path': '/home/vdcl/Desktop/larr_project/umv_control/src/mppi', 'symlink_install': False, 'test_result_base': None}
[0.838s] INFO:colcon.colcon_core.executor:Executing jobs using 'parallel' executor
[0.840s] DEBUG:colcon.colcon_parallel_executor.executor.parallel:run_until_complete
[0.840s] INFO:colcon.colcon_ros.task.ament_cmake.build:Building ROS package in '/home/vdcl/Desktop/larr_project/umv_control/src/umv_msgs' with build type 'ament_cmake'
[0.840s] INFO:colcon.colcon_cmake.task.cmake.build:Building CMake package in '/home/vdcl/Desktop/larr_project/umv_control/src/umv_msgs'
[0.845s] INFO:colcon.colcon_core.plugin_system:Skipping extension 'colcon_core.shell.bat': Not used on non-Windows systems
[0.845s] INFO:colcon.colcon_core.shell:Skip shell extension 'powershell' for command environment: Not usable outside of PowerShell
[0.846s] DEBUG:colcon.colcon_core.shell:Skip shell extension 'dsv' for command environment
[0.853s] INFO:colcon.colcon_ros.task.ament_python.build:Building ROS package in '/home/vdcl/Desktop/larr_project/umv_control/src/motion_planner' with build type 'ament_python'
[0.855s] Level 1:colcon.colcon_core.shell:create_environment_hook('motion_planner', 'ament_prefix_path')
[0.855s] INFO:colcon.colcon_core.shell:Creating environment hook '/home/vdcl/Desktop/larr_project/umv_control/install/motion_planner/share/motion_planner/hook/ament_prefix_path.ps1'
[0.857s] INFO:colcon.colcon_core.shell:Creating environment descriptor '/home/vdcl/Desktop/larr_project/umv_control/install/motion_planner/share/motion_planner/hook/ament_prefix_path.dsv'
[0.858s] INFO:colcon.colcon_core.shell:Creating environment hook '/home/vdcl/Desktop/larr_project/umv_control/install/motion_planner/share/motion_planner/hook/ament_prefix_path.sh'
[0.859s] INFO:colcon.colcon_core.shell:Skip shell extension 'powershell' for command environment: Not usable outside of PowerShell
[0.859s] DEBUG:colcon.colcon_core.shell:Skip shell extension 'dsv' for command environment
[0.866s] INFO:colcon.colcon_ros.task.ament_python.build:Building ROS package in '/home/vdcl/Desktop/larr_project/umv_control/src/utils' with build type 'ament_python'
[0.867s] Level 1:colcon.colcon_core.shell:create_environment_hook('utils', 'ament_prefix_path')
[0.867s] INFO:colcon.colcon_core.shell:Creating environment hook '/home/vdcl/Desktop/larr_project/umv_control/install/utils/share/utils/hook/ament_prefix_path.ps1'
[0.868s] INFO:colcon.colcon_core.shell:Creating environment descriptor '/home/vdcl/Desktop/larr_project/umv_control/install/utils/share/utils/hook/ament_prefix_path.dsv'
[0.868s] INFO:colcon.colcon_core.shell:Creating environment hook '/home/vdcl/Desktop/larr_project/umv_control/install/utils/share/utils/hook/ament_prefix_path.sh'
[0.869s] INFO:colcon.colcon_core.shell:Skip shell extension 'powershell' for command environment: Not usable outside of PowerShell
[0.869s] DEBUG:colcon.colcon_core.shell:Skip shell extension 'dsv' for command environment
[0.887s] DEBUG:colcon.colcon_core.event_handler.log_command:Invoking command in '/home/vdcl/Desktop/larr_project/umv_control/build/umv_msgs': CMAKE_PREFIX_PATH=${CMAKE_PREFIX_PATH}:/home/vdcl/Desktop/larr_project/umv_control/install/utils:/home/vdcl/Desktop/larr_project/umv_control/install/lower_controller:/home/vdcl/Desktop/larr_project/umv_control/install/host_vehicle_filter:/home/vdcl/Desktop/larr_project/umv_control/install/global_path:/home/vdcl/Desktop/larr_project/umv_control/install/motion_planner:/opt/ros/humble /usr/bin/cmake --build /home/vdcl/Desktop/larr_project/umv_control/build/umv_msgs -- -j8 -l8
[1.503s] INFO:colcon.colcon_core.task.python.build:Building Python package in '/home/vdcl/Desktop/larr_project/umv_control/src/motion_planner'
[1.503s] INFO:colcon.colcon_core.shell:Skip shell extension 'powershell' for command environment: Not usable outside of PowerShell
[1.503s] DEBUG:colcon.colcon_core.shell:Skip shell extension 'dsv' for command environment
[2.028s] INFO:colcon.colcon_core.task.python.build:Building Python package in '/home/vdcl/Desktop/larr_project/umv_control/src/utils'
[2.029s] INFO:colcon.colcon_core.shell:Skip shell extension 'powershell' for command environment: Not usable outside of PowerShell
[2.029s] DEBUG:colcon.colcon_core.shell:Skip shell extension 'dsv' for command environment
[2.044s] DEBUG:colcon.colcon_core.event_handler.log_command:Invoked command in '/home/vdcl/Desktop/larr_project/umv_control/build/umv_msgs' returned '0': CMAKE_PREFIX_PATH=${CMAKE_PREFIX_PATH}:/home/vdcl/Desktop/larr_project/umv_control/install/utils:/home/vdcl/Desktop/larr_project/umv_control/install/lower_controller:/home/vdcl/Desktop/larr_project/umv_control/install/host_vehicle_filter:/home/vdcl/Desktop/larr_project/umv_control/install/global_path:/home/vdcl/Desktop/larr_project/umv_control/install/motion_planner:/opt/ros/humble /usr/bin/cmake --build /home/vdcl/Desktop/larr_project/umv_control/build/umv_msgs -- -j8 -l8
[2.328s] DEBUG:colcon.colcon_core.event_handler.log_command:Invoking command in '/home/vdcl/Desktop/larr_project/umv_control/build/umv_msgs': CMAKE_PREFIX_PATH=${CMAKE_PREFIX_PATH}:/home/vdcl/Desktop/larr_project/umv_control/install/utils:/home/vdcl/Desktop/larr_project/umv_control/install/lower_controller:/home/vdcl/Desktop/larr_project/umv_control/install/host_vehicle_filter:/home/vdcl/Desktop/larr_project/umv_control/install/global_path:/home/vdcl/Desktop/larr_project/umv_control/install/motion_planner:/opt/ros/humble /usr/bin/cmake --install /home/vdcl/Desktop/larr_project/umv_control/build/umv_msgs
[2.444s] Level 1:colcon.colcon_core.environment:create_environment_scripts_only(umv_msgs)
[2.447s] Level 1:colcon.colcon_core.environment:checking '/home/vdcl/Desktop/larr_project/umv_control/install/umv_msgs' for CMake module files
[2.448s] DEBUG:colcon.colcon_core.event_handler.log_command:Invoked command in '/home/vdcl/Desktop/larr_project/umv_control/build/umv_msgs' returned '0': CMAKE_PREFIX_PATH=${CMAKE_PREFIX_PATH}:/home/vdcl/Desktop/larr_project/umv_control/install/utils:/home/vdcl/Desktop/larr_project/umv_control/install/lower_controller:/home/vdcl/Desktop/larr_project/umv_control/install/host_vehicle_filter:/home/vdcl/Desktop/larr_project/umv_control/install/global_path:/home/vdcl/Desktop/larr_project/umv_control/install/motion_planner:/opt/ros/humble /usr/bin/cmake --install /home/vdcl/Desktop/larr_project/umv_control/build/umv_msgs
[2.449s] Level 1:colcon.colcon_core.environment:checking '/home/vdcl/Desktop/larr_project/umv_control/install/umv_msgs' for CMake config files
[2.450s] Level 1:colcon.colcon_core.shell:create_environment_hook('umv_msgs', 'cmake_prefix_path')
[2.450s] INFO:colcon.colcon_core.shell:Creating environment hook '/home/vdcl/Desktop/larr_project/umv_control/install/umv_msgs/share/umv_msgs/hook/cmake_prefix_path.ps1'
[2.451s] INFO:colcon.colcon_core.shell:Creating environment descriptor '/home/vdcl/Desktop/larr_project/umv_control/install/umv_msgs/share/umv_msgs/hook/cmake_prefix_path.dsv'
[2.451s] INFO:colcon.colcon_core.shell:Creating environment hook '/home/vdcl/Desktop/larr_project/umv_control/install/umv_msgs/share/umv_msgs/hook/cmake_prefix_path.sh'
[2.452s] Level 1:colcon.colcon_core.environment:checking '/home/vdcl/Desktop/larr_project/umv_control/install/umv_msgs/lib'
[2.452s] Level 1:colcon.colcon_core.shell:create_environment_hook('umv_msgs', 'ld_library_path_lib')
[2.453s] INFO:colcon.colcon_core.shell:Creating environment hook '/home/vdcl/Desktop/larr_project/umv_control/install/umv_msgs/share/umv_msgs/hook/ld_library_path_lib.ps1'
[2.453s] INFO:colcon.colcon_core.shell:Creating environment descriptor '/home/vdcl/Desktop/larr_project/umv_control/install/umv_msgs/share/umv_msgs/hook/ld_library_path_lib.dsv'
[2.454s] INFO:colcon.colcon_core.shell:Creating environment hook '/home/vdcl/Desktop/larr_project/umv_control/install/umv_msgs/share/umv_msgs/hook/ld_library_path_lib.sh'
[2.454s] Level 1:colcon.colcon_core.environment:checking '/home/vdcl/Desktop/larr_project/umv_control/install/umv_msgs/bin'
[2.458s] Level 1:colcon.colcon_core.environment:checking '/home/vdcl/Desktop/larr_project/umv_control/install/umv_msgs/lib/pkgconfig/umv_msgs.pc'
[2.458s] Level 1:colcon.colcon_core.environment:checking '/home/vdcl/Desktop/larr_project/umv_control/install/umv_msgs/lib/python3.10/site-packages'
[2.458s] Level 1:colcon.colcon_core.environment:checking '/home/vdcl/Desktop/larr_project/umv_control/install/umv_msgs/bin'
[2.459s] INFO:colcon.colcon_core.shell:Creating package script '/home/vdcl/Desktop/larr_project/umv_control/install/umv_msgs/share/umv_msgs/package.ps1'
[2.460s] INFO:colcon.colcon_core.shell:Creating package descriptor '/home/vdcl/Desktop/larr_project/umv_control/install/umv_msgs/share/umv_msgs/package.dsv'
[2.461s] INFO:colcon.colcon_core.shell:Creating package script '/home/vdcl/Desktop/larr_project/umv_control/install/umv_msgs/share/umv_msgs/package.sh'
[2.462s] INFO:colcon.colcon_core.shell:Creating package script '/home/vdcl/Desktop/larr_project/umv_control/install/umv_msgs/share/umv_msgs/package.bash'
[2.463s] INFO:colcon.colcon_core.shell:Creating package script '/home/vdcl/Desktop/larr_project/umv_control/install/umv_msgs/share/umv_msgs/package.zsh'
[2.464s] Level 1:colcon.colcon_core.environment:create_file_with_runtime_dependencies(/home/vdcl/Desktop/larr_project/umv_control/install/umv_msgs/share/colcon-core/packages/umv_msgs)
[2.780s] DEBUG:colcon.colcon_core.event_handler.log_command:Invoking command in '/home/vdcl/Desktop/larr_project/umv_control/src/motion_planner': PYTHONPATH=/home/vdcl/Desktop/larr_project/umv_control/build/motion_planner/prefix_override:/home/vdcl/Desktop/larr_project/umv_control/install/motion_planner/lib/python3.10/site-packages:${PYTHONPATH} /usr/bin/python3 -W ignore:setup.py install is deprecated setup.py egg_info --egg-base ../../build/motion_planner build --build-base /home/vdcl/Desktop/larr_project/umv_control/build/motion_planner/build install --record /home/vdcl/Desktop/larr_project/umv_control/build/motion_planner/install.log --single-version-externally-managed install_data
[2.790s] Level 1:colcon.colcon_core.environment:create_environment_scripts_only(umv_msgs)
[2.791s] Level 1:colcon.colcon_core.environment:checking '/home/vdcl/Desktop/larr_project/umv_control/install/umv_msgs' for CMake module files
[2.792s] Level 1:colcon.colcon_core.environment:checking '/home/vdcl/Desktop/larr_project/umv_control/install/umv_msgs' for CMake config files
[2.794s] Level 1:colcon.colcon_core.shell:create_environment_hook('umv_msgs', 'cmake_prefix_path')
[2.794s] INFO:colcon.colcon_core.shell:Creating environment hook '/home/vdcl/Desktop/larr_project/umv_control/install/umv_msgs/share/umv_msgs/hook/cmake_prefix_path.ps1'
[2.795s] INFO:colcon.colcon_core.shell:Creating environment descriptor '/home/vdcl/Desktop/larr_project/umv_control/install/umv_msgs/share/umv_msgs/hook/cmake_prefix_path.dsv'
[2.796s] INFO:colcon.colcon_core.shell:Creating environment hook '/home/vdcl/Desktop/larr_project/umv_control/install/umv_msgs/share/umv_msgs/hook/cmake_prefix_path.sh'
[2.796s] Level 1:colcon.colcon_core.environment:checking '/home/vdcl/Desktop/larr_project/umv_control/install/umv_msgs/lib'
[2.796s] Level 1:colcon.colcon_core.shell:create_environment_hook('umv_msgs', 'ld_library_path_lib')
[2.797s] INFO:colcon.colcon_core.shell:Creating environment hook '/home/vdcl/Desktop/larr_project/umv_control/install/umv_msgs/share/umv_msgs/hook/ld_library_path_lib.ps1'
[2.798s] INFO:colcon.colcon_core.shell:Creating environment descriptor '/home/vdcl/Desktop/larr_project/umv_control/install/umv_msgs/share/umv_msgs/hook/ld_library_path_lib.dsv'
[2.798s] INFO:colcon.colcon_core.shell:Creating environment hook '/home/vdcl/Desktop/larr_project/umv_control/install/umv_msgs/share/umv_msgs/hook/ld_library_path_lib.sh'
[2.799s] Level 1:colcon.colcon_core.environment:checking '/home/vdcl/Desktop/larr_project/umv_control/install/umv_msgs/bin'
[2.799s] Level 1:colcon.colcon_core.environment:checking '/home/vdcl/Desktop/larr_project/umv_control/install/umv_msgs/lib/pkgconfig/umv_msgs.pc'
[2.799s] Level 1:colcon.colcon_core.environment:checking '/home/vdcl/Desktop/larr_project/umv_control/install/umv_msgs/lib/python3.10/site-packages'
[2.800s] Level 1:colcon.colcon_core.environment:checking '/home/vdcl/Desktop/larr_project/umv_control/install/umv_msgs/bin'
[2.801s] INFO:colcon.colcon_core.shell:Creating package script '/home/vdcl/Desktop/larr_project/umv_control/install/umv_msgs/share/umv_msgs/package.ps1'
[2.802s] INFO:colcon.colcon_core.shell:Creating package descriptor '/home/vdcl/Desktop/larr_project/umv_control/install/umv_msgs/share/umv_msgs/package.dsv'
[2.803s] INFO:colcon.colcon_core.shell:Creating package script '/home/vdcl/Desktop/larr_project/umv_control/install/umv_msgs/share/umv_msgs/package.sh'
[2.804s] INFO:colcon.colcon_core.shell:Creating package script '/home/vdcl/Desktop/larr_project/umv_control/install/umv_msgs/share/umv_msgs/package.bash'
[2.804s] INFO:colcon.colcon_core.shell:Creating package script '/home/vdcl/Desktop/larr_project/umv_control/install/umv_msgs/share/umv_msgs/package.zsh'
[2.805s] Level 1:colcon.colcon_core.environment:create_file_with_runtime_dependencies(/home/vdcl/Desktop/larr_project/umv_control/install/umv_msgs/share/colcon-core/packages/umv_msgs)
[2.806s] INFO:colcon.colcon_ros.task.ament_python.build:Building ROS package in '/home/vdcl/Desktop/larr_project/umv_control/src/global_path' with build type 'ament_python'
[2.806s] Level 1:colcon.colcon_core.shell:create_environment_hook('global_path', 'ament_prefix_path')
[2.806s] INFO:colcon.colcon_core.shell:Creating environment hook '/home/vdcl/Desktop/larr_project/umv_control/install/global_path/share/global_path/hook/ament_prefix_path.ps1'
[2.807s] INFO:colcon.colcon_core.shell:Creating environment descriptor '/home/vdcl/Desktop/larr_project/umv_control/install/global_path/share/global_path/hook/ament_prefix_path.dsv'
[2.808s] INFO:colcon.colcon_core.shell:Creating environment hook '/home/vdcl/Desktop/larr_project/umv_control/install/global_path/share/global_path/hook/ament_prefix_path.sh'
[2.813s] INFO:colcon.colcon_core.shell:Skip shell extension 'powershell' for command environment: Not usable outside of PowerShell
[2.814s] DEBUG:colcon.colcon_core.shell:Skip shell extension 'dsv' for command environment
[2.827s] INFO:colcon.colcon_ros.task.ament_python.build:Building ROS package in '/home/vdcl/Desktop/larr_project/umv_control/src/host_vehicle_filter' with build type 'ament_python'
[2.828s] Level 1:colcon.colcon_core.shell:create_environment_hook('host_vehicle_filter', 'ament_prefix_path')
[2.828s] INFO:colcon.colcon_core.shell:Creating environment hook '/home/vdcl/Desktop/larr_project/umv_control/install/host_vehicle_filter/share/host_vehicle_filter/hook/ament_prefix_path.ps1'
[2.829s] INFO:colcon.colcon_core.shell:Creating environment descriptor '/home/vdcl/Desktop/larr_project/umv_control/install/host_vehicle_filter/share/host_vehicle_filter/hook/ament_prefix_path.dsv'
[2.829s] INFO:colcon.colcon_core.shell:Creating environment hook '/home/vdcl/Desktop/larr_project/umv_control/install/host_vehicle_filter/share/host_vehicle_filter/hook/ament_prefix_path.sh'
[2.830s] INFO:colcon.colcon_core.shell:Skip shell extension 'powershell' for command environment: Not usable outside of PowerShell
[2.830s] DEBUG:colcon.colcon_core.shell:Skip shell extension 'dsv' for command environment
[2.844s] INFO:colcon.colcon_ros.task.ament_python.build:Building ROS package in '/home/vdcl/Desktop/larr_project/umv_control/src/lower_controller' with build type 'ament_python'
[2.845s] Level 1:colcon.colcon_core.shell:create_environment_hook('lower_controller', 'ament_prefix_path')
[2.845s] INFO:colcon.colcon_core.shell:Creating environment hook '/home/vdcl/Desktop/larr_project/umv_control/install/lower_controller/share/lower_controller/hook/ament_prefix_path.ps1'
[2.846s] INFO:colcon.colcon_core.shell:Creating environment descriptor '/home/vdcl/Desktop/larr_project/umv_control/install/lower_controller/share/lower_controller/hook/ament_prefix_path.dsv'
[2.847s] INFO:colcon.colcon_core.shell:Creating environment hook '/home/vdcl/Desktop/larr_project/umv_control/install/lower_controller/share/lower_controller/hook/ament_prefix_path.sh'
[2.848s] INFO:colcon.colcon_core.shell:Skip shell extension 'powershell' for command environment: Not usable outside of PowerShell
[2.848s] DEBUG:colcon.colcon_core.shell:Skip shell extension 'dsv' for command environment
[2.853s] INFO:colcon.colcon_ros.task.ament_cmake.build:Building ROS package in '/home/vdcl/Desktop/larr_project/umv_control/src/mppi' with build type 'ament_cmake'
[2.854s] INFO:colcon.colcon_cmake.task.cmake.build:Building CMake package in '/home/vdcl/Desktop/larr_project/umv_control/src/mppi'
[2.854s] INFO:colcon.colcon_core.shell:Skip shell extension 'powershell' for command environment: Not usable outside of PowerShell
[2.854s] DEBUG:colcon.colcon_core.shell:Skip shell extension 'dsv' for command environment
[2.865s] DEBUG:colcon.colcon_core.event_handler.log_command:Invoking command in '/home/vdcl/Desktop/larr_project/umv_control/src/utils': PYTHONPATH=/home/vdcl/Desktop/larr_project/umv_control/build/utils/prefix_override:/home/vdcl/Desktop/larr_project/umv_control/install/utils/lib/python3.10/site-packages:${PYTHONPATH} /usr/bin/python3 -W ignore:setup.py install is deprecated setup.py egg_info --egg-base ../../build/utils build --build-base /home/vdcl/Desktop/larr_project/umv_control/build/utils/build install --record /home/vdcl/Desktop/larr_project/umv_control/build/utils/install.log --single-version-externally-managed install_data
[3.375s] INFO:colcon.colcon_core.task.python.build:Building Python package in '/home/vdcl/Desktop/larr_project/umv_control/src/global_path'
[3.375s] INFO:colcon.colcon_core.shell:Skip shell extension 'powershell' for command environment: Not usable outside of PowerShell
[3.375s] DEBUG:colcon.colcon_core.shell:Skip shell extension 'dsv' for command environment
[3.792s] INFO:colcon.colcon_core.task.python.build:Building Python package in '/home/vdcl/Desktop/larr_project/umv_control/src/host_vehicle_filter'
[3.793s] INFO:colcon.colcon_core.shell:Skip shell extension 'powershell' for command environment: Not usable outside of PowerShell
[3.793s] DEBUG:colcon.colcon_core.shell:Skip shell extension 'dsv' for command environment
[4.141s] INFO:colcon.colcon_core.task.python.build:Building Python package in '/home/vdcl/Desktop/larr_project/umv_control/src/lower_controller'
[4.142s] INFO:colcon.colcon_core.shell:Skip shell extension 'powershell' for command environment: Not usable outside of PowerShell
[4.142s] DEBUG:colcon.colcon_core.shell:Skip shell extension 'dsv' for command environment
[4.153s] DEBUG:colcon.colcon_core.event_handler.log_command:Invoking command in '/home/vdcl/Desktop/larr_project/umv_control/build/mppi': CMAKE_PREFIX_PATH=/home/vdcl/Desktop/larr_project/umv_control/install/umv_msgs:/home/vdcl/Desktop/larr_project/umv_control/install/mppi:/home/vdcl/Desktop/larr_project/AirSim/ros2/install/airsim_ros_pkgs:/home/vdcl/Desktop/larr_project/AirSim/ros2/install/airsim_interfaces:/home/vdcl/Desktop/larr_project/umv_control/install/utils:/home/vdcl/Desktop/larr_project/umv_control/install/lower_controller:/home/vdcl/Desktop/larr_project/umv_control/install/host_vehicle_filter:/home/vdcl/Desktop/larr_project/umv_control/install/global_path:/home/vdcl/Desktop/larr_project/umv_control/install/motion_planner:/opt/ros/humble LD_LIBRARY_PATH=/home/vdcl/Desktop/larr_project/umv_control/install/umv_msgs/lib:/usr/local/cuda-12.2/lib64:/home/vdcl/Desktop/larr_project/AirSim/ros2/install/airsim_ros_pkgs/lib:/home/vdcl/Desktop/larr_project/AirSim/ros2/install/airsim_interfaces/lib:/opt/ros/humble/opt/rviz_ogre_vendor/lib:/opt/ros/humble/lib/x86_64-linux-gnu:/opt/ros/humble/lib /usr/bin/cmake --build /home/vdcl/Desktop/larr_project/umv_control/build/mppi -- -j8 -l8
[4.155s] Level 1:colcon.colcon_core.environment:checking '/home/vdcl/Desktop/larr_project/umv_control/install/motion_planner' for CMake module files
[4.156s] DEBUG:colcon.colcon_core.event_handler.log_command:Invoked command in '/home/vdcl/Desktop/larr_project/umv_control/src/motion_planner' returned '0': PYTHONPATH=/home/vdcl/Desktop/larr_project/umv_control/build/motion_planner/prefix_override:/home/vdcl/Desktop/larr_project/umv_control/install/motion_planner/lib/python3.10/site-packages:${PYTHONPATH} /usr/bin/python3 -W ignore:setup.py install is deprecated setup.py egg_info --egg-base ../../build/motion_planner build --build-base /home/vdcl/Desktop/larr_project/umv_control/build/motion_planner/build install --record /home/vdcl/Desktop/larr_project/umv_control/build/motion_planner/install.log --single-version-externally-managed install_data
[4.157s] Level 1:colcon.colcon_core.environment:checking '/home/vdcl/Desktop/larr_project/umv_control/install/motion_planner' for CMake config files
[4.158s] Level 1:colcon.colcon_core.environment:checking '/home/vdcl/Desktop/larr_project/umv_control/install/motion_planner/lib'
[4.158s] Level 1:colcon.colcon_core.environment:checking '/home/vdcl/Desktop/larr_project/umv_control/install/motion_planner/bin'
[4.158s] Level 1:colcon.colcon_core.environment:checking '/home/vdcl/Desktop/larr_project/umv_control/install/motion_planner/lib/pkgconfig/motion_planner.pc'
[4.159s] Level 1:colcon.colcon_core.environment:checking '/home/vdcl/Desktop/larr_project/umv_control/install/motion_planner/lib/python3.10/site-packages'
[4.159s] Level 1:colcon.colcon_core.shell:create_environment_hook('motion_planner', 'pythonpath')
[4.159s] INFO:colcon.colcon_core.shell:Creating environment hook '/home/vdcl/Desktop/larr_project/umv_control/install/motion_planner/share/motion_planner/hook/pythonpath.ps1'
[4.160s] INFO:colcon.colcon_core.shell:Creating environment descriptor '/home/vdcl/Desktop/larr_project/umv_control/install/motion_planner/share/motion_planner/hook/pythonpath.dsv'
[4.161s] INFO:colcon.colcon_core.shell:Creating environment hook '/home/vdcl/Desktop/larr_project/umv_control/install/motion_planner/share/motion_planner/hook/pythonpath.sh'
[4.162s] Level 1:colcon.colcon_core.environment:checking '/home/vdcl/Desktop/larr_project/umv_control/install/motion_planner/bin'
[4.162s] Level 1:colcon.colcon_core.environment:create_environment_scripts_only(motion_planner)
[4.163s] INFO:colcon.colcon_core.shell:Creating package script '/home/vdcl/Desktop/larr_project/umv_control/install/motion_planner/share/motion_planner/package.ps1'
[4.165s] INFO:colcon.colcon_core.shell:Creating package descriptor '/home/vdcl/Desktop/larr_project/umv_control/install/motion_planner/share/motion_planner/package.dsv'
[4.165s] INFO:colcon.colcon_core.shell:Creating package script '/home/vdcl/Desktop/larr_project/umv_control/install/motion_planner/share/motion_planner/package.sh'
[4.166s] INFO:colcon.colcon_core.shell:Creating package script '/home/vdcl/Desktop/larr_project/umv_control/install/motion_planner/share/motion_planner/package.bash'
[4.166s] INFO:colcon.colcon_core.shell:Creating package script '/home/vdcl/Desktop/larr_project/umv_control/install/motion_planner/share/motion_planner/package.zsh'
[4.167s] Level 1:colcon.colcon_core.environment:create_file_with_runtime_dependencies(/home/vdcl/Desktop/larr_project/umv_control/install/motion_planner/share/colcon-core/packages/motion_planner)
[4.167s] Level 1:colcon.colcon_core.environment:checking '/home/vdcl/Desktop/larr_project/umv_control/install/utils' for CMake module files
[4.168s] Level 1:colcon.colcon_core.environment:checking '/home/vdcl/Desktop/larr_project/umv_control/install/utils' for CMake config files
[4.169s] Level 1:colcon.colcon_core.environment:checking '/home/vdcl/Desktop/larr_project/umv_control/install/utils/lib'
[4.169s] Level 1:colcon.colcon_core.environment:checking '/home/vdcl/Desktop/larr_project/umv_control/install/utils/bin'
[4.169s] Level 1:colcon.colcon_core.environment:checking '/home/vdcl/Desktop/larr_project/umv_control/install/utils/lib/pkgconfig/utils.pc'
[4.170s] Level 1:colcon.colcon_core.environment:checking '/home/vdcl/Desktop/larr_project/umv_control/install/utils/lib/python3.10/site-packages'
[4.170s] Level 1:colcon.colcon_core.shell:create_environment_hook('utils', 'pythonpath')
[4.170s] INFO:colcon.colcon_core.shell:Creating environment hook '/home/vdcl/Desktop/larr_project/umv_control/install/utils/share/utils/hook/pythonpath.ps1'
[4.171s] INFO:colcon.colcon_core.shell:Creating environment descriptor '/home/vdcl/Desktop/larr_project/umv_control/install/utils/share/utils/hook/pythonpath.dsv'
[4.172s] INFO:colcon.colcon_core.shell:Creating environment hook '/home/vdcl/Desktop/larr_project/umv_control/install/utils/share/utils/hook/pythonpath.sh'
[4.173s] Level 1:colcon.colcon_core.environment:checking '/home/vdcl/Desktop/larr_project/umv_control/install/utils/bin'
[4.173s] Level 1:colcon.colcon_core.environment:create_environment_scripts_only(utils)
[4.174s] INFO:colcon.colcon_core.shell:Creating package script '/home/vdcl/Desktop/larr_project/umv_control/install/utils/share/utils/package.ps1'
[4.175s] INFO:colcon.colcon_core.shell:Creating package descriptor '/home/vdcl/Desktop/larr_project/umv_control/install/utils/share/utils/package.dsv'
[4.175s] DEBUG:colcon.colcon_core.event_handler.log_command:Invoked command in '/home/vdcl/Desktop/larr_project/umv_control/src/utils' returned '0': PYTHONPATH=/home/vdcl/Desktop/larr_project/umv_control/build/utils/prefix_override:/home/vdcl/Desktop/larr_project/umv_control/install/utils/lib/python3.10/site-packages:${PYTHONPATH} /usr/bin/python3 -W ignore:setup.py install is deprecated setup.py egg_info --egg-base ../../build/utils build --build-base /home/vdcl/Desktop/larr_project/umv_control/build/utils/build install --record /home/vdcl/Desktop/larr_project/umv_control/build/utils/install.log --single-version-externally-managed install_data
[4.176s] INFO:colcon.colcon_core.shell:Creating package script '/home/vdcl/Desktop/larr_project/umv_control/install/utils/share/utils/package.sh'
[4.177s] INFO:colcon.colcon_core.shell:Creating package script '/home/vdcl/Desktop/larr_project/umv_control/install/utils/share/utils/package.bash'
[4.177s] INFO:colcon.colcon_core.shell:Creating package script '/home/vdcl/Desktop/larr_project/umv_control/install/utils/share/utils/package.zsh'
[4.178s] Level 1:colcon.colcon_core.environment:create_file_with_runtime_dependencies(/home/vdcl/Desktop/larr_project/umv_control/install/utils/share/colcon-core/packages/utils)
[4.975s] DEBUG:colcon.colcon_core.event_handler.log_command:Invoking command in '/home/vdcl/Desktop/larr_project/umv_control/src/global_path': CMAKE_PREFIX_PATH=/home/vdcl/Desktop/larr_project/umv_control/install/umv_msgs:/home/vdcl/Desktop/larr_project/umv_control/install/mppi:/home/vdcl/Desktop/larr_project/AirSim/ros2/install/airsim_ros_pkgs:/home/vdcl/Desktop/larr_project/AirSim/ros2/install/airsim_interfaces LD_LIBRARY_PATH=/home/vdcl/Desktop/larr_project/umv_control/install/umv_msgs/lib:/usr/local/cuda-12.2/lib64:/home/vdcl/Desktop/larr_project/AirSim/ros2/install/airsim_ros_pkgs/lib:/home/vdcl/Desktop/larr_project/AirSim/ros2/install/airsim_interfaces/lib:/opt/ros/humble/opt/rviz_ogre_vendor/lib:/opt/ros/humble/lib/x86_64-linux-gnu:/opt/ros/humble/lib PYTHONPATH=/home/vdcl/Desktop/larr_project/umv_control/build/global_path/prefix_override:/home/vdcl/Desktop/larr_project/umv_control/install/global_path/lib/python3.10/site-packages:${PYTHONPATH} /usr/bin/python3 -W ignore:setup.py install is deprecated setup.py egg_info --egg-base ../../build/global_path build --build-base /home/vdcl/Desktop/larr_project/umv_control/build/global_path/build install --record /home/vdcl/Desktop/larr_project/umv_control/build/global_path/install.log --single-version-externally-managed install_data
[5.022s] DEBUG:colcon.colcon_core.event_handler.log_command:Invoking command in '/home/vdcl/Desktop/larr_project/umv_control/src/host_vehicle_filter': CMAKE_PREFIX_PATH=/home/vdcl/Desktop/larr_project/umv_control/install/umv_msgs:/home/vdcl/Desktop/larr_project/umv_control/install/mppi:/home/vdcl/Desktop/larr_project/AirSim/ros2/install/airsim_ros_pkgs:/home/vdcl/Desktop/larr_project/AirSim/ros2/install/airsim_interfaces LD_LIBRARY_PATH=/home/vdcl/Desktop/larr_project/umv_control/install/umv_msgs/lib:/usr/local/cuda-12.2/lib64:/home/vdcl/Desktop/larr_project/AirSim/ros2/install/airsim_ros_pkgs/lib:/home/vdcl/Desktop/larr_project/AirSim/ros2/install/airsim_interfaces/lib:/opt/ros/humble/opt/rviz_ogre_vendor/lib:/opt/ros/humble/lib/x86_64-linux-gnu:/opt/ros/humble/lib PYTHONPATH=/home/vdcl/Desktop/larr_project/umv_control/build/host_vehicle_filter/prefix_override:/home/vdcl/Desktop/larr_project/umv_control/install/host_vehicle_filter/lib/python3.10/site-packages:${PYTHONPATH} /usr/bin/python3 -W ignore:setup.py install is deprecated setup.py egg_info --egg-base ../../build/host_vehicle_filter build --build-base /home/vdcl/Desktop/larr_project/umv_control/build/host_vehicle_filter/build install --record /home/vdcl/Desktop/larr_project/umv_control/build/host_vehicle_filter/install.log --single-version-externally-managed install_data
[5.159s] DEBUG:colcon.colcon_core.event_handler.log_command:Invoking command in '/home/vdcl/Desktop/larr_project/umv_control/src/lower_controller': CMAKE_PREFIX_PATH=/home/vdcl/Desktop/larr_project/umv_control/install/umv_msgs:/home/vdcl/Desktop/larr_project/umv_control/install/mppi:/home/vdcl/Desktop/larr_project/AirSim/ros2/install/airsim_ros_pkgs:/home/vdcl/Desktop/larr_project/AirSim/ros2/install/airsim_interfaces LD_LIBRARY_PATH=/home/vdcl/Desktop/larr_project/umv_control/install/umv_msgs/lib:/usr/local/cuda-12.2/lib64:/home/vdcl/Desktop/larr_project/AirSim/ros2/install/airsim_ros_pkgs/lib:/home/vdcl/Desktop/larr_project/AirSim/ros2/install/airsim_interfaces/lib:/opt/ros/humble/opt/rviz_ogre_vendor/lib:/opt/ros/humble/lib/x86_64-linux-gnu:/opt/ros/humble/lib PYTHONPATH=/home/vdcl/Desktop/larr_project/umv_control/build/lower_controller/prefix_override:/home/vdcl/Desktop/larr_project/umv_control/install/lower_controller/lib/python3.10/site-packages:${PYTHONPATH} /usr/bin/python3 -W ignore:setup.py install is deprecated setup.py egg_info --egg-base ../../build/lower_controller build --build-base /home/vdcl/Desktop/larr_project/umv_control/build/lower_controller/build install --record /home/vdcl/Desktop/larr_project/umv_control/build/lower_controller/install.log --single-version-externally-managed install_data
[5.547s] Level 1:colcon.colcon_core.environment:checking '/home/vdcl/Desktop/larr_project/umv_control/install/host_vehicle_filter' for CMake module files
[5.551s] DEBUG:colcon.colcon_core.event_handler.log_command:Invoked command in '/home/vdcl/Desktop/larr_project/umv_control/src/host_vehicle_filter' returned '0': CMAKE_PREFIX_PATH=/home/vdcl/Desktop/larr_project/umv_control/install/umv_msgs:/home/vdcl/Desktop/larr_project/umv_control/install/mppi:/home/vdcl/Desktop/larr_project/AirSim/ros2/install/airsim_ros_pkgs:/home/vdcl/Desktop/larr_project/AirSim/ros2/install/airsim_interfaces LD_LIBRARY_PATH=/home/vdcl/Desktop/larr_project/umv_control/install/umv_msgs/lib:/usr/local/cuda-12.2/lib64:/home/vdcl/Desktop/larr_project/AirSim/ros2/install/airsim_ros_pkgs/lib:/home/vdcl/Desktop/larr_project/AirSim/ros2/install/airsim_interfaces/lib:/opt/ros/humble/opt/rviz_ogre_vendor/lib:/opt/ros/humble/lib/x86_64-linux-gnu:/opt/ros/humble/lib PYTHONPATH=/home/vdcl/Desktop/larr_project/umv_control/build/host_vehicle_filter/prefix_override:/home/vdcl/Desktop/larr_project/umv_control/install/host_vehicle_filter/lib/python3.10/site-packages:${PYTHONPATH} /usr/bin/python3 -W ignore:setup.py install is deprecated setup.py egg_info --egg-base ../../build/host_vehicle_filter build --build-base /home/vdcl/Desktop/larr_project/umv_control/build/host_vehicle_filter/build install --record /home/vdcl/Desktop/larr_project/umv_control/build/host_vehicle_filter/install.log --single-version-externally-managed install_data
[5.552s] Level 1:colcon.colcon_core.environment:checking '/home/vdcl/Desktop/larr_project/umv_control/install/host_vehicle_filter' for CMake config files
[5.553s] Level 1:colcon.colcon_core.environment:checking '/home/vdcl/Desktop/larr_project/umv_control/install/host_vehicle_filter/lib'
[5.553s] Level 1:colcon.colcon_core.environment:checking '/home/vdcl/Desktop/larr_project/umv_control/install/host_vehicle_filter/bin'
[5.553s] Level 1:colcon.colcon_core.environment:checking '/home/vdcl/Desktop/larr_project/umv_control/install/host_vehicle_filter/lib/pkgconfig/host_vehicle_filter.pc'
[5.553s] Level 1:colcon.colcon_core.environment:checking '/home/vdcl/Desktop/larr_project/umv_control/install/host_vehicle_filter/lib/python3.10/site-packages'
[5.553s] Level 1:colcon.colcon_core.shell:create_environment_hook('host_vehicle_filter', 'pythonpath')
[5.554s] INFO:colcon.colcon_core.shell:Creating environment hook '/home/vdcl/Desktop/larr_project/umv_control/install/host_vehicle_filter/share/host_vehicle_filter/hook/pythonpath.ps1'
[5.555s] INFO:colcon.colcon_core.shell:Creating environment descriptor '/home/vdcl/Desktop/larr_project/umv_control/install/host_vehicle_filter/share/host_vehicle_filter/hook/pythonpath.dsv'
[5.555s] INFO:colcon.colcon_core.shell:Creating environment hook '/home/vdcl/Desktop/larr_project/umv_control/install/host_vehicle_filter/share/host_vehicle_filter/hook/pythonpath.sh'
[5.556s] Level 1:colcon.colcon_core.environment:checking '/home/vdcl/Desktop/larr_project/umv_control/install/host_vehicle_filter/bin'
[5.557s] Level 1:colcon.colcon_core.environment:create_environment_scripts_only(host_vehicle_filter)
[5.557s] INFO:colcon.colcon_core.shell:Creating package script '/home/vdcl/Desktop/larr_project/umv_control/install/host_vehicle_filter/share/host_vehicle_filter/package.ps1'
[5.558s] INFO:colcon.colcon_core.shell:Creating package descriptor '/home/vdcl/Desktop/larr_project/umv_control/install/host_vehicle_filter/share/host_vehicle_filter/package.dsv'
[5.559s] INFO:colcon.colcon_core.shell:Creating package script '/home/vdcl/Desktop/larr_project/umv_control/install/host_vehicle_filter/share/host_vehicle_filter/package.sh'
[5.560s] INFO:colcon.colcon_core.shell:Creating package script '/home/vdcl/Desktop/larr_project/umv_control/install/host_vehicle_filter/share/host_vehicle_filter/package.bash'
[5.560s] INFO:colcon.colcon_core.shell:Creating package script '/home/vdcl/Desktop/larr_project/umv_control/install/host_vehicle_filter/share/host_vehicle_filter/package.zsh'
[5.561s] Level 1:colcon.colcon_core.environment:create_file_with_runtime_dependencies(/home/vdcl/Desktop/larr_project/umv_control/install/host_vehicle_filter/share/colcon-core/packages/host_vehicle_filter)
[5.754s] Level 1:colcon.colcon_core.environment:checking '/home/vdcl/Desktop/larr_project/umv_control/install/global_path' for CMake module files
[5.755s] DEBUG:colcon.colcon_core.event_handler.log_command:Invoked command in '/home/vdcl/Desktop/larr_project/umv_control/src/global_path' returned '0': CMAKE_PREFIX_PATH=/home/vdcl/Desktop/larr_project/umv_control/install/umv_msgs:/home/vdcl/Desktop/larr_project/umv_control/install/mppi:/home/vdcl/Desktop/larr_project/AirSim/ros2/install/airsim_ros_pkgs:/home/vdcl/Desktop/larr_project/AirSim/ros2/install/airsim_interfaces LD_LIBRARY_PATH=/home/vdcl/Desktop/larr_project/umv_control/install/umv_msgs/lib:/usr/local/cuda-12.2/lib64:/home/vdcl/Desktop/larr_project/AirSim/ros2/install/airsim_ros_pkgs/lib:/home/vdcl/Desktop/larr_project/AirSim/ros2/install/airsim_interfaces/lib:/opt/ros/humble/opt/rviz_ogre_vendor/lib:/opt/ros/humble/lib/x86_64-linux-gnu:/opt/ros/humble/lib PYTHONPATH=/home/vdcl/Desktop/larr_project/umv_control/build/global_path/prefix_override:/home/vdcl/Desktop/larr_project/umv_control/install/global_path/lib/python3.10/site-packages:${PYTHONPATH} /usr/bin/python3 -W ignore:setup.py install is deprecated setup.py egg_info --egg-base ../../build/global_path build --build-base /home/vdcl/Desktop/larr_project/umv_control/build/global_path/build install --record /home/vdcl/Desktop/larr_project/umv_control/build/global_path/install.log --single-version-externally-managed install_data
[5.756s] Level 1:colcon.colcon_core.environment:checking '/home/vdcl/Desktop/larr_project/umv_control/install/global_path' for CMake config files
[5.756s] Level 1:colcon.colcon_core.environment:checking '/home/vdcl/Desktop/larr_project/umv_control/install/global_path/lib'
[5.756s] Level 1:colcon.colcon_core.environment:checking '/home/vdcl/Desktop/larr_project/umv_control/install/global_path/bin'
[5.756s] Level 1:colcon.colcon_core.environment:checking '/home/vdcl/Desktop/larr_project/umv_control/install/global_path/lib/pkgconfig/global_path.pc'
[5.757s] Level 1:colcon.colcon_core.environment:checking '/home/vdcl/Desktop/larr_project/umv_control/install/global_path/lib/python3.10/site-packages'
[5.757s] Level 1:colcon.colcon_core.shell:create_environment_hook('global_path', 'pythonpath')
[5.757s] INFO:colcon.colcon_core.shell:Creating environment hook '/home/vdcl/Desktop/larr_project/umv_control/install/global_path/share/global_path/hook/pythonpath.ps1'
[5.758s] INFO:colcon.colcon_core.shell:Creating environment descriptor '/home/vdcl/Desktop/larr_project/umv_control/install/global_path/share/global_path/hook/pythonpath.dsv'
[5.758s] INFO:colcon.colcon_core.shell:Creating environment hook '/home/vdcl/Desktop/larr_project/umv_control/install/global_path/share/global_path/hook/pythonpath.sh'
[5.759s] Level 1:colcon.colcon_core.environment:checking '/home/vdcl/Desktop/larr_project/umv_control/install/global_path/bin'
[5.759s] Level 1:colcon.colcon_core.environment:create_environment_scripts_only(global_path)
[5.760s] INFO:colcon.colcon_core.shell:Creating package script '/home/vdcl/Desktop/larr_project/umv_control/install/global_path/share/global_path/package.ps1'
[5.760s] INFO:colcon.colcon_core.shell:Creating package descriptor '/home/vdcl/Desktop/larr_project/umv_control/install/global_path/share/global_path/package.dsv'
[5.761s] INFO:colcon.colcon_core.shell:Creating package script '/home/vdcl/Desktop/larr_project/umv_control/install/global_path/share/global_path/package.sh'
[5.762s] INFO:colcon.colcon_core.shell:Creating package script '/home/vdcl/Desktop/larr_project/umv_control/install/global_path/share/global_path/package.bash'
[5.762s] INFO:colcon.colcon_core.shell:Creating package script '/home/vdcl/Desktop/larr_project/umv_control/install/global_path/share/global_path/package.zsh'
[5.762s] Level 1:colcon.colcon_core.environment:create_file_with_runtime_dependencies(/home/vdcl/Desktop/larr_project/umv_control/install/global_path/share/colcon-core/packages/global_path)
[5.818s] Level 1:colcon.colcon_core.environment:checking '/home/vdcl/Desktop/larr_project/umv_control/install/lower_controller' for CMake module files
[5.818s] DEBUG:colcon.colcon_core.event_handler.log_command:Invoked command in '/home/vdcl/Desktop/larr_project/umv_control/src/lower_controller' returned '0': CMAKE_PREFIX_PATH=/home/vdcl/Desktop/larr_project/umv_control/install/umv_msgs:/home/vdcl/Desktop/larr_project/umv_control/install/mppi:/home/vdcl/Desktop/larr_project/AirSim/ros2/install/airsim_ros_pkgs:/home/vdcl/Desktop/larr_project/AirSim/ros2/install/airsim_interfaces LD_LIBRARY_PATH=/home/vdcl/Desktop/larr_project/umv_control/install/umv_msgs/lib:/usr/local/cuda-12.2/lib64:/home/vdcl/Desktop/larr_project/AirSim/ros2/install/airsim_ros_pkgs/lib:/home/vdcl/Desktop/larr_project/AirSim/ros2/install/airsim_interfaces/lib:/opt/ros/humble/opt/rviz_ogre_vendor/lib:/opt/ros/humble/lib/x86_64-linux-gnu:/opt/ros/humble/lib PYTHONPATH=/home/vdcl/Desktop/larr_project/umv_control/build/lower_controller/prefix_override:/home/vdcl/Desktop/larr_project/umv_control/install/lower_controller/lib/python3.10/site-packages:${PYTHONPATH} /usr/bin/python3 -W ignore:setup.py install is deprecated setup.py egg_info --egg-base ../../build/lower_controller build --build-base /home/vdcl/Desktop/larr_project/umv_control/build/lower_controller/build install --record /home/vdcl/Desktop/larr_project/umv_control/build/lower_controller/install.log --single-version-externally-managed install_data
[5.819s] Level 1:colcon.colcon_core.environment:checking '/home/vdcl/Desktop/larr_project/umv_control/install/lower_controller' for CMake config files
[5.820s] Level 1:colcon.colcon_core.environment:checking '/home/vdcl/Desktop/larr_project/umv_control/install/lower_controller/lib'
[5.820s] Level 1:colcon.colcon_core.environment:checking '/home/vdcl/Desktop/larr_project/umv_control/install/lower_controller/bin'
[5.820s] Level 1:colcon.colcon_core.environment:checking '/home/vdcl/Desktop/larr_project/umv_control/install/lower_controller/lib/pkgconfig/lower_controller.pc'
[5.821s] Level 1:colcon.colcon_core.environment:checking '/home/vdcl/Desktop/larr_project/umv_control/install/lower_controller/lib/python3.10/site-packages'
[5.821s] Level 1:colcon.colcon_core.shell:create_environment_hook('lower_controller', 'pythonpath')
[5.822s] INFO:colcon.colcon_core.shell:Creating environment hook '/home/vdcl/Desktop/larr_project/umv_control/install/lower_controller/share/lower_controller/hook/pythonpath.ps1'
[5.823s] INFO:colcon.colcon_core.shell:Creating environment descriptor '/home/vdcl/Desktop/larr_project/umv_control/install/lower_controller/share/lower_controller/hook/pythonpath.dsv'
[5.827s] INFO:colcon.colcon_core.shell:Creating environment hook '/home/vdcl/Desktop/larr_project/umv_control/install/lower_controller/share/lower_controller/hook/pythonpath.sh'
[5.847s] Level 1:colcon.colcon_core.environment:checking '/home/vdcl/Desktop/larr_project/umv_control/install/lower_controller/bin'
[5.848s] Level 1:colcon.colcon_core.environment:create_environment_scripts_only(lower_controller)
[5.848s] INFO:colcon.colcon_core.shell:Creating package script '/home/vdcl/Desktop/larr_project/umv_control/install/lower_controller/share/lower_controller/package.ps1'
[5.851s] INFO:colcon.colcon_core.shell:Creating package descriptor '/home/vdcl/Desktop/larr_project/umv_control/install/lower_controller/share/lower_controller/package.dsv'
[5.863s] INFO:colcon.colcon_core.shell:Creating package script '/home/vdcl/Desktop/larr_project/umv_control/install/lower_controller/share/lower_controller/package.sh'
[5.863s] INFO:colcon.colcon_core.shell:Creating package script '/home/vdcl/Desktop/larr_project/umv_control/install/lower_controller/share/lower_controller/package.bash'
[5.875s] INFO:colcon.colcon_core.shell:Creating package script '/home/vdcl/Desktop/larr_project/umv_control/install/lower_controller/share/lower_controller/package.zsh'
[5.883s] Level 1:colcon.colcon_core.environment:create_file_with_runtime_dependencies(/home/vdcl/Desktop/larr_project/umv_control/install/lower_controller/share/colcon-core/packages/lower_controller)
[11.571s] DEBUG:colcon.colcon_core.event_handler.log_command:Invoked command in '/home/vdcl/Desktop/larr_project/umv_control/build/mppi' returned '0': CMAKE_PREFIX_PATH=/home/vdcl/Desktop/larr_project/umv_control/install/umv_msgs:/home/vdcl/Desktop/larr_project/umv_control/install/mppi:/home/vdcl/Desktop/larr_project/AirSim/ros2/install/airsim_ros_pkgs:/home/vdcl/Desktop/larr_project/AirSim/ros2/install/airsim_interfaces:/home/vdcl/Desktop/larr_project/umv_control/install/utils:/home/vdcl/Desktop/larr_project/umv_control/install/lower_controller:/home/vdcl/Desktop/larr_project/umv_control/install/host_vehicle_filter:/home/vdcl/Desktop/larr_project/umv_control/install/global_path:/home/vdcl/Desktop/larr_project/umv_control/install/motion_planner:/opt/ros/humble LD_LIBRARY_PATH=/home/vdcl/Desktop/larr_project/umv_control/install/umv_msgs/lib:/usr/local/cuda-12.2/lib64:/home/vdcl/Desktop/larr_project/AirSim/ros2/install/airsim_ros_pkgs/lib:/home/vdcl/Desktop/larr_project/AirSim/ros2/install/airsim_interfaces/lib:/opt/ros/humble/opt/rviz_ogre_vendor/lib:/opt/ros/humble/lib/x86_64-linux-gnu:/opt/ros/humble/lib /usr/bin/cmake --build /home/vdcl/Desktop/larr_project/umv_control/build/mppi -- -j8 -l8
[11.632s] DEBUG:colcon.colcon_core.event_handler.log_command:Invoking command in '/home/vdcl/Desktop/larr_project/umv_control/build/mppi': CMAKE_PREFIX_PATH=/home/vdcl/Desktop/larr_project/umv_control/install/umv_msgs:/home/vdcl/Desktop/larr_project/umv_control/install/mppi:/home/vdcl/Desktop/larr_project/AirSim/ros2/install/airsim_ros_pkgs:/home/vdcl/Desktop/larr_project/AirSim/ros2/install/airsim_interfaces:/home/vdcl/Desktop/larr_project/umv_control/install/utils:/home/vdcl/Desktop/larr_project/umv_control/install/lower_controller:/home/vdcl/Desktop/larr_project/umv_control/install/host_vehicle_filter:/home/vdcl/Desktop/larr_project/umv_control/install/global_path:/home/vdcl/Desktop/larr_project/umv_control/install/motion_planner:/opt/ros/humble LD_LIBRARY_PATH=/home/vdcl/Desktop/larr_project/umv_control/install/umv_msgs/lib:/usr/local/cuda-12.2/lib64:/home/vdcl/Desktop/larr_project/AirSim/ros2/install/airsim_ros_pkgs/lib:/home/vdcl/Desktop/larr_project/AirSim/ros2/install/airsim_interfaces/lib:/opt/ros/humble/opt/rviz_ogre_vendor/lib:/opt/ros/humble/lib/x86_64-linux-gnu:/opt/ros/humble/lib /usr/bin/cmake --install /home/vdcl/Desktop/larr_project/umv_control/build/mppi
[11.657s] Level 1:colcon.colcon_core.environment:create_environment_scripts_only(mppi)
[11.658s] Level 1:colcon.colcon_core.environment:checking '/home/vdcl/Desktop/larr_project/umv_control/install/mppi' for CMake module files
[11.659s] DEBUG:colcon.colcon_core.event_handler.log_command:Invoked command in '/home/vdcl/Desktop/larr_project/umv_control/build/mppi' returned '0': CMAKE_PREFIX_PATH=/home/vdcl/Desktop/larr_project/umv_control/install/umv_msgs:/home/vdcl/Desktop/larr_project/umv_control/install/mppi:/home/vdcl/Desktop/larr_project/AirSim/ros2/install/airsim_ros_pkgs:/home/vdcl/Desktop/larr_project/AirSim/ros2/install/airsim_interfaces:/home/vdcl/Desktop/larr_project/umv_control/install/utils:/home/vdcl/Desktop/larr_project/umv_control/install/lower_controller:/home/vdcl/Desktop/larr_project/umv_control/install/host_vehicle_filter:/home/vdcl/Desktop/larr_project/umv_control/install/global_path:/home/vdcl/Desktop/larr_project/umv_control/install/motion_planner:/opt/ros/humble LD_LIBRARY_PATH=/home/vdcl/Desktop/larr_project/umv_control/install/umv_msgs/lib:/usr/local/cuda-12.2/lib64:/home/vdcl/Desktop/larr_project/AirSim/ros2/install/airsim_ros_pkgs/lib:/home/vdcl/Desktop/larr_project/AirSim/ros2/install/airsim_interfaces/lib:/opt/ros/humble/opt/rviz_ogre_vendor/lib:/opt/ros/humble/lib/x86_64-linux-gnu:/opt/ros/humble/lib /usr/bin/cmake --install /home/vdcl/Desktop/larr_project/umv_control/build/mppi
[11.660s] Level 1:colcon.colcon_core.environment:checking '/home/vdcl/Desktop/larr_project/umv_control/install/mppi' for CMake config files
[11.661s] Level 1:colcon.colcon_core.shell:create_environment_hook('mppi', 'cmake_prefix_path')
[11.662s] INFO:colcon.colcon_core.shell:Creating environment hook '/home/vdcl/Desktop/larr_project/umv_control/install/mppi/share/mppi/hook/cmake_prefix_path.ps1'
[11.662s] INFO:colcon.colcon_core.shell:Creating environment descriptor '/home/vdcl/Desktop/larr_project/umv_control/install/mppi/share/mppi/hook/cmake_prefix_path.dsv'
[11.663s] INFO:colcon.colcon_core.shell:Creating environment hook '/home/vdcl/Desktop/larr_project/umv_control/install/mppi/share/mppi/hook/cmake_prefix_path.sh'
[11.664s] Level 1:colcon.colcon_core.environment:checking '/home/vdcl/Desktop/larr_project/umv_control/install/mppi/bin'
[11.664s] Level 1:colcon.colcon_core.environment:checking '/home/vdcl/Desktop/larr_project/umv_control/install/mppi/lib/pkgconfig/mppi.pc'
[11.664s] Level 1:colcon.colcon_core.environment:checking '/home/vdcl/Desktop/larr_project/umv_control/install/mppi/lib/python3.10/site-packages'
[11.664s] Level 1:colcon.colcon_core.environment:checking '/home/vdcl/Desktop/larr_project/umv_control/install/mppi/bin'
[11.665s] INFO:colcon.colcon_core.shell:Creating package script '/home/vdcl/Desktop/larr_project/umv_control/install/mppi/share/mppi/package.ps1'
[11.668s] INFO:colcon.colcon_core.shell:Creating package descriptor '/home/vdcl/Desktop/larr_project/umv_control/install/mppi/share/mppi/package.dsv'
[11.668s] INFO:colcon.colcon_core.shell:Creating package script '/home/vdcl/Desktop/larr_project/umv_control/install/mppi/share/mppi/package.sh'
[11.670s] INFO:colcon.colcon_core.shell:Creating package script '/home/vdcl/Desktop/larr_project/umv_control/install/mppi/share/mppi/package.bash'
[11.670s] INFO:colcon.colcon_core.shell:Creating package script '/home/vdcl/Desktop/larr_project/umv_control/install/mppi/share/mppi/package.zsh'
[11.673s] Level 1:colcon.colcon_core.environment:create_file_with_runtime_dependencies(/home/vdcl/Desktop/larr_project/umv_control/install/mppi/share/colcon-core/packages/mppi)
[11.757s] Level 1:colcon.colcon_core.environment:create_environment_scripts_only(mppi)
[11.757s] Level 1:colcon.colcon_core.environment:checking '/home/vdcl/Desktop/larr_project/umv_control/install/mppi' for CMake module files
[11.759s] Level 1:colcon.colcon_core.environment:checking '/home/vdcl/Desktop/larr_project/umv_control/install/mppi' for CMake config files
[11.760s] Level 1:colcon.colcon_core.shell:create_environment_hook('mppi', 'cmake_prefix_path')
[11.760s] INFO:colcon.colcon_core.shell:Creating environment hook '/home/vdcl/Desktop/larr_project/umv_control/install/mppi/share/mppi/hook/cmake_prefix_path.ps1'
[11.761s] INFO:colcon.colcon_core.shell:Creating environment descriptor '/home/vdcl/Desktop/larr_project/umv_control/install/mppi/share/mppi/hook/cmake_prefix_path.dsv'
[11.762s] INFO:colcon.colcon_core.shell:Creating environment hook '/home/vdcl/Desktop/larr_project/umv_control/install/mppi/share/mppi/hook/cmake_prefix_path.sh'
[11.763s] Level 1:colcon.colcon_core.environment:checking '/home/vdcl/Desktop/larr_project/umv_control/install/mppi/bin'
[11.764s] Level 1:colcon.colcon_core.environment:checking '/home/vdcl/Desktop/larr_project/umv_control/install/mppi/lib/pkgconfig/mppi.pc'
[11.764s] Level 1:colcon.colcon_core.environment:checking '/home/vdcl/Desktop/larr_project/umv_control/install/mppi/lib/python3.10/site-packages'
[11.765s] Level 1:colcon.colcon_core.environment:checking '/home/vdcl/Desktop/larr_project/umv_control/install/mppi/bin'
[11.767s] INFO:colcon.colcon_core.shell:Creating package script '/home/vdcl/Desktop/larr_project/umv_control/install/mppi/share/mppi/package.ps1'
[11.768s] INFO:colcon.colcon_core.shell:Creating package descriptor '/home/vdcl/Desktop/larr_project/umv_control/install/mppi/share/mppi/package.dsv'
[11.769s] INFO:colcon.colcon_core.shell:Creating package script '/home/vdcl/Desktop/larr_project/umv_control/install/mppi/share/mppi/package.sh'
[11.770s] INFO:colcon.colcon_core.shell:Creating package script '/home/vdcl/Desktop/larr_project/umv_control/install/mppi/share/mppi/package.bash'
[11.771s] INFO:colcon.colcon_core.shell:Creating package script '/home/vdcl/Desktop/larr_project/umv_control/install/mppi/share/mppi/package.zsh'
[11.772s] Level 1:colcon.colcon_core.environment:create_file_with_runtime_dependencies(/home/vdcl/Desktop/larr_project/umv_control/install/mppi/share/colcon-core/packages/mppi)
[11.773s] DEBUG:colcon.colcon_parallel_executor.executor.parallel:closing loop
[11.775s] DEBUG:colcon.colcon_parallel_executor.executor.parallel:loop closed
[11.775s] DEBUG:colcon.colcon_parallel_executor.executor.parallel:run_until_complete finished with '0'
[11.775s] DEBUG:colcon.colcon_core.event_reactor:joining thread
[11.972s] INFO:colcon.colcon_core.plugin_system:Skipping extension 'colcon_notification.desktop_notification.terminal_notifier': Not used on non-Darwin systems
[11.972s] INFO:colcon.colcon_core.plugin_system:Skipping extension 'colcon_notification.desktop_notification.win32': Not used on non-Windows systems
[11.972s] INFO:colcon.colcon_notification.desktop_notification:Sending desktop notification using 'notify2'
[12.112s] DEBUG:colcon.colcon_core.event_reactor:joined thread
[12.112s] INFO:colcon.colcon_core.shell:Creating prefix script '/home/vdcl/Desktop/larr_project/umv_control/install/local_setup.ps1'
[12.114s] INFO:colcon.colcon_core.shell:Creating prefix util module '/home/vdcl/Desktop/larr_project/umv_control/install/_local_setup_util_ps1.py'
[12.121s] INFO:colcon.colcon_core.shell:Creating prefix chain script '/home/vdcl/Desktop/larr_project/umv_control/install/setup.ps1'
[12.124s] INFO:colcon.colcon_core.shell:Creating prefix script '/home/vdcl/Desktop/larr_project/umv_control/install/local_setup.sh'
[12.229s] INFO:colcon.colcon_core.shell:Creating prefix util module '/home/vdcl/Desktop/larr_project/umv_control/install/_local_setup_util_sh.py'
[12.234s] INFO:colcon.colcon_core.shell:Creating prefix chain script '/home/vdcl/Desktop/larr_project/umv_control/install/setup.sh'
[12.245s] INFO:colcon.colcon_core.shell:Creating prefix script '/home/vdcl/Desktop/larr_project/umv_control/install/local_setup.bash'
[12.251s] INFO:colcon.colcon_core.shell:Creating prefix chain script '/home/vdcl/Desktop/larr_project/umv_control/install/setup.bash'
[12.256s] INFO:colcon.colcon_core.shell:Creating prefix script '/home/vdcl/Desktop/larr_project/umv_control/install/local_setup.zsh'
[12.265s] INFO:colcon.colcon_core.shell:Creating prefix chain script '/home/vdcl/Desktop/larr_project/umv_control/install/setup.zsh'
