[1.231s] Invoking command in '/home/vdcl/Desktop/larr_project/umv_control/src/motion_planner': PYTHONPATH=/home/vdcl/Desktop/larr_project/umv_control/src/build/motion_planner/prefix_override:/home/vdcl/Desktop/larr_project/umv_control/src/install/motion_planner/lib/python3.10/site-packages:${PYTHONPATH} /usr/bin/python3 -W ignore:setup.py install is deprecated setup.py egg_info --egg-base ../build/motion_planner build --build-base /home/vdcl/Desktop/larr_project/umv_control/src/build/motion_planner/build install --record /home/vdcl/Desktop/larr_project/umv_control/src/build/motion_planner/install.log --single-version-externally-managed install_data
[1.554s] running egg_info
[1.555s] creating ../build/motion_planner/motion_planner.egg-info
[1.555s] writing ../build/motion_planner/motion_planner.egg-info/PKG-INFO
[1.555s] writing dependency_links to ../build/motion_planner/motion_planner.egg-info/dependency_links.txt
[1.555s] writing entry points to ../build/motion_planner/motion_planner.egg-info/entry_points.txt
[1.555s] writing requirements to ../build/motion_planner/motion_planner.egg-info/requires.txt
[1.555s] writing top-level names to ../build/motion_planner/motion_planner.egg-info/top_level.txt
[1.555s] writing manifest file '../build/motion_planner/motion_planner.egg-info/SOURCES.txt'
[1.557s] reading manifest file '../build/motion_planner/motion_planner.egg-info/SOURCES.txt'
[1.557s] adding license file 'LICENSE'
[1.558s] writing manifest file '../build/motion_planner/motion_planner.egg-info/SOURCES.txt'
[1.558s] running build
[1.558s] running build_py
[1.558s] creating /home/vdcl/Desktop/larr_project/umv_control/src/build/motion_planner/build
[1.559s] creating /home/vdcl/Desktop/larr_project/umv_control/src/build/motion_planner/build/lib
[1.559s] creating /home/vdcl/Desktop/larr_project/umv_control/src/build/motion_planner/build/lib/motion_planner
[1.559s] copying motion_planner/__init__.py -> /home/vdcl/Desktop/larr_project/umv_control/src/build/motion_planner/build/lib/motion_planner
[1.559s] copying motion_planner/motion_planner_node.py -> /home/vdcl/Desktop/larr_project/umv_control/src/build/motion_planner/build/lib/motion_planner
[1.559s] running install
[1.559s] running install_lib
[1.560s] creating /home/vdcl/Desktop/larr_project/umv_control/src/install/motion_planner/lib/python3.10/site-packages/motion_planner
[1.560s] copying /home/vdcl/Desktop/larr_project/umv_control/src/build/motion_planner/build/lib/motion_planner/__init__.py -> /home/vdcl/Desktop/larr_project/umv_control/src/install/motion_planner/lib/python3.10/site-packages/motion_planner
[1.561s] copying /home/vdcl/Desktop/larr_project/umv_control/src/build/motion_planner/build/lib/motion_planner/motion_planner_node.py -> /home/vdcl/Desktop/larr_project/umv_control/src/install/motion_planner/lib/python3.10/site-packages/motion_planner
[1.561s] byte-compiling /home/vdcl/Desktop/larr_project/umv_control/src/install/motion_planner/lib/python3.10/site-packages/motion_planner/__init__.py to __init__.cpython-310.pyc
[1.561s] byte-compiling /home/vdcl/Desktop/larr_project/umv_control/src/install/motion_planner/lib/python3.10/site-packages/motion_planner/motion_planner_node.py to motion_planner_node.cpython-310.pyc
[1.565s] running install_data
[1.565s] creating /home/vdcl/Desktop/larr_project/umv_control/src/install/motion_planner/share/ament_index
[1.565s] creating /home/vdcl/Desktop/larr_project/umv_control/src/install/motion_planner/share/ament_index/resource_index
[1.565s] creating /home/vdcl/Desktop/larr_project/umv_control/src/install/motion_planner/share/ament_index/resource_index/packages
[1.565s] copying resource/motion_planner -> /home/vdcl/Desktop/larr_project/umv_control/src/install/motion_planner/share/ament_index/resource_index/packages
[1.565s] copying package.xml -> /home/vdcl/Desktop/larr_project/umv_control/src/install/motion_planner/share/motion_planner
[1.566s] running install_egg_info
[1.567s] Copying ../build/motion_planner/motion_planner.egg-info to /home/vdcl/Desktop/larr_project/umv_control/src/install/motion_planner/lib/python3.10/site-packages/motion_planner-0.0.0-py3.10.egg-info
[1.568s] running install_scripts
[1.592s] Installing motion_planner_node script to /home/vdcl/Desktop/larr_project/umv_control/src/install/motion_planner/lib/motion_planner
[1.593s] writing list of installed files to '/home/vdcl/Desktop/larr_project/umv_control/src/build/motion_planner/install.log'
[1.618s] Invoked command in '/home/vdcl/Desktop/larr_project/umv_control/src/motion_planner' returned '0': PYTHONPATH=/home/vdcl/Desktop/larr_project/umv_control/src/build/motion_planner/prefix_override:/home/vdcl/Desktop/larr_project/umv_control/src/install/motion_planner/lib/python3.10/site-packages:${PYTHONPATH} /usr/bin/python3 -W ignore:setup.py install is deprecated setup.py egg_info --egg-base ../build/motion_planner build --build-base /home/vdcl/Desktop/larr_project/umv_control/src/build/motion_planner/build install --record /home/vdcl/Desktop/larr_project/umv_control/src/build/motion_planner/install.log --single-version-externally-managed install_data
