[0.127s] DEBUG:colcon:Command line arguments: ['/usr/bin/colcon', 'build']
[0.127s] DEBUG:colcon:Parsed command line arguments: Namespace(log_base=None, log_level=None, verb_name='build', build_base='build', install_base='install', merge_install=False, symlink_install=False, test_result_base=None, continue_on_error=False, executor='parallel', parallel_workers=8, event_handlers=None, ignore_user_meta=False, metas=['./colcon.meta'], base_paths=['.'], packages_ignore=None, packages_ignore_regex=None, paths=None, packages_up_to=None, packages_up_to_regex=None, packages_above=None, packages_above_and_dependencies=None, packages_above_depth=None, packages_select_by_dep=None, packages_skip_by_dep=None, packages_skip_up_to=None, packages_select_build_failed=False, packages_skip_build_finished=False, packages_select_test_failures=False, packages_skip_test_passed=False, packages_select=None, packages_skip=None, packages_select_regex=None, packages_skip_regex=None, packages_start=None, packages_end=None, allow_overriding=[], cmake_args=None, cmake_target=None, cmake_target_skip_unavailable=False, cmake_clean_cache=False, cmake_clean_first=False, cmake_force_configure=False, ament_cmake_args=None, catkin_cmake_args=None, catkin_skip_building_tests=False, mixin_files=None, mixin=None, verb_parser=<colcon_mixin.mixin.mixin_argument.MixinArgumentDecorator object at 0x7ee1e3327250>, verb_extension=<colcon_core.verb.build.BuildVerb object at 0x7ee1e3326da0>, main=<bound method BuildVerb.main of <colcon_core.verb.build.BuildVerb object at 0x7ee1e3326da0>>, mixin_verb=('build',))
[0.331s] Level 1:colcon.colcon_core.package_discovery:discover_packages(colcon_meta) check parameters
[0.331s] Level 1:colcon.colcon_core.package_discovery:discover_packages(recursive) check parameters
[0.331s] Level 1:colcon.colcon_core.package_discovery:discover_packages(ignore) check parameters
[0.331s] Level 1:colcon.colcon_core.package_discovery:discover_packages(path) check parameters
[0.331s] Level 1:colcon.colcon_core.package_discovery:discover_packages(colcon_meta) discover
[0.331s] Level 1:colcon.colcon_core.package_discovery:discover_packages(recursive) discover
[0.331s] INFO:colcon.colcon_core.package_discovery:Crawling recursively for packages in '/home/vdcl/Desktop/larr_project/umv_control'
[0.331s] Level 1:colcon.colcon_core.package_identification:_identify(.) by extensions ['ignore', 'ignore_ament_install']
[0.331s] Level 1:colcon.colcon_core.package_identification:_identify(.) by extension 'ignore'
[0.331s] Level 1:colcon.colcon_core.package_identification:_identify(.) by extension 'ignore_ament_install'
[0.331s] Level 1:colcon.colcon_core.package_identification:_identify(.) by extensions ['colcon_pkg']
[0.331s] Level 1:colcon.colcon_core.package_identification:_identify(.) by extension 'colcon_pkg'
[0.331s] Level 1:colcon.colcon_core.package_identification:_identify(.) by extensions ['colcon_meta']
[0.332s] Level 1:colcon.colcon_core.package_identification:_identify(.) by extension 'colcon_meta'
[0.332s] Level 1:colcon.colcon_core.package_identification:_identify(.) by extensions ['ros']
[0.332s] Level 1:colcon.colcon_core.package_identification:_identify(.) by extension 'ros'
[0.353s] Level 1:colcon.colcon_core.package_identification:_identify(.) by extensions ['cmake', 'python']
[0.353s] Level 1:colcon.colcon_core.package_identification:_identify(.) by extension 'cmake'
[0.354s] Level 1:colcon.colcon_core.package_identification:_identify(.) by extension 'python'
[0.354s] Level 1:colcon.colcon_core.package_identification:_identify(.) by extensions ['python_setup_py']
[0.354s] Level 1:colcon.colcon_core.package_identification:_identify(.) by extension 'python_setup_py'
[0.354s] Level 1:colcon.colcon_core.package_identification:_identify(build) by extensions ['ignore', 'ignore_ament_install']
[0.354s] Level 1:colcon.colcon_core.package_identification:_identify(build) by extension 'ignore'
[0.354s] Level 1:colcon.colcon_core.package_identification:_identify(build) ignored
[0.354s] Level 1:colcon.colcon_core.package_identification:_identify(install) by extensions ['ignore', 'ignore_ament_install']
[0.354s] Level 1:colcon.colcon_core.package_identification:_identify(install) by extension 'ignore'
[0.354s] Level 1:colcon.colcon_core.package_identification:_identify(install) ignored
[0.354s] Level 1:colcon.colcon_core.package_identification:_identify(log) by extensions ['ignore', 'ignore_ament_install']
[0.354s] Level 1:colcon.colcon_core.package_identification:_identify(log) by extension 'ignore'
[0.354s] Level 1:colcon.colcon_core.package_identification:_identify(log) ignored
[0.354s] Level 1:colcon.colcon_core.package_identification:_identify(src) by extensions ['ignore', 'ignore_ament_install']
[0.354s] Level 1:colcon.colcon_core.package_identification:_identify(src) by extension 'ignore'
[0.354s] Level 1:colcon.colcon_core.package_identification:_identify(src) by extension 'ignore_ament_install'
[0.355s] Level 1:colcon.colcon_core.package_identification:_identify(src) by extensions ['colcon_pkg']
[0.355s] Level 1:colcon.colcon_core.package_identification:_identify(src) by extension 'colcon_pkg'
[0.355s] Level 1:colcon.colcon_core.package_identification:_identify(src) by extensions ['colcon_meta']
[0.355s] Level 1:colcon.colcon_core.package_identification:_identify(src) by extension 'colcon_meta'
[0.355s] Level 1:colcon.colcon_core.package_identification:_identify(src) by extensions ['ros']
[0.355s] Level 1:colcon.colcon_core.package_identification:_identify(src) by extension 'ros'
[0.355s] Level 1:colcon.colcon_core.package_identification:_identify(src) by extensions ['cmake', 'python']
[0.355s] Level 1:colcon.colcon_core.package_identification:_identify(src) by extension 'cmake'
[0.355s] Level 1:colcon.colcon_core.package_identification:_identify(src) by extension 'python'
[0.355s] Level 1:colcon.colcon_core.package_identification:_identify(src) by extensions ['python_setup_py']
[0.355s] Level 1:colcon.colcon_core.package_identification:_identify(src) by extension 'python_setup_py'
[0.355s] Level 1:colcon.colcon_core.package_identification:_identify(src/global_path) by extensions ['ignore', 'ignore_ament_install']
[0.355s] Level 1:colcon.colcon_core.package_identification:_identify(src/global_path) by extension 'ignore'
[0.355s] Level 1:colcon.colcon_core.package_identification:_identify(src/global_path) by extension 'ignore_ament_install'
[0.355s] Level 1:colcon.colcon_core.package_identification:_identify(src/global_path) by extensions ['colcon_pkg']
[0.355s] Level 1:colcon.colcon_core.package_identification:_identify(src/global_path) by extension 'colcon_pkg'
[0.355s] Level 1:colcon.colcon_core.package_identification:_identify(src/global_path) by extensions ['colcon_meta']
[0.355s] Level 1:colcon.colcon_core.package_identification:_identify(src/global_path) by extension 'colcon_meta'
[0.355s] Level 1:colcon.colcon_core.package_identification:_identify(src/global_path) by extensions ['ros']
[0.355s] Level 1:colcon.colcon_core.package_identification:_identify(src/global_path) by extension 'ros'
[0.358s] DEBUG:colcon.colcon_core.package_identification:Package 'src/global_path' with type 'ros.ament_python' and name 'global_path'
[0.358s] Level 1:colcon.colcon_core.package_identification:_identify(src/host_vehicle_filter) by extensions ['ignore', 'ignore_ament_install']
[0.358s] Level 1:colcon.colcon_core.package_identification:_identify(src/host_vehicle_filter) by extension 'ignore'
[0.358s] Level 1:colcon.colcon_core.package_identification:_identify(src/host_vehicle_filter) by extension 'ignore_ament_install'
[0.358s] Level 1:colcon.colcon_core.package_identification:_identify(src/host_vehicle_filter) by extensions ['colcon_pkg']
[0.358s] Level 1:colcon.colcon_core.package_identification:_identify(src/host_vehicle_filter) by extension 'colcon_pkg'
[0.358s] Level 1:colcon.colcon_core.package_identification:_identify(src/host_vehicle_filter) by extensions ['colcon_meta']
[0.358s] Level 1:colcon.colcon_core.package_identification:_identify(src/host_vehicle_filter) by extension 'colcon_meta'
[0.358s] Level 1:colcon.colcon_core.package_identification:_identify(src/host_vehicle_filter) by extensions ['ros']
[0.358s] Level 1:colcon.colcon_core.package_identification:_identify(src/host_vehicle_filter) by extension 'ros'
[0.359s] DEBUG:colcon.colcon_core.package_identification:Package 'src/host_vehicle_filter' with type 'ros.ament_python' and name 'host_vehicle_filter'
[0.359s] Level 1:colcon.colcon_core.package_identification:_identify(src/lower_controller) by extensions ['ignore', 'ignore_ament_install']
[0.359s] Level 1:colcon.colcon_core.package_identification:_identify(src/lower_controller) by extension 'ignore'
[0.359s] Level 1:colcon.colcon_core.package_identification:_identify(src/lower_controller) by extension 'ignore_ament_install'
[0.359s] Level 1:colcon.colcon_core.package_identification:_identify(src/lower_controller) by extensions ['colcon_pkg']
[0.359s] Level 1:colcon.colcon_core.package_identification:_identify(src/lower_controller) by extension 'colcon_pkg'
[0.359s] Level 1:colcon.colcon_core.package_identification:_identify(src/lower_controller) by extensions ['colcon_meta']
[0.359s] Level 1:colcon.colcon_core.package_identification:_identify(src/lower_controller) by extension 'colcon_meta'
[0.359s] Level 1:colcon.colcon_core.package_identification:_identify(src/lower_controller) by extensions ['ros']
[0.359s] Level 1:colcon.colcon_core.package_identification:_identify(src/lower_controller) by extension 'ros'
[0.360s] DEBUG:colcon.colcon_core.package_identification:Package 'src/lower_controller' with type 'ros.ament_python' and name 'lower_controller'
[0.360s] Level 1:colcon.colcon_core.package_identification:_identify(src/motion_planner) by extensions ['ignore', 'ignore_ament_install']
[0.360s] Level 1:colcon.colcon_core.package_identification:_identify(src/motion_planner) by extension 'ignore'
[0.360s] Level 1:colcon.colcon_core.package_identification:_identify(src/motion_planner) by extension 'ignore_ament_install'
[0.360s] Level 1:colcon.colcon_core.package_identification:_identify(src/motion_planner) by extensions ['colcon_pkg']
[0.360s] Level 1:colcon.colcon_core.package_identification:_identify(src/motion_planner) by extension 'colcon_pkg'
[0.360s] Level 1:colcon.colcon_core.package_identification:_identify(src/motion_planner) by extensions ['colcon_meta']
[0.360s] Level 1:colcon.colcon_core.package_identification:_identify(src/motion_planner) by extension 'colcon_meta'
[0.360s] Level 1:colcon.colcon_core.package_identification:_identify(src/motion_planner) by extensions ['ros']
[0.360s] Level 1:colcon.colcon_core.package_identification:_identify(src/motion_planner) by extension 'ros'
[0.361s] DEBUG:colcon.colcon_core.package_identification:Package 'src/motion_planner' with type 'ros.ament_python' and name 'motion_planner'
[0.361s] Level 1:colcon.colcon_core.package_identification:_identify(src/mppi) by extensions ['ignore', 'ignore_ament_install']
[0.361s] Level 1:colcon.colcon_core.package_identification:_identify(src/mppi) by extension 'ignore'
[0.361s] Level 1:colcon.colcon_core.package_identification:_identify(src/mppi) by extension 'ignore_ament_install'
[0.361s] Level 1:colcon.colcon_core.package_identification:_identify(src/mppi) by extensions ['colcon_pkg']
[0.361s] Level 1:colcon.colcon_core.package_identification:_identify(src/mppi) by extension 'colcon_pkg'
[0.361s] Level 1:colcon.colcon_core.package_identification:_identify(src/mppi) by extensions ['colcon_meta']
[0.361s] Level 1:colcon.colcon_core.package_identification:_identify(src/mppi) by extension 'colcon_meta'
[0.362s] Level 1:colcon.colcon_core.package_identification:_identify(src/mppi) by extensions ['ros']
[0.362s] Level 1:colcon.colcon_core.package_identification:_identify(src/mppi) by extension 'ros'
[0.362s] DEBUG:colcon.colcon_core.package_identification:Package 'src/mppi' with type 'ros.ament_cmake' and name 'mppi'
[0.363s] Level 1:colcon.colcon_core.package_identification:_identify(src/umv_msgs) by extensions ['ignore', 'ignore_ament_install']
[0.363s] Level 1:colcon.colcon_core.package_identification:_identify(src/umv_msgs) by extension 'ignore'
[0.363s] Level 1:colcon.colcon_core.package_identification:_identify(src/umv_msgs) by extension 'ignore_ament_install'
[0.363s] Level 1:colcon.colcon_core.package_identification:_identify(src/umv_msgs) by extensions ['colcon_pkg']
[0.363s] Level 1:colcon.colcon_core.package_identification:_identify(src/umv_msgs) by extension 'colcon_pkg'
[0.363s] Level 1:colcon.colcon_core.package_identification:_identify(src/umv_msgs) by extensions ['colcon_meta']
[0.363s] Level 1:colcon.colcon_core.package_identification:_identify(src/umv_msgs) by extension 'colcon_meta'
[0.363s] Level 1:colcon.colcon_core.package_identification:_identify(src/umv_msgs) by extensions ['ros']
[0.363s] Level 1:colcon.colcon_core.package_identification:_identify(src/umv_msgs) by extension 'ros'
[0.364s] DEBUG:colcon.colcon_core.package_identification:Package 'src/umv_msgs' with type 'ros.ament_cmake' and name 'umv_msgs'
[0.364s] Level 1:colcon.colcon_core.package_identification:_identify(src/utils) by extensions ['ignore', 'ignore_ament_install']
[0.364s] Level 1:colcon.colcon_core.package_identification:_identify(src/utils) by extension 'ignore'
[0.364s] Level 1:colcon.colcon_core.package_identification:_identify(src/utils) by extension 'ignore_ament_install'
[0.364s] Level 1:colcon.colcon_core.package_identification:_identify(src/utils) by extensions ['colcon_pkg']
[0.364s] Level 1:colcon.colcon_core.package_identification:_identify(src/utils) by extension 'colcon_pkg'
[0.364s] Level 1:colcon.colcon_core.package_identification:_identify(src/utils) by extensions ['colcon_meta']
[0.364s] Level 1:colcon.colcon_core.package_identification:_identify(src/utils) by extension 'colcon_meta'
[0.364s] Level 1:colcon.colcon_core.package_identification:_identify(src/utils) by extensions ['ros']
[0.364s] Level 1:colcon.colcon_core.package_identification:_identify(src/utils) by extension 'ros'
[0.365s] DEBUG:colcon.colcon_core.package_identification:Package 'src/utils' with type 'ros.ament_python' and name 'utils'
[0.365s] Level 1:colcon.colcon_core.package_discovery:discover_packages(recursive) using defaults
[0.365s] Level 1:colcon.colcon_core.package_discovery:discover_packages(ignore) discover
[0.365s] Level 1:colcon.colcon_core.package_discovery:discover_packages(ignore) using defaults
[0.365s] Level 1:colcon.colcon_core.package_discovery:discover_packages(path) discover
[0.365s] Level 1:colcon.colcon_core.package_discovery:discover_packages(path) using defaults
[0.389s] Level 1:colcon.colcon_core.package_discovery:discover_packages(prefix_path) check parameters
[0.389s] Level 1:colcon.colcon_core.package_discovery:discover_packages(prefix_path) discover
[0.391s] DEBUG:colcon.colcon_installed_package_information.package_discovery:Found 2 installed packages in /home/vdcl/Desktop/larr_project/AirSim/ros2/install
[0.391s] DEBUG:colcon.colcon_installed_package_information.package_discovery:Found 7 installed packages in /home/vdcl/Desktop/larr_project/umv_control/install
[0.392s] DEBUG:colcon.colcon_installed_package_information.package_discovery:Found 204 installed packages in /opt/ros/humble
[0.394s] Level 1:colcon.colcon_core.package_discovery:discover_packages(prefix_path) using defaults
[0.426s] Level 5:colcon.colcon_core.verb:set package 'motion_planner' build argument 'cmake_args' from command line to 'None'
[0.426s] Level 5:colcon.colcon_core.verb:set package 'motion_planner' build argument 'cmake_target' from command line to 'None'
[0.427s] Level 5:colcon.colcon_core.verb:set package 'motion_planner' build argument 'cmake_target_skip_unavailable' from command line to 'False'
[0.427s] Level 5:colcon.colcon_core.verb:set package 'motion_planner' build argument 'cmake_clean_cache' from command line to 'False'
[0.427s] Level 5:colcon.colcon_core.verb:set package 'motion_planner' build argument 'cmake_clean_first' from command line to 'False'
[0.427s] Level 5:colcon.colcon_core.verb:set package 'motion_planner' build argument 'cmake_force_configure' from command line to 'False'
[0.427s] Level 5:colcon.colcon_core.verb:set package 'motion_planner' build argument 'ament_cmake_args' from command line to 'None'
[0.427s] Level 5:colcon.colcon_core.verb:set package 'motion_planner' build argument 'catkin_cmake_args' from command line to 'None'
[0.427s] Level 5:colcon.colcon_core.verb:set package 'motion_planner' build argument 'catkin_skip_building_tests' from command line to 'False'
[0.427s] DEBUG:colcon.colcon_core.verb:Building package 'motion_planner' with the following arguments: {'ament_cmake_args': None, 'build_base': '/home/vdcl/Desktop/larr_project/umv_control/build/motion_planner', 'catkin_cmake_args': None, 'catkin_skip_building_tests': False, 'cmake_args': None, 'cmake_clean_cache': False, 'cmake_clean_first': False, 'cmake_force_configure': False, 'cmake_target': None, 'cmake_target_skip_unavailable': False, 'install_base': '/home/vdcl/Desktop/larr_project/umv_control/install/motion_planner', 'merge_install': False, 'path': '/home/vdcl/Desktop/larr_project/umv_control/src/motion_planner', 'symlink_install': False, 'test_result_base': None}
[0.427s] Level 5:colcon.colcon_core.verb:set package 'umv_msgs' build argument 'cmake_args' from command line to 'None'
[0.427s] Level 5:colcon.colcon_core.verb:set package 'umv_msgs' build argument 'cmake_target' from command line to 'None'
[0.427s] Level 5:colcon.colcon_core.verb:set package 'umv_msgs' build argument 'cmake_target_skip_unavailable' from command line to 'False'
[0.427s] Level 5:colcon.colcon_core.verb:set package 'umv_msgs' build argument 'cmake_clean_cache' from command line to 'False'
[0.427s] Level 5:colcon.colcon_core.verb:set package 'umv_msgs' build argument 'cmake_clean_first' from command line to 'False'
[0.427s] Level 5:colcon.colcon_core.verb:set package 'umv_msgs' build argument 'cmake_force_configure' from command line to 'False'
[0.427s] Level 5:colcon.colcon_core.verb:set package 'umv_msgs' build argument 'ament_cmake_args' from command line to 'None'
[0.427s] Level 5:colcon.colcon_core.verb:set package 'umv_msgs' build argument 'catkin_cmake_args' from command line to 'None'
[0.427s] Level 5:colcon.colcon_core.verb:set package 'umv_msgs' build argument 'catkin_skip_building_tests' from command line to 'False'
[0.427s] DEBUG:colcon.colcon_core.verb:Building package 'umv_msgs' with the following arguments: {'ament_cmake_args': None, 'build_base': '/home/vdcl/Desktop/larr_project/umv_control/build/umv_msgs', 'catkin_cmake_args': None, 'catkin_skip_building_tests': False, 'cmake_args': None, 'cmake_clean_cache': False, 'cmake_clean_first': False, 'cmake_force_configure': False, 'cmake_target': None, 'cmake_target_skip_unavailable': False, 'install_base': '/home/vdcl/Desktop/larr_project/umv_control/install/umv_msgs', 'merge_install': False, 'path': '/home/vdcl/Desktop/larr_project/umv_control/src/umv_msgs', 'symlink_install': False, 'test_result_base': None}
[0.428s] Level 5:colcon.colcon_core.verb:set package 'utils' build argument 'cmake_args' from command line to 'None'
[0.428s] Level 5:colcon.colcon_core.verb:set package 'utils' build argument 'cmake_target' from command line to 'None'
[0.428s] Level 5:colcon.colcon_core.verb:set package 'utils' build argument 'cmake_target_skip_unavailable' from command line to 'False'
[0.428s] Level 5:colcon.colcon_core.verb:set package 'utils' build argument 'cmake_clean_cache' from command line to 'False'
[0.428s] Level 5:colcon.colcon_core.verb:set package 'utils' build argument 'cmake_clean_first' from command line to 'False'
[0.428s] Level 5:colcon.colcon_core.verb:set package 'utils' build argument 'cmake_force_configure' from command line to 'False'
[0.428s] Level 5:colcon.colcon_core.verb:set package 'utils' build argument 'ament_cmake_args' from command line to 'None'
[0.428s] Level 5:colcon.colcon_core.verb:set package 'utils' build argument 'catkin_cmake_args' from command line to 'None'
[0.428s] Level 5:colcon.colcon_core.verb:set package 'utils' build argument 'catkin_skip_building_tests' from command line to 'False'
[0.428s] DEBUG:colcon.colcon_core.verb:Building package 'utils' with the following arguments: {'ament_cmake_args': None, 'build_base': '/home/vdcl/Desktop/larr_project/umv_control/build/utils', 'catkin_cmake_args': None, 'catkin_skip_building_tests': False, 'cmake_args': None, 'cmake_clean_cache': False, 'cmake_clean_first': False, 'cmake_force_configure': False, 'cmake_target': None, 'cmake_target_skip_unavailable': False, 'install_base': '/home/vdcl/Desktop/larr_project/umv_control/install/utils', 'merge_install': False, 'path': '/home/vdcl/Desktop/larr_project/umv_control/src/utils', 'symlink_install': False, 'test_result_base': None}
[0.428s] Level 5:colcon.colcon_core.verb:set package 'global_path' build argument 'cmake_args' from command line to 'None'
[0.428s] Level 5:colcon.colcon_core.verb:set package 'global_path' build argument 'cmake_target' from command line to 'None'
[0.428s] Level 5:colcon.colcon_core.verb:set package 'global_path' build argument 'cmake_target_skip_unavailable' from command line to 'False'
[0.428s] Level 5:colcon.colcon_core.verb:set package 'global_path' build argument 'cmake_clean_cache' from command line to 'False'
[0.428s] Level 5:colcon.colcon_core.verb:set package 'global_path' build argument 'cmake_clean_first' from command line to 'False'
[0.428s] Level 5:colcon.colcon_core.verb:set package 'global_path' build argument 'cmake_force_configure' from command line to 'False'
[0.428s] Level 5:colcon.colcon_core.verb:set package 'global_path' build argument 'ament_cmake_args' from command line to 'None'
[0.428s] Level 5:colcon.colcon_core.verb:set package 'global_path' build argument 'catkin_cmake_args' from command line to 'None'
[0.428s] Level 5:colcon.colcon_core.verb:set package 'global_path' build argument 'catkin_skip_building_tests' from command line to 'False'
[0.428s] DEBUG:colcon.colcon_core.verb:Building package 'global_path' with the following arguments: {'ament_cmake_args': None, 'build_base': '/home/vdcl/Desktop/larr_project/umv_control/build/global_path', 'catkin_cmake_args': None, 'catkin_skip_building_tests': False, 'cmake_args': None, 'cmake_clean_cache': False, 'cmake_clean_first': False, 'cmake_force_configure': False, 'cmake_target': None, 'cmake_target_skip_unavailable': False, 'install_base': '/home/vdcl/Desktop/larr_project/umv_control/install/global_path', 'merge_install': False, 'path': '/home/vdcl/Desktop/larr_project/umv_control/src/global_path', 'symlink_install': False, 'test_result_base': None}
[0.429s] Level 5:colcon.colcon_core.verb:set package 'host_vehicle_filter' build argument 'cmake_args' from command line to 'None'
[0.429s] Level 5:colcon.colcon_core.verb:set package 'host_vehicle_filter' build argument 'cmake_target' from command line to 'None'
[0.429s] Level 5:colcon.colcon_core.verb:set package 'host_vehicle_filter' build argument 'cmake_target_skip_unavailable' from command line to 'False'
[0.429s] Level 5:colcon.colcon_core.verb:set package 'host_vehicle_filter' build argument 'cmake_clean_cache' from command line to 'False'
[0.429s] Level 5:colcon.colcon_core.verb:set package 'host_vehicle_filter' build argument 'cmake_clean_first' from command line to 'False'
[0.429s] Level 5:colcon.colcon_core.verb:set package 'host_vehicle_filter' build argument 'cmake_force_configure' from command line to 'False'
[0.429s] Level 5:colcon.colcon_core.verb:set package 'host_vehicle_filter' build argument 'ament_cmake_args' from command line to 'None'
[0.429s] Level 5:colcon.colcon_core.verb:set package 'host_vehicle_filter' build argument 'catkin_cmake_args' from command line to 'None'
[0.429s] Level 5:colcon.colcon_core.verb:set package 'host_vehicle_filter' build argument 'catkin_skip_building_tests' from command line to 'False'
[0.429s] DEBUG:colcon.colcon_core.verb:Building package 'host_vehicle_filter' with the following arguments: {'ament_cmake_args': None, 'build_base': '/home/vdcl/Desktop/larr_project/umv_control/build/host_vehicle_filter', 'catkin_cmake_args': None, 'catkin_skip_building_tests': False, 'cmake_args': None, 'cmake_clean_cache': False, 'cmake_clean_first': False, 'cmake_force_configure': False, 'cmake_target': None, 'cmake_target_skip_unavailable': False, 'install_base': '/home/vdcl/Desktop/larr_project/umv_control/install/host_vehicle_filter', 'merge_install': False, 'path': '/home/vdcl/Desktop/larr_project/umv_control/src/host_vehicle_filter', 'symlink_install': False, 'test_result_base': None}
[0.429s] Level 5:colcon.colcon_core.verb:set package 'lower_controller' build argument 'cmake_args' from command line to 'None'
[0.429s] Level 5:colcon.colcon_core.verb:set package 'lower_controller' build argument 'cmake_target' from command line to 'None'
[0.429s] Level 5:colcon.colcon_core.verb:set package 'lower_controller' build argument 'cmake_target_skip_unavailable' from command line to 'False'
[0.429s] Level 5:colcon.colcon_core.verb:set package 'lower_controller' build argument 'cmake_clean_cache' from command line to 'False'
[0.429s] Level 5:colcon.colcon_core.verb:set package 'lower_controller' build argument 'cmake_clean_first' from command line to 'False'
[0.429s] Level 5:colcon.colcon_core.verb:set package 'lower_controller' build argument 'cmake_force_configure' from command line to 'False'
[0.429s] Level 5:colcon.colcon_core.verb:set package 'lower_controller' build argument 'ament_cmake_args' from command line to 'None'
[0.429s] Level 5:colcon.colcon_core.verb:set package 'lower_controller' build argument 'catkin_cmake_args' from command line to 'None'
[0.429s] Level 5:colcon.colcon_core.verb:set package 'lower_controller' build argument 'catkin_skip_building_tests' from command line to 'False'
[0.429s] DEBUG:colcon.colcon_core.verb:Building package 'lower_controller' with the following arguments: {'ament_cmake_args': None, 'build_base': '/home/vdcl/Desktop/larr_project/umv_control/build/lower_controller', 'catkin_cmake_args': None, 'catkin_skip_building_tests': False, 'cmake_args': None, 'cmake_clean_cache': False, 'cmake_clean_first': False, 'cmake_force_configure': False, 'cmake_target': None, 'cmake_target_skip_unavailable': False, 'install_base': '/home/vdcl/Desktop/larr_project/umv_control/install/lower_controller', 'merge_install': False, 'path': '/home/vdcl/Desktop/larr_project/umv_control/src/lower_controller', 'symlink_install': False, 'test_result_base': None}
[0.430s] Level 5:colcon.colcon_core.verb:set package 'mppi' build argument 'cmake_args' from command line to 'None'
[0.430s] Level 5:colcon.colcon_core.verb:set package 'mppi' build argument 'cmake_target' from command line to 'None'
[0.430s] Level 5:colcon.colcon_core.verb:set package 'mppi' build argument 'cmake_target_skip_unavailable' from command line to 'False'
[0.430s] Level 5:colcon.colcon_core.verb:set package 'mppi' build argument 'cmake_clean_cache' from command line to 'False'
[0.430s] Level 5:colcon.colcon_core.verb:set package 'mppi' build argument 'cmake_clean_first' from command line to 'False'
[0.430s] Level 5:colcon.colcon_core.verb:set package 'mppi' build argument 'cmake_force_configure' from command line to 'False'
[0.430s] Level 5:colcon.colcon_core.verb:set package 'mppi' build argument 'ament_cmake_args' from command line to 'None'
[0.430s] Level 5:colcon.colcon_core.verb:set package 'mppi' build argument 'catkin_cmake_args' from command line to 'None'
[0.430s] Level 5:colcon.colcon_core.verb:set package 'mppi' build argument 'catkin_skip_building_tests' from command line to 'False'
[0.430s] DEBUG:colcon.colcon_core.verb:Building package 'mppi' with the following arguments: {'ament_cmake_args': None, 'build_base': '/home/vdcl/Desktop/larr_project/umv_control/build/mppi', 'catkin_cmake_args': None, 'catkin_skip_building_tests': False, 'cmake_args': None, 'cmake_clean_cache': False, 'cmake_clean_first': False, 'cmake_force_configure': False, 'cmake_target': None, 'cmake_target_skip_unavailable': False, 'install_base': '/home/vdcl/Desktop/larr_project/umv_control/install/mppi', 'merge_install': False, 'path': '/home/vdcl/Desktop/larr_project/umv_control/src/mppi', 'symlink_install': False, 'test_result_base': None}
[0.430s] INFO:colcon.colcon_core.executor:Executing jobs using 'parallel' executor
[0.431s] DEBUG:colcon.colcon_parallel_executor.executor.parallel:run_until_complete
[0.431s] INFO:colcon.colcon_ros.task.ament_cmake.build:Building ROS package in '/home/vdcl/Desktop/larr_project/umv_control/src/umv_msgs' with build type 'ament_cmake'
[0.431s] INFO:colcon.colcon_cmake.task.cmake.build:Building CMake package in '/home/vdcl/Desktop/larr_project/umv_control/src/umv_msgs'
[0.434s] INFO:colcon.colcon_core.plugin_system:Skipping extension 'colcon_core.shell.bat': Not used on non-Windows systems
[0.435s] INFO:colcon.colcon_core.shell:Skip shell extension 'powershell' for command environment: Not usable outside of PowerShell
[0.435s] DEBUG:colcon.colcon_core.shell:Skip shell extension 'dsv' for command environment
[0.438s] INFO:colcon.colcon_ros.task.ament_python.build:Building ROS package in '/home/vdcl/Desktop/larr_project/umv_control/src/motion_planner' with build type 'ament_python'
[0.438s] Level 1:colcon.colcon_core.shell:create_environment_hook('motion_planner', 'ament_prefix_path')
[0.439s] INFO:colcon.colcon_core.shell:Creating environment hook '/home/vdcl/Desktop/larr_project/umv_control/install/motion_planner/share/motion_planner/hook/ament_prefix_path.ps1'
[0.440s] INFO:colcon.colcon_core.shell:Creating environment descriptor '/home/vdcl/Desktop/larr_project/umv_control/install/motion_planner/share/motion_planner/hook/ament_prefix_path.dsv'
[0.440s] INFO:colcon.colcon_core.shell:Creating environment hook '/home/vdcl/Desktop/larr_project/umv_control/install/motion_planner/share/motion_planner/hook/ament_prefix_path.sh'
[0.441s] INFO:colcon.colcon_core.shell:Skip shell extension 'powershell' for command environment: Not usable outside of PowerShell
[0.441s] DEBUG:colcon.colcon_core.shell:Skip shell extension 'dsv' for command environment
[0.446s] INFO:colcon.colcon_ros.task.ament_python.build:Building ROS package in '/home/vdcl/Desktop/larr_project/umv_control/src/utils' with build type 'ament_python'
[0.446s] Level 1:colcon.colcon_core.shell:create_environment_hook('utils', 'ament_prefix_path')
[0.447s] INFO:colcon.colcon_core.shell:Creating environment hook '/home/vdcl/Desktop/larr_project/umv_control/install/utils/share/utils/hook/ament_prefix_path.ps1'
[0.447s] INFO:colcon.colcon_core.shell:Creating environment descriptor '/home/vdcl/Desktop/larr_project/umv_control/install/utils/share/utils/hook/ament_prefix_path.dsv'
[0.448s] INFO:colcon.colcon_core.shell:Creating environment hook '/home/vdcl/Desktop/larr_project/umv_control/install/utils/share/utils/hook/ament_prefix_path.sh'
[0.448s] INFO:colcon.colcon_core.shell:Skip shell extension 'powershell' for command environment: Not usable outside of PowerShell
[0.448s] DEBUG:colcon.colcon_core.shell:Skip shell extension 'dsv' for command environment
[0.458s] DEBUG:colcon.colcon_core.event_handler.log_command:Invoking command in '/home/vdcl/Desktop/larr_project/umv_control/build/umv_msgs': CMAKE_PREFIX_PATH=${CMAKE_PREFIX_PATH}:/home/vdcl/Desktop/larr_project/umv_control/install/utils:/home/vdcl/Desktop/larr_project/umv_control/install/lower_controller:/home/vdcl/Desktop/larr_project/umv_control/install/host_vehicle_filter:/home/vdcl/Desktop/larr_project/umv_control/install/global_path:/home/vdcl/Desktop/larr_project/umv_control/install/motion_planner:/opt/ros/humble /usr/bin/cmake --build /home/vdcl/Desktop/larr_project/umv_control/build/umv_msgs -- -j8 -l8
[0.838s] INFO:colcon.colcon_core.task.python.build:Building Python package in '/home/vdcl/Desktop/larr_project/umv_control/src/motion_planner'
[0.855s] INFO:colcon.colcon_core.shell:Skip shell extension 'powershell' for command environment: Not usable outside of PowerShell
[0.855s] DEBUG:colcon.colcon_core.shell:Skip shell extension 'dsv' for command environment
[1.232s] INFO:colcon.colcon_core.task.python.build:Building Python package in '/home/vdcl/Desktop/larr_project/umv_control/src/utils'
[1.233s] INFO:colcon.colcon_core.shell:Skip shell extension 'powershell' for command environment: Not usable outside of PowerShell
[1.233s] DEBUG:colcon.colcon_core.shell:Skip shell extension 'dsv' for command environment
[1.340s] DEBUG:colcon.colcon_core.event_handler.log_command:Invoked command in '/home/vdcl/Desktop/larr_project/umv_control/build/umv_msgs' returned '0': CMAKE_PREFIX_PATH=${CMAKE_PREFIX_PATH}:/home/vdcl/Desktop/larr_project/umv_control/install/utils:/home/vdcl/Desktop/larr_project/umv_control/install/lower_controller:/home/vdcl/Desktop/larr_project/umv_control/install/host_vehicle_filter:/home/vdcl/Desktop/larr_project/umv_control/install/global_path:/home/vdcl/Desktop/larr_project/umv_control/install/motion_planner:/opt/ros/humble /usr/bin/cmake --build /home/vdcl/Desktop/larr_project/umv_control/build/umv_msgs -- -j8 -l8
[1.556s] DEBUG:colcon.colcon_core.event_handler.log_command:Invoking command in '/home/vdcl/Desktop/larr_project/umv_control/build/umv_msgs': CMAKE_PREFIX_PATH=${CMAKE_PREFIX_PATH}:/home/vdcl/Desktop/larr_project/umv_control/install/utils:/home/vdcl/Desktop/larr_project/umv_control/install/lower_controller:/home/vdcl/Desktop/larr_project/umv_control/install/host_vehicle_filter:/home/vdcl/Desktop/larr_project/umv_control/install/global_path:/home/vdcl/Desktop/larr_project/umv_control/install/motion_planner:/opt/ros/humble /usr/bin/cmake --install /home/vdcl/Desktop/larr_project/umv_control/build/umv_msgs
[1.642s] Level 1:colcon.colcon_core.environment:create_environment_scripts_only(umv_msgs)
[1.645s] DEBUG:colcon.colcon_core.event_handler.log_command:Invoked command in '/home/vdcl/Desktop/larr_project/umv_control/build/umv_msgs' returned '0': CMAKE_PREFIX_PATH=${CMAKE_PREFIX_PATH}:/home/vdcl/Desktop/larr_project/umv_control/install/utils:/home/vdcl/Desktop/larr_project/umv_control/install/lower_controller:/home/vdcl/Desktop/larr_project/umv_control/install/host_vehicle_filter:/home/vdcl/Desktop/larr_project/umv_control/install/global_path:/home/vdcl/Desktop/larr_project/umv_control/install/motion_planner:/opt/ros/humble /usr/bin/cmake --install /home/vdcl/Desktop/larr_project/umv_control/build/umv_msgs
[1.646s] Level 1:colcon.colcon_core.environment:checking '/home/vdcl/Desktop/larr_project/umv_control/install/umv_msgs' for CMake module files
[1.647s] Level 1:colcon.colcon_core.environment:checking '/home/vdcl/Desktop/larr_project/umv_control/install/umv_msgs' for CMake config files
[1.648s] Level 1:colcon.colcon_core.shell:create_environment_hook('umv_msgs', 'cmake_prefix_path')
[1.648s] INFO:colcon.colcon_core.shell:Creating environment hook '/home/vdcl/Desktop/larr_project/umv_control/install/umv_msgs/share/umv_msgs/hook/cmake_prefix_path.ps1'
[1.650s] INFO:colcon.colcon_core.shell:Creating environment descriptor '/home/vdcl/Desktop/larr_project/umv_control/install/umv_msgs/share/umv_msgs/hook/cmake_prefix_path.dsv'
[1.650s] INFO:colcon.colcon_core.shell:Creating environment hook '/home/vdcl/Desktop/larr_project/umv_control/install/umv_msgs/share/umv_msgs/hook/cmake_prefix_path.sh'
[1.651s] Level 1:colcon.colcon_core.environment:checking '/home/vdcl/Desktop/larr_project/umv_control/install/umv_msgs/lib'
[1.651s] Level 1:colcon.colcon_core.shell:create_environment_hook('umv_msgs', 'ld_library_path_lib')
[1.652s] INFO:colcon.colcon_core.shell:Creating environment hook '/home/vdcl/Desktop/larr_project/umv_control/install/umv_msgs/share/umv_msgs/hook/ld_library_path_lib.ps1'
[1.652s] INFO:colcon.colcon_core.shell:Creating environment descriptor '/home/vdcl/Desktop/larr_project/umv_control/install/umv_msgs/share/umv_msgs/hook/ld_library_path_lib.dsv'
[1.652s] INFO:colcon.colcon_core.shell:Creating environment hook '/home/vdcl/Desktop/larr_project/umv_control/install/umv_msgs/share/umv_msgs/hook/ld_library_path_lib.sh'
[1.653s] Level 1:colcon.colcon_core.environment:checking '/home/vdcl/Desktop/larr_project/umv_control/install/umv_msgs/bin'
[1.659s] Level 1:colcon.colcon_core.environment:checking '/home/vdcl/Desktop/larr_project/umv_control/install/umv_msgs/lib/pkgconfig/umv_msgs.pc'
[1.659s] Level 1:colcon.colcon_core.environment:checking '/home/vdcl/Desktop/larr_project/umv_control/install/umv_msgs/lib/python3.10/site-packages'
[1.659s] Level 1:colcon.colcon_core.environment:checking '/home/vdcl/Desktop/larr_project/umv_control/install/umv_msgs/bin'
[1.660s] INFO:colcon.colcon_core.shell:Creating package script '/home/vdcl/Desktop/larr_project/umv_control/install/umv_msgs/share/umv_msgs/package.ps1'
[1.661s] INFO:colcon.colcon_core.shell:Creating package descriptor '/home/vdcl/Desktop/larr_project/umv_control/install/umv_msgs/share/umv_msgs/package.dsv'
[1.662s] INFO:colcon.colcon_core.shell:Creating package script '/home/vdcl/Desktop/larr_project/umv_control/install/umv_msgs/share/umv_msgs/package.sh'
[1.663s] INFO:colcon.colcon_core.shell:Creating package script '/home/vdcl/Desktop/larr_project/umv_control/install/umv_msgs/share/umv_msgs/package.bash'
[1.665s] INFO:colcon.colcon_core.shell:Creating package script '/home/vdcl/Desktop/larr_project/umv_control/install/umv_msgs/share/umv_msgs/package.zsh'
[1.666s] Level 1:colcon.colcon_core.environment:create_file_with_runtime_dependencies(/home/vdcl/Desktop/larr_project/umv_control/install/umv_msgs/share/colcon-core/packages/umv_msgs)
[1.896s] Level 1:colcon.colcon_core.environment:create_environment_scripts_only(umv_msgs)
[1.897s] Level 1:colcon.colcon_core.environment:checking '/home/vdcl/Desktop/larr_project/umv_control/install/umv_msgs' for CMake module files
[1.898s] Level 1:colcon.colcon_core.environment:checking '/home/vdcl/Desktop/larr_project/umv_control/install/umv_msgs' for CMake config files
[1.899s] Level 1:colcon.colcon_core.shell:create_environment_hook('umv_msgs', 'cmake_prefix_path')
[1.899s] INFO:colcon.colcon_core.shell:Creating environment hook '/home/vdcl/Desktop/larr_project/umv_control/install/umv_msgs/share/umv_msgs/hook/cmake_prefix_path.ps1'
[1.930s] INFO:colcon.colcon_core.shell:Creating environment descriptor '/home/vdcl/Desktop/larr_project/umv_control/install/umv_msgs/share/umv_msgs/hook/cmake_prefix_path.dsv'
[1.931s] INFO:colcon.colcon_core.shell:Creating environment hook '/home/vdcl/Desktop/larr_project/umv_control/install/umv_msgs/share/umv_msgs/hook/cmake_prefix_path.sh'
[1.932s] Level 1:colcon.colcon_core.environment:checking '/home/vdcl/Desktop/larr_project/umv_control/install/umv_msgs/lib'
[1.932s] Level 1:colcon.colcon_core.shell:create_environment_hook('umv_msgs', 'ld_library_path_lib')
[1.932s] INFO:colcon.colcon_core.shell:Creating environment hook '/home/vdcl/Desktop/larr_project/umv_control/install/umv_msgs/share/umv_msgs/hook/ld_library_path_lib.ps1'
[1.934s] INFO:colcon.colcon_core.shell:Creating environment descriptor '/home/vdcl/Desktop/larr_project/umv_control/install/umv_msgs/share/umv_msgs/hook/ld_library_path_lib.dsv'
[1.934s] INFO:colcon.colcon_core.shell:Creating environment hook '/home/vdcl/Desktop/larr_project/umv_control/install/umv_msgs/share/umv_msgs/hook/ld_library_path_lib.sh'
[1.935s] Level 1:colcon.colcon_core.environment:checking '/home/vdcl/Desktop/larr_project/umv_control/install/umv_msgs/bin'
[1.935s] Level 1:colcon.colcon_core.environment:checking '/home/vdcl/Desktop/larr_project/umv_control/install/umv_msgs/lib/pkgconfig/umv_msgs.pc'
[1.935s] Level 1:colcon.colcon_core.environment:checking '/home/vdcl/Desktop/larr_project/umv_control/install/umv_msgs/lib/python3.10/site-packages'
[1.936s] Level 1:colcon.colcon_core.environment:checking '/home/vdcl/Desktop/larr_project/umv_control/install/umv_msgs/bin'
[1.936s] INFO:colcon.colcon_core.shell:Creating package script '/home/vdcl/Desktop/larr_project/umv_control/install/umv_msgs/share/umv_msgs/package.ps1'
[1.937s] INFO:colcon.colcon_core.shell:Creating package descriptor '/home/vdcl/Desktop/larr_project/umv_control/install/umv_msgs/share/umv_msgs/package.dsv'
[1.938s] INFO:colcon.colcon_core.shell:Creating package script '/home/vdcl/Desktop/larr_project/umv_control/install/umv_msgs/share/umv_msgs/package.sh'
[1.939s] INFO:colcon.colcon_core.shell:Creating package script '/home/vdcl/Desktop/larr_project/umv_control/install/umv_msgs/share/umv_msgs/package.bash'
[1.940s] INFO:colcon.colcon_core.shell:Creating package script '/home/vdcl/Desktop/larr_project/umv_control/install/umv_msgs/share/umv_msgs/package.zsh'
[1.948s] Level 1:colcon.colcon_core.environment:create_file_with_runtime_dependencies(/home/vdcl/Desktop/larr_project/umv_control/install/umv_msgs/share/colcon-core/packages/umv_msgs)
[1.949s] INFO:colcon.colcon_ros.task.ament_python.build:Building ROS package in '/home/vdcl/Desktop/larr_project/umv_control/src/global_path' with build type 'ament_python'
[1.949s] Level 1:colcon.colcon_core.shell:create_environment_hook('global_path', 'ament_prefix_path')
[1.950s] INFO:colcon.colcon_core.shell:Creating environment hook '/home/vdcl/Desktop/larr_project/umv_control/install/global_path/share/global_path/hook/ament_prefix_path.ps1'
[1.956s] INFO:colcon.colcon_core.shell:Creating environment descriptor '/home/vdcl/Desktop/larr_project/umv_control/install/global_path/share/global_path/hook/ament_prefix_path.dsv'
[1.957s] INFO:colcon.colcon_core.shell:Creating environment hook '/home/vdcl/Desktop/larr_project/umv_control/install/global_path/share/global_path/hook/ament_prefix_path.sh'
[1.957s] INFO:colcon.colcon_core.shell:Skip shell extension 'powershell' for command environment: Not usable outside of PowerShell
[1.957s] DEBUG:colcon.colcon_core.shell:Skip shell extension 'dsv' for command environment
[1.960s] INFO:colcon.colcon_ros.task.ament_python.build:Building ROS package in '/home/vdcl/Desktop/larr_project/umv_control/src/host_vehicle_filter' with build type 'ament_python'
[1.960s] Level 1:colcon.colcon_core.shell:create_environment_hook('host_vehicle_filter', 'ament_prefix_path')
[1.961s] INFO:colcon.colcon_core.shell:Creating environment hook '/home/vdcl/Desktop/larr_project/umv_control/install/host_vehicle_filter/share/host_vehicle_filter/hook/ament_prefix_path.ps1'
[1.961s] INFO:colcon.colcon_core.shell:Creating environment descriptor '/home/vdcl/Desktop/larr_project/umv_control/install/host_vehicle_filter/share/host_vehicle_filter/hook/ament_prefix_path.dsv'
[1.961s] INFO:colcon.colcon_core.shell:Creating environment hook '/home/vdcl/Desktop/larr_project/umv_control/install/host_vehicle_filter/share/host_vehicle_filter/hook/ament_prefix_path.sh'
[1.962s] INFO:colcon.colcon_core.shell:Skip shell extension 'powershell' for command environment: Not usable outside of PowerShell
[1.962s] DEBUG:colcon.colcon_core.shell:Skip shell extension 'dsv' for command environment
[1.965s] INFO:colcon.colcon_ros.task.ament_python.build:Building ROS package in '/home/vdcl/Desktop/larr_project/umv_control/src/lower_controller' with build type 'ament_python'
[1.966s] Level 1:colcon.colcon_core.shell:create_environment_hook('lower_controller', 'ament_prefix_path')
[1.966s] INFO:colcon.colcon_core.shell:Creating environment hook '/home/vdcl/Desktop/larr_project/umv_control/install/lower_controller/share/lower_controller/hook/ament_prefix_path.ps1'
[1.966s] INFO:colcon.colcon_core.shell:Creating environment descriptor '/home/vdcl/Desktop/larr_project/umv_control/install/lower_controller/share/lower_controller/hook/ament_prefix_path.dsv'
[1.967s] INFO:colcon.colcon_core.shell:Creating environment hook '/home/vdcl/Desktop/larr_project/umv_control/install/lower_controller/share/lower_controller/hook/ament_prefix_path.sh'
[1.968s] INFO:colcon.colcon_core.shell:Skip shell extension 'powershell' for command environment: Not usable outside of PowerShell
[1.968s] DEBUG:colcon.colcon_core.shell:Skip shell extension 'dsv' for command environment
[1.974s] INFO:colcon.colcon_ros.task.ament_cmake.build:Building ROS package in '/home/vdcl/Desktop/larr_project/umv_control/src/mppi' with build type 'ament_cmake'
[1.975s] INFO:colcon.colcon_cmake.task.cmake.build:Building CMake package in '/home/vdcl/Desktop/larr_project/umv_control/src/mppi'
[1.975s] INFO:colcon.colcon_core.shell:Skip shell extension 'powershell' for command environment: Not usable outside of PowerShell
[1.975s] DEBUG:colcon.colcon_core.shell:Skip shell extension 'dsv' for command environment
[1.990s] DEBUG:colcon.colcon_core.event_handler.log_command:Invoking command in '/home/vdcl/Desktop/larr_project/umv_control/src/motion_planner': PYTHONPATH=/home/vdcl/Desktop/larr_project/umv_control/build/motion_planner/prefix_override:/home/vdcl/Desktop/larr_project/umv_control/install/motion_planner/lib/python3.10/site-packages:${PYTHONPATH} /usr/bin/python3 -W ignore:setup.py install is deprecated setup.py egg_info --egg-base ../../build/motion_planner build --build-base /home/vdcl/Desktop/larr_project/umv_control/build/motion_planner/build install --record /home/vdcl/Desktop/larr_project/umv_control/build/motion_planner/install.log --single-version-externally-managed install_data
[1.991s] DEBUG:colcon.colcon_core.event_handler.log_command:Invoking command in '/home/vdcl/Desktop/larr_project/umv_control/src/utils': PYTHONPATH=/home/vdcl/Desktop/larr_project/umv_control/build/utils/prefix_override:/home/vdcl/Desktop/larr_project/umv_control/install/utils/lib/python3.10/site-packages:${PYTHONPATH} /usr/bin/python3 -W ignore:setup.py install is deprecated setup.py egg_info --egg-base ../../build/utils build --build-base /home/vdcl/Desktop/larr_project/umv_control/build/utils/build install --record /home/vdcl/Desktop/larr_project/umv_control/build/utils/install.log --single-version-externally-managed install_data
[2.357s] INFO:colcon.colcon_core.task.python.build:Building Python package in '/home/vdcl/Desktop/larr_project/umv_control/src/global_path'
[2.357s] INFO:colcon.colcon_core.shell:Skip shell extension 'powershell' for command environment: Not usable outside of PowerShell
[2.357s] DEBUG:colcon.colcon_core.shell:Skip shell extension 'dsv' for command environment
[2.720s] INFO:colcon.colcon_core.task.python.build:Building Python package in '/home/vdcl/Desktop/larr_project/umv_control/src/host_vehicle_filter'
[2.720s] INFO:colcon.colcon_core.shell:Skip shell extension 'powershell' for command environment: Not usable outside of PowerShell
[2.720s] DEBUG:colcon.colcon_core.shell:Skip shell extension 'dsv' for command environment
[3.026s] INFO:colcon.colcon_core.task.python.build:Building Python package in '/home/vdcl/Desktop/larr_project/umv_control/src/lower_controller'
[3.026s] INFO:colcon.colcon_core.shell:Skip shell extension 'powershell' for command environment: Not usable outside of PowerShell
[3.026s] DEBUG:colcon.colcon_core.shell:Skip shell extension 'dsv' for command environment
[3.057s] Level 1:colcon.colcon_core.environment:checking '/home/vdcl/Desktop/larr_project/umv_control/install/utils' for CMake module files
[3.057s] DEBUG:colcon.colcon_core.event_handler.log_command:Invoking command in '/home/vdcl/Desktop/larr_project/umv_control/build/mppi': CMAKE_PREFIX_PATH=/home/vdcl/Desktop/larr_project/umv_control/install/umv_msgs:/home/vdcl/Desktop/larr_project/umv_control/install/mppi:/home/vdcl/Desktop/larr_project/AirSim/ros2/install/airsim_ros_pkgs:/home/vdcl/Desktop/larr_project/AirSim/ros2/install/airsim_interfaces:/home/vdcl/Desktop/larr_project/umv_control/install/utils:/home/vdcl/Desktop/larr_project/umv_control/install/lower_controller:/home/vdcl/Desktop/larr_project/umv_control/install/host_vehicle_filter:/home/vdcl/Desktop/larr_project/umv_control/install/global_path:/home/vdcl/Desktop/larr_project/umv_control/install/motion_planner:/opt/ros/humble LD_LIBRARY_PATH=/home/vdcl/Desktop/larr_project/umv_control/install/umv_msgs/lib:/usr/local/cuda-12.2/lib64:/home/vdcl/Desktop/larr_project/AirSim/ros2/install/airsim_ros_pkgs/lib:/home/vdcl/Desktop/larr_project/AirSim/ros2/install/airsim_interfaces/lib:/opt/ros/humble/opt/rviz_ogre_vendor/lib:/opt/ros/humble/lib/x86_64-linux-gnu:/opt/ros/humble/lib /usr/bin/cmake --build /home/vdcl/Desktop/larr_project/umv_control/build/mppi -- -j8 -l8
[3.058s] DEBUG:colcon.colcon_core.event_handler.log_command:Invoked command in '/home/vdcl/Desktop/larr_project/umv_control/src/utils' returned '0': PYTHONPATH=/home/vdcl/Desktop/larr_project/umv_control/build/utils/prefix_override:/home/vdcl/Desktop/larr_project/umv_control/install/utils/lib/python3.10/site-packages:${PYTHONPATH} /usr/bin/python3 -W ignore:setup.py install is deprecated setup.py egg_info --egg-base ../../build/utils build --build-base /home/vdcl/Desktop/larr_project/umv_control/build/utils/build install --record /home/vdcl/Desktop/larr_project/umv_control/build/utils/install.log --single-version-externally-managed install_data
[3.058s] Level 1:colcon.colcon_core.environment:checking '/home/vdcl/Desktop/larr_project/umv_control/install/utils' for CMake config files
[3.058s] Level 1:colcon.colcon_core.environment:checking '/home/vdcl/Desktop/larr_project/umv_control/install/utils/lib'
[3.058s] Level 1:colcon.colcon_core.environment:checking '/home/vdcl/Desktop/larr_project/umv_control/install/utils/bin'
[3.059s] Level 1:colcon.colcon_core.environment:checking '/home/vdcl/Desktop/larr_project/umv_control/install/utils/lib/pkgconfig/utils.pc'
[3.059s] Level 1:colcon.colcon_core.environment:checking '/home/vdcl/Desktop/larr_project/umv_control/install/utils/lib/python3.10/site-packages'
[3.059s] Level 1:colcon.colcon_core.shell:create_environment_hook('utils', 'pythonpath')
[3.059s] INFO:colcon.colcon_core.shell:Creating environment hook '/home/vdcl/Desktop/larr_project/umv_control/install/utils/share/utils/hook/pythonpath.ps1'
[3.064s] INFO:colcon.colcon_core.shell:Creating environment descriptor '/home/vdcl/Desktop/larr_project/umv_control/install/utils/share/utils/hook/pythonpath.dsv'
[3.064s] INFO:colcon.colcon_core.shell:Creating environment hook '/home/vdcl/Desktop/larr_project/umv_control/install/utils/share/utils/hook/pythonpath.sh'
[3.065s] Level 1:colcon.colcon_core.environment:checking '/home/vdcl/Desktop/larr_project/umv_control/install/utils/bin'
[3.065s] Level 1:colcon.colcon_core.environment:create_environment_scripts_only(utils)
[3.065s] INFO:colcon.colcon_core.shell:Creating package script '/home/vdcl/Desktop/larr_project/umv_control/install/utils/share/utils/package.ps1'
[3.065s] INFO:colcon.colcon_core.shell:Creating package descriptor '/home/vdcl/Desktop/larr_project/umv_control/install/utils/share/utils/package.dsv'
[3.066s] INFO:colcon.colcon_core.shell:Creating package script '/home/vdcl/Desktop/larr_project/umv_control/install/utils/share/utils/package.sh'
[3.066s] INFO:colcon.colcon_core.shell:Creating package script '/home/vdcl/Desktop/larr_project/umv_control/install/utils/share/utils/package.bash'
[3.071s] INFO:colcon.colcon_core.shell:Creating package script '/home/vdcl/Desktop/larr_project/umv_control/install/utils/share/utils/package.zsh'
[3.072s] Level 1:colcon.colcon_core.environment:create_file_with_runtime_dependencies(/home/vdcl/Desktop/larr_project/umv_control/install/utils/share/colcon-core/packages/utils)
[3.073s] Level 1:colcon.colcon_core.environment:checking '/home/vdcl/Desktop/larr_project/umv_control/install/motion_planner' for CMake module files
[3.074s] Level 1:colcon.colcon_core.environment:checking '/home/vdcl/Desktop/larr_project/umv_control/install/motion_planner' for CMake config files
[3.074s] DEBUG:colcon.colcon_core.event_handler.log_command:Invoked command in '/home/vdcl/Desktop/larr_project/umv_control/src/motion_planner' returned '0': PYTHONPATH=/home/vdcl/Desktop/larr_project/umv_control/build/motion_planner/prefix_override:/home/vdcl/Desktop/larr_project/umv_control/install/motion_planner/lib/python3.10/site-packages:${PYTHONPATH} /usr/bin/python3 -W ignore:setup.py install is deprecated setup.py egg_info --egg-base ../../build/motion_planner build --build-base /home/vdcl/Desktop/larr_project/umv_control/build/motion_planner/build install --record /home/vdcl/Desktop/larr_project/umv_control/build/motion_planner/install.log --single-version-externally-managed install_data
[3.074s] Level 1:colcon.colcon_core.environment:checking '/home/vdcl/Desktop/larr_project/umv_control/install/motion_planner/lib'
[3.075s] Level 1:colcon.colcon_core.environment:checking '/home/vdcl/Desktop/larr_project/umv_control/install/motion_planner/bin'
[3.075s] Level 1:colcon.colcon_core.environment:checking '/home/vdcl/Desktop/larr_project/umv_control/install/motion_planner/lib/pkgconfig/motion_planner.pc'
[3.075s] Level 1:colcon.colcon_core.environment:checking '/home/vdcl/Desktop/larr_project/umv_control/install/motion_planner/lib/python3.10/site-packages'
[3.075s] Level 1:colcon.colcon_core.shell:create_environment_hook('motion_planner', 'pythonpath')
[3.075s] INFO:colcon.colcon_core.shell:Creating environment hook '/home/vdcl/Desktop/larr_project/umv_control/install/motion_planner/share/motion_planner/hook/pythonpath.ps1'
[3.076s] INFO:colcon.colcon_core.shell:Creating environment descriptor '/home/vdcl/Desktop/larr_project/umv_control/install/motion_planner/share/motion_planner/hook/pythonpath.dsv'
[3.076s] INFO:colcon.colcon_core.shell:Creating environment hook '/home/vdcl/Desktop/larr_project/umv_control/install/motion_planner/share/motion_planner/hook/pythonpath.sh'
[3.076s] Level 1:colcon.colcon_core.environment:checking '/home/vdcl/Desktop/larr_project/umv_control/install/motion_planner/bin'
[3.076s] Level 1:colcon.colcon_core.environment:create_environment_scripts_only(motion_planner)
[3.077s] INFO:colcon.colcon_core.shell:Creating package script '/home/vdcl/Desktop/larr_project/umv_control/install/motion_planner/share/motion_planner/package.ps1'
[3.082s] INFO:colcon.colcon_core.shell:Creating package descriptor '/home/vdcl/Desktop/larr_project/umv_control/install/motion_planner/share/motion_planner/package.dsv'
[3.085s] INFO:colcon.colcon_core.shell:Creating package script '/home/vdcl/Desktop/larr_project/umv_control/install/motion_planner/share/motion_planner/package.sh'
[3.086s] INFO:colcon.colcon_core.shell:Creating package script '/home/vdcl/Desktop/larr_project/umv_control/install/motion_planner/share/motion_planner/package.bash'
[3.086s] INFO:colcon.colcon_core.shell:Creating package script '/home/vdcl/Desktop/larr_project/umv_control/install/motion_planner/share/motion_planner/package.zsh'
[3.092s] Level 1:colcon.colcon_core.environment:create_file_with_runtime_dependencies(/home/vdcl/Desktop/larr_project/umv_control/install/motion_planner/share/colcon-core/packages/motion_planner)
[3.670s] DEBUG:colcon.colcon_core.event_handler.log_command:Invoking command in '/home/vdcl/Desktop/larr_project/umv_control/src/host_vehicle_filter': CMAKE_PREFIX_PATH=/home/vdcl/Desktop/larr_project/umv_control/install/umv_msgs:/home/vdcl/Desktop/larr_project/umv_control/install/mppi:/home/vdcl/Desktop/larr_project/AirSim/ros2/install/airsim_ros_pkgs:/home/vdcl/Desktop/larr_project/AirSim/ros2/install/airsim_interfaces LD_LIBRARY_PATH=/home/vdcl/Desktop/larr_project/umv_control/install/umv_msgs/lib:/usr/local/cuda-12.2/lib64:/home/vdcl/Desktop/larr_project/AirSim/ros2/install/airsim_ros_pkgs/lib:/home/vdcl/Desktop/larr_project/AirSim/ros2/install/airsim_interfaces/lib:/opt/ros/humble/opt/rviz_ogre_vendor/lib:/opt/ros/humble/lib/x86_64-linux-gnu:/opt/ros/humble/lib PYTHONPATH=/home/vdcl/Desktop/larr_project/umv_control/build/host_vehicle_filter/prefix_override:/home/vdcl/Desktop/larr_project/umv_control/install/host_vehicle_filter/lib/python3.10/site-packages:${PYTHONPATH} /usr/bin/python3 -W ignore:setup.py install is deprecated setup.py egg_info --egg-base ../../build/host_vehicle_filter build --build-base /home/vdcl/Desktop/larr_project/umv_control/build/host_vehicle_filter/build install --record /home/vdcl/Desktop/larr_project/umv_control/build/host_vehicle_filter/install.log --single-version-externally-managed install_data
[3.695s] DEBUG:colcon.colcon_core.event_handler.log_command:Invoking command in '/home/vdcl/Desktop/larr_project/umv_control/src/global_path': CMAKE_PREFIX_PATH=/home/vdcl/Desktop/larr_project/umv_control/install/umv_msgs:/home/vdcl/Desktop/larr_project/umv_control/install/mppi:/home/vdcl/Desktop/larr_project/AirSim/ros2/install/airsim_ros_pkgs:/home/vdcl/Desktop/larr_project/AirSim/ros2/install/airsim_interfaces LD_LIBRARY_PATH=/home/vdcl/Desktop/larr_project/umv_control/install/umv_msgs/lib:/usr/local/cuda-12.2/lib64:/home/vdcl/Desktop/larr_project/AirSim/ros2/install/airsim_ros_pkgs/lib:/home/vdcl/Desktop/larr_project/AirSim/ros2/install/airsim_interfaces/lib:/opt/ros/humble/opt/rviz_ogre_vendor/lib:/opt/ros/humble/lib/x86_64-linux-gnu:/opt/ros/humble/lib PYTHONPATH=/home/vdcl/Desktop/larr_project/umv_control/build/global_path/prefix_override:/home/vdcl/Desktop/larr_project/umv_control/install/global_path/lib/python3.10/site-packages:${PYTHONPATH} /usr/bin/python3 -W ignore:setup.py install is deprecated setup.py egg_info --egg-base ../../build/global_path build --build-base /home/vdcl/Desktop/larr_project/umv_control/build/global_path/build install --record /home/vdcl/Desktop/larr_project/umv_control/build/global_path/install.log --single-version-externally-managed install_data
[3.763s] DEBUG:colcon.colcon_core.event_handler.log_command:Invoking command in '/home/vdcl/Desktop/larr_project/umv_control/src/lower_controller': CMAKE_PREFIX_PATH=/home/vdcl/Desktop/larr_project/umv_control/install/umv_msgs:/home/vdcl/Desktop/larr_project/umv_control/install/mppi:/home/vdcl/Desktop/larr_project/AirSim/ros2/install/airsim_ros_pkgs:/home/vdcl/Desktop/larr_project/AirSim/ros2/install/airsim_interfaces LD_LIBRARY_PATH=/home/vdcl/Desktop/larr_project/umv_control/install/umv_msgs/lib:/usr/local/cuda-12.2/lib64:/home/vdcl/Desktop/larr_project/AirSim/ros2/install/airsim_ros_pkgs/lib:/home/vdcl/Desktop/larr_project/AirSim/ros2/install/airsim_interfaces/lib:/opt/ros/humble/opt/rviz_ogre_vendor/lib:/opt/ros/humble/lib/x86_64-linux-gnu:/opt/ros/humble/lib PYTHONPATH=/home/vdcl/Desktop/larr_project/umv_control/build/lower_controller/prefix_override:/home/vdcl/Desktop/larr_project/umv_control/install/lower_controller/lib/python3.10/site-packages:${PYTHONPATH} /usr/bin/python3 -W ignore:setup.py install is deprecated setup.py egg_info --egg-base ../../build/lower_controller build --build-base /home/vdcl/Desktop/larr_project/umv_control/build/lower_controller/build install --record /home/vdcl/Desktop/larr_project/umv_control/build/lower_controller/install.log --single-version-externally-managed install_data
[4.203s] Level 1:colcon.colcon_core.environment:checking '/home/vdcl/Desktop/larr_project/umv_control/install/global_path' for CMake module files
[4.204s] DEBUG:colcon.colcon_core.event_handler.log_command:Invoked command in '/home/vdcl/Desktop/larr_project/umv_control/src/global_path' returned '0': CMAKE_PREFIX_PATH=/home/vdcl/Desktop/larr_project/umv_control/install/umv_msgs:/home/vdcl/Desktop/larr_project/umv_control/install/mppi:/home/vdcl/Desktop/larr_project/AirSim/ros2/install/airsim_ros_pkgs:/home/vdcl/Desktop/larr_project/AirSim/ros2/install/airsim_interfaces LD_LIBRARY_PATH=/home/vdcl/Desktop/larr_project/umv_control/install/umv_msgs/lib:/usr/local/cuda-12.2/lib64:/home/vdcl/Desktop/larr_project/AirSim/ros2/install/airsim_ros_pkgs/lib:/home/vdcl/Desktop/larr_project/AirSim/ros2/install/airsim_interfaces/lib:/opt/ros/humble/opt/rviz_ogre_vendor/lib:/opt/ros/humble/lib/x86_64-linux-gnu:/opt/ros/humble/lib PYTHONPATH=/home/vdcl/Desktop/larr_project/umv_control/build/global_path/prefix_override:/home/vdcl/Desktop/larr_project/umv_control/install/global_path/lib/python3.10/site-packages:${PYTHONPATH} /usr/bin/python3 -W ignore:setup.py install is deprecated setup.py egg_info --egg-base ../../build/global_path build --build-base /home/vdcl/Desktop/larr_project/umv_control/build/global_path/build install --record /home/vdcl/Desktop/larr_project/umv_control/build/global_path/install.log --single-version-externally-managed install_data
[4.204s] Level 1:colcon.colcon_core.environment:checking '/home/vdcl/Desktop/larr_project/umv_control/install/global_path' for CMake config files
[4.205s] Level 1:colcon.colcon_core.environment:checking '/home/vdcl/Desktop/larr_project/umv_control/install/global_path/lib'
[4.205s] Level 1:colcon.colcon_core.environment:checking '/home/vdcl/Desktop/larr_project/umv_control/install/global_path/bin'
[4.205s] Level 1:colcon.colcon_core.environment:checking '/home/vdcl/Desktop/larr_project/umv_control/install/global_path/lib/pkgconfig/global_path.pc'
[4.206s] Level 1:colcon.colcon_core.environment:checking '/home/vdcl/Desktop/larr_project/umv_control/install/global_path/lib/python3.10/site-packages'
[4.206s] Level 1:colcon.colcon_core.shell:create_environment_hook('global_path', 'pythonpath')
[4.206s] INFO:colcon.colcon_core.shell:Creating environment hook '/home/vdcl/Desktop/larr_project/umv_control/install/global_path/share/global_path/hook/pythonpath.ps1'
[4.246s] INFO:colcon.colcon_core.shell:Creating environment descriptor '/home/vdcl/Desktop/larr_project/umv_control/install/global_path/share/global_path/hook/pythonpath.dsv'
[4.262s] INFO:colcon.colcon_core.shell:Creating environment hook '/home/vdcl/Desktop/larr_project/umv_control/install/global_path/share/global_path/hook/pythonpath.sh'
[4.276s] Level 1:colcon.colcon_core.environment:checking '/home/vdcl/Desktop/larr_project/umv_control/install/global_path/bin'
[4.276s] Level 1:colcon.colcon_core.environment:create_environment_scripts_only(global_path)
[4.277s] INFO:colcon.colcon_core.shell:Creating package script '/home/vdcl/Desktop/larr_project/umv_control/install/global_path/share/global_path/package.ps1'
[4.278s] INFO:colcon.colcon_core.shell:Creating package descriptor '/home/vdcl/Desktop/larr_project/umv_control/install/global_path/share/global_path/package.dsv'
[4.279s] INFO:colcon.colcon_core.shell:Creating package script '/home/vdcl/Desktop/larr_project/umv_control/install/global_path/share/global_path/package.sh'
[4.279s] INFO:colcon.colcon_core.shell:Creating package script '/home/vdcl/Desktop/larr_project/umv_control/install/global_path/share/global_path/package.bash'
[4.280s] INFO:colcon.colcon_core.shell:Creating package script '/home/vdcl/Desktop/larr_project/umv_control/install/global_path/share/global_path/package.zsh'
[4.281s] Level 1:colcon.colcon_core.environment:create_file_with_runtime_dependencies(/home/vdcl/Desktop/larr_project/umv_control/install/global_path/share/colcon-core/packages/global_path)
[4.299s] Level 1:colcon.colcon_core.environment:checking '/home/vdcl/Desktop/larr_project/umv_control/install/host_vehicle_filter' for CMake module files
[4.300s] DEBUG:colcon.colcon_core.event_handler.log_command:Invoked command in '/home/vdcl/Desktop/larr_project/umv_control/src/host_vehicle_filter' returned '0': CMAKE_PREFIX_PATH=/home/vdcl/Desktop/larr_project/umv_control/install/umv_msgs:/home/vdcl/Desktop/larr_project/umv_control/install/mppi:/home/vdcl/Desktop/larr_project/AirSim/ros2/install/airsim_ros_pkgs:/home/vdcl/Desktop/larr_project/AirSim/ros2/install/airsim_interfaces LD_LIBRARY_PATH=/home/vdcl/Desktop/larr_project/umv_control/install/umv_msgs/lib:/usr/local/cuda-12.2/lib64:/home/vdcl/Desktop/larr_project/AirSim/ros2/install/airsim_ros_pkgs/lib:/home/vdcl/Desktop/larr_project/AirSim/ros2/install/airsim_interfaces/lib:/opt/ros/humble/opt/rviz_ogre_vendor/lib:/opt/ros/humble/lib/x86_64-linux-gnu:/opt/ros/humble/lib PYTHONPATH=/home/vdcl/Desktop/larr_project/umv_control/build/host_vehicle_filter/prefix_override:/home/vdcl/Desktop/larr_project/umv_control/install/host_vehicle_filter/lib/python3.10/site-packages:${PYTHONPATH} /usr/bin/python3 -W ignore:setup.py install is deprecated setup.py egg_info --egg-base ../../build/host_vehicle_filter build --build-base /home/vdcl/Desktop/larr_project/umv_control/build/host_vehicle_filter/build install --record /home/vdcl/Desktop/larr_project/umv_control/build/host_vehicle_filter/install.log --single-version-externally-managed install_data
[4.301s] Level 1:colcon.colcon_core.environment:checking '/home/vdcl/Desktop/larr_project/umv_control/install/host_vehicle_filter' for CMake config files
[4.302s] Level 1:colcon.colcon_core.environment:checking '/home/vdcl/Desktop/larr_project/umv_control/install/host_vehicle_filter/lib'
[4.302s] Level 1:colcon.colcon_core.environment:checking '/home/vdcl/Desktop/larr_project/umv_control/install/host_vehicle_filter/bin'
[4.302s] Level 1:colcon.colcon_core.environment:checking '/home/vdcl/Desktop/larr_project/umv_control/install/host_vehicle_filter/lib/pkgconfig/host_vehicle_filter.pc'
[4.304s] Level 1:colcon.colcon_core.environment:checking '/home/vdcl/Desktop/larr_project/umv_control/install/host_vehicle_filter/lib/python3.10/site-packages'
[4.304s] Level 1:colcon.colcon_core.shell:create_environment_hook('host_vehicle_filter', 'pythonpath')
[4.304s] INFO:colcon.colcon_core.shell:Creating environment hook '/home/vdcl/Desktop/larr_project/umv_control/install/host_vehicle_filter/share/host_vehicle_filter/hook/pythonpath.ps1'
[4.305s] INFO:colcon.colcon_core.shell:Creating environment descriptor '/home/vdcl/Desktop/larr_project/umv_control/install/host_vehicle_filter/share/host_vehicle_filter/hook/pythonpath.dsv'
[4.305s] INFO:colcon.colcon_core.shell:Creating environment hook '/home/vdcl/Desktop/larr_project/umv_control/install/host_vehicle_filter/share/host_vehicle_filter/hook/pythonpath.sh'
[4.306s] Level 1:colcon.colcon_core.environment:checking '/home/vdcl/Desktop/larr_project/umv_control/install/host_vehicle_filter/bin'
[4.306s] Level 1:colcon.colcon_core.environment:create_environment_scripts_only(host_vehicle_filter)
[4.307s] INFO:colcon.colcon_core.shell:Creating package script '/home/vdcl/Desktop/larr_project/umv_control/install/host_vehicle_filter/share/host_vehicle_filter/package.ps1'
[4.308s] INFO:colcon.colcon_core.shell:Creating package descriptor '/home/vdcl/Desktop/larr_project/umv_control/install/host_vehicle_filter/share/host_vehicle_filter/package.dsv'
[4.308s] INFO:colcon.colcon_core.shell:Creating package script '/home/vdcl/Desktop/larr_project/umv_control/install/host_vehicle_filter/share/host_vehicle_filter/package.sh'
[4.309s] INFO:colcon.colcon_core.shell:Creating package script '/home/vdcl/Desktop/larr_project/umv_control/install/host_vehicle_filter/share/host_vehicle_filter/package.bash'
[4.310s] INFO:colcon.colcon_core.shell:Creating package script '/home/vdcl/Desktop/larr_project/umv_control/install/host_vehicle_filter/share/host_vehicle_filter/package.zsh'
[4.310s] Level 1:colcon.colcon_core.environment:create_file_with_runtime_dependencies(/home/vdcl/Desktop/larr_project/umv_control/install/host_vehicle_filter/share/colcon-core/packages/host_vehicle_filter)
[4.322s] Level 1:colcon.colcon_core.environment:checking '/home/vdcl/Desktop/larr_project/umv_control/install/lower_controller' for CMake module files
[4.323s] DEBUG:colcon.colcon_core.event_handler.log_command:Invoked command in '/home/vdcl/Desktop/larr_project/umv_control/src/lower_controller' returned '0': CMAKE_PREFIX_PATH=/home/vdcl/Desktop/larr_project/umv_control/install/umv_msgs:/home/vdcl/Desktop/larr_project/umv_control/install/mppi:/home/vdcl/Desktop/larr_project/AirSim/ros2/install/airsim_ros_pkgs:/home/vdcl/Desktop/larr_project/AirSim/ros2/install/airsim_interfaces LD_LIBRARY_PATH=/home/vdcl/Desktop/larr_project/umv_control/install/umv_msgs/lib:/usr/local/cuda-12.2/lib64:/home/vdcl/Desktop/larr_project/AirSim/ros2/install/airsim_ros_pkgs/lib:/home/vdcl/Desktop/larr_project/AirSim/ros2/install/airsim_interfaces/lib:/opt/ros/humble/opt/rviz_ogre_vendor/lib:/opt/ros/humble/lib/x86_64-linux-gnu:/opt/ros/humble/lib PYTHONPATH=/home/vdcl/Desktop/larr_project/umv_control/build/lower_controller/prefix_override:/home/vdcl/Desktop/larr_project/umv_control/install/lower_controller/lib/python3.10/site-packages:${PYTHONPATH} /usr/bin/python3 -W ignore:setup.py install is deprecated setup.py egg_info --egg-base ../../build/lower_controller build --build-base /home/vdcl/Desktop/larr_project/umv_control/build/lower_controller/build install --record /home/vdcl/Desktop/larr_project/umv_control/build/lower_controller/install.log --single-version-externally-managed install_data
[4.323s] Level 1:colcon.colcon_core.environment:checking '/home/vdcl/Desktop/larr_project/umv_control/install/lower_controller' for CMake config files
[4.324s] Level 1:colcon.colcon_core.environment:checking '/home/vdcl/Desktop/larr_project/umv_control/install/lower_controller/lib'
[4.324s] Level 1:colcon.colcon_core.environment:checking '/home/vdcl/Desktop/larr_project/umv_control/install/lower_controller/bin'
[4.324s] Level 1:colcon.colcon_core.environment:checking '/home/vdcl/Desktop/larr_project/umv_control/install/lower_controller/lib/pkgconfig/lower_controller.pc'
[4.325s] Level 1:colcon.colcon_core.environment:checking '/home/vdcl/Desktop/larr_project/umv_control/install/lower_controller/lib/python3.10/site-packages'
[4.325s] Level 1:colcon.colcon_core.shell:create_environment_hook('lower_controller', 'pythonpath')
[4.325s] INFO:colcon.colcon_core.shell:Creating environment hook '/home/vdcl/Desktop/larr_project/umv_control/install/lower_controller/share/lower_controller/hook/pythonpath.ps1'
[4.326s] INFO:colcon.colcon_core.shell:Creating environment descriptor '/home/vdcl/Desktop/larr_project/umv_control/install/lower_controller/share/lower_controller/hook/pythonpath.dsv'
[4.326s] INFO:colcon.colcon_core.shell:Creating environment hook '/home/vdcl/Desktop/larr_project/umv_control/install/lower_controller/share/lower_controller/hook/pythonpath.sh'
[4.327s] Level 1:colcon.colcon_core.environment:checking '/home/vdcl/Desktop/larr_project/umv_control/install/lower_controller/bin'
[4.327s] Level 1:colcon.colcon_core.environment:create_environment_scripts_only(lower_controller)
[4.328s] INFO:colcon.colcon_core.shell:Creating package script '/home/vdcl/Desktop/larr_project/umv_control/install/lower_controller/share/lower_controller/package.ps1'
[4.328s] INFO:colcon.colcon_core.shell:Creating package descriptor '/home/vdcl/Desktop/larr_project/umv_control/install/lower_controller/share/lower_controller/package.dsv'
[4.329s] INFO:colcon.colcon_core.shell:Creating package script '/home/vdcl/Desktop/larr_project/umv_control/install/lower_controller/share/lower_controller/package.sh'
[4.330s] INFO:colcon.colcon_core.shell:Creating package script '/home/vdcl/Desktop/larr_project/umv_control/install/lower_controller/share/lower_controller/package.bash'
[4.330s] INFO:colcon.colcon_core.shell:Creating package script '/home/vdcl/Desktop/larr_project/umv_control/install/lower_controller/share/lower_controller/package.zsh'
[4.331s] Level 1:colcon.colcon_core.environment:create_file_with_runtime_dependencies(/home/vdcl/Desktop/larr_project/umv_control/install/lower_controller/share/colcon-core/packages/lower_controller)
[20.960s] DEBUG:colcon.colcon_core.event_handler.log_command:Invoked command in '/home/vdcl/Desktop/larr_project/umv_control/build/mppi' returned '0': CMAKE_PREFIX_PATH=/home/vdcl/Desktop/larr_project/umv_control/install/umv_msgs:/home/vdcl/Desktop/larr_project/umv_control/install/mppi:/home/vdcl/Desktop/larr_project/AirSim/ros2/install/airsim_ros_pkgs:/home/vdcl/Desktop/larr_project/AirSim/ros2/install/airsim_interfaces:/home/vdcl/Desktop/larr_project/umv_control/install/utils:/home/vdcl/Desktop/larr_project/umv_control/install/lower_controller:/home/vdcl/Desktop/larr_project/umv_control/install/host_vehicle_filter:/home/vdcl/Desktop/larr_project/umv_control/install/global_path:/home/vdcl/Desktop/larr_project/umv_control/install/motion_planner:/opt/ros/humble LD_LIBRARY_PATH=/home/vdcl/Desktop/larr_project/umv_control/install/umv_msgs/lib:/usr/local/cuda-12.2/lib64:/home/vdcl/Desktop/larr_project/AirSim/ros2/install/airsim_ros_pkgs/lib:/home/vdcl/Desktop/larr_project/AirSim/ros2/install/airsim_interfaces/lib:/opt/ros/humble/opt/rviz_ogre_vendor/lib:/opt/ros/humble/lib/x86_64-linux-gnu:/opt/ros/humble/lib /usr/bin/cmake --build /home/vdcl/Desktop/larr_project/umv_control/build/mppi -- -j8 -l8
[20.991s] DEBUG:colcon.colcon_core.event_handler.log_command:Invoking command in '/home/vdcl/Desktop/larr_project/umv_control/build/mppi': CMAKE_PREFIX_PATH=/home/vdcl/Desktop/larr_project/umv_control/install/umv_msgs:/home/vdcl/Desktop/larr_project/umv_control/install/mppi:/home/vdcl/Desktop/larr_project/AirSim/ros2/install/airsim_ros_pkgs:/home/vdcl/Desktop/larr_project/AirSim/ros2/install/airsim_interfaces:/home/vdcl/Desktop/larr_project/umv_control/install/utils:/home/vdcl/Desktop/larr_project/umv_control/install/lower_controller:/home/vdcl/Desktop/larr_project/umv_control/install/host_vehicle_filter:/home/vdcl/Desktop/larr_project/umv_control/install/global_path:/home/vdcl/Desktop/larr_project/umv_control/install/motion_planner:/opt/ros/humble LD_LIBRARY_PATH=/home/vdcl/Desktop/larr_project/umv_control/install/umv_msgs/lib:/usr/local/cuda-12.2/lib64:/home/vdcl/Desktop/larr_project/AirSim/ros2/install/airsim_ros_pkgs/lib:/home/vdcl/Desktop/larr_project/AirSim/ros2/install/airsim_interfaces/lib:/opt/ros/humble/opt/rviz_ogre_vendor/lib:/opt/ros/humble/lib/x86_64-linux-gnu:/opt/ros/humble/lib /usr/bin/cmake --install /home/vdcl/Desktop/larr_project/umv_control/build/mppi
[21.003s] Level 1:colcon.colcon_core.environment:create_environment_scripts_only(mppi)
[21.004s] Level 1:colcon.colcon_core.environment:checking '/home/vdcl/Desktop/larr_project/umv_control/install/mppi' for CMake module files
[21.005s] DEBUG:colcon.colcon_core.event_handler.log_command:Invoked command in '/home/vdcl/Desktop/larr_project/umv_control/build/mppi' returned '0': CMAKE_PREFIX_PATH=/home/vdcl/Desktop/larr_project/umv_control/install/umv_msgs:/home/vdcl/Desktop/larr_project/umv_control/install/mppi:/home/vdcl/Desktop/larr_project/AirSim/ros2/install/airsim_ros_pkgs:/home/vdcl/Desktop/larr_project/AirSim/ros2/install/airsim_interfaces:/home/vdcl/Desktop/larr_project/umv_control/install/utils:/home/vdcl/Desktop/larr_project/umv_control/install/lower_controller:/home/vdcl/Desktop/larr_project/umv_control/install/host_vehicle_filter:/home/vdcl/Desktop/larr_project/umv_control/install/global_path:/home/vdcl/Desktop/larr_project/umv_control/install/motion_planner:/opt/ros/humble LD_LIBRARY_PATH=/home/vdcl/Desktop/larr_project/umv_control/install/umv_msgs/lib:/usr/local/cuda-12.2/lib64:/home/vdcl/Desktop/larr_project/AirSim/ros2/install/airsim_ros_pkgs/lib:/home/vdcl/Desktop/larr_project/AirSim/ros2/install/airsim_interfaces/lib:/opt/ros/humble/opt/rviz_ogre_vendor/lib:/opt/ros/humble/lib/x86_64-linux-gnu:/opt/ros/humble/lib /usr/bin/cmake --install /home/vdcl/Desktop/larr_project/umv_control/build/mppi
[21.005s] Level 1:colcon.colcon_core.environment:checking '/home/vdcl/Desktop/larr_project/umv_control/install/mppi' for CMake config files
[21.005s] Level 1:colcon.colcon_core.shell:create_environment_hook('mppi', 'cmake_prefix_path')
[21.005s] INFO:colcon.colcon_core.shell:Creating environment hook '/home/vdcl/Desktop/larr_project/umv_control/install/mppi/share/mppi/hook/cmake_prefix_path.ps1'
[21.006s] INFO:colcon.colcon_core.shell:Creating environment descriptor '/home/vdcl/Desktop/larr_project/umv_control/install/mppi/share/mppi/hook/cmake_prefix_path.dsv'
[21.006s] INFO:colcon.colcon_core.shell:Creating environment hook '/home/vdcl/Desktop/larr_project/umv_control/install/mppi/share/mppi/hook/cmake_prefix_path.sh'
[21.007s] Level 1:colcon.colcon_core.environment:checking '/home/vdcl/Desktop/larr_project/umv_control/install/mppi/bin'
[21.007s] Level 1:colcon.colcon_core.environment:checking '/home/vdcl/Desktop/larr_project/umv_control/install/mppi/lib/pkgconfig/mppi.pc'
[21.007s] Level 1:colcon.colcon_core.environment:checking '/home/vdcl/Desktop/larr_project/umv_control/install/mppi/lib/python3.10/site-packages'
[21.008s] Level 1:colcon.colcon_core.environment:checking '/home/vdcl/Desktop/larr_project/umv_control/install/mppi/bin'
[21.008s] INFO:colcon.colcon_core.shell:Creating package script '/home/vdcl/Desktop/larr_project/umv_control/install/mppi/share/mppi/package.ps1'
[21.009s] INFO:colcon.colcon_core.shell:Creating package descriptor '/home/vdcl/Desktop/larr_project/umv_control/install/mppi/share/mppi/package.dsv'
[21.009s] INFO:colcon.colcon_core.shell:Creating package script '/home/vdcl/Desktop/larr_project/umv_control/install/mppi/share/mppi/package.sh'
[21.010s] INFO:colcon.colcon_core.shell:Creating package script '/home/vdcl/Desktop/larr_project/umv_control/install/mppi/share/mppi/package.bash'
[21.010s] INFO:colcon.colcon_core.shell:Creating package script '/home/vdcl/Desktop/larr_project/umv_control/install/mppi/share/mppi/package.zsh'
[21.010s] Level 1:colcon.colcon_core.environment:create_file_with_runtime_dependencies(/home/vdcl/Desktop/larr_project/umv_control/install/mppi/share/colcon-core/packages/mppi)
[21.044s] Level 1:colcon.colcon_core.environment:create_environment_scripts_only(mppi)
[21.044s] Level 1:colcon.colcon_core.environment:checking '/home/vdcl/Desktop/larr_project/umv_control/install/mppi' for CMake module files
[21.045s] Level 1:colcon.colcon_core.environment:checking '/home/vdcl/Desktop/larr_project/umv_control/install/mppi' for CMake config files
[21.045s] Level 1:colcon.colcon_core.shell:create_environment_hook('mppi', 'cmake_prefix_path')
[21.045s] INFO:colcon.colcon_core.shell:Creating environment hook '/home/vdcl/Desktop/larr_project/umv_control/install/mppi/share/mppi/hook/cmake_prefix_path.ps1'
[21.046s] INFO:colcon.colcon_core.shell:Creating environment descriptor '/home/vdcl/Desktop/larr_project/umv_control/install/mppi/share/mppi/hook/cmake_prefix_path.dsv'
[21.046s] INFO:colcon.colcon_core.shell:Creating environment hook '/home/vdcl/Desktop/larr_project/umv_control/install/mppi/share/mppi/hook/cmake_prefix_path.sh'
[21.047s] Level 1:colcon.colcon_core.environment:checking '/home/vdcl/Desktop/larr_project/umv_control/install/mppi/bin'
[21.047s] Level 1:colcon.colcon_core.environment:checking '/home/vdcl/Desktop/larr_project/umv_control/install/mppi/lib/pkgconfig/mppi.pc'
[21.048s] Level 1:colcon.colcon_core.environment:checking '/home/vdcl/Desktop/larr_project/umv_control/install/mppi/lib/python3.10/site-packages'
[21.048s] Level 1:colcon.colcon_core.environment:checking '/home/vdcl/Desktop/larr_project/umv_control/install/mppi/bin'
[21.050s] INFO:colcon.colcon_core.shell:Creating package script '/home/vdcl/Desktop/larr_project/umv_control/install/mppi/share/mppi/package.ps1'
[21.051s] INFO:colcon.colcon_core.shell:Creating package descriptor '/home/vdcl/Desktop/larr_project/umv_control/install/mppi/share/mppi/package.dsv'
[21.051s] INFO:colcon.colcon_core.shell:Creating package script '/home/vdcl/Desktop/larr_project/umv_control/install/mppi/share/mppi/package.sh'
[21.052s] INFO:colcon.colcon_core.shell:Creating package script '/home/vdcl/Desktop/larr_project/umv_control/install/mppi/share/mppi/package.bash'
[21.052s] INFO:colcon.colcon_core.shell:Creating package script '/home/vdcl/Desktop/larr_project/umv_control/install/mppi/share/mppi/package.zsh'
[21.053s] Level 1:colcon.colcon_core.environment:create_file_with_runtime_dependencies(/home/vdcl/Desktop/larr_project/umv_control/install/mppi/share/colcon-core/packages/mppi)
[21.053s] DEBUG:colcon.colcon_parallel_executor.executor.parallel:closing loop
[21.054s] DEBUG:colcon.colcon_parallel_executor.executor.parallel:loop closed
[21.054s] DEBUG:colcon.colcon_parallel_executor.executor.parallel:run_until_complete finished with '0'
[21.054s] DEBUG:colcon.colcon_core.event_reactor:joining thread
[21.060s] INFO:colcon.colcon_core.plugin_system:Skipping extension 'colcon_notification.desktop_notification.terminal_notifier': Not used on non-Darwin systems
[21.061s] INFO:colcon.colcon_core.plugin_system:Skipping extension 'colcon_notification.desktop_notification.win32': Not used on non-Windows systems
[21.061s] INFO:colcon.colcon_notification.desktop_notification:Sending desktop notification using 'notify2'
[21.074s] DEBUG:colcon.colcon_core.event_reactor:joined thread
[21.074s] INFO:colcon.colcon_core.shell:Creating prefix script '/home/vdcl/Desktop/larr_project/umv_control/install/local_setup.ps1'
[21.075s] INFO:colcon.colcon_core.shell:Creating prefix util module '/home/vdcl/Desktop/larr_project/umv_control/install/_local_setup_util_ps1.py'
[21.077s] INFO:colcon.colcon_core.shell:Creating prefix chain script '/home/vdcl/Desktop/larr_project/umv_control/install/setup.ps1'
[21.080s] INFO:colcon.colcon_core.shell:Creating prefix script '/home/vdcl/Desktop/larr_project/umv_control/install/local_setup.sh'
[21.081s] INFO:colcon.colcon_core.shell:Creating prefix util module '/home/vdcl/Desktop/larr_project/umv_control/install/_local_setup_util_sh.py'
[21.082s] INFO:colcon.colcon_core.shell:Creating prefix chain script '/home/vdcl/Desktop/larr_project/umv_control/install/setup.sh'
[21.084s] INFO:colcon.colcon_core.shell:Creating prefix script '/home/vdcl/Desktop/larr_project/umv_control/install/local_setup.bash'
[21.085s] INFO:colcon.colcon_core.shell:Creating prefix chain script '/home/vdcl/Desktop/larr_project/umv_control/install/setup.bash'
[21.086s] INFO:colcon.colcon_core.shell:Creating prefix script '/home/vdcl/Desktop/larr_project/umv_control/install/local_setup.zsh'
[21.087s] INFO:colcon.colcon_core.shell:Creating prefix chain script '/home/vdcl/Desktop/larr_project/umv_control/install/setup.zsh'
