-- The C compiler identification is GNU 11.4.0
-- The CXX compiler identification is GNU 11.4.0
-- Detecting C compiler ABI info
-- Detecting C compiler ABI info - done
-- Check for working C compiler: /usr/bin/cc - skipped
-- Detecting C compile features
-- Detecting C compile features - done
-- Detecting CXX compiler ABI info
-- Detecting CXX compiler ABI info - done
-- Check for working CXX compiler: /usr/bin/c++ - skipped
-- Detecting CXX compile features
-- Detecting CXX compile features - done
-- Found ament_cmake: 1.3.9 (/opt/ros/humble/share/ament_cmake/cmake)
-- Found Python3: /usr/bin/python3 (found version "3.10.12") found components: Interpreter 
-- Found rosidl_default_generators: 1.2.0 (/opt/ros/humble/share/rosidl_default_generators/cmake)
-- Using all available rosidl_typesupport_c: rosidl_typesupport_fastrtps_c;rosidl_typesupport_introspection_c
-- Found rosidl_adapter: 3.1.5 (/opt/ros/humble/share/rosidl_adapter/cmake)
-- Using all available rosidl_typesupport_cpp: rosidl_typesupport_fastrtps_cpp;rosidl_typesupport_introspection_cpp
-- Found std_msgs: 4.2.4 (/opt/ros/humble/share/std_msgs/cmake)
-- Found geometry_msgs: 4.2.4 (/opt/ros/humble/share/geometry_msgs/cmake)
-- Found geographic_msgs: 1.0.6 (/opt/ros/humble/share/geographic_msgs/cmake)
-- Found ament_cmake_ros: 0.10.0 (/opt/ros/humble/share/ament_cmake_ros/cmake)
-- Using all available rosidl_typesupport_c: rosidl_typesupport_fastrtps_c;rosidl_typesupport_introspection_c
-- Using all available rosidl_typesupport_cpp: rosidl_typesupport_fastrtps_cpp;rosidl_typesupport_introspection_cpp
-- Found PythonInterp: /usr/bin/python3 (found suitable version "3.10.12", minimum required is "3.6") 
-- Found python_cmake_module: 0.10.0 (/opt/ros/humble/share/python_cmake_module/cmake)
-- Found PythonLibs: /usr/lib/x86_64-linux-gnu/libpython3.10.so (found suitable version "3.10.12", minimum required is "3.5") 
-- Using PYTHON_EXECUTABLE: /usr/bin/python3
-- Using PYTHON_INCLUDE_DIRS: /usr/include/python3.10
-- Using PYTHON_LIBRARIES: /usr/lib/x86_64-linux-gnu/libpython3.10.so
-- Found PythonExtra: .so  
-- Found ament_lint_auto: 0.12.11 (/opt/ros/humble/share/ament_lint_auto/cmake)
-- Added test 'lint_cmake' to check CMake code style
-- Added test 'xmllint' to check XML markup files
-- Configuring done
-- Generating done
-- Build files have been written to: /home/vdcl/Desktop/larr_project/umv_control/src/build/umv_msgs
[  1%] [34m[1mGenerating C code for ROS interfaces[0m
[  3%] [34m[1mGenerating C++ code for ROS interfaces[0m
[  3%] Built target ament_cmake_python_copy_umv_msgs
running egg_info
creating umv_msgs.egg-info
writing umv_msgs.egg-info/PKG-INFO
writing dependency_links to umv_msgs.egg-info/dependency_links.txt
writing top-level names to umv_msgs.egg-info/top_level.txt
writing manifest file 'umv_msgs.egg-info/SOURCES.txt'
reading manifest file 'umv_msgs.egg-info/SOURCES.txt'
writing manifest file 'umv_msgs.egg-info/SOURCES.txt'
[  3%] Built target ament_cmake_python_build_umv_msgs_egg
[  3%] Built target umv_msgs__cpp
[  4%] [34m[1mGenerating C++ type support dispatch for ROS interfaces[0m
[  6%] [34m[1mGenerating C++ type support for eProsima Fast-RTPS[0m
[  7%] [34m[1mGenerating C++ introspection for ROS interfaces[0m
[ 11%] [32mBuilding C object CMakeFiles/umv_msgs__rosidl_generator_c.dir/rosidl_generator_c/umv_msgs/msg/detail/local_ref_path__functions.c.o[0m
[ 11%] [32mBuilding C object CMakeFiles/umv_msgs__rosidl_generator_c.dir/rosidl_generator_c/umv_msgs/msg/detail/host_vehicle_filter__functions.c.o[0m
[ 12%] [32mBuilding C object CMakeFiles/umv_msgs__rosidl_generator_c.dir/rosidl_generator_c/umv_msgs/msg/detail/acu_cmd__functions.c.o[0m
[ 14%] [32mBuilding C object CMakeFiles/umv_msgs__rosidl_generator_c.dir/rosidl_generator_c/umv_msgs/msg/detail/global_path__functions.c.o[0m
[ 15%] [32mBuilding C object CMakeFiles/umv_msgs__rosidl_generator_c.dir/rosidl_generator_c/umv_msgs/msg/detail/obstacles__functions.c.o[0m
[ 17%] [32m[1mLinking C shared library libumv_msgs__rosidl_generator_c.so[0m
[ 17%] Built target umv_msgs__rosidl_generator_c
[ 19%] [34m[1mGenerating C introspection for ROS interfaces[0m
[ 20%] [34m[1mGenerating C type support for eProsima Fast-RTPS[0m
[ 22%] [34m[1mGenerating C type support dispatch for ROS interfaces[0m
[ 23%] [32mBuilding CXX object CMakeFiles/umv_msgs__rosidl_typesupport_cpp.dir/rosidl_typesupport_cpp/umv_msgs/msg/local_ref_path__type_support.cpp.o[0m
[ 25%] [32mBuilding CXX object CMakeFiles/umv_msgs__rosidl_typesupport_cpp.dir/rosidl_typesupport_cpp/umv_msgs/msg/host_vehicle_filter__type_support.cpp.o[0m
[ 26%] [32mBuilding CXX object CMakeFiles/umv_msgs__rosidl_typesupport_cpp.dir/rosidl_typesupport_cpp/umv_msgs/msg/acu_cmd__type_support.cpp.o[0m
[ 28%] [32mBuilding CXX object CMakeFiles/umv_msgs__rosidl_typesupport_introspection_cpp.dir/rosidl_typesupport_introspection_cpp/umv_msgs/msg/detail/local_ref_path__type_support.cpp.o[0m
[ 30%] [32mBuilding CXX object CMakeFiles/umv_msgs__rosidl_typesupport_fastrtps_cpp.dir/rosidl_typesupport_fastrtps_cpp/umv_msgs/msg/detail/dds_fastrtps/local_ref_path__type_support.cpp.o[0m
[ 31%] [32mBuilding CXX object CMakeFiles/umv_msgs__rosidl_typesupport_c.dir/rosidl_typesupport_c/umv_msgs/msg/local_ref_path__type_support.cpp.o[0m
[ 33%] [32mBuilding CXX object CMakeFiles/umv_msgs__rosidl_typesupport_c.dir/rosidl_typesupport_c/umv_msgs/msg/host_vehicle_filter__type_support.cpp.o[0m
[ 34%] [32mBuilding CXX object CMakeFiles/umv_msgs__rosidl_typesupport_c.dir/rosidl_typesupport_c/umv_msgs/msg/acu_cmd__type_support.cpp.o[0m
[ 36%] [32mBuilding CXX object CMakeFiles/umv_msgs__rosidl_typesupport_c.dir/rosidl_typesupport_c/umv_msgs/msg/global_path__type_support.cpp.o[0m
[ 38%] [32mBuilding CXX object CMakeFiles/umv_msgs__rosidl_typesupport_fastrtps_c.dir/rosidl_typesupport_fastrtps_c/umv_msgs/msg/detail/local_ref_path__type_support_c.cpp.o[0m
[ 39%] [32mBuilding C object CMakeFiles/umv_msgs__rosidl_typesupport_introspection_c.dir/rosidl_typesupport_introspection_c/umv_msgs/msg/detail/local_ref_path__type_support.c.o[0m
[ 41%] [32mBuilding CXX object CMakeFiles/umv_msgs__rosidl_typesupport_c.dir/rosidl_typesupport_c/umv_msgs/msg/obstacles__type_support.cpp.o[0m
[ 42%] [32m[1mLinking CXX shared library libumv_msgs__rosidl_typesupport_c.so[0m
[ 44%] [32mBuilding C object CMakeFiles/umv_msgs__rosidl_typesupport_introspection_c.dir/rosidl_typesupport_introspection_c/umv_msgs/msg/detail/host_vehicle_filter__type_support.c.o[0m
[ 46%] [32mBuilding C object CMakeFiles/umv_msgs__rosidl_typesupport_introspection_c.dir/rosidl_typesupport_introspection_c/umv_msgs/msg/detail/global_path__type_support.c.o[0m
[ 47%] [32mBuilding CXX object CMakeFiles/umv_msgs__rosidl_typesupport_cpp.dir/rosidl_typesupport_cpp/umv_msgs/msg/global_path__type_support.cpp.o[0m
[ 49%] [32mBuilding C object CMakeFiles/umv_msgs__rosidl_typesupport_introspection_c.dir/rosidl_typesupport_introspection_c/umv_msgs/msg/detail/acu_cmd__type_support.c.o[0m
[ 50%] [32mBuilding C object CMakeFiles/umv_msgs__rosidl_typesupport_introspection_c.dir/rosidl_typesupport_introspection_c/umv_msgs/msg/detail/obstacles__type_support.c.o[0m
[ 52%] [32mBuilding CXX object CMakeFiles/umv_msgs__rosidl_typesupport_cpp.dir/rosidl_typesupport_cpp/umv_msgs/msg/obstacles__type_support.cpp.o[0m
[ 53%] [32mBuilding CXX object CMakeFiles/umv_msgs__rosidl_typesupport_fastrtps_cpp.dir/rosidl_typesupport_fastrtps_cpp/umv_msgs/msg/detail/dds_fastrtps/host_vehicle_filter__type_support.cpp.o[0m
[ 53%] Built target umv_msgs__rosidl_typesupport_c
[ 55%] [32mBuilding CXX object CMakeFiles/umv_msgs__rosidl_typesupport_fastrtps_cpp.dir/rosidl_typesupport_fastrtps_cpp/umv_msgs/msg/detail/dds_fastrtps/acu_cmd__type_support.cpp.o[0m
[ 57%] [32m[1mLinking C shared library libumv_msgs__rosidl_typesupport_introspection_c.so[0m
[ 57%] Built target umv_msgs__rosidl_typesupport_introspection_c
[ 58%] [32mBuilding CXX object CMakeFiles/umv_msgs__rosidl_typesupport_introspection_cpp.dir/rosidl_typesupport_introspection_cpp/umv_msgs/msg/detail/host_vehicle_filter__type_support.cpp.o[0m
[ 60%] [32mBuilding CXX object CMakeFiles/umv_msgs__rosidl_typesupport_fastrtps_c.dir/rosidl_typesupport_fastrtps_c/umv_msgs/msg/detail/host_vehicle_filter__type_support_c.cpp.o[0m
[ 61%] [32mBuilding CXX object CMakeFiles/umv_msgs__rosidl_typesupport_fastrtps_c.dir/rosidl_typesupport_fastrtps_c/umv_msgs/msg/detail/acu_cmd__type_support_c.cpp.o[0m
[ 63%] [32m[1mLinking CXX shared library libumv_msgs__rosidl_typesupport_cpp.so[0m
[ 65%] [32mBuilding CXX object CMakeFiles/umv_msgs__rosidl_typesupport_fastrtps_c.dir/rosidl_typesupport_fastrtps_c/umv_msgs/msg/detail/global_path__type_support_c.cpp.o[0m
[ 66%] [32mBuilding CXX object CMakeFiles/umv_msgs__rosidl_typesupport_fastrtps_c.dir/rosidl_typesupport_fastrtps_c/umv_msgs/msg/detail/obstacles__type_support_c.cpp.o[0m
[ 66%] Built target umv_msgs__rosidl_typesupport_cpp
[ 68%] [32mBuilding CXX object CMakeFiles/umv_msgs__rosidl_typesupport_introspection_cpp.dir/rosidl_typesupport_introspection_cpp/umv_msgs/msg/detail/acu_cmd__type_support.cpp.o[0m
[ 69%] [32mBuilding CXX object CMakeFiles/umv_msgs__rosidl_typesupport_fastrtps_cpp.dir/rosidl_typesupport_fastrtps_cpp/umv_msgs/msg/detail/dds_fastrtps/global_path__type_support.cpp.o[0m
[ 71%] [32mBuilding CXX object CMakeFiles/umv_msgs__rosidl_typesupport_introspection_cpp.dir/rosidl_typesupport_introspection_cpp/umv_msgs/msg/detail/global_path__type_support.cpp.o[0m
[ 73%] [32mBuilding CXX object CMakeFiles/umv_msgs__rosidl_typesupport_fastrtps_cpp.dir/rosidl_typesupport_fastrtps_cpp/umv_msgs/msg/detail/dds_fastrtps/obstacles__type_support.cpp.o[0m
[ 74%] [32mBuilding CXX object CMakeFiles/umv_msgs__rosidl_typesupport_introspection_cpp.dir/rosidl_typesupport_introspection_cpp/umv_msgs/msg/detail/obstacles__type_support.cpp.o[0m
[ 76%] [32m[1mLinking CXX shared library libumv_msgs__rosidl_typesupport_fastrtps_c.so[0m
[ 76%] Built target umv_msgs__rosidl_typesupport_fastrtps_c
[ 77%] [32m[1mLinking CXX shared library libumv_msgs__rosidl_typesupport_fastrtps_cpp.so[0m
[ 79%] [32m[1mLinking CXX shared library libumv_msgs__rosidl_typesupport_introspection_cpp.so[0m
[ 79%] Built target umv_msgs__rosidl_typesupport_fastrtps_cpp
[ 79%] Built target umv_msgs__rosidl_typesupport_introspection_cpp
[ 79%] Built target umv_msgs
[ 80%] [34m[1mGenerating Python code for ROS interfaces[0m
[ 80%] Built target umv_msgs__py
[ 84%] [32mBuilding C object CMakeFiles/umv_msgs__rosidl_generator_py.dir/rosidl_generator_py/umv_msgs/msg/_local_ref_path_s.c.o[0m
[ 84%] [32mBuilding C object CMakeFiles/umv_msgs__rosidl_generator_py.dir/rosidl_generator_py/umv_msgs/msg/_acu_cmd_s.c.o[0m
[ 85%] [32mBuilding C object CMakeFiles/umv_msgs__rosidl_generator_py.dir/rosidl_generator_py/umv_msgs/msg/_global_path_s.c.o[0m
[ 87%] [32mBuilding C object CMakeFiles/umv_msgs__rosidl_generator_py.dir/rosidl_generator_py/umv_msgs/msg/_host_vehicle_filter_s.c.o[0m
[ 88%] [32mBuilding C object CMakeFiles/umv_msgs__rosidl_generator_py.dir/rosidl_generator_py/umv_msgs/msg/_obstacles_s.c.o[0m
[ 90%] [32m[1mLinking C shared library rosidl_generator_py/umv_msgs/libumv_msgs__rosidl_generator_py.so[0m
[ 90%] Built target umv_msgs__rosidl_generator_py
[ 92%] [32mBuilding C object CMakeFiles/umv_msgs__rosidl_typesupport_c__pyext.dir/rosidl_generator_py/umv_msgs/_umv_msgs_s.ep.rosidl_typesupport_c.c.o[0m
[ 93%] [32mBuilding C object CMakeFiles/umv_msgs__rosidl_typesupport_introspection_c__pyext.dir/rosidl_generator_py/umv_msgs/_umv_msgs_s.ep.rosidl_typesupport_introspection_c.c.o[0m
[ 95%] [32mBuilding C object CMakeFiles/umv_msgs__rosidl_typesupport_fastrtps_c__pyext.dir/rosidl_generator_py/umv_msgs/_umv_msgs_s.ep.rosidl_typesupport_fastrtps_c.c.o[0m
[ 96%] [32m[1mLinking C shared library rosidl_generator_py/umv_msgs/umv_msgs_s__rosidl_typesupport_fastrtps_c.cpython-310-x86_64-linux-gnu.so[0m
[ 98%] [32m[1mLinking C shared library rosidl_generator_py/umv_msgs/umv_msgs_s__rosidl_typesupport_c.cpython-310-x86_64-linux-gnu.so[0m
[100%] [32m[1mLinking C shared library rosidl_generator_py/umv_msgs/umv_msgs_s__rosidl_typesupport_introspection_c.cpython-310-x86_64-linux-gnu.so[0m
[100%] Built target umv_msgs__rosidl_typesupport_c__pyext
[100%] Built target umv_msgs__rosidl_typesupport_fastrtps_c__pyext
[100%] Built target umv_msgs__rosidl_typesupport_introspection_c__pyext
-- Install configuration: ""
-- Installing: /home/vdcl/Desktop/larr_project/umv_control/src/install/umv_msgs/share/ament_index/resource_index/rosidl_interfaces/umv_msgs
-- Installing: /home/vdcl/Desktop/larr_project/umv_control/src/install/umv_msgs/include/umv_msgs/umv_msgs
-- Installing: /home/vdcl/Desktop/larr_project/umv_control/src/install/umv_msgs/include/umv_msgs/umv_msgs/msg
-- Installing: /home/vdcl/Desktop/larr_project/umv_control/src/install/umv_msgs/include/umv_msgs/umv_msgs/msg/rosidl_generator_c__visibility_control.h
-- Installing: /home/vdcl/Desktop/larr_project/umv_control/src/install/umv_msgs/include/umv_msgs/umv_msgs/msg/global_path.h
-- Installing: /home/vdcl/Desktop/larr_project/umv_control/src/install/umv_msgs/include/umv_msgs/umv_msgs/msg/acu_cmd.h
-- Installing: /home/vdcl/Desktop/larr_project/umv_control/src/install/umv_msgs/include/umv_msgs/umv_msgs/msg/host_vehicle_filter.h
-- Installing: /home/vdcl/Desktop/larr_project/umv_control/src/install/umv_msgs/include/umv_msgs/umv_msgs/msg/obstacles.h
-- Installing: /home/vdcl/Desktop/larr_project/umv_control/src/install/umv_msgs/include/umv_msgs/umv_msgs/msg/local_ref_path.h
-- Installing: /home/vdcl/Desktop/larr_project/umv_control/src/install/umv_msgs/include/umv_msgs/umv_msgs/msg/detail
-- Installing: /home/vdcl/Desktop/larr_project/umv_control/src/install/umv_msgs/include/umv_msgs/umv_msgs/msg/detail/global_path__struct.h
-- Installing: /home/vdcl/Desktop/larr_project/umv_control/src/install/umv_msgs/include/umv_msgs/umv_msgs/msg/detail/acu_cmd__functions.c
-- Installing: /home/vdcl/Desktop/larr_project/umv_control/src/install/umv_msgs/include/umv_msgs/umv_msgs/msg/detail/obstacles__functions.c
-- Installing: /home/vdcl/Desktop/larr_project/umv_control/src/install/umv_msgs/include/umv_msgs/umv_msgs/msg/detail/local_ref_path__type_support.h
-- Installing: /home/vdcl/Desktop/larr_project/umv_control/src/install/umv_msgs/include/umv_msgs/umv_msgs/msg/detail/host_vehicle_filter__type_support.h
-- Installing: /home/vdcl/Desktop/larr_project/umv_control/src/install/umv_msgs/include/umv_msgs/umv_msgs/msg/detail/host_vehicle_filter__struct.h
-- Installing: /home/vdcl/Desktop/larr_project/umv_control/src/install/umv_msgs/include/umv_msgs/umv_msgs/msg/detail/local_ref_path__functions.c
-- Installing: /home/vdcl/Desktop/larr_project/umv_control/src/install/umv_msgs/include/umv_msgs/umv_msgs/msg/detail/acu_cmd__struct.h
-- Installing: /home/vdcl/Desktop/larr_project/umv_control/src/install/umv_msgs/include/umv_msgs/umv_msgs/msg/detail/acu_cmd__functions.h
-- Installing: /home/vdcl/Desktop/larr_project/umv_control/src/install/umv_msgs/include/umv_msgs/umv_msgs/msg/detail/host_vehicle_filter__functions.c
-- Installing: /home/vdcl/Desktop/larr_project/umv_control/src/install/umv_msgs/include/umv_msgs/umv_msgs/msg/detail/acu_cmd__type_support.h
-- Installing: /home/vdcl/Desktop/larr_project/umv_control/src/install/umv_msgs/include/umv_msgs/umv_msgs/msg/detail/host_vehicle_filter__functions.h
-- Installing: /home/vdcl/Desktop/larr_project/umv_control/src/install/umv_msgs/include/umv_msgs/umv_msgs/msg/detail/global_path__functions.c
-- Installing: /home/vdcl/Desktop/larr_project/umv_control/src/install/umv_msgs/include/umv_msgs/umv_msgs/msg/detail/obstacles__struct.h
-- Installing: /home/vdcl/Desktop/larr_project/umv_control/src/install/umv_msgs/include/umv_msgs/umv_msgs/msg/detail/local_ref_path__struct.h
-- Installing: /home/vdcl/Desktop/larr_project/umv_control/src/install/umv_msgs/include/umv_msgs/umv_msgs/msg/detail/obstacles__functions.h
-- Installing: /home/vdcl/Desktop/larr_project/umv_control/src/install/umv_msgs/include/umv_msgs/umv_msgs/msg/detail/global_path__type_support.h
-- Installing: /home/vdcl/Desktop/larr_project/umv_control/src/install/umv_msgs/include/umv_msgs/umv_msgs/msg/detail/obstacles__type_support.h
-- Installing: /home/vdcl/Desktop/larr_project/umv_control/src/install/umv_msgs/include/umv_msgs/umv_msgs/msg/detail/local_ref_path__functions.h
-- Installing: /home/vdcl/Desktop/larr_project/umv_control/src/install/umv_msgs/include/umv_msgs/umv_msgs/msg/detail/global_path__functions.h
-- Installing: /home/vdcl/Desktop/larr_project/umv_control/src/install/umv_msgs/share/umv_msgs/environment/library_path.sh
-- Installing: /home/vdcl/Desktop/larr_project/umv_control/src/install/umv_msgs/share/umv_msgs/environment/library_path.dsv
-- Installing: /home/vdcl/Desktop/larr_project/umv_control/src/install/umv_msgs/lib/libumv_msgs__rosidl_generator_c.so
-- Set runtime path of "/home/vdcl/Desktop/larr_project/umv_control/src/install/umv_msgs/lib/libumv_msgs__rosidl_generator_c.so" to ""
-- Up-to-date: /home/vdcl/Desktop/larr_project/umv_control/src/install/umv_msgs/include/umv_msgs/umv_msgs
-- Up-to-date: /home/vdcl/Desktop/larr_project/umv_control/src/install/umv_msgs/include/umv_msgs/umv_msgs/msg
-- Installing: /home/vdcl/Desktop/larr_project/umv_control/src/install/umv_msgs/include/umv_msgs/umv_msgs/msg/rosidl_typesupport_fastrtps_c__visibility_control.h
-- Up-to-date: /home/vdcl/Desktop/larr_project/umv_control/src/install/umv_msgs/include/umv_msgs/umv_msgs/msg/detail
-- Installing: /home/vdcl/Desktop/larr_project/umv_control/src/install/umv_msgs/include/umv_msgs/umv_msgs/msg/detail/global_path__rosidl_typesupport_fastrtps_c.h
-- Installing: /home/vdcl/Desktop/larr_project/umv_control/src/install/umv_msgs/include/umv_msgs/umv_msgs/msg/detail/local_ref_path__rosidl_typesupport_fastrtps_c.h
-- Installing: /home/vdcl/Desktop/larr_project/umv_control/src/install/umv_msgs/include/umv_msgs/umv_msgs/msg/detail/obstacles__rosidl_typesupport_fastrtps_c.h
-- Installing: /home/vdcl/Desktop/larr_project/umv_control/src/install/umv_msgs/include/umv_msgs/umv_msgs/msg/detail/host_vehicle_filter__rosidl_typesupport_fastrtps_c.h
-- Installing: /home/vdcl/Desktop/larr_project/umv_control/src/install/umv_msgs/include/umv_msgs/umv_msgs/msg/detail/acu_cmd__rosidl_typesupport_fastrtps_c.h
-- Installing: /home/vdcl/Desktop/larr_project/umv_control/src/install/umv_msgs/lib/libumv_msgs__rosidl_typesupport_fastrtps_c.so
-- Set runtime path of "/home/vdcl/Desktop/larr_project/umv_control/src/install/umv_msgs/lib/libumv_msgs__rosidl_typesupport_fastrtps_c.so" to ""
-- Up-to-date: /home/vdcl/Desktop/larr_project/umv_control/src/install/umv_msgs/include/umv_msgs/umv_msgs
-- Up-to-date: /home/vdcl/Desktop/larr_project/umv_control/src/install/umv_msgs/include/umv_msgs/umv_msgs/msg
-- Installing: /home/vdcl/Desktop/larr_project/umv_control/src/install/umv_msgs/include/umv_msgs/umv_msgs/msg/rosidl_typesupport_introspection_c__visibility_control.h
-- Up-to-date: /home/vdcl/Desktop/larr_project/umv_control/src/install/umv_msgs/include/umv_msgs/umv_msgs/msg/detail
-- Installing: /home/vdcl/Desktop/larr_project/umv_control/src/install/umv_msgs/include/umv_msgs/umv_msgs/msg/detail/global_path__type_support.c
-- Installing: /home/vdcl/Desktop/larr_project/umv_control/src/install/umv_msgs/include/umv_msgs/umv_msgs/msg/detail/acu_cmd__type_support.c
-- Installing: /home/vdcl/Desktop/larr_project/umv_control/src/install/umv_msgs/include/umv_msgs/umv_msgs/msg/detail/host_vehicle_filter__rosidl_typesupport_introspection_c.h
-- Installing: /home/vdcl/Desktop/larr_project/umv_control/src/install/umv_msgs/include/umv_msgs/umv_msgs/msg/detail/local_ref_path__type_support.c
-- Installing: /home/vdcl/Desktop/larr_project/umv_control/src/install/umv_msgs/include/umv_msgs/umv_msgs/msg/detail/obstacles__type_support.c
-- Installing: /home/vdcl/Desktop/larr_project/umv_control/src/install/umv_msgs/include/umv_msgs/umv_msgs/msg/detail/local_ref_path__rosidl_typesupport_introspection_c.h
-- Installing: /home/vdcl/Desktop/larr_project/umv_control/src/install/umv_msgs/include/umv_msgs/umv_msgs/msg/detail/global_path__rosidl_typesupport_introspection_c.h
-- Installing: /home/vdcl/Desktop/larr_project/umv_control/src/install/umv_msgs/include/umv_msgs/umv_msgs/msg/detail/acu_cmd__rosidl_typesupport_introspection_c.h
-- Installing: /home/vdcl/Desktop/larr_project/umv_control/src/install/umv_msgs/include/umv_msgs/umv_msgs/msg/detail/obstacles__rosidl_typesupport_introspection_c.h
-- Installing: /home/vdcl/Desktop/larr_project/umv_control/src/install/umv_msgs/include/umv_msgs/umv_msgs/msg/detail/host_vehicle_filter__type_support.c
-- Installing: /home/vdcl/Desktop/larr_project/umv_control/src/install/umv_msgs/lib/libumv_msgs__rosidl_typesupport_introspection_c.so
-- Set runtime path of "/home/vdcl/Desktop/larr_project/umv_control/src/install/umv_msgs/lib/libumv_msgs__rosidl_typesupport_introspection_c.so" to ""
-- Installing: /home/vdcl/Desktop/larr_project/umv_control/src/install/umv_msgs/lib/libumv_msgs__rosidl_typesupport_c.so
-- Set runtime path of "/home/vdcl/Desktop/larr_project/umv_control/src/install/umv_msgs/lib/libumv_msgs__rosidl_typesupport_c.so" to ""
-- Up-to-date: /home/vdcl/Desktop/larr_project/umv_control/src/install/umv_msgs/include/umv_msgs/umv_msgs
-- Up-to-date: /home/vdcl/Desktop/larr_project/umv_control/src/install/umv_msgs/include/umv_msgs/umv_msgs/msg
-- Installing: /home/vdcl/Desktop/larr_project/umv_control/src/install/umv_msgs/include/umv_msgs/umv_msgs/msg/host_vehicle_filter.hpp
-- Installing: /home/vdcl/Desktop/larr_project/umv_control/src/install/umv_msgs/include/umv_msgs/umv_msgs/msg/global_path.hpp
-- Installing: /home/vdcl/Desktop/larr_project/umv_control/src/install/umv_msgs/include/umv_msgs/umv_msgs/msg/obstacles.hpp
-- Installing: /home/vdcl/Desktop/larr_project/umv_control/src/install/umv_msgs/include/umv_msgs/umv_msgs/msg/local_ref_path.hpp
-- Installing: /home/vdcl/Desktop/larr_project/umv_control/src/install/umv_msgs/include/umv_msgs/umv_msgs/msg/acu_cmd.hpp
-- Up-to-date: /home/vdcl/Desktop/larr_project/umv_control/src/install/umv_msgs/include/umv_msgs/umv_msgs/msg/detail
-- Installing: /home/vdcl/Desktop/larr_project/umv_control/src/install/umv_msgs/include/umv_msgs/umv_msgs/msg/detail/local_ref_path__traits.hpp
-- Installing: /home/vdcl/Desktop/larr_project/umv_control/src/install/umv_msgs/include/umv_msgs/umv_msgs/msg/detail/global_path__builder.hpp
-- Installing: /home/vdcl/Desktop/larr_project/umv_control/src/install/umv_msgs/include/umv_msgs/umv_msgs/msg/detail/acu_cmd__traits.hpp
-- Installing: /home/vdcl/Desktop/larr_project/umv_control/src/install/umv_msgs/include/umv_msgs/umv_msgs/msg/detail/local_ref_path__builder.hpp
-- Installing: /home/vdcl/Desktop/larr_project/umv_control/src/install/umv_msgs/include/umv_msgs/umv_msgs/msg/detail/acu_cmd__builder.hpp
-- Installing: /home/vdcl/Desktop/larr_project/umv_control/src/install/umv_msgs/include/umv_msgs/umv_msgs/msg/detail/host_vehicle_filter__builder.hpp
-- Installing: /home/vdcl/Desktop/larr_project/umv_control/src/install/umv_msgs/include/umv_msgs/umv_msgs/msg/detail/obstacles__builder.hpp
-- Installing: /home/vdcl/Desktop/larr_project/umv_control/src/install/umv_msgs/include/umv_msgs/umv_msgs/msg/detail/acu_cmd__struct.hpp
-- Installing: /home/vdcl/Desktop/larr_project/umv_control/src/install/umv_msgs/include/umv_msgs/umv_msgs/msg/detail/local_ref_path__struct.hpp
-- Installing: /home/vdcl/Desktop/larr_project/umv_control/src/install/umv_msgs/include/umv_msgs/umv_msgs/msg/detail/global_path__traits.hpp
-- Installing: /home/vdcl/Desktop/larr_project/umv_control/src/install/umv_msgs/include/umv_msgs/umv_msgs/msg/detail/host_vehicle_filter__struct.hpp
-- Installing: /home/vdcl/Desktop/larr_project/umv_control/src/install/umv_msgs/include/umv_msgs/umv_msgs/msg/detail/host_vehicle_filter__traits.hpp
-- Installing: /home/vdcl/Desktop/larr_project/umv_control/src/install/umv_msgs/include/umv_msgs/umv_msgs/msg/detail/global_path__struct.hpp
-- Installing: /home/vdcl/Desktop/larr_project/umv_control/src/install/umv_msgs/include/umv_msgs/umv_msgs/msg/detail/obstacles__traits.hpp
-- Installing: /home/vdcl/Desktop/larr_project/umv_control/src/install/umv_msgs/include/umv_msgs/umv_msgs/msg/detail/obstacles__struct.hpp
-- Up-to-date: /home/vdcl/Desktop/larr_project/umv_control/src/install/umv_msgs/include/umv_msgs/umv_msgs
-- Up-to-date: /home/vdcl/Desktop/larr_project/umv_control/src/install/umv_msgs/include/umv_msgs/umv_msgs/msg
-- Up-to-date: /home/vdcl/Desktop/larr_project/umv_control/src/install/umv_msgs/include/umv_msgs/umv_msgs/msg/detail
-- Installing: /home/vdcl/Desktop/larr_project/umv_control/src/install/umv_msgs/include/umv_msgs/umv_msgs/msg/detail/host_vehicle_filter__rosidl_typesupport_fastrtps_cpp.hpp
-- Installing: /home/vdcl/Desktop/larr_project/umv_control/src/install/umv_msgs/include/umv_msgs/umv_msgs/msg/detail/obstacles__rosidl_typesupport_fastrtps_cpp.hpp
-- Installing: /home/vdcl/Desktop/larr_project/umv_control/src/install/umv_msgs/include/umv_msgs/umv_msgs/msg/detail/acu_cmd__rosidl_typesupport_fastrtps_cpp.hpp
-- Installing: /home/vdcl/Desktop/larr_project/umv_control/src/install/umv_msgs/include/umv_msgs/umv_msgs/msg/detail/global_path__rosidl_typesupport_fastrtps_cpp.hpp
-- Installing: /home/vdcl/Desktop/larr_project/umv_control/src/install/umv_msgs/include/umv_msgs/umv_msgs/msg/detail/local_ref_path__rosidl_typesupport_fastrtps_cpp.hpp
-- Installing: /home/vdcl/Desktop/larr_project/umv_control/src/install/umv_msgs/include/umv_msgs/umv_msgs/msg/detail/dds_fastrtps
-- Installing: /home/vdcl/Desktop/larr_project/umv_control/src/install/umv_msgs/include/umv_msgs/umv_msgs/msg/rosidl_typesupport_fastrtps_cpp__visibility_control.h
-- Installing: /home/vdcl/Desktop/larr_project/umv_control/src/install/umv_msgs/lib/libumv_msgs__rosidl_typesupport_fastrtps_cpp.so
-- Set runtime path of "/home/vdcl/Desktop/larr_project/umv_control/src/install/umv_msgs/lib/libumv_msgs__rosidl_typesupport_fastrtps_cpp.so" to ""
-- Up-to-date: /home/vdcl/Desktop/larr_project/umv_control/src/install/umv_msgs/include/umv_msgs/umv_msgs
-- Up-to-date: /home/vdcl/Desktop/larr_project/umv_control/src/install/umv_msgs/include/umv_msgs/umv_msgs/msg
-- Up-to-date: /home/vdcl/Desktop/larr_project/umv_control/src/install/umv_msgs/include/umv_msgs/umv_msgs/msg/detail
-- Installing: /home/vdcl/Desktop/larr_project/umv_control/src/install/umv_msgs/include/umv_msgs/umv_msgs/msg/detail/acu_cmd__rosidl_typesupport_introspection_cpp.hpp
-- Installing: /home/vdcl/Desktop/larr_project/umv_control/src/install/umv_msgs/include/umv_msgs/umv_msgs/msg/detail/local_ref_path__rosidl_typesupport_introspection_cpp.hpp
-- Installing: /home/vdcl/Desktop/larr_project/umv_control/src/install/umv_msgs/include/umv_msgs/umv_msgs/msg/detail/acu_cmd__type_support.cpp
-- Installing: /home/vdcl/Desktop/larr_project/umv_control/src/install/umv_msgs/include/umv_msgs/umv_msgs/msg/detail/local_ref_path__type_support.cpp
-- Installing: /home/vdcl/Desktop/larr_project/umv_control/src/install/umv_msgs/include/umv_msgs/umv_msgs/msg/detail/host_vehicle_filter__type_support.cpp
-- Installing: /home/vdcl/Desktop/larr_project/umv_control/src/install/umv_msgs/include/umv_msgs/umv_msgs/msg/detail/global_path__rosidl_typesupport_introspection_cpp.hpp
-- Installing: /home/vdcl/Desktop/larr_project/umv_control/src/install/umv_msgs/include/umv_msgs/umv_msgs/msg/detail/host_vehicle_filter__rosidl_typesupport_introspection_cpp.hpp
-- Installing: /home/vdcl/Desktop/larr_project/umv_control/src/install/umv_msgs/include/umv_msgs/umv_msgs/msg/detail/obstacles__type_support.cpp
-- Installing: /home/vdcl/Desktop/larr_project/umv_control/src/install/umv_msgs/include/umv_msgs/umv_msgs/msg/detail/obstacles__rosidl_typesupport_introspection_cpp.hpp
-- Installing: /home/vdcl/Desktop/larr_project/umv_control/src/install/umv_msgs/include/umv_msgs/umv_msgs/msg/detail/global_path__type_support.cpp
-- Installing: /home/vdcl/Desktop/larr_project/umv_control/src/install/umv_msgs/lib/libumv_msgs__rosidl_typesupport_introspection_cpp.so
-- Set runtime path of "/home/vdcl/Desktop/larr_project/umv_control/src/install/umv_msgs/lib/libumv_msgs__rosidl_typesupport_introspection_cpp.so" to ""
-- Installing: /home/vdcl/Desktop/larr_project/umv_control/src/install/umv_msgs/lib/libumv_msgs__rosidl_typesupport_cpp.so
-- Set runtime path of "/home/vdcl/Desktop/larr_project/umv_control/src/install/umv_msgs/lib/libumv_msgs__rosidl_typesupport_cpp.so" to ""
-- Installing: /home/vdcl/Desktop/larr_project/umv_control/src/install/umv_msgs/share/umv_msgs/environment/pythonpath.sh
-- Installing: /home/vdcl/Desktop/larr_project/umv_control/src/install/umv_msgs/share/umv_msgs/environment/pythonpath.dsv
-- Installing: /home/vdcl/Desktop/larr_project/umv_control/src/install/umv_msgs/local/lib/python3.10/dist-packages/umv_msgs-0.0.0-py3.10.egg-info
-- Installing: /home/vdcl/Desktop/larr_project/umv_control/src/install/umv_msgs/local/lib/python3.10/dist-packages/umv_msgs-0.0.0-py3.10.egg-info/dependency_links.txt
-- Installing: /home/vdcl/Desktop/larr_project/umv_control/src/install/umv_msgs/local/lib/python3.10/dist-packages/umv_msgs-0.0.0-py3.10.egg-info/SOURCES.txt
-- Installing: /home/vdcl/Desktop/larr_project/umv_control/src/install/umv_msgs/local/lib/python3.10/dist-packages/umv_msgs-0.0.0-py3.10.egg-info/top_level.txt
-- Installing: /home/vdcl/Desktop/larr_project/umv_control/src/install/umv_msgs/local/lib/python3.10/dist-packages/umv_msgs-0.0.0-py3.10.egg-info/PKG-INFO
-- Installing: /home/vdcl/Desktop/larr_project/umv_control/src/install/umv_msgs/local/lib/python3.10/dist-packages/umv_msgs
-- Installing: /home/vdcl/Desktop/larr_project/umv_control/src/install/umv_msgs/local/lib/python3.10/dist-packages/umv_msgs/msg
-- Installing: /home/vdcl/Desktop/larr_project/umv_control/src/install/umv_msgs/local/lib/python3.10/dist-packages/umv_msgs/msg/_acu_cmd.py
-- Installing: /home/vdcl/Desktop/larr_project/umv_control/src/install/umv_msgs/local/lib/python3.10/dist-packages/umv_msgs/msg/_local_ref_path_s.c
-- Installing: /home/vdcl/Desktop/larr_project/umv_control/src/install/umv_msgs/local/lib/python3.10/dist-packages/umv_msgs/msg/_local_ref_path.py
-- Installing: /home/vdcl/Desktop/larr_project/umv_control/src/install/umv_msgs/local/lib/python3.10/dist-packages/umv_msgs/msg/_acu_cmd_s.c
-- Installing: /home/vdcl/Desktop/larr_project/umv_control/src/install/umv_msgs/local/lib/python3.10/dist-packages/umv_msgs/msg/_obstacles.py
-- Installing: /home/vdcl/Desktop/larr_project/umv_control/src/install/umv_msgs/local/lib/python3.10/dist-packages/umv_msgs/msg/_global_path.py
-- Installing: /home/vdcl/Desktop/larr_project/umv_control/src/install/umv_msgs/local/lib/python3.10/dist-packages/umv_msgs/msg/_host_vehicle_filter.py
-- Installing: /home/vdcl/Desktop/larr_project/umv_control/src/install/umv_msgs/local/lib/python3.10/dist-packages/umv_msgs/msg/_obstacles_s.c
-- Installing: /home/vdcl/Desktop/larr_project/umv_control/src/install/umv_msgs/local/lib/python3.10/dist-packages/umv_msgs/msg/__init__.py
-- Installing: /home/vdcl/Desktop/larr_project/umv_control/src/install/umv_msgs/local/lib/python3.10/dist-packages/umv_msgs/msg/_host_vehicle_filter_s.c
-- Installing: /home/vdcl/Desktop/larr_project/umv_control/src/install/umv_msgs/local/lib/python3.10/dist-packages/umv_msgs/msg/_global_path_s.c
-- Installing: /home/vdcl/Desktop/larr_project/umv_control/src/install/umv_msgs/local/lib/python3.10/dist-packages/umv_msgs/_umv_msgs_s.ep.rosidl_typesupport_fastrtps_c.c
-- Installing: /home/vdcl/Desktop/larr_project/umv_control/src/install/umv_msgs/local/lib/python3.10/dist-packages/umv_msgs/umv_msgs_s__rosidl_typesupport_introspection_c.cpython-310-x86_64-linux-gnu.so
-- Installing: /home/vdcl/Desktop/larr_project/umv_control/src/install/umv_msgs/local/lib/python3.10/dist-packages/umv_msgs/_umv_msgs_s.ep.rosidl_typesupport_c.c
-- Installing: /home/vdcl/Desktop/larr_project/umv_control/src/install/umv_msgs/local/lib/python3.10/dist-packages/umv_msgs/umv_msgs_s__rosidl_typesupport_fastrtps_c.cpython-310-x86_64-linux-gnu.so
-- Installing: /home/vdcl/Desktop/larr_project/umv_control/src/install/umv_msgs/local/lib/python3.10/dist-packages/umv_msgs/libumv_msgs__rosidl_generator_py.so
-- Installing: /home/vdcl/Desktop/larr_project/umv_control/src/install/umv_msgs/local/lib/python3.10/dist-packages/umv_msgs/__init__.py
-- Installing: /home/vdcl/Desktop/larr_project/umv_control/src/install/umv_msgs/local/lib/python3.10/dist-packages/umv_msgs/umv_msgs_s__rosidl_typesupport_c.cpython-310-x86_64-linux-gnu.so
-- Installing: /home/vdcl/Desktop/larr_project/umv_control/src/install/umv_msgs/local/lib/python3.10/dist-packages/umv_msgs/_umv_msgs_s.ep.rosidl_typesupport_introspection_c.c
Listing '/home/vdcl/Desktop/larr_project/umv_control/src/install/umv_msgs/local/lib/python3.10/dist-packages/umv_msgs'...
Compiling '/home/vdcl/Desktop/larr_project/umv_control/src/install/umv_msgs/local/lib/python3.10/dist-packages/umv_msgs/__init__.py'...
Listing '/home/vdcl/Desktop/larr_project/umv_control/src/install/umv_msgs/local/lib/python3.10/dist-packages/umv_msgs/msg'...
Compiling '/home/vdcl/Desktop/larr_project/umv_control/src/install/umv_msgs/local/lib/python3.10/dist-packages/umv_msgs/msg/__init__.py'...
Compiling '/home/vdcl/Desktop/larr_project/umv_control/src/install/umv_msgs/local/lib/python3.10/dist-packages/umv_msgs/msg/_acu_cmd.py'...
Compiling '/home/vdcl/Desktop/larr_project/umv_control/src/install/umv_msgs/local/lib/python3.10/dist-packages/umv_msgs/msg/_global_path.py'...
Compiling '/home/vdcl/Desktop/larr_project/umv_control/src/install/umv_msgs/local/lib/python3.10/dist-packages/umv_msgs/msg/_host_vehicle_filter.py'...
Compiling '/home/vdcl/Desktop/larr_project/umv_control/src/install/umv_msgs/local/lib/python3.10/dist-packages/umv_msgs/msg/_local_ref_path.py'...
Compiling '/home/vdcl/Desktop/larr_project/umv_control/src/install/umv_msgs/local/lib/python3.10/dist-packages/umv_msgs/msg/_obstacles.py'...
-- Installing: /home/vdcl/Desktop/larr_project/umv_control/src/install/umv_msgs/local/lib/python3.10/dist-packages/umv_msgs/umv_msgs_s__rosidl_typesupport_fastrtps_c.cpython-310-x86_64-linux-gnu.so
-- Set runtime path of "/home/vdcl/Desktop/larr_project/umv_control/src/install/umv_msgs/local/lib/python3.10/dist-packages/umv_msgs/umv_msgs_s__rosidl_typesupport_fastrtps_c.cpython-310-x86_64-linux-gnu.so" to ""
-- Installing: /home/vdcl/Desktop/larr_project/umv_control/src/install/umv_msgs/local/lib/python3.10/dist-packages/umv_msgs/umv_msgs_s__rosidl_typesupport_introspection_c.cpython-310-x86_64-linux-gnu.so
-- Set runtime path of "/home/vdcl/Desktop/larr_project/umv_control/src/install/umv_msgs/local/lib/python3.10/dist-packages/umv_msgs/umv_msgs_s__rosidl_typesupport_introspection_c.cpython-310-x86_64-linux-gnu.so" to ""
-- Installing: /home/vdcl/Desktop/larr_project/umv_control/src/install/umv_msgs/local/lib/python3.10/dist-packages/umv_msgs/umv_msgs_s__rosidl_typesupport_c.cpython-310-x86_64-linux-gnu.so
-- Set runtime path of "/home/vdcl/Desktop/larr_project/umv_control/src/install/umv_msgs/local/lib/python3.10/dist-packages/umv_msgs/umv_msgs_s__rosidl_typesupport_c.cpython-310-x86_64-linux-gnu.so" to ""
-- Installing: /home/vdcl/Desktop/larr_project/umv_control/src/install/umv_msgs/lib/libumv_msgs__rosidl_generator_py.so
-- Set runtime path of "/home/vdcl/Desktop/larr_project/umv_control/src/install/umv_msgs/lib/libumv_msgs__rosidl_generator_py.so" to ""
-- Installing: /home/vdcl/Desktop/larr_project/umv_control/src/install/umv_msgs/share/umv_msgs/msg/LocalRefPath.idl
-- Installing: /home/vdcl/Desktop/larr_project/umv_control/src/install/umv_msgs/share/umv_msgs/msg/HostVehicleFilter.idl
-- Installing: /home/vdcl/Desktop/larr_project/umv_control/src/install/umv_msgs/share/umv_msgs/msg/AcuCmd.idl
-- Installing: /home/vdcl/Desktop/larr_project/umv_control/src/install/umv_msgs/share/umv_msgs/msg/GlobalPath.idl
-- Installing: /home/vdcl/Desktop/larr_project/umv_control/src/install/umv_msgs/share/umv_msgs/msg/Obstacles.idl
-- Installing: /home/vdcl/Desktop/larr_project/umv_control/src/install/umv_msgs/share/umv_msgs/msg/LocalRefPath.msg
-- Installing: /home/vdcl/Desktop/larr_project/umv_control/src/install/umv_msgs/share/umv_msgs/msg/HostVehicleFilter.msg
-- Installing: /home/vdcl/Desktop/larr_project/umv_control/src/install/umv_msgs/share/umv_msgs/msg/AcuCmd.msg
-- Installing: /home/vdcl/Desktop/larr_project/umv_control/src/install/umv_msgs/share/umv_msgs/msg/GlobalPath.msg
-- Installing: /home/vdcl/Desktop/larr_project/umv_control/src/install/umv_msgs/share/umv_msgs/msg/Obstacles.msg
-- Installing: /home/vdcl/Desktop/larr_project/umv_control/src/install/umv_msgs/share/ament_index/resource_index/package_run_dependencies/umv_msgs
-- Installing: /home/vdcl/Desktop/larr_project/umv_control/src/install/umv_msgs/share/ament_index/resource_index/parent_prefix_path/umv_msgs
-- Installing: /home/vdcl/Desktop/larr_project/umv_control/src/install/umv_msgs/share/umv_msgs/environment/ament_prefix_path.sh
-- Installing: /home/vdcl/Desktop/larr_project/umv_control/src/install/umv_msgs/share/umv_msgs/environment/ament_prefix_path.dsv
-- Installing: /home/vdcl/Desktop/larr_project/umv_control/src/install/umv_msgs/share/umv_msgs/environment/path.sh
-- Installing: /home/vdcl/Desktop/larr_project/umv_control/src/install/umv_msgs/share/umv_msgs/environment/path.dsv
-- Installing: /home/vdcl/Desktop/larr_project/umv_control/src/install/umv_msgs/share/umv_msgs/local_setup.bash
-- Installing: /home/vdcl/Desktop/larr_project/umv_control/src/install/umv_msgs/share/umv_msgs/local_setup.sh
-- Installing: /home/vdcl/Desktop/larr_project/umv_control/src/install/umv_msgs/share/umv_msgs/local_setup.zsh
-- Installing: /home/vdcl/Desktop/larr_project/umv_control/src/install/umv_msgs/share/umv_msgs/local_setup.dsv
-- Installing: /home/vdcl/Desktop/larr_project/umv_control/src/install/umv_msgs/share/umv_msgs/package.dsv
-- Installing: /home/vdcl/Desktop/larr_project/umv_control/src/install/umv_msgs/share/ament_index/resource_index/packages/umv_msgs
-- Installing: /home/vdcl/Desktop/larr_project/umv_control/src/install/umv_msgs/share/umv_msgs/cmake/export_umv_msgs__rosidl_generator_cExport.cmake
-- Installing: /home/vdcl/Desktop/larr_project/umv_control/src/install/umv_msgs/share/umv_msgs/cmake/export_umv_msgs__rosidl_generator_cExport-noconfig.cmake
-- Installing: /home/vdcl/Desktop/larr_project/umv_control/src/install/umv_msgs/share/umv_msgs/cmake/export_umv_msgs__rosidl_typesupport_fastrtps_cExport.cmake
-- Installing: /home/vdcl/Desktop/larr_project/umv_control/src/install/umv_msgs/share/umv_msgs/cmake/export_umv_msgs__rosidl_typesupport_fastrtps_cExport-noconfig.cmake
-- Installing: /home/vdcl/Desktop/larr_project/umv_control/src/install/umv_msgs/share/umv_msgs/cmake/umv_msgs__rosidl_typesupport_introspection_cExport.cmake
-- Installing: /home/vdcl/Desktop/larr_project/umv_control/src/install/umv_msgs/share/umv_msgs/cmake/umv_msgs__rosidl_typesupport_introspection_cExport-noconfig.cmake
-- Installing: /home/vdcl/Desktop/larr_project/umv_control/src/install/umv_msgs/share/umv_msgs/cmake/umv_msgs__rosidl_typesupport_cExport.cmake
-- Installing: /home/vdcl/Desktop/larr_project/umv_control/src/install/umv_msgs/share/umv_msgs/cmake/umv_msgs__rosidl_typesupport_cExport-noconfig.cmake
-- Installing: /home/vdcl/Desktop/larr_project/umv_control/src/install/umv_msgs/share/umv_msgs/cmake/export_umv_msgs__rosidl_generator_cppExport.cmake
-- Installing: /home/vdcl/Desktop/larr_project/umv_control/src/install/umv_msgs/share/umv_msgs/cmake/export_umv_msgs__rosidl_typesupport_fastrtps_cppExport.cmake
-- Installing: /home/vdcl/Desktop/larr_project/umv_control/src/install/umv_msgs/share/umv_msgs/cmake/export_umv_msgs__rosidl_typesupport_fastrtps_cppExport-noconfig.cmake
-- Installing: /home/vdcl/Desktop/larr_project/umv_control/src/install/umv_msgs/share/umv_msgs/cmake/umv_msgs__rosidl_typesupport_introspection_cppExport.cmake
-- Installing: /home/vdcl/Desktop/larr_project/umv_control/src/install/umv_msgs/share/umv_msgs/cmake/umv_msgs__rosidl_typesupport_introspection_cppExport-noconfig.cmake
-- Installing: /home/vdcl/Desktop/larr_project/umv_control/src/install/umv_msgs/share/umv_msgs/cmake/umv_msgs__rosidl_typesupport_cppExport.cmake
-- Installing: /home/vdcl/Desktop/larr_project/umv_control/src/install/umv_msgs/share/umv_msgs/cmake/umv_msgs__rosidl_typesupport_cppExport-noconfig.cmake
-- Installing: /home/vdcl/Desktop/larr_project/umv_control/src/install/umv_msgs/share/umv_msgs/cmake/export_umv_msgs__rosidl_generator_pyExport.cmake
-- Installing: /home/vdcl/Desktop/larr_project/umv_control/src/install/umv_msgs/share/umv_msgs/cmake/export_umv_msgs__rosidl_generator_pyExport-noconfig.cmake
-- Installing: /home/vdcl/Desktop/larr_project/umv_control/src/install/umv_msgs/share/umv_msgs/cmake/rosidl_cmake-extras.cmake
-- Installing: /home/vdcl/Desktop/larr_project/umv_control/src/install/umv_msgs/share/umv_msgs/cmake/ament_cmake_export_dependencies-extras.cmake
-- Installing: /home/vdcl/Desktop/larr_project/umv_control/src/install/umv_msgs/share/umv_msgs/cmake/ament_cmake_export_include_directories-extras.cmake
-- Installing: /home/vdcl/Desktop/larr_project/umv_control/src/install/umv_msgs/share/umv_msgs/cmake/ament_cmake_export_libraries-extras.cmake
-- Installing: /home/vdcl/Desktop/larr_project/umv_control/src/install/umv_msgs/share/umv_msgs/cmake/ament_cmake_export_targets-extras.cmake
-- Installing: /home/vdcl/Desktop/larr_project/umv_control/src/install/umv_msgs/share/umv_msgs/cmake/rosidl_cmake_export_typesupport_targets-extras.cmake
-- Installing: /home/vdcl/Desktop/larr_project/umv_control/src/install/umv_msgs/share/umv_msgs/cmake/rosidl_cmake_export_typesupport_libraries-extras.cmake
-- Installing: /home/vdcl/Desktop/larr_project/umv_control/src/install/umv_msgs/share/umv_msgs/cmake/umv_msgsConfig.cmake
-- Installing: /home/vdcl/Desktop/larr_project/umv_control/src/install/umv_msgs/share/umv_msgs/cmake/umv_msgsConfig-version.cmake
-- Installing: /home/vdcl/Desktop/larr_project/umv_control/src/install/umv_msgs/share/umv_msgs/package.xml
