[0.023s] Invoking command in '/home/vdcl/Desktop/larr_project/umv_control/src/build/umv_msgs': CMAKE_PREFIX_PATH=${CMAKE_PREFIX_PATH}:/home/vdcl/Desktop/larr_project/umv_control/install/utils:/home/vdcl/Desktop/larr_project/umv_control/install/lower_controller:/home/vdcl/Desktop/larr_project/umv_control/install/host_vehicle_filter:/home/vdcl/Desktop/larr_project/umv_control/install/global_path:/home/vdcl/Desktop/larr_project/umv_control/install/motion_planner:/opt/ros/humble /usr/bin/cmake /home/vdcl/Desktop/larr_project/umv_control/src/umv_msgs -DCMAKE_INSTALL_PREFIX=/home/vdcl/Desktop/larr_project/umv_control/src/install/umv_msgs
[1.080s] -- The C compiler identification is GNU 11.4.0
[2.013s] -- The CXX compiler identification is GNU 11.4.0
[2.101s] -- Detecting C compiler ABI info
[2.223s] -- Detecting C compiler ABI info - done
[2.233s] -- Check for working C compiler: /usr/bin/cc - skipped
[2.237s] -- Detecting C compile features
[2.240s] -- Detecting C compile features - done
[2.265s] -- Detecting CXX compiler ABI info
[2.362s] -- Detecting CXX compiler ABI info - done
[2.377s] -- Check for working CXX compiler: /usr/bin/c++ - skipped
[2.378s] -- Detecting CXX compile features
[2.379s] -- Detecting CXX compile features - done
[2.400s] -- Found ament_cmake: 1.3.9 (/opt/ros/humble/share/ament_cmake/cmake)
[2.603s] -- Found Python3: /usr/bin/python3 (found version "3.10.12") found components: Interpreter 
[3.003s] -- Found rosidl_default_generators: 1.2.0 (/opt/ros/humble/share/rosidl_default_generators/cmake)
[3.017s] -- Using all available rosidl_typesupport_c: rosidl_typesupport_fastrtps_c;rosidl_typesupport_introspection_c
[3.033s] -- Found rosidl_adapter: 3.1.5 (/opt/ros/humble/share/rosidl_adapter/cmake)
[3.180s] -- Using all available rosidl_typesupport_cpp: rosidl_typesupport_fastrtps_cpp;rosidl_typesupport_introspection_cpp
[3.468s] -- Found std_msgs: 4.2.4 (/opt/ros/humble/share/std_msgs/cmake)
[3.601s] -- Found geometry_msgs: 4.2.4 (/opt/ros/humble/share/geometry_msgs/cmake)
[3.688s] -- Found geographic_msgs: 1.0.6 (/opt/ros/humble/share/geographic_msgs/cmake)
[4.539s] -- Found ament_cmake_ros: 0.10.0 (/opt/ros/humble/share/ament_cmake_ros/cmake)
[5.061s] -- Using all available rosidl_typesupport_c: rosidl_typesupport_fastrtps_c;rosidl_typesupport_introspection_c
[5.623s] -- Using all available rosidl_typesupport_cpp: rosidl_typesupport_fastrtps_cpp;rosidl_typesupport_introspection_cpp
[5.656s] -- Found PythonInterp: /usr/bin/python3 (found suitable version "3.10.12", minimum required is "3.6") 
[5.661s] -- Found python_cmake_module: 0.10.0 (/opt/ros/humble/share/python_cmake_module/cmake)
[5.696s] -- Found PythonLibs: /usr/lib/x86_64-linux-gnu/libpython3.10.so (found suitable version "3.10.12", minimum required is "3.5") 
[5.696s] -- Using PYTHON_EXECUTABLE: /usr/bin/python3
[5.696s] -- Using PYTHON_INCLUDE_DIRS: /usr/include/python3.10
[5.696s] -- Using PYTHON_LIBRARIES: /usr/lib/x86_64-linux-gnu/libpython3.10.so
[5.715s] -- Found PythonExtra: .so  
[5.809s] -- Found ament_lint_auto: 0.12.11 (/opt/ros/humble/share/ament_lint_auto/cmake)
[5.916s] -- Added test 'lint_cmake' to check CMake code style
[5.932s] -- Added test 'xmllint' to check XML markup files
[5.955s] -- Configuring done
[6.069s] -- Generating done
[6.073s] -- Build files have been written to: /home/vdcl/Desktop/larr_project/umv_control/src/build/umv_msgs
[6.086s] Invoked command in '/home/vdcl/Desktop/larr_project/umv_control/src/build/umv_msgs' returned '0': CMAKE_PREFIX_PATH=${CMAKE_PREFIX_PATH}:/home/vdcl/Desktop/larr_project/umv_control/install/utils:/home/vdcl/Desktop/larr_project/umv_control/install/lower_controller:/home/vdcl/Desktop/larr_project/umv_control/install/host_vehicle_filter:/home/vdcl/Desktop/larr_project/umv_control/install/global_path:/home/vdcl/Desktop/larr_project/umv_control/install/motion_planner:/opt/ros/humble /usr/bin/cmake /home/vdcl/Desktop/larr_project/umv_control/src/umv_msgs -DCMAKE_INSTALL_PREFIX=/home/vdcl/Desktop/larr_project/umv_control/src/install/umv_msgs
[6.088s] Invoking command in '/home/vdcl/Desktop/larr_project/umv_control/src/build/umv_msgs': CMAKE_PREFIX_PATH=${CMAKE_PREFIX_PATH}:/home/vdcl/Desktop/larr_project/umv_control/install/utils:/home/vdcl/Desktop/larr_project/umv_control/install/lower_controller:/home/vdcl/Desktop/larr_project/umv_control/install/host_vehicle_filter:/home/vdcl/Desktop/larr_project/umv_control/install/global_path:/home/vdcl/Desktop/larr_project/umv_control/install/motion_planner:/opt/ros/humble /usr/bin/cmake --build /home/vdcl/Desktop/larr_project/umv_control/src/build/umv_msgs -- -j8 -l8
[6.142s] [  1%] [34m[1mGenerating C code for ROS interfaces[0m
[6.156s] [  3%] [34m[1mGenerating C++ code for ROS interfaces[0m
[6.172s] [  3%] Built target ament_cmake_python_copy_umv_msgs
[6.541s] running egg_info
[6.541s] creating umv_msgs.egg-info
[6.542s] writing umv_msgs.egg-info/PKG-INFO
[6.542s] writing dependency_links to umv_msgs.egg-info/dependency_links.txt
[6.542s] writing top-level names to umv_msgs.egg-info/top_level.txt
[6.542s] writing manifest file 'umv_msgs.egg-info/SOURCES.txt'
[6.545s] reading manifest file 'umv_msgs.egg-info/SOURCES.txt'
[6.546s] writing manifest file 'umv_msgs.egg-info/SOURCES.txt'
[6.586s] [  3%] Built target ament_cmake_python_build_umv_msgs_egg
[6.895s] [  3%] Built target umv_msgs__cpp
[6.914s] [  4%] [34m[1mGenerating C++ type support dispatch for ROS interfaces[0m
[6.916s] [  6%] [34m[1mGenerating C++ type support for eProsima Fast-RTPS[0m
[6.918s] [  7%] [34m[1mGenerating C++ introspection for ROS interfaces[0m
[6.942s] [ 11%] [32mBuilding C object CMakeFiles/umv_msgs__rosidl_generator_c.dir/rosidl_generator_c/umv_msgs/msg/detail/local_ref_path__functions.c.o[0m
[6.942s] [ 11%] [32mBuilding C object CMakeFiles/umv_msgs__rosidl_generator_c.dir/rosidl_generator_c/umv_msgs/msg/detail/host_vehicle_filter__functions.c.o[0m
[6.942s] [ 12%] [32mBuilding C object CMakeFiles/umv_msgs__rosidl_generator_c.dir/rosidl_generator_c/umv_msgs/msg/detail/acu_cmd__functions.c.o[0m
[6.944s] [ 14%] [32mBuilding C object CMakeFiles/umv_msgs__rosidl_generator_c.dir/rosidl_generator_c/umv_msgs/msg/detail/global_path__functions.c.o[0m
[6.946s] [ 15%] [32mBuilding C object CMakeFiles/umv_msgs__rosidl_generator_c.dir/rosidl_generator_c/umv_msgs/msg/detail/obstacles__functions.c.o[0m
[7.162s] [ 17%] [32m[1mLinking C shared library libumv_msgs__rosidl_generator_c.so[0m
[7.230s] [ 17%] Built target umv_msgs__rosidl_generator_c
[7.246s] [ 19%] [34m[1mGenerating C introspection for ROS interfaces[0m
[7.246s] [ 20%] [34m[1mGenerating C type support for eProsima Fast-RTPS[0m
[7.250s] [ 22%] [34m[1mGenerating C type support dispatch for ROS interfaces[0m
[7.575s] [ 23%] [32mBuilding CXX object CMakeFiles/umv_msgs__rosidl_typesupport_cpp.dir/rosidl_typesupport_cpp/umv_msgs/msg/local_ref_path__type_support.cpp.o[0m
[7.576s] [ 25%] [32mBuilding CXX object CMakeFiles/umv_msgs__rosidl_typesupport_cpp.dir/rosidl_typesupport_cpp/umv_msgs/msg/host_vehicle_filter__type_support.cpp.o[0m
[7.591s] [ 26%] [32mBuilding CXX object CMakeFiles/umv_msgs__rosidl_typesupport_cpp.dir/rosidl_typesupport_cpp/umv_msgs/msg/acu_cmd__type_support.cpp.o[0m
[7.868s] [ 28%] [32mBuilding CXX object CMakeFiles/umv_msgs__rosidl_typesupport_introspection_cpp.dir/rosidl_typesupport_introspection_cpp/umv_msgs/msg/detail/local_ref_path__type_support.cpp.o[0m
[7.889s] [ 30%] [32mBuilding CXX object CMakeFiles/umv_msgs__rosidl_typesupport_fastrtps_cpp.dir/rosidl_typesupport_fastrtps_cpp/umv_msgs/msg/detail/dds_fastrtps/local_ref_path__type_support.cpp.o[0m
[7.925s] [ 31%] [32mBuilding CXX object CMakeFiles/umv_msgs__rosidl_typesupport_c.dir/rosidl_typesupport_c/umv_msgs/msg/local_ref_path__type_support.cpp.o[0m
[8.018s] [ 33%] [32mBuilding CXX object CMakeFiles/umv_msgs__rosidl_typesupport_c.dir/rosidl_typesupport_c/umv_msgs/msg/host_vehicle_filter__type_support.cpp.o[0m
[8.069s] [ 34%] [32mBuilding CXX object CMakeFiles/umv_msgs__rosidl_typesupport_c.dir/rosidl_typesupport_c/umv_msgs/msg/acu_cmd__type_support.cpp.o[0m
[8.130s] [ 36%] [32mBuilding CXX object CMakeFiles/umv_msgs__rosidl_typesupport_c.dir/rosidl_typesupport_c/umv_msgs/msg/global_path__type_support.cpp.o[0m
[8.151s] [ 38%] [32mBuilding CXX object CMakeFiles/umv_msgs__rosidl_typesupport_fastrtps_c.dir/rosidl_typesupport_fastrtps_c/umv_msgs/msg/detail/local_ref_path__type_support_c.cpp.o[0m
[8.167s] [ 39%] [32mBuilding C object CMakeFiles/umv_msgs__rosidl_typesupport_introspection_c.dir/rosidl_typesupport_introspection_c/umv_msgs/msg/detail/local_ref_path__type_support.c.o[0m
[8.187s] [ 41%] [32mBuilding CXX object CMakeFiles/umv_msgs__rosidl_typesupport_c.dir/rosidl_typesupport_c/umv_msgs/msg/obstacles__type_support.cpp.o[0m
[8.252s] [ 42%] [32m[1mLinking CXX shared library libumv_msgs__rosidl_typesupport_c.so[0m
[8.382s] [ 44%] [32mBuilding C object CMakeFiles/umv_msgs__rosidl_typesupport_introspection_c.dir/rosidl_typesupport_introspection_c/umv_msgs/msg/detail/host_vehicle_filter__type_support.c.o[0m
[8.384s] [ 46%] [32mBuilding C object CMakeFiles/umv_msgs__rosidl_typesupport_introspection_c.dir/rosidl_typesupport_introspection_c/umv_msgs/msg/detail/global_path__type_support.c.o[0m
[8.385s] [ 47%] [32mBuilding CXX object CMakeFiles/umv_msgs__rosidl_typesupport_cpp.dir/rosidl_typesupport_cpp/umv_msgs/msg/global_path__type_support.cpp.o[0m
[8.385s] [ 49%] [32mBuilding C object CMakeFiles/umv_msgs__rosidl_typesupport_introspection_c.dir/rosidl_typesupport_introspection_c/umv_msgs/msg/detail/acu_cmd__type_support.c.o[0m
[8.473s] [ 50%] [32mBuilding C object CMakeFiles/umv_msgs__rosidl_typesupport_introspection_c.dir/rosidl_typesupport_introspection_c/umv_msgs/msg/detail/obstacles__type_support.c.o[0m
[8.496s] [ 52%] [32mBuilding CXX object CMakeFiles/umv_msgs__rosidl_typesupport_cpp.dir/rosidl_typesupport_cpp/umv_msgs/msg/obstacles__type_support.cpp.o[0m
[8.503s] [ 53%] [32mBuilding CXX object CMakeFiles/umv_msgs__rosidl_typesupport_fastrtps_cpp.dir/rosidl_typesupport_fastrtps_cpp/umv_msgs/msg/detail/dds_fastrtps/host_vehicle_filter__type_support.cpp.o[0m
[8.503s] [ 53%] Built target umv_msgs__rosidl_typesupport_c
[8.534s] [ 55%] [32mBuilding CXX object CMakeFiles/umv_msgs__rosidl_typesupport_fastrtps_cpp.dir/rosidl_typesupport_fastrtps_cpp/umv_msgs/msg/detail/dds_fastrtps/acu_cmd__type_support.cpp.o[0m
[8.596s] [ 57%] [32m[1mLinking C shared library libumv_msgs__rosidl_typesupport_introspection_c.so[0m
[8.712s] [ 57%] Built target umv_msgs__rosidl_typesupport_introspection_c
[8.749s] [ 58%] [32mBuilding CXX object CMakeFiles/umv_msgs__rosidl_typesupport_introspection_cpp.dir/rosidl_typesupport_introspection_cpp/umv_msgs/msg/detail/host_vehicle_filter__type_support.cpp.o[0m
[8.809s] [ 60%] [32mBuilding CXX object CMakeFiles/umv_msgs__rosidl_typesupport_fastrtps_c.dir/rosidl_typesupport_fastrtps_c/umv_msgs/msg/detail/host_vehicle_filter__type_support_c.cpp.o[0m
[8.951s] [ 61%] [32mBuilding CXX object CMakeFiles/umv_msgs__rosidl_typesupport_fastrtps_c.dir/rosidl_typesupport_fastrtps_c/umv_msgs/msg/detail/acu_cmd__type_support_c.cpp.o[0m
[8.990s] [ 63%] [32m[1mLinking CXX shared library libumv_msgs__rosidl_typesupport_cpp.so[0m
[8.997s] [ 65%] [32mBuilding CXX object CMakeFiles/umv_msgs__rosidl_typesupport_fastrtps_c.dir/rosidl_typesupport_fastrtps_c/umv_msgs/msg/detail/global_path__type_support_c.cpp.o[0m
[9.108s] [ 66%] [32mBuilding CXX object CMakeFiles/umv_msgs__rosidl_typesupport_fastrtps_c.dir/rosidl_typesupport_fastrtps_c/umv_msgs/msg/detail/obstacles__type_support_c.cpp.o[0m
[9.202s] [ 66%] Built target umv_msgs__rosidl_typesupport_cpp
[9.238s] [ 68%] [32mBuilding CXX object CMakeFiles/umv_msgs__rosidl_typesupport_introspection_cpp.dir/rosidl_typesupport_introspection_cpp/umv_msgs/msg/detail/acu_cmd__type_support.cpp.o[0m
[9.267s] [ 69%] [32mBuilding CXX object CMakeFiles/umv_msgs__rosidl_typesupport_fastrtps_cpp.dir/rosidl_typesupport_fastrtps_cpp/umv_msgs/msg/detail/dds_fastrtps/global_path__type_support.cpp.o[0m
[9.336s] [ 71%] [32mBuilding CXX object CMakeFiles/umv_msgs__rosidl_typesupport_introspection_cpp.dir/rosidl_typesupport_introspection_cpp/umv_msgs/msg/detail/global_path__type_support.cpp.o[0m
[9.447s] [ 73%] [32mBuilding CXX object CMakeFiles/umv_msgs__rosidl_typesupport_fastrtps_cpp.dir/rosidl_typesupport_fastrtps_cpp/umv_msgs/msg/detail/dds_fastrtps/obstacles__type_support.cpp.o[0m
[9.576s] [ 74%] [32mBuilding CXX object CMakeFiles/umv_msgs__rosidl_typesupport_introspection_cpp.dir/rosidl_typesupport_introspection_cpp/umv_msgs/msg/detail/obstacles__type_support.cpp.o[0m
[9.838s] [ 76%] [32m[1mLinking CXX shared library libumv_msgs__rosidl_typesupport_fastrtps_c.so[0m
[10.028s] [ 76%] Built target umv_msgs__rosidl_typesupport_fastrtps_c
[10.144s] [ 77%] [32m[1mLinking CXX shared library libumv_msgs__rosidl_typesupport_fastrtps_cpp.so[0m
[10.202s] [ 79%] [32m[1mLinking CXX shared library libumv_msgs__rosidl_typesupport_introspection_cpp.so[0m
[10.276s] [ 79%] Built target umv_msgs__rosidl_typesupport_fastrtps_cpp
[10.403s] [ 79%] Built target umv_msgs__rosidl_typesupport_introspection_cpp
[10.429s] [ 79%] Built target umv_msgs
[10.452s] [ 80%] [34m[1mGenerating Python code for ROS interfaces[0m
[11.371s] [ 80%] Built target umv_msgs__py
[11.398s] [ 84%] [32mBuilding C object CMakeFiles/umv_msgs__rosidl_generator_py.dir/rosidl_generator_py/umv_msgs/msg/_local_ref_path_s.c.o[0m
[11.398s] [ 84%] [32mBuilding C object CMakeFiles/umv_msgs__rosidl_generator_py.dir/rosidl_generator_py/umv_msgs/msg/_acu_cmd_s.c.o[0m
[11.398s] [ 85%] [32mBuilding C object CMakeFiles/umv_msgs__rosidl_generator_py.dir/rosidl_generator_py/umv_msgs/msg/_global_path_s.c.o[0m
[11.398s] [ 87%] [32mBuilding C object CMakeFiles/umv_msgs__rosidl_generator_py.dir/rosidl_generator_py/umv_msgs/msg/_host_vehicle_filter_s.c.o[0m
[11.398s] [ 88%] [32mBuilding C object CMakeFiles/umv_msgs__rosidl_generator_py.dir/rosidl_generator_py/umv_msgs/msg/_obstacles_s.c.o[0m
[11.840s] [ 90%] [32m[1mLinking C shared library rosidl_generator_py/umv_msgs/libumv_msgs__rosidl_generator_py.so[0m
[11.914s] [ 90%] Built target umv_msgs__rosidl_generator_py
[11.937s] [ 92%] [32mBuilding C object CMakeFiles/umv_msgs__rosidl_typesupport_c__pyext.dir/rosidl_generator_py/umv_msgs/_umv_msgs_s.ep.rosidl_typesupport_c.c.o[0m
[11.938s] [ 93%] [32mBuilding C object CMakeFiles/umv_msgs__rosidl_typesupport_introspection_c__pyext.dir/rosidl_generator_py/umv_msgs/_umv_msgs_s.ep.rosidl_typesupport_introspection_c.c.o[0m
[11.938s] [ 95%] [32mBuilding C object CMakeFiles/umv_msgs__rosidl_typesupport_fastrtps_c__pyext.dir/rosidl_generator_py/umv_msgs/_umv_msgs_s.ep.rosidl_typesupport_fastrtps_c.c.o[0m
[12.159s] [ 96%] [32m[1mLinking C shared library rosidl_generator_py/umv_msgs/umv_msgs_s__rosidl_typesupport_fastrtps_c.cpython-310-x86_64-linux-gnu.so[0m
[12.160s] [ 98%] [32m[1mLinking C shared library rosidl_generator_py/umv_msgs/umv_msgs_s__rosidl_typesupport_c.cpython-310-x86_64-linux-gnu.so[0m
[12.160s] [100%] [32m[1mLinking C shared library rosidl_generator_py/umv_msgs/umv_msgs_s__rosidl_typesupport_introspection_c.cpython-310-x86_64-linux-gnu.so[0m
[12.211s] [100%] Built target umv_msgs__rosidl_typesupport_c__pyext
[12.216s] [100%] Built target umv_msgs__rosidl_typesupport_fastrtps_c__pyext
[12.216s] [100%] Built target umv_msgs__rosidl_typesupport_introspection_c__pyext
[12.261s] Invoked command in '/home/vdcl/Desktop/larr_project/umv_control/src/build/umv_msgs' returned '0': CMAKE_PREFIX_PATH=${CMAKE_PREFIX_PATH}:/home/vdcl/Desktop/larr_project/umv_control/install/utils:/home/vdcl/Desktop/larr_project/umv_control/install/lower_controller:/home/vdcl/Desktop/larr_project/umv_control/install/host_vehicle_filter:/home/vdcl/Desktop/larr_project/umv_control/install/global_path:/home/vdcl/Desktop/larr_project/umv_control/install/motion_planner:/opt/ros/humble /usr/bin/cmake --build /home/vdcl/Desktop/larr_project/umv_control/src/build/umv_msgs -- -j8 -l8
[12.451s] Invoking command in '/home/vdcl/Desktop/larr_project/umv_control/src/build/umv_msgs': CMAKE_PREFIX_PATH=${CMAKE_PREFIX_PATH}:/home/vdcl/Desktop/larr_project/umv_control/install/utils:/home/vdcl/Desktop/larr_project/umv_control/install/lower_controller:/home/vdcl/Desktop/larr_project/umv_control/install/host_vehicle_filter:/home/vdcl/Desktop/larr_project/umv_control/install/global_path:/home/vdcl/Desktop/larr_project/umv_control/install/motion_planner:/opt/ros/humble /usr/bin/cmake --install /home/vdcl/Desktop/larr_project/umv_control/src/build/umv_msgs
[12.459s] -- Install configuration: ""
[12.460s] -- Installing: /home/vdcl/Desktop/larr_project/umv_control/src/install/umv_msgs/share/ament_index/resource_index/rosidl_interfaces/umv_msgs
[12.460s] -- Installing: /home/vdcl/Desktop/larr_project/umv_control/src/install/umv_msgs/include/umv_msgs/umv_msgs
[12.460s] -- Installing: /home/vdcl/Desktop/larr_project/umv_control/src/install/umv_msgs/include/umv_msgs/umv_msgs/msg
[12.460s] -- Installing: /home/vdcl/Desktop/larr_project/umv_control/src/install/umv_msgs/include/umv_msgs/umv_msgs/msg/rosidl_generator_c__visibility_control.h
[12.460s] -- Installing: /home/vdcl/Desktop/larr_project/umv_control/src/install/umv_msgs/include/umv_msgs/umv_msgs/msg/global_path.h
[12.460s] -- Installing: /home/vdcl/Desktop/larr_project/umv_control/src/install/umv_msgs/include/umv_msgs/umv_msgs/msg/acu_cmd.h
[12.461s] -- Installing: /home/vdcl/Desktop/larr_project/umv_control/src/install/umv_msgs/include/umv_msgs/umv_msgs/msg/host_vehicle_filter.h
[12.461s] -- Installing: /home/vdcl/Desktop/larr_project/umv_control/src/install/umv_msgs/include/umv_msgs/umv_msgs/msg/obstacles.h
[12.461s] -- Installing: /home/vdcl/Desktop/larr_project/umv_control/src/install/umv_msgs/include/umv_msgs/umv_msgs/msg/local_ref_path.h
[12.461s] -- Installing: /home/vdcl/Desktop/larr_project/umv_control/src/install/umv_msgs/include/umv_msgs/umv_msgs/msg/detail
[12.462s] -- Installing: /home/vdcl/Desktop/larr_project/umv_control/src/install/umv_msgs/include/umv_msgs/umv_msgs/msg/detail/global_path__struct.h
[12.462s] -- Installing: /home/vdcl/Desktop/larr_project/umv_control/src/install/umv_msgs/include/umv_msgs/umv_msgs/msg/detail/acu_cmd__functions.c
[12.462s] -- Installing: /home/vdcl/Desktop/larr_project/umv_control/src/install/umv_msgs/include/umv_msgs/umv_msgs/msg/detail/obstacles__functions.c
[12.462s] -- Installing: /home/vdcl/Desktop/larr_project/umv_control/src/install/umv_msgs/include/umv_msgs/umv_msgs/msg/detail/local_ref_path__type_support.h
[12.462s] -- Installing: /home/vdcl/Desktop/larr_project/umv_control/src/install/umv_msgs/include/umv_msgs/umv_msgs/msg/detail/host_vehicle_filter__type_support.h
[12.463s] -- Installing: /home/vdcl/Desktop/larr_project/umv_control/src/install/umv_msgs/include/umv_msgs/umv_msgs/msg/detail/host_vehicle_filter__struct.h
[12.463s] -- Installing: /home/vdcl/Desktop/larr_project/umv_control/src/install/umv_msgs/include/umv_msgs/umv_msgs/msg/detail/local_ref_path__functions.c
[12.463s] -- Installing: /home/vdcl/Desktop/larr_project/umv_control/src/install/umv_msgs/include/umv_msgs/umv_msgs/msg/detail/acu_cmd__struct.h
[12.463s] -- Installing: /home/vdcl/Desktop/larr_project/umv_control/src/install/umv_msgs/include/umv_msgs/umv_msgs/msg/detail/acu_cmd__functions.h
[12.463s] -- Installing: /home/vdcl/Desktop/larr_project/umv_control/src/install/umv_msgs/include/umv_msgs/umv_msgs/msg/detail/host_vehicle_filter__functions.c
[12.463s] -- Installing: /home/vdcl/Desktop/larr_project/umv_control/src/install/umv_msgs/include/umv_msgs/umv_msgs/msg/detail/acu_cmd__type_support.h
[12.463s] -- Installing: /home/vdcl/Desktop/larr_project/umv_control/src/install/umv_msgs/include/umv_msgs/umv_msgs/msg/detail/host_vehicle_filter__functions.h
[12.463s] -- Installing: /home/vdcl/Desktop/larr_project/umv_control/src/install/umv_msgs/include/umv_msgs/umv_msgs/msg/detail/global_path__functions.c
[12.464s] -- Installing: /home/vdcl/Desktop/larr_project/umv_control/src/install/umv_msgs/include/umv_msgs/umv_msgs/msg/detail/obstacles__struct.h
[12.464s] -- Installing: /home/vdcl/Desktop/larr_project/umv_control/src/install/umv_msgs/include/umv_msgs/umv_msgs/msg/detail/local_ref_path__struct.h
[12.464s] -- Installing: /home/vdcl/Desktop/larr_project/umv_control/src/install/umv_msgs/include/umv_msgs/umv_msgs/msg/detail/obstacles__functions.h
[12.464s] -- Installing: /home/vdcl/Desktop/larr_project/umv_control/src/install/umv_msgs/include/umv_msgs/umv_msgs/msg/detail/global_path__type_support.h
[12.464s] -- Installing: /home/vdcl/Desktop/larr_project/umv_control/src/install/umv_msgs/include/umv_msgs/umv_msgs/msg/detail/obstacles__type_support.h
[12.464s] -- Installing: /home/vdcl/Desktop/larr_project/umv_control/src/install/umv_msgs/include/umv_msgs/umv_msgs/msg/detail/local_ref_path__functions.h
[12.464s] -- Installing: /home/vdcl/Desktop/larr_project/umv_control/src/install/umv_msgs/include/umv_msgs/umv_msgs/msg/detail/global_path__functions.h
[12.464s] -- Installing: /home/vdcl/Desktop/larr_project/umv_control/src/install/umv_msgs/share/umv_msgs/environment/library_path.sh
[12.464s] -- Installing: /home/vdcl/Desktop/larr_project/umv_control/src/install/umv_msgs/share/umv_msgs/environment/library_path.dsv
[12.465s] -- Installing: /home/vdcl/Desktop/larr_project/umv_control/src/install/umv_msgs/lib/libumv_msgs__rosidl_generator_c.so
[12.466s] -- Set runtime path of "/home/vdcl/Desktop/larr_project/umv_control/src/install/umv_msgs/lib/libumv_msgs__rosidl_generator_c.so" to ""
[12.466s] -- Up-to-date: /home/vdcl/Desktop/larr_project/umv_control/src/install/umv_msgs/include/umv_msgs/umv_msgs
[12.466s] -- Up-to-date: /home/vdcl/Desktop/larr_project/umv_control/src/install/umv_msgs/include/umv_msgs/umv_msgs/msg
[12.466s] -- Installing: /home/vdcl/Desktop/larr_project/umv_control/src/install/umv_msgs/include/umv_msgs/umv_msgs/msg/rosidl_typesupport_fastrtps_c__visibility_control.h
[12.466s] -- Up-to-date: /home/vdcl/Desktop/larr_project/umv_control/src/install/umv_msgs/include/umv_msgs/umv_msgs/msg/detail
[12.467s] -- Installing: /home/vdcl/Desktop/larr_project/umv_control/src/install/umv_msgs/include/umv_msgs/umv_msgs/msg/detail/global_path__rosidl_typesupport_fastrtps_c.h
[12.467s] -- Installing: /home/vdcl/Desktop/larr_project/umv_control/src/install/umv_msgs/include/umv_msgs/umv_msgs/msg/detail/local_ref_path__rosidl_typesupport_fastrtps_c.h
[12.467s] -- Installing: /home/vdcl/Desktop/larr_project/umv_control/src/install/umv_msgs/include/umv_msgs/umv_msgs/msg/detail/obstacles__rosidl_typesupport_fastrtps_c.h
[12.467s] -- Installing: /home/vdcl/Desktop/larr_project/umv_control/src/install/umv_msgs/include/umv_msgs/umv_msgs/msg/detail/host_vehicle_filter__rosidl_typesupport_fastrtps_c.h
[12.467s] -- Installing: /home/vdcl/Desktop/larr_project/umv_control/src/install/umv_msgs/include/umv_msgs/umv_msgs/msg/detail/acu_cmd__rosidl_typesupport_fastrtps_c.h
[12.467s] -- Installing: /home/vdcl/Desktop/larr_project/umv_control/src/install/umv_msgs/lib/libumv_msgs__rosidl_typesupport_fastrtps_c.so
[12.468s] -- Set runtime path of "/home/vdcl/Desktop/larr_project/umv_control/src/install/umv_msgs/lib/libumv_msgs__rosidl_typesupport_fastrtps_c.so" to ""
[12.468s] -- Up-to-date: /home/vdcl/Desktop/larr_project/umv_control/src/install/umv_msgs/include/umv_msgs/umv_msgs
[12.468s] -- Up-to-date: /home/vdcl/Desktop/larr_project/umv_control/src/install/umv_msgs/include/umv_msgs/umv_msgs/msg
[12.468s] -- Installing: /home/vdcl/Desktop/larr_project/umv_control/src/install/umv_msgs/include/umv_msgs/umv_msgs/msg/rosidl_typesupport_introspection_c__visibility_control.h
[12.468s] -- Up-to-date: /home/vdcl/Desktop/larr_project/umv_control/src/install/umv_msgs/include/umv_msgs/umv_msgs/msg/detail
[12.469s] -- Installing: /home/vdcl/Desktop/larr_project/umv_control/src/install/umv_msgs/include/umv_msgs/umv_msgs/msg/detail/global_path__type_support.c
[12.469s] -- Installing: /home/vdcl/Desktop/larr_project/umv_control/src/install/umv_msgs/include/umv_msgs/umv_msgs/msg/detail/acu_cmd__type_support.c
[12.469s] -- Installing: /home/vdcl/Desktop/larr_project/umv_control/src/install/umv_msgs/include/umv_msgs/umv_msgs/msg/detail/host_vehicle_filter__rosidl_typesupport_introspection_c.h
[12.469s] -- Installing: /home/vdcl/Desktop/larr_project/umv_control/src/install/umv_msgs/include/umv_msgs/umv_msgs/msg/detail/local_ref_path__type_support.c
[12.469s] -- Installing: /home/vdcl/Desktop/larr_project/umv_control/src/install/umv_msgs/include/umv_msgs/umv_msgs/msg/detail/obstacles__type_support.c
[12.469s] -- Installing: /home/vdcl/Desktop/larr_project/umv_control/src/install/umv_msgs/include/umv_msgs/umv_msgs/msg/detail/local_ref_path__rosidl_typesupport_introspection_c.h
[12.469s] -- Installing: /home/vdcl/Desktop/larr_project/umv_control/src/install/umv_msgs/include/umv_msgs/umv_msgs/msg/detail/global_path__rosidl_typesupport_introspection_c.h
[12.469s] -- Installing: /home/vdcl/Desktop/larr_project/umv_control/src/install/umv_msgs/include/umv_msgs/umv_msgs/msg/detail/acu_cmd__rosidl_typesupport_introspection_c.h
[12.470s] -- Installing: /home/vdcl/Desktop/larr_project/umv_control/src/install/umv_msgs/include/umv_msgs/umv_msgs/msg/detail/obstacles__rosidl_typesupport_introspection_c.h
[12.470s] -- Installing: /home/vdcl/Desktop/larr_project/umv_control/src/install/umv_msgs/include/umv_msgs/umv_msgs/msg/detail/host_vehicle_filter__type_support.c
[12.470s] -- Installing: /home/vdcl/Desktop/larr_project/umv_control/src/install/umv_msgs/lib/libumv_msgs__rosidl_typesupport_introspection_c.so
[12.470s] -- Set runtime path of "/home/vdcl/Desktop/larr_project/umv_control/src/install/umv_msgs/lib/libumv_msgs__rosidl_typesupport_introspection_c.so" to ""
[12.470s] -- Installing: /home/vdcl/Desktop/larr_project/umv_control/src/install/umv_msgs/lib/libumv_msgs__rosidl_typesupport_c.so
[12.470s] -- Set runtime path of "/home/vdcl/Desktop/larr_project/umv_control/src/install/umv_msgs/lib/libumv_msgs__rosidl_typesupport_c.so" to ""
[12.470s] -- Up-to-date: /home/vdcl/Desktop/larr_project/umv_control/src/install/umv_msgs/include/umv_msgs/umv_msgs
[12.471s] -- Up-to-date: /home/vdcl/Desktop/larr_project/umv_control/src/install/umv_msgs/include/umv_msgs/umv_msgs/msg
[12.471s] -- Installing: /home/vdcl/Desktop/larr_project/umv_control/src/install/umv_msgs/include/umv_msgs/umv_msgs/msg/host_vehicle_filter.hpp
[12.471s] -- Installing: /home/vdcl/Desktop/larr_project/umv_control/src/install/umv_msgs/include/umv_msgs/umv_msgs/msg/global_path.hpp
[12.471s] -- Installing: /home/vdcl/Desktop/larr_project/umv_control/src/install/umv_msgs/include/umv_msgs/umv_msgs/msg/obstacles.hpp
[12.471s] -- Installing: /home/vdcl/Desktop/larr_project/umv_control/src/install/umv_msgs/include/umv_msgs/umv_msgs/msg/local_ref_path.hpp
[12.471s] -- Installing: /home/vdcl/Desktop/larr_project/umv_control/src/install/umv_msgs/include/umv_msgs/umv_msgs/msg/acu_cmd.hpp
[12.471s] -- Up-to-date: /home/vdcl/Desktop/larr_project/umv_control/src/install/umv_msgs/include/umv_msgs/umv_msgs/msg/detail
[12.471s] -- Installing: /home/vdcl/Desktop/larr_project/umv_control/src/install/umv_msgs/include/umv_msgs/umv_msgs/msg/detail/local_ref_path__traits.hpp
[12.472s] -- Installing: /home/vdcl/Desktop/larr_project/umv_control/src/install/umv_msgs/include/umv_msgs/umv_msgs/msg/detail/global_path__builder.hpp
[12.472s] -- Installing: /home/vdcl/Desktop/larr_project/umv_control/src/install/umv_msgs/include/umv_msgs/umv_msgs/msg/detail/acu_cmd__traits.hpp
[12.472s] -- Installing: /home/vdcl/Desktop/larr_project/umv_control/src/install/umv_msgs/include/umv_msgs/umv_msgs/msg/detail/local_ref_path__builder.hpp
[12.472s] -- Installing: /home/vdcl/Desktop/larr_project/umv_control/src/install/umv_msgs/include/umv_msgs/umv_msgs/msg/detail/acu_cmd__builder.hpp
[12.472s] -- Installing: /home/vdcl/Desktop/larr_project/umv_control/src/install/umv_msgs/include/umv_msgs/umv_msgs/msg/detail/host_vehicle_filter__builder.hpp
[12.472s] -- Installing: /home/vdcl/Desktop/larr_project/umv_control/src/install/umv_msgs/include/umv_msgs/umv_msgs/msg/detail/obstacles__builder.hpp
[12.473s] -- Installing: /home/vdcl/Desktop/larr_project/umv_control/src/install/umv_msgs/include/umv_msgs/umv_msgs/msg/detail/acu_cmd__struct.hpp
[12.474s] -- Installing: /home/vdcl/Desktop/larr_project/umv_control/src/install/umv_msgs/include/umv_msgs/umv_msgs/msg/detail/local_ref_path__struct.hpp
[12.474s] -- Installing: /home/vdcl/Desktop/larr_project/umv_control/src/install/umv_msgs/include/umv_msgs/umv_msgs/msg/detail/global_path__traits.hpp
[12.474s] -- Installing: /home/vdcl/Desktop/larr_project/umv_control/src/install/umv_msgs/include/umv_msgs/umv_msgs/msg/detail/host_vehicle_filter__struct.hpp
[12.474s] -- Installing: /home/vdcl/Desktop/larr_project/umv_control/src/install/umv_msgs/include/umv_msgs/umv_msgs/msg/detail/host_vehicle_filter__traits.hpp
[12.474s] -- Installing: /home/vdcl/Desktop/larr_project/umv_control/src/install/umv_msgs/include/umv_msgs/umv_msgs/msg/detail/global_path__struct.hpp
[12.474s] -- Installing: /home/vdcl/Desktop/larr_project/umv_control/src/install/umv_msgs/include/umv_msgs/umv_msgs/msg/detail/obstacles__traits.hpp
[12.474s] -- Installing: /home/vdcl/Desktop/larr_project/umv_control/src/install/umv_msgs/include/umv_msgs/umv_msgs/msg/detail/obstacles__struct.hpp
[12.475s] -- Up-to-date: /home/vdcl/Desktop/larr_project/umv_control/src/install/umv_msgs/include/umv_msgs/umv_msgs
[12.475s] -- Up-to-date: /home/vdcl/Desktop/larr_project/umv_control/src/install/umv_msgs/include/umv_msgs/umv_msgs/msg
[12.475s] -- Up-to-date: /home/vdcl/Desktop/larr_project/umv_control/src/install/umv_msgs/include/umv_msgs/umv_msgs/msg/detail
[12.475s] -- Installing: /home/vdcl/Desktop/larr_project/umv_control/src/install/umv_msgs/include/umv_msgs/umv_msgs/msg/detail/host_vehicle_filter__rosidl_typesupport_fastrtps_cpp.hpp
[12.475s] -- Installing: /home/vdcl/Desktop/larr_project/umv_control/src/install/umv_msgs/include/umv_msgs/umv_msgs/msg/detail/obstacles__rosidl_typesupport_fastrtps_cpp.hpp
[12.475s] -- Installing: /home/vdcl/Desktop/larr_project/umv_control/src/install/umv_msgs/include/umv_msgs/umv_msgs/msg/detail/acu_cmd__rosidl_typesupport_fastrtps_cpp.hpp
[12.475s] -- Installing: /home/vdcl/Desktop/larr_project/umv_control/src/install/umv_msgs/include/umv_msgs/umv_msgs/msg/detail/global_path__rosidl_typesupport_fastrtps_cpp.hpp
[12.475s] -- Installing: /home/vdcl/Desktop/larr_project/umv_control/src/install/umv_msgs/include/umv_msgs/umv_msgs/msg/detail/local_ref_path__rosidl_typesupport_fastrtps_cpp.hpp
[12.476s] -- Installing: /home/vdcl/Desktop/larr_project/umv_control/src/install/umv_msgs/include/umv_msgs/umv_msgs/msg/detail/dds_fastrtps
[12.476s] -- Installing: /home/vdcl/Desktop/larr_project/umv_control/src/install/umv_msgs/include/umv_msgs/umv_msgs/msg/rosidl_typesupport_fastrtps_cpp__visibility_control.h
[12.476s] -- Installing: /home/vdcl/Desktop/larr_project/umv_control/src/install/umv_msgs/lib/libumv_msgs__rosidl_typesupport_fastrtps_cpp.so
[12.476s] -- Set runtime path of "/home/vdcl/Desktop/larr_project/umv_control/src/install/umv_msgs/lib/libumv_msgs__rosidl_typesupport_fastrtps_cpp.so" to ""
[12.476s] -- Up-to-date: /home/vdcl/Desktop/larr_project/umv_control/src/install/umv_msgs/include/umv_msgs/umv_msgs
[12.476s] -- Up-to-date: /home/vdcl/Desktop/larr_project/umv_control/src/install/umv_msgs/include/umv_msgs/umv_msgs/msg
[12.477s] -- Up-to-date: /home/vdcl/Desktop/larr_project/umv_control/src/install/umv_msgs/include/umv_msgs/umv_msgs/msg/detail
[12.477s] -- Installing: /home/vdcl/Desktop/larr_project/umv_control/src/install/umv_msgs/include/umv_msgs/umv_msgs/msg/detail/acu_cmd__rosidl_typesupport_introspection_cpp.hpp
[12.477s] -- Installing: /home/vdcl/Desktop/larr_project/umv_control/src/install/umv_msgs/include/umv_msgs/umv_msgs/msg/detail/local_ref_path__rosidl_typesupport_introspection_cpp.hpp
[12.477s] -- Installing: /home/vdcl/Desktop/larr_project/umv_control/src/install/umv_msgs/include/umv_msgs/umv_msgs/msg/detail/acu_cmd__type_support.cpp
[12.477s] -- Installing: /home/vdcl/Desktop/larr_project/umv_control/src/install/umv_msgs/include/umv_msgs/umv_msgs/msg/detail/local_ref_path__type_support.cpp
[12.477s] -- Installing: /home/vdcl/Desktop/larr_project/umv_control/src/install/umv_msgs/include/umv_msgs/umv_msgs/msg/detail/host_vehicle_filter__type_support.cpp
[12.477s] -- Installing: /home/vdcl/Desktop/larr_project/umv_control/src/install/umv_msgs/include/umv_msgs/umv_msgs/msg/detail/global_path__rosidl_typesupport_introspection_cpp.hpp
[12.477s] -- Installing: /home/vdcl/Desktop/larr_project/umv_control/src/install/umv_msgs/include/umv_msgs/umv_msgs/msg/detail/host_vehicle_filter__rosidl_typesupport_introspection_cpp.hpp
[12.477s] -- Installing: /home/vdcl/Desktop/larr_project/umv_control/src/install/umv_msgs/include/umv_msgs/umv_msgs/msg/detail/obstacles__type_support.cpp
[12.477s] -- Installing: /home/vdcl/Desktop/larr_project/umv_control/src/install/umv_msgs/include/umv_msgs/umv_msgs/msg/detail/obstacles__rosidl_typesupport_introspection_cpp.hpp
[12.478s] -- Installing: /home/vdcl/Desktop/larr_project/umv_control/src/install/umv_msgs/include/umv_msgs/umv_msgs/msg/detail/global_path__type_support.cpp
[12.478s] -- Installing: /home/vdcl/Desktop/larr_project/umv_control/src/install/umv_msgs/lib/libumv_msgs__rosidl_typesupport_introspection_cpp.so
[12.479s] -- Set runtime path of "/home/vdcl/Desktop/larr_project/umv_control/src/install/umv_msgs/lib/libumv_msgs__rosidl_typesupport_introspection_cpp.so" to ""
[12.479s] -- Installing: /home/vdcl/Desktop/larr_project/umv_control/src/install/umv_msgs/lib/libumv_msgs__rosidl_typesupport_cpp.so
[12.480s] -- Set runtime path of "/home/vdcl/Desktop/larr_project/umv_control/src/install/umv_msgs/lib/libumv_msgs__rosidl_typesupport_cpp.so" to ""
[12.480s] -- Installing: /home/vdcl/Desktop/larr_project/umv_control/src/install/umv_msgs/share/umv_msgs/environment/pythonpath.sh
[12.480s] -- Installing: /home/vdcl/Desktop/larr_project/umv_control/src/install/umv_msgs/share/umv_msgs/environment/pythonpath.dsv
[12.480s] -- Installing: /home/vdcl/Desktop/larr_project/umv_control/src/install/umv_msgs/local/lib/python3.10/dist-packages/umv_msgs-0.0.0-py3.10.egg-info
[12.480s] -- Installing: /home/vdcl/Desktop/larr_project/umv_control/src/install/umv_msgs/local/lib/python3.10/dist-packages/umv_msgs-0.0.0-py3.10.egg-info/dependency_links.txt
[12.480s] -- Installing: /home/vdcl/Desktop/larr_project/umv_control/src/install/umv_msgs/local/lib/python3.10/dist-packages/umv_msgs-0.0.0-py3.10.egg-info/SOURCES.txt
[12.480s] -- Installing: /home/vdcl/Desktop/larr_project/umv_control/src/install/umv_msgs/local/lib/python3.10/dist-packages/umv_msgs-0.0.0-py3.10.egg-info/top_level.txt
[12.480s] -- Installing: /home/vdcl/Desktop/larr_project/umv_control/src/install/umv_msgs/local/lib/python3.10/dist-packages/umv_msgs-0.0.0-py3.10.egg-info/PKG-INFO
[12.480s] -- Installing: /home/vdcl/Desktop/larr_project/umv_control/src/install/umv_msgs/local/lib/python3.10/dist-packages/umv_msgs
[12.481s] -- Installing: /home/vdcl/Desktop/larr_project/umv_control/src/install/umv_msgs/local/lib/python3.10/dist-packages/umv_msgs/msg
[12.481s] -- Installing: /home/vdcl/Desktop/larr_project/umv_control/src/install/umv_msgs/local/lib/python3.10/dist-packages/umv_msgs/msg/_acu_cmd.py
[12.481s] -- Installing: /home/vdcl/Desktop/larr_project/umv_control/src/install/umv_msgs/local/lib/python3.10/dist-packages/umv_msgs/msg/_local_ref_path_s.c
[12.481s] -- Installing: /home/vdcl/Desktop/larr_project/umv_control/src/install/umv_msgs/local/lib/python3.10/dist-packages/umv_msgs/msg/_local_ref_path.py
[12.481s] -- Installing: /home/vdcl/Desktop/larr_project/umv_control/src/install/umv_msgs/local/lib/python3.10/dist-packages/umv_msgs/msg/_acu_cmd_s.c
[12.481s] -- Installing: /home/vdcl/Desktop/larr_project/umv_control/src/install/umv_msgs/local/lib/python3.10/dist-packages/umv_msgs/msg/_obstacles.py
[12.482s] -- Installing: /home/vdcl/Desktop/larr_project/umv_control/src/install/umv_msgs/local/lib/python3.10/dist-packages/umv_msgs/msg/_global_path.py
[12.482s] -- Installing: /home/vdcl/Desktop/larr_project/umv_control/src/install/umv_msgs/local/lib/python3.10/dist-packages/umv_msgs/msg/_host_vehicle_filter.py
[12.482s] -- Installing: /home/vdcl/Desktop/larr_project/umv_control/src/install/umv_msgs/local/lib/python3.10/dist-packages/umv_msgs/msg/_obstacles_s.c
[12.482s] -- Installing: /home/vdcl/Desktop/larr_project/umv_control/src/install/umv_msgs/local/lib/python3.10/dist-packages/umv_msgs/msg/__init__.py
[12.482s] -- Installing: /home/vdcl/Desktop/larr_project/umv_control/src/install/umv_msgs/local/lib/python3.10/dist-packages/umv_msgs/msg/_host_vehicle_filter_s.c
[12.482s] -- Installing: /home/vdcl/Desktop/larr_project/umv_control/src/install/umv_msgs/local/lib/python3.10/dist-packages/umv_msgs/msg/_global_path_s.c
[12.483s] -- Installing: /home/vdcl/Desktop/larr_project/umv_control/src/install/umv_msgs/local/lib/python3.10/dist-packages/umv_msgs/_umv_msgs_s.ep.rosidl_typesupport_fastrtps_c.c
[12.483s] -- Installing: /home/vdcl/Desktop/larr_project/umv_control/src/install/umv_msgs/local/lib/python3.10/dist-packages/umv_msgs/umv_msgs_s__rosidl_typesupport_introspection_c.cpython-310-x86_64-linux-gnu.so
[12.483s] -- Installing: /home/vdcl/Desktop/larr_project/umv_control/src/install/umv_msgs/local/lib/python3.10/dist-packages/umv_msgs/_umv_msgs_s.ep.rosidl_typesupport_c.c
[12.483s] -- Installing: /home/vdcl/Desktop/larr_project/umv_control/src/install/umv_msgs/local/lib/python3.10/dist-packages/umv_msgs/umv_msgs_s__rosidl_typesupport_fastrtps_c.cpython-310-x86_64-linux-gnu.so
[12.483s] -- Installing: /home/vdcl/Desktop/larr_project/umv_control/src/install/umv_msgs/local/lib/python3.10/dist-packages/umv_msgs/libumv_msgs__rosidl_generator_py.so
[12.483s] -- Installing: /home/vdcl/Desktop/larr_project/umv_control/src/install/umv_msgs/local/lib/python3.10/dist-packages/umv_msgs/__init__.py
[12.483s] -- Installing: /home/vdcl/Desktop/larr_project/umv_control/src/install/umv_msgs/local/lib/python3.10/dist-packages/umv_msgs/umv_msgs_s__rosidl_typesupport_c.cpython-310-x86_64-linux-gnu.so
[12.483s] -- Installing: /home/vdcl/Desktop/larr_project/umv_control/src/install/umv_msgs/local/lib/python3.10/dist-packages/umv_msgs/_umv_msgs_s.ep.rosidl_typesupport_introspection_c.c
[12.551s] Listing '/home/vdcl/Desktop/larr_project/umv_control/src/install/umv_msgs/local/lib/python3.10/dist-packages/umv_msgs'...
[12.551s] Compiling '/home/vdcl/Desktop/larr_project/umv_control/src/install/umv_msgs/local/lib/python3.10/dist-packages/umv_msgs/__init__.py'...
[12.551s] Listing '/home/vdcl/Desktop/larr_project/umv_control/src/install/umv_msgs/local/lib/python3.10/dist-packages/umv_msgs/msg'...
[12.551s] Compiling '/home/vdcl/Desktop/larr_project/umv_control/src/install/umv_msgs/local/lib/python3.10/dist-packages/umv_msgs/msg/__init__.py'...
[12.551s] Compiling '/home/vdcl/Desktop/larr_project/umv_control/src/install/umv_msgs/local/lib/python3.10/dist-packages/umv_msgs/msg/_acu_cmd.py'...
[12.551s] Compiling '/home/vdcl/Desktop/larr_project/umv_control/src/install/umv_msgs/local/lib/python3.10/dist-packages/umv_msgs/msg/_global_path.py'...
[12.551s] Compiling '/home/vdcl/Desktop/larr_project/umv_control/src/install/umv_msgs/local/lib/python3.10/dist-packages/umv_msgs/msg/_host_vehicle_filter.py'...
[12.551s] Compiling '/home/vdcl/Desktop/larr_project/umv_control/src/install/umv_msgs/local/lib/python3.10/dist-packages/umv_msgs/msg/_local_ref_path.py'...
[12.551s] Compiling '/home/vdcl/Desktop/larr_project/umv_control/src/install/umv_msgs/local/lib/python3.10/dist-packages/umv_msgs/msg/_obstacles.py'...
[12.556s] -- Installing: /home/vdcl/Desktop/larr_project/umv_control/src/install/umv_msgs/local/lib/python3.10/dist-packages/umv_msgs/umv_msgs_s__rosidl_typesupport_fastrtps_c.cpython-310-x86_64-linux-gnu.so
[12.557s] -- Set runtime path of "/home/vdcl/Desktop/larr_project/umv_control/src/install/umv_msgs/local/lib/python3.10/dist-packages/umv_msgs/umv_msgs_s__rosidl_typesupport_fastrtps_c.cpython-310-x86_64-linux-gnu.so" to ""
[12.558s] -- Installing: /home/vdcl/Desktop/larr_project/umv_control/src/install/umv_msgs/local/lib/python3.10/dist-packages/umv_msgs/umv_msgs_s__rosidl_typesupport_introspection_c.cpython-310-x86_64-linux-gnu.so
[12.558s] -- Set runtime path of "/home/vdcl/Desktop/larr_project/umv_control/src/install/umv_msgs/local/lib/python3.10/dist-packages/umv_msgs/umv_msgs_s__rosidl_typesupport_introspection_c.cpython-310-x86_64-linux-gnu.so" to ""
[12.558s] -- Installing: /home/vdcl/Desktop/larr_project/umv_control/src/install/umv_msgs/local/lib/python3.10/dist-packages/umv_msgs/umv_msgs_s__rosidl_typesupport_c.cpython-310-x86_64-linux-gnu.so
[12.560s] -- Set runtime path of "/home/vdcl/Desktop/larr_project/umv_control/src/install/umv_msgs/local/lib/python3.10/dist-packages/umv_msgs/umv_msgs_s__rosidl_typesupport_c.cpython-310-x86_64-linux-gnu.so" to ""
[12.560s] -- Installing: /home/vdcl/Desktop/larr_project/umv_control/src/install/umv_msgs/lib/libumv_msgs__rosidl_generator_py.so
[12.560s] -- Set runtime path of "/home/vdcl/Desktop/larr_project/umv_control/src/install/umv_msgs/lib/libumv_msgs__rosidl_generator_py.so" to ""
[12.560s] -- Installing: /home/vdcl/Desktop/larr_project/umv_control/src/install/umv_msgs/share/umv_msgs/msg/LocalRefPath.idl
[12.561s] -- Installing: /home/vdcl/Desktop/larr_project/umv_control/src/install/umv_msgs/share/umv_msgs/msg/HostVehicleFilter.idl
[12.561s] -- Installing: /home/vdcl/Desktop/larr_project/umv_control/src/install/umv_msgs/share/umv_msgs/msg/AcuCmd.idl
[12.561s] -- Installing: /home/vdcl/Desktop/larr_project/umv_control/src/install/umv_msgs/share/umv_msgs/msg/GlobalPath.idl
[12.561s] -- Installing: /home/vdcl/Desktop/larr_project/umv_control/src/install/umv_msgs/share/umv_msgs/msg/Obstacles.idl
[12.561s] -- Installing: /home/vdcl/Desktop/larr_project/umv_control/src/install/umv_msgs/share/umv_msgs/msg/LocalRefPath.msg
[12.561s] -- Installing: /home/vdcl/Desktop/larr_project/umv_control/src/install/umv_msgs/share/umv_msgs/msg/HostVehicleFilter.msg
[12.561s] -- Installing: /home/vdcl/Desktop/larr_project/umv_control/src/install/umv_msgs/share/umv_msgs/msg/AcuCmd.msg
[12.561s] -- Installing: /home/vdcl/Desktop/larr_project/umv_control/src/install/umv_msgs/share/umv_msgs/msg/GlobalPath.msg
[12.562s] -- Installing: /home/vdcl/Desktop/larr_project/umv_control/src/install/umv_msgs/share/umv_msgs/msg/Obstacles.msg
[12.562s] -- Installing: /home/vdcl/Desktop/larr_project/umv_control/src/install/umv_msgs/share/ament_index/resource_index/package_run_dependencies/umv_msgs
[12.562s] -- Installing: /home/vdcl/Desktop/larr_project/umv_control/src/install/umv_msgs/share/ament_index/resource_index/parent_prefix_path/umv_msgs
[12.562s] -- Installing: /home/vdcl/Desktop/larr_project/umv_control/src/install/umv_msgs/share/umv_msgs/environment/ament_prefix_path.sh
[12.562s] -- Installing: /home/vdcl/Desktop/larr_project/umv_control/src/install/umv_msgs/share/umv_msgs/environment/ament_prefix_path.dsv
[12.563s] -- Installing: /home/vdcl/Desktop/larr_project/umv_control/src/install/umv_msgs/share/umv_msgs/environment/path.sh
[12.563s] -- Installing: /home/vdcl/Desktop/larr_project/umv_control/src/install/umv_msgs/share/umv_msgs/environment/path.dsv
[12.563s] -- Installing: /home/vdcl/Desktop/larr_project/umv_control/src/install/umv_msgs/share/umv_msgs/local_setup.bash
[12.563s] -- Installing: /home/vdcl/Desktop/larr_project/umv_control/src/install/umv_msgs/share/umv_msgs/local_setup.sh
[12.563s] -- Installing: /home/vdcl/Desktop/larr_project/umv_control/src/install/umv_msgs/share/umv_msgs/local_setup.zsh
[12.563s] -- Installing: /home/vdcl/Desktop/larr_project/umv_control/src/install/umv_msgs/share/umv_msgs/local_setup.dsv
[12.564s] -- Installing: /home/vdcl/Desktop/larr_project/umv_control/src/install/umv_msgs/share/umv_msgs/package.dsv
[12.564s] -- Installing: /home/vdcl/Desktop/larr_project/umv_control/src/install/umv_msgs/share/ament_index/resource_index/packages/umv_msgs
[12.564s] -- Installing: /home/vdcl/Desktop/larr_project/umv_control/src/install/umv_msgs/share/umv_msgs/cmake/export_umv_msgs__rosidl_generator_cExport.cmake
[12.564s] -- Installing: /home/vdcl/Desktop/larr_project/umv_control/src/install/umv_msgs/share/umv_msgs/cmake/export_umv_msgs__rosidl_generator_cExport-noconfig.cmake
[12.564s] -- Installing: /home/vdcl/Desktop/larr_project/umv_control/src/install/umv_msgs/share/umv_msgs/cmake/export_umv_msgs__rosidl_typesupport_fastrtps_cExport.cmake
[12.565s] -- Installing: /home/vdcl/Desktop/larr_project/umv_control/src/install/umv_msgs/share/umv_msgs/cmake/export_umv_msgs__rosidl_typesupport_fastrtps_cExport-noconfig.cmake
[12.565s] -- Installing: /home/vdcl/Desktop/larr_project/umv_control/src/install/umv_msgs/share/umv_msgs/cmake/umv_msgs__rosidl_typesupport_introspection_cExport.cmake
[12.565s] -- Installing: /home/vdcl/Desktop/larr_project/umv_control/src/install/umv_msgs/share/umv_msgs/cmake/umv_msgs__rosidl_typesupport_introspection_cExport-noconfig.cmake
[12.565s] -- Installing: /home/vdcl/Desktop/larr_project/umv_control/src/install/umv_msgs/share/umv_msgs/cmake/umv_msgs__rosidl_typesupport_cExport.cmake
[12.565s] -- Installing: /home/vdcl/Desktop/larr_project/umv_control/src/install/umv_msgs/share/umv_msgs/cmake/umv_msgs__rosidl_typesupport_cExport-noconfig.cmake
[12.565s] -- Installing: /home/vdcl/Desktop/larr_project/umv_control/src/install/umv_msgs/share/umv_msgs/cmake/export_umv_msgs__rosidl_generator_cppExport.cmake
[12.566s] -- Installing: /home/vdcl/Desktop/larr_project/umv_control/src/install/umv_msgs/share/umv_msgs/cmake/export_umv_msgs__rosidl_typesupport_fastrtps_cppExport.cmake
[12.566s] -- Installing: /home/vdcl/Desktop/larr_project/umv_control/src/install/umv_msgs/share/umv_msgs/cmake/export_umv_msgs__rosidl_typesupport_fastrtps_cppExport-noconfig.cmake
[12.566s] -- Installing: /home/vdcl/Desktop/larr_project/umv_control/src/install/umv_msgs/share/umv_msgs/cmake/umv_msgs__rosidl_typesupport_introspection_cppExport.cmake
[12.566s] -- Installing: /home/vdcl/Desktop/larr_project/umv_control/src/install/umv_msgs/share/umv_msgs/cmake/umv_msgs__rosidl_typesupport_introspection_cppExport-noconfig.cmake
[12.566s] -- Installing: /home/vdcl/Desktop/larr_project/umv_control/src/install/umv_msgs/share/umv_msgs/cmake/umv_msgs__rosidl_typesupport_cppExport.cmake
[12.566s] -- Installing: /home/vdcl/Desktop/larr_project/umv_control/src/install/umv_msgs/share/umv_msgs/cmake/umv_msgs__rosidl_typesupport_cppExport-noconfig.cmake
[12.567s] -- Installing: /home/vdcl/Desktop/larr_project/umv_control/src/install/umv_msgs/share/umv_msgs/cmake/export_umv_msgs__rosidl_generator_pyExport.cmake
[12.567s] -- Installing: /home/vdcl/Desktop/larr_project/umv_control/src/install/umv_msgs/share/umv_msgs/cmake/export_umv_msgs__rosidl_generator_pyExport-noconfig.cmake
[12.567s] -- Installing: /home/vdcl/Desktop/larr_project/umv_control/src/install/umv_msgs/share/umv_msgs/cmake/rosidl_cmake-extras.cmake
[12.567s] -- Installing: /home/vdcl/Desktop/larr_project/umv_control/src/install/umv_msgs/share/umv_msgs/cmake/ament_cmake_export_dependencies-extras.cmake
[12.567s] -- Installing: /home/vdcl/Desktop/larr_project/umv_control/src/install/umv_msgs/share/umv_msgs/cmake/ament_cmake_export_include_directories-extras.cmake
[12.568s] -- Installing: /home/vdcl/Desktop/larr_project/umv_control/src/install/umv_msgs/share/umv_msgs/cmake/ament_cmake_export_libraries-extras.cmake
[12.568s] -- Installing: /home/vdcl/Desktop/larr_project/umv_control/src/install/umv_msgs/share/umv_msgs/cmake/ament_cmake_export_targets-extras.cmake
[12.568s] -- Installing: /home/vdcl/Desktop/larr_project/umv_control/src/install/umv_msgs/share/umv_msgs/cmake/rosidl_cmake_export_typesupport_targets-extras.cmake
[12.568s] -- Installing: /home/vdcl/Desktop/larr_project/umv_control/src/install/umv_msgs/share/umv_msgs/cmake/rosidl_cmake_export_typesupport_libraries-extras.cmake
[12.569s] -- Installing: /home/vdcl/Desktop/larr_project/umv_control/src/install/umv_msgs/share/umv_msgs/cmake/umv_msgsConfig.cmake
[12.569s] -- Installing: /home/vdcl/Desktop/larr_project/umv_control/src/install/umv_msgs/share/umv_msgs/cmake/umv_msgsConfig-version.cmake
[12.569s] -- Installing: /home/vdcl/Desktop/larr_project/umv_control/src/install/umv_msgs/share/umv_msgs/package.xml
[12.572s] Invoked command in '/home/vdcl/Desktop/larr_project/umv_control/src/build/umv_msgs' returned '0': CMAKE_PREFIX_PATH=${CMAKE_PREFIX_PATH}:/home/vdcl/Desktop/larr_project/umv_control/install/utils:/home/vdcl/Desktop/larr_project/umv_control/install/lower_controller:/home/vdcl/Desktop/larr_project/umv_control/install/host_vehicle_filter:/home/vdcl/Desktop/larr_project/umv_control/install/global_path:/home/vdcl/Desktop/larr_project/umv_control/install/motion_planner:/opt/ros/humble /usr/bin/cmake --install /home/vdcl/Desktop/larr_project/umv_control/src/build/umv_msgs
