running egg_info
creating ../../build/utils/utils.egg-info
writing ../../build/utils/utils.egg-info/PKG-INFO
writing dependency_links to ../../build/utils/utils.egg-info/dependency_links.txt
writing entry points to ../../build/utils/utils.egg-info/entry_points.txt
writing requirements to ../../build/utils/utils.egg-info/requires.txt
writing top-level names to ../../build/utils/utils.egg-info/top_level.txt
writing manifest file '../../build/utils/utils.egg-info/SOURCES.txt'
reading manifest file '../../build/utils/utils.egg-info/SOURCES.txt'
adding license file 'LICENSE'
writing manifest file '../../build/utils/utils.egg-info/SOURCES.txt'
running build
running build_py
creating /home/vdcl/Desktop/larr_project/umv_control/build/utils/build
creating /home/vdcl/Desktop/larr_project/umv_control/build/utils/build/lib
creating /home/vdcl/Desktop/larr_project/umv_control/build/utils/build/lib/utils
copying utils/__init__.py -> /home/vdcl/Desktop/larr_project/umv_control/build/utils/build/lib/utils
copying utils/path_plotter_node.py -> /home/vdcl/Desktop/larr_project/umv_control/build/utils/build/lib/utils
copying utils/virtual_target_node.py -> /home/vdcl/Desktop/larr_project/umv_control/build/utils/build/lib/utils
running install
running install_lib
creating /home/vdcl/Desktop/larr_project/umv_control/install/utils/lib/python3.10/site-packages/utils
copying /home/vdcl/Desktop/larr_project/umv_control/build/utils/build/lib/utils/__init__.py -> /home/vdcl/Desktop/larr_project/umv_control/install/utils/lib/python3.10/site-packages/utils
copying /home/vdcl/Desktop/larr_project/umv_control/build/utils/build/lib/utils/path_plotter_node.py -> /home/vdcl/Desktop/larr_project/umv_control/install/utils/lib/python3.10/site-packages/utils
copying /home/vdcl/Desktop/larr_project/umv_control/build/utils/build/lib/utils/virtual_target_node.py -> /home/vdcl/Desktop/larr_project/umv_control/install/utils/lib/python3.10/site-packages/utils
byte-compiling /home/vdcl/Desktop/larr_project/umv_control/install/utils/lib/python3.10/site-packages/utils/__init__.py to __init__.cpython-310.pyc
byte-compiling /home/vdcl/Desktop/larr_project/umv_control/install/utils/lib/python3.10/site-packages/utils/path_plotter_node.py to path_plotter_node.cpython-310.pyc
byte-compiling /home/vdcl/Desktop/larr_project/umv_control/install/utils/lib/python3.10/site-packages/utils/virtual_target_node.py to virtual_target_node.cpython-310.pyc
running install_data
creating /home/vdcl/Desktop/larr_project/umv_control/install/utils/share/ament_index
creating /home/vdcl/Desktop/larr_project/umv_control/install/utils/share/ament_index/resource_index
creating /home/vdcl/Desktop/larr_project/umv_control/install/utils/share/ament_index/resource_index/packages
copying resource/utils -> /home/vdcl/Desktop/larr_project/umv_control/install/utils/share/ament_index/resource_index/packages
copying package.xml -> /home/vdcl/Desktop/larr_project/umv_control/install/utils/share/utils
running install_egg_info
Copying ../../build/utils/utils.egg-info to /home/vdcl/Desktop/larr_project/umv_control/install/utils/lib/python3.10/site-packages/utils-0.0.0-py3.10.egg-info
running install_scripts
Installing path_plotter_node script to /home/vdcl/Desktop/larr_project/umv_control/install/utils/lib/utils
Installing virtual_target_node script to /home/vdcl/Desktop/larr_project/umv_control/install/utils/lib/utils
writing list of installed files to '/home/vdcl/Desktop/larr_project/umv_control/build/utils/install.log'
