[2.435s] Invoking command in '/home/vdcl/Desktop/larr_project/umv_control/src/motion_planner': PYTHONPATH=/home/vdcl/Desktop/larr_project/umv_control/build/motion_planner/prefix_override:/home/vdcl/Desktop/larr_project/umv_control/install/motion_planner/lib/python3.10/site-packages:${PYTHONPATH} /usr/bin/python3 -W ignore:setup.py install is deprecated setup.py egg_info --egg-base ../../build/motion_planner build --build-base /home/vdcl/Desktop/larr_project/umv_control/build/motion_planner/build install --record /home/vdcl/Desktop/larr_project/umv_control/build/motion_planner/install.log --single-version-externally-managed install_data
[3.126s] running egg_info
[3.127s] writing ../../build/motion_planner/motion_planner.egg-info/PKG-INFO
[3.128s] writing dependency_links to ../../build/motion_planner/motion_planner.egg-info/dependency_links.txt
[3.128s] writing entry points to ../../build/motion_planner/motion_planner.egg-info/entry_points.txt
[3.129s] writing requirements to ../../build/motion_planner/motion_planner.egg-info/requires.txt
[3.129s] writing top-level names to ../../build/motion_planner/motion_planner.egg-info/top_level.txt
[3.133s] reading manifest file '../../build/motion_planner/motion_planner.egg-info/SOURCES.txt'
[3.138s] adding license file 'LICENSE'
[3.139s] writing manifest file '../../build/motion_planner/motion_planner.egg-info/SOURCES.txt'
[3.139s] running build
[3.139s] running build_py
[3.139s] copying motion_planner/motion_planner_node.py -> /home/vdcl/Desktop/larr_project/umv_control/build/motion_planner/build/lib/motion_planner
[3.140s] running install
[3.140s] running install_lib
[3.141s] copying /home/vdcl/Desktop/larr_project/umv_control/build/motion_planner/build/lib/motion_planner/motion_planner_node.py -> /home/vdcl/Desktop/larr_project/umv_control/install/motion_planner/lib/python3.10/site-packages/motion_planner
[3.142s] byte-compiling /home/vdcl/Desktop/larr_project/umv_control/install/motion_planner/lib/python3.10/site-packages/motion_planner/motion_planner_node.py to motion_planner_node.cpython-310.pyc
[3.154s] running install_data
[3.154s] running install_egg_info
[3.155s] removing '/home/vdcl/Desktop/larr_project/umv_control/install/motion_planner/lib/python3.10/site-packages/motion_planner-0.0.0-py3.10.egg-info' (and everything under it)
[3.155s] Copying ../../build/motion_planner/motion_planner.egg-info to /home/vdcl/Desktop/larr_project/umv_control/install/motion_planner/lib/python3.10/site-packages/motion_planner-0.0.0-py3.10.egg-info
[3.155s] running install_scripts
[3.211s] Installing motion_planner_node script to /home/vdcl/Desktop/larr_project/umv_control/install/motion_planner/lib/motion_planner
[3.211s] writing list of installed files to '/home/vdcl/Desktop/larr_project/umv_control/build/motion_planner/install.log'
[4.117s] Invoked command in '/home/vdcl/Desktop/larr_project/umv_control/src/motion_planner' returned '0': PYTHONPATH=/home/vdcl/Desktop/larr_project/umv_control/build/motion_planner/prefix_override:/home/vdcl/Desktop/larr_project/umv_control/install/motion_planner/lib/python3.10/site-packages:${PYTHONPATH} /usr/bin/python3 -W ignore:setup.py install is deprecated setup.py egg_info --egg-base ../../build/motion_planner build --build-base /home/vdcl/Desktop/larr_project/umv_control/build/motion_planner/build install --record /home/vdcl/Desktop/larr_project/umv_control/build/motion_planner/install.log --single-version-externally-managed install_data
