[1.407s] Invoking command in '/home/vdcl/Desktop/larr_project/umv_control/src/utils': PYTHONPATH=/home/vdcl/Desktop/larr_project/umv_control/build/utils/prefix_override:/home/vdcl/Desktop/larr_project/umv_control/install/utils/lib/python3.10/site-packages:${PYTHONPATH} /usr/bin/python3 -W ignore:setup.py install is deprecated setup.py egg_info --egg-base ../../build/utils build --build-base /home/vdcl/Desktop/larr_project/umv_control/build/utils/build install --record /home/vdcl/Desktop/larr_project/umv_control/build/utils/install.log --single-version-externally-managed install_data
[1.689s] running egg_info
[1.689s] writing ../../build/utils/utils.egg-info/PKG-INFO
[1.760s] writing dependency_links to ../../build/utils/utils.egg-info/dependency_links.txt
[1.782s] writing entry points to ../../build/utils/utils.egg-info/entry_points.txt
[1.804s] writing requirements to ../../build/utils/utils.egg-info/requires.txt
[1.813s] writing top-level names to ../../build/utils/utils.egg-info/top_level.txt
[1.836s] reading manifest file '../../build/utils/utils.egg-info/SOURCES.txt'
[1.874s] adding license file 'LICENSE'
[1.876s] writing manifest file '../../build/utils/utils.egg-info/SOURCES.txt'
[1.880s] running build
[1.880s] running build_py
[1.881s] running install
[1.881s] running install_lib
[1.883s] running install_data
[1.883s] running install_egg_info
[1.885s] removing '/home/vdcl/Desktop/larr_project/umv_control/install/utils/lib/python3.10/site-packages/utils-0.0.0-py3.10.egg-info' (and everything under it)
[1.886s] Copying ../../build/utils/utils.egg-info to /home/vdcl/Desktop/larr_project/umv_control/install/utils/lib/python3.10/site-packages/utils-0.0.0-py3.10.egg-info
[1.887s] running install_scripts
[1.914s] Installing path_plotter_node script to /home/vdcl/Desktop/larr_project/umv_control/install/utils/lib/utils
[1.914s] Installing virtual_target_node script to /home/vdcl/Desktop/larr_project/umv_control/install/utils/lib/utils
[1.919s] writing list of installed files to '/home/vdcl/Desktop/larr_project/umv_control/build/utils/install.log'
[2.598s] Invoked command in '/home/vdcl/Desktop/larr_project/umv_control/src/utils' returned '0': PYTHONPATH=/home/vdcl/Desktop/larr_project/umv_control/build/utils/prefix_override:/home/vdcl/Desktop/larr_project/umv_control/install/utils/lib/python3.10/site-packages:${PYTHONPATH} /usr/bin/python3 -W ignore:setup.py install is deprecated setup.py egg_info --egg-base ../../build/utils build --build-base /home/vdcl/Desktop/larr_project/umv_control/build/utils/build install --record /home/vdcl/Desktop/larr_project/umv_control/build/utils/install.log --single-version-externally-managed install_data
