[2.481s] Invoking command in '/home/vdcl/Desktop/larr_project/umv_control/src/motion_planner': PYTHONPATH=/home/vdcl/Desktop/larr_project/umv_control/build/motion_planner/prefix_override:/home/vdcl/Desktop/larr_project/umv_control/install/motion_planner/lib/python3.10/site-packages:${PYTHONPATH} /usr/bin/python3 -W ignore:setup.py install is deprecated setup.py egg_info --egg-base ../../build/motion_planner build --build-base /home/vdcl/Desktop/larr_project/umv_control/build/motion_planner/build install --record /home/vdcl/Desktop/larr_project/umv_control/build/motion_planner/install.log --single-version-externally-managed install_data
[2.913s] running egg_info
[2.914s] writing ../../build/motion_planner/motion_planner.egg-info/PKG-INFO
[2.922s] writing dependency_links to ../../build/motion_planner/motion_planner.egg-info/dependency_links.txt
[2.931s] writing entry points to ../../build/motion_planner/motion_planner.egg-info/entry_points.txt
[2.932s] writing requirements to ../../build/motion_planner/motion_planner.egg-info/requires.txt
[2.932s] writing top-level names to ../../build/motion_planner/motion_planner.egg-info/top_level.txt
[2.932s] reading manifest file '../../build/motion_planner/motion_planner.egg-info/SOURCES.txt'
[2.973s] adding license file 'LICENSE'
[2.975s] writing manifest file '../../build/motion_planner/motion_planner.egg-info/SOURCES.txt'
[2.982s] running build
[2.983s] running build_py
[2.986s] running install
[2.986s] running install_lib
[2.986s] running install_data
[2.986s] running install_egg_info
[2.990s] removing '/home/vdcl/Desktop/larr_project/umv_control/install/motion_planner/lib/python3.10/site-packages/motion_planner-0.0.0-py3.10.egg-info' (and everything under it)
[2.990s] Copying ../../build/motion_planner/motion_planner.egg-info to /home/vdcl/Desktop/larr_project/umv_control/install/motion_planner/lib/python3.10/site-packages/motion_planner-0.0.0-py3.10.egg-info
[2.994s] running install_scripts
[3.038s] Installing motion_planner_node script to /home/vdcl/Desktop/larr_project/umv_control/install/motion_planner/lib/motion_planner
[3.038s] writing list of installed files to '/home/vdcl/Desktop/larr_project/umv_control/build/motion_planner/install.log'
[3.122s] Invoked command in '/home/vdcl/Desktop/larr_project/umv_control/src/motion_planner' returned '0': PYTHONPATH=/home/vdcl/Desktop/larr_project/umv_control/build/motion_planner/prefix_override:/home/vdcl/Desktop/larr_project/umv_control/install/motion_planner/lib/python3.10/site-packages:${PYTHONPATH} /usr/bin/python3 -W ignore:setup.py install is deprecated setup.py egg_info --egg-base ../../build/motion_planner build --build-base /home/vdcl/Desktop/larr_project/umv_control/build/motion_planner/build install --record /home/vdcl/Desktop/larr_project/umv_control/build/motion_planner/install.log --single-version-externally-managed install_data
