[2.528s] Invoking command in '/home/vdcl/Desktop/larr_project/umv_control/src/global_path': CMAKE_PREFIX_PATH=/home/vdcl/Desktop/larr_project/umv_control/install/umv_msgs:/home/vdcl/Desktop/larr_project/umv_control/install/mppi:/home/vdcl/Desktop/larr_project/AirSim/ros2/install/airsim_ros_pkgs:/home/vdcl/Desktop/larr_project/AirSim/ros2/install/airsim_interfaces LD_LIBRARY_PATH=/home/vdcl/Desktop/larr_project/umv_control/install/umv_msgs/lib:/usr/local/cuda-12.2/lib64:/usr/local/cuda-12.2/lib64:/home/vdcl/Desktop/larr_project/AirSim/ros2/install/airsim_ros_pkgs/lib:/home/vdcl/Desktop/larr_project/AirSim/ros2/install/airsim_interfaces/lib:/opt/ros/humble/opt/rviz_ogre_vendor/lib:/opt/ros/humble/lib/x86_64-linux-gnu:/opt/ros/humble/lib PYTHONPATH=/home/vdcl/Desktop/larr_project/umv_control/build/global_path/prefix_override:/home/vdcl/Desktop/larr_project/umv_control/install/global_path/lib/python3.10/site-packages:${PYTHONPATH} /usr/bin/python3 -W ignore:setup.py install is deprecated setup.py egg_info --egg-base ../../build/global_path build --build-base /home/vdcl/Desktop/larr_project/umv_control/build/global_path/build install --record /home/vdcl/Desktop/larr_project/umv_control/build/global_path/install.log --single-version-externally-managed install_data
[3.236s] running egg_info
[3.238s] writing ../../build/global_path/global_path.egg-info/PKG-INFO
[3.290s] writing dependency_links to ../../build/global_path/global_path.egg-info/dependency_links.txt
[3.291s] writing entry points to ../../build/global_path/global_path.egg-info/entry_points.txt
[3.291s] writing requirements to ../../build/global_path/global_path.egg-info/requires.txt
[3.291s] writing top-level names to ../../build/global_path/global_path.egg-info/top_level.txt
[3.295s] reading manifest file '../../build/global_path/global_path.egg-info/SOURCES.txt'
[3.311s] adding license file 'LICENSE'
[3.312s] writing manifest file '../../build/global_path/global_path.egg-info/SOURCES.txt'
[3.318s] running build
[3.318s] running build_py
[3.318s] copying global_path/global_path.py -> /home/vdcl/Desktop/larr_project/umv_control/build/global_path/build/lib/global_path
[3.319s] running install
[3.320s] running install_lib
[3.322s] copying /home/vdcl/Desktop/larr_project/umv_control/build/global_path/build/lib/global_path/global_path.py -> /home/vdcl/Desktop/larr_project/umv_control/install/global_path/lib/python3.10/site-packages/global_path
[3.324s] byte-compiling /home/vdcl/Desktop/larr_project/umv_control/install/global_path/lib/python3.10/site-packages/global_path/global_path.py to global_path.cpython-310.pyc
[3.331s] running install_data
[3.332s] running install_egg_info
[3.335s] removing '/home/vdcl/Desktop/larr_project/umv_control/install/global_path/lib/python3.10/site-packages/global_path-0.0.0-py3.10.egg-info' (and everything under it)
[3.336s] Copying ../../build/global_path/global_path.egg-info to /home/vdcl/Desktop/larr_project/umv_control/install/global_path/lib/python3.10/site-packages/global_path-0.0.0-py3.10.egg-info
[3.337s] running install_scripts
[3.387s] Installing global_path script to /home/vdcl/Desktop/larr_project/umv_control/install/global_path/lib/global_path
[3.390s] writing list of installed files to '/home/vdcl/Desktop/larr_project/umv_control/build/global_path/install.log'
[3.456s] Invoked command in '/home/vdcl/Desktop/larr_project/umv_control/src/global_path' returned '0': CMAKE_PREFIX_PATH=/home/vdcl/Desktop/larr_project/umv_control/install/umv_msgs:/home/vdcl/Desktop/larr_project/umv_control/install/mppi:/home/vdcl/Desktop/larr_project/AirSim/ros2/install/airsim_ros_pkgs:/home/vdcl/Desktop/larr_project/AirSim/ros2/install/airsim_interfaces LD_LIBRARY_PATH=/home/vdcl/Desktop/larr_project/umv_control/install/umv_msgs/lib:/usr/local/cuda-12.2/lib64:/usr/local/cuda-12.2/lib64:/home/vdcl/Desktop/larr_project/AirSim/ros2/install/airsim_ros_pkgs/lib:/home/vdcl/Desktop/larr_project/AirSim/ros2/install/airsim_interfaces/lib:/opt/ros/humble/opt/rviz_ogre_vendor/lib:/opt/ros/humble/lib/x86_64-linux-gnu:/opt/ros/humble/lib PYTHONPATH=/home/vdcl/Desktop/larr_project/umv_control/build/global_path/prefix_override:/home/vdcl/Desktop/larr_project/umv_control/install/global_path/lib/python3.10/site-packages:${PYTHONPATH} /usr/bin/python3 -W ignore:setup.py install is deprecated setup.py egg_info --egg-base ../../build/global_path build --build-base /home/vdcl/Desktop/larr_project/umv_control/build/global_path/build install --record /home/vdcl/Desktop/larr_project/umv_control/build/global_path/install.log --single-version-externally-managed install_data
