[2.810s] Invoking command in '/home/vdcl/Desktop/larr_project/umv_control/src/motion_planner': PYTHONPATH=/home/vdcl/Desktop/larr_project/umv_control/build/motion_planner/prefix_override:/home/vdcl/Desktop/larr_project/umv_control/install/motion_planner/lib/python3.10/site-packages:${PYTHONPATH} /usr/bin/python3 -W ignore:setup.py install is deprecated setup.py egg_info --egg-base ../../build/motion_planner build --build-base /home/vdcl/Desktop/larr_project/umv_control/build/motion_planner/build install --record /home/vdcl/Desktop/larr_project/umv_control/build/motion_planner/install.log --single-version-externally-managed install_data
[3.568s] running egg_info
[3.573s] writing ../../build/motion_planner/motion_planner.egg-info/PKG-INFO
[3.574s] writing dependency_links to ../../build/motion_planner/motion_planner.egg-info/dependency_links.txt
[3.578s] writing entry points to ../../build/motion_planner/motion_planner.egg-info/entry_points.txt
[3.578s] writing requirements to ../../build/motion_planner/motion_planner.egg-info/requires.txt
[3.581s] writing top-level names to ../../build/motion_planner/motion_planner.egg-info/top_level.txt
[3.592s] reading manifest file '../../build/motion_planner/motion_planner.egg-info/SOURCES.txt'
[3.603s] adding license file 'LICENSE'
[3.606s] writing manifest file '../../build/motion_planner/motion_planner.egg-info/SOURCES.txt'
[3.612s] running build
[3.612s] running build_py
[3.614s] running install
[3.614s] running install_lib
[3.614s] running install_data
[3.614s] running install_egg_info
[3.634s] removing '/home/vdcl/Desktop/larr_project/umv_control/install/motion_planner/lib/python3.10/site-packages/motion_planner-0.0.0-py3.10.egg-info' (and everything under it)
[3.636s] Copying ../../build/motion_planner/motion_planner.egg-info to /home/vdcl/Desktop/larr_project/umv_control/install/motion_planner/lib/python3.10/site-packages/motion_planner-0.0.0-py3.10.egg-info
[3.643s] running install_scripts
[3.719s] Installing motion_planner_node script to /home/vdcl/Desktop/larr_project/umv_control/install/motion_planner/lib/motion_planner
[3.719s] writing list of installed files to '/home/vdcl/Desktop/larr_project/umv_control/build/motion_planner/install.log'
[5.289s] Invoked command in '/home/vdcl/Desktop/larr_project/umv_control/src/motion_planner' returned '0': PYTHONPATH=/home/vdcl/Desktop/larr_project/umv_control/build/motion_planner/prefix_override:/home/vdcl/Desktop/larr_project/umv_control/install/motion_planner/lib/python3.10/site-packages:${PYTHONPATH} /usr/bin/python3 -W ignore:setup.py install is deprecated setup.py egg_info --egg-base ../../build/motion_planner build --build-base /home/vdcl/Desktop/larr_project/umv_control/build/motion_planner/build install --record /home/vdcl/Desktop/larr_project/umv_control/build/motion_planner/install.log --single-version-externally-managed install_data
